Microsoft (R) AL Compiler version 17.0.34.45391
Copyright (C) Microsoft Corporation. All rights reserved

Compilation started for project 'Hospital-System' containing '2126' files at '09:05:33.753'.

src\04_Clinical_and_Patient_Management\page\HMSTheatreHeader.Page.al(120,33): warning AL0269: The referenced page '"HMS Treatment Theatre Lines"' should be a list part or a card part. This warning will become an error in a future release.
src\04_Clinical_and_Patient_Management\report\VisitorsReport.Report.al(44,39): warning AL0667: 'PageNo' is being deprecated in the versions: '1.0' or greater.  This warning will become an error in a future release.
src\04_Clinical_and_Patient_Management\page\HMSTheatreRoleCentre.Page.al(36,45): warning AL0269: The referenced page '"Requests to Approve"' should be a list part or a card part. This warning will become an error in a future release.
src\03_Human_Resources_and_Payroll\Employee_Picture.al(158,9): warning AL0667: 'InDataSet' is being deprecated in the versions: '11.0' or greater. The InDataset attribute is unused. This warning will become an error in a future release.
src\08_Logistics_and_Asset_Management\page\BankCashTransferRequesUP.Page.al(486,9): warning AL0667: 'InDataSet' is being deprecated in the versions: '11.0' or greater. The InDataset attribute is unused. This warning will become an error in a future release.
src\08_Logistics_and_Asset_Management\page\BankCashTransferRequesUP.Page.al(488,9): warning AL0667: 'InDataSet' is being deprecated in the versions: '11.0' or greater. The InDataset attribute is unused. This warning will become an error in a future release.
src\08_Logistics_and_Asset_Management\page\BankCashTransferRequesUP.Page.al(490,9): warning AL0667: 'InDataSet' is being deprecated in the versions: '11.0' or greater. The InDataset attribute is unused. This warning will become an error in a future release.
src\08_Logistics_and_Asset_Management\page\BankCashTransferRequesUP.Page.al(492,9): warning AL0667: 'InDataSet' is being deprecated in the versions: '11.0' or greater. The InDataset attribute is unused. This warning will become an error in a future release.
src\08_Logistics_and_Asset_Management\page\BankCashTransferRequesUP.Page.al(496,9): warning AL0667: 'InDataSet' is being deprecated in the versions: '11.0' or greater. The InDataset attribute is unused. This warning will become an error in a future release.
src\08_Logistics_and_Asset_Management\page\BankCashTransferRequesUP.Page.al(498,9): warning AL0667: 'InDataSet' is being deprecated in the versions: '11.0' or greater. The InDataset attribute is unused. This warning will become an error in a future release.
src\08_Logistics_and_Asset_Management\page\BankCashTransferRequesUP.Page.al(500,9): warning AL0667: 'InDataSet' is being deprecated in the versions: '11.0' or greater. The InDataset attribute is unused. This warning will become an error in a future release.
src\08_Logistics_and_Asset_Management\page\BankCashTransferRequesUP.Page.al(502,9): warning AL0667: 'InDataSet' is being deprecated in the versions: '11.0' or greater. The InDataset attribute is unused. This warning will become an error in a future release.
src\08_Logistics_and_Asset_Management\page\BankCashTransferRequesUP.Page.al(505,9): warning AL0667: 'InDataSet' is being deprecated in the versions: '11.0' or greater. The InDataset attribute is unused. This warning will become an error in a future release.
src\08_Logistics_and_Asset_Management\page\BankCashTransferRequesUP.Page.al(507,9): warning AL0667: 'InDataSet' is being deprecated in the versions: '11.0' or greater. The InDataset attribute is unused. This warning will become an error in a future release.
src\08_Logistics_and_Asset_Management\page\BankCashTransferRequesUP.Page.al(509,9): warning AL0667: 'InDataSet' is being deprecated in the versions: '11.0' or greater. The InDataset attribute is unused. This warning will become an error in a future release.
src\08_Logistics_and_Asset_Management\page\BankCashTransferRequesUP.Page.al(511,9): warning AL0667: 'InDataSet' is being deprecated in the versions: '11.0' or greater. The InDataset attribute is unused. This warning will become an error in a future release.
src\08_Logistics_and_Asset_Management\page\BankCashTransferRequesUP.Page.al(513,9): warning AL0667: 'InDataSet' is being deprecated in the versions: '11.0' or greater. The InDataset attribute is unused. This warning will become an error in a future release.
src\08_Logistics_and_Asset_Management\page\BankCashTransferRequesUP.Page.al(515,9): warning AL0667: 'InDataSet' is being deprecated in the versions: '11.0' or greater. The InDataset attribute is unused. This warning will become an error in a future release.
src\08_Logistics_and_Asset_Management\page\BankCashTransferRequesUP.Page.al(517,9): warning AL0667: 'InDataSet' is being deprecated in the versions: '11.0' or greater. The InDataset attribute is unused. This warning will become an error in a future release.
src\03_Human_Resources_and_Payroll\page\EmployeeOtherIncidents.Page.al(70,23): warning AL0269: The referenced page '"Other Incidents"' should be a list part or a card part. This warning will become an error in a future release.
src\04_Clinical_and_Patient_Management\page\HMSTherapyFormCard.Page.al(136,49): warning AL0269: The referenced page '"HMS Admission Form Drug"' should be a list part or a card part. This warning will become an error in a future release.
src\08_Logistics_and_Asset_Management\page\FixedAssetList2.Page.al(336,36): warning AL0432: Report 'Fixed Asset - Details' is marked for removal. Reason: This report has been replaced by the report Fixed Asset Details (Excel). This report will be removed in a future release.. Tag: 28.0.
src\08_Logistics_and_Asset_Management\page\FixedAssetList2.Page.al(359,36): warning AL0432: Report 'Fixed Asset - Analysis' is marked for removal. Reason: This report has been replaced by the report Fixed Asset Analysis (Excel). This report will be removed in a future release.. Tag: 28.0.
src\08_Logistics_and_Asset_Management\page\FixedAssetList2.Page.al(368,36): warning AL0432: Report 'Fixed Asset - Projected Value' is marked for removal. Reason: This report has been replaced by the report Fixed Asset Projected Value (Excel). This report will be removed in a future release.. Tag: 28.0.
src\04_Clinical_and_Patient_Management\table\HMSAdmissionDischargeHeader.Table.al(53,37): warning AL0685: The length '50' of the calculation formula's target field 'Middle Name' is greater than the length '30' of the source flow field '"Middle Name"'. This could result in a runtime error. Make sure that the target field's length is less than equal to the source field length. This warning will become an error in a future release.
src\04_Clinical_and_Patient_Management\table\HMSAdmissionDischargeHeader.Table.al(63,35): warning AL0685: The length '30' of the calculation formula's target field 'ID Number' is greater than the length '20' of the source flow field '"ID Number"'. This could result in a runtime error. Make sure that the target field's length is less than equal to the source field length. This warning will become an error in a future release.
src\04_Clinical_and_Patient_Management\page\HMSDoctorsNotes.Page.al(81,33): warning AL0604: Use of implicit 'with' will be removed in the future. Qualify with 'Rec'. This warning will become an error in a future release.
src\08_Logistics_and_Asset_Management\page\FixedAssetListNew.Page.al(336,36): warning AL0432: Report 'Fixed Asset - Details' is marked for removal. Reason: This report has been replaced by the report Fixed Asset Details (Excel). This report will be removed in a future release.. Tag: 28.0.
src\08_Logistics_and_Asset_Management\page\FixedAssetListNew.Page.al(359,36): warning AL0432: Report 'Fixed Asset - Analysis' is marked for removal. Reason: This report has been replaced by the report Fixed Asset Analysis (Excel). This report will be removed in a future release.. Tag: 28.0.
src\08_Logistics_and_Asset_Management\page\FixedAssetListNew.Page.al(368,36): warning AL0432: Report 'Fixed Asset - Projected Value' is marked for removal. Reason: This report has been replaced by the report Fixed Asset Projected Value (Excel). This report will be removed in a future release.. Tag: 28.0.
src\04_Clinical_and_Patient_Management\table\HMSAdmissionDrugNurse.Table.al(161,44): warning AL0685: The length '100' of the calculation formula's target field 'Doctor's Name' is greater than the length '50' of the source flow field '"Prescribed By name"'. This could result in a runtime error. Make sure that the target field's length is less than equal to the source field length. This warning will become an error in a future release.
src\04_Clinical_and_Patient_Management\page\HMSTreatmentFormHeader.Page.al(667,9): warning AL0667: 'InDataSet' is being deprecated in the versions: '11.0' or greater. The InDataset attribute is unused. This warning will become an error in a future release.
src\04_Clinical_and_Patient_Management\page\HMSTreatmentFormHeader.Page.al(669,9): warning AL0667: 'InDataSet' is being deprecated in the versions: '11.0' or greater. The InDataset attribute is unused. This warning will become an error in a future release.
src\04_Clinical_and_Patient_Management\page\HMSTreatmentFormHeader.Page.al(671,9): warning AL0667: 'InDataSet' is being deprecated in the versions: '11.0' or greater. The InDataset attribute is unused. This warning will become an error in a future release.
src\03_Human_Resources_and_Payroll\page\Employee.Page.al(1277,9): warning AL0667: 'InDataSet' is being deprecated in the versions: '11.0' or greater. The InDataset attribute is unused. This warning will become an error in a future release.
src\03_Human_Resources_and_Payroll\page\Employee.Page.al(1279,9): warning AL0667: 'InDataSet' is being deprecated in the versions: '11.0' or greater. The InDataset attribute is unused. This warning will become an error in a future release.
src\04_Clinical_and_Patient_Management\table\HMSAdmissionFormHeader.Table.al(91,37): warning AL0685: The length '50' of the calculation formula's target field 'Middle Name' is greater than the length '30' of the source flow field '"Middle Name"'. This could result in a runtime error. Make sure that the target field's length is less than equal to the source field length. This warning will become an error in a future release.
src\04_Clinical_and_Patient_Management\table\HMSAdmissionFormHeader.Table.al(101,35): warning AL0685: The length '30' of the calculation formula's target field 'ID Number' is greater than the length '20' of the source flow field '"ID Number"'. This could result in a runtime error. Make sure that the target field's length is less than equal to the source field length. This warning will become an error in a future release.
src\04_Clinical_and_Patient_Management\page\TreatmentFormHeaderTherapy.Page.al(130,21): warning AL0667: 'ToolTip' is being deprecated in the versions: '5.0' or greater. This property does not have any effect on parts. This warning will become an error in a future release.
src\03_Human_Resources_and_Payroll\page\HRDocumentDownloads.Page.al(19,38): warning AL0604: Use of implicit 'with' will be removed in the future. Qualify with 'Rec'. This warning will become an error in a future release.
src\03_Human_Resources_and_Payroll\page\HRDocumentDownloads.Page.al(24,39): warning AL0604: Use of implicit 'with' will be removed in the future. Qualify with 'Rec'. This warning will become an error in a future release.
src\03_Human_Resources_and_Payroll\page\HRDocumentDownloads.Page.al(28,35): warning AL0604: Use of implicit 'with' will be removed in the future. Qualify with 'Rec'. This warning will become an error in a future release.
src\03_Human_Resources_and_Payroll\page\HRDocumentDownloads.Page.al(32,37): warning AL0604: Use of implicit 'with' will be removed in the future. Qualify with 'Rec'. This warning will become an error in a future release.
src\03_Human_Resources_and_Payroll\page\HRDocumentDownloads.Page.al(36,41): warning AL0604: Use of implicit 'with' will be removed in the future. Qualify with 'Rec'. This warning will become an error in a future release.
src\03_Human_Resources_and_Payroll\page\HRDocumentDownloads.Page.al(40,33): warning AL0604: Use of implicit 'with' will be removed in the future. Qualify with 'Rec'. This warning will become an error in a future release.
src\04_Clinical_and_Patient_Management\page\HMSActivePatientOutPatients.Page.al(20,50): warning AL0604: Use of implicit 'with' will be removed in the future. Qualify with 'Rec'. This warning will become an error in a future release.
src\04_Clinical_and_Patient_Management\page\HMSActivePatientOutPatients.Page.al(24,42): warning AL0604: Use of implicit 'with' will be removed in the future. Qualify with 'Rec'. This warning will become an error in a future release.
src\04_Clinical_and_Patient_Management\page\HMSActivePatientOutPatients.Page.al(28,31): warning AL0604: Use of implicit 'with' will be removed in the future. Qualify with 'Rec'. This warning will become an error in a future release.
src\04_Clinical_and_Patient_Management\table\HMSAdmissionFormHeader.Table.al(232,38): warning AL0685: The length '250' of the calculation formula's target field 'Search Name' is greater than the length '100' of the source flow field '"Patient Name"'. This could result in a runtime error. Make sure that the target field's length is less than equal to the source field length. This warning will become an error in a future release.
src\04_Clinical_and_Patient_Management\page\HMSActivePatientOutPatients.Page.al(33,50): warning AL0604: Use of implicit 'with' will be removed in the future. Qualify with 'Rec'. This warning will become an error in a future release.
src\04_Clinical_and_Patient_Management\page\HMSActivePatientOutPatients.Page.al(38,39): warning AL0604: Use of implicit 'with' will be removed in the future. Qualify with 'Rec'. This warning will become an error in a future release.
src\04_Clinical_and_Patient_Management\page\HMSActivePatientOutPatients.Page.al(42,38): warning AL0604: Use of implicit 'with' will be removed in the future. Qualify with 'Rec'. This warning will become an error in a future release.
src\04_Clinical_and_Patient_Management\page\HMSActivePatientOutPatients.Page.al(46,38): warning AL0604: Use of implicit 'with' will be removed in the future. Qualify with 'Rec'. This warning will become an error in a future release.
src\04_Clinical_and_Patient_Management\page\HMSActivePatientOutPatients.Page.al(50,36): warning AL0604: Use of implicit 'with' will be removed in the future. Qualify with 'Rec'. This warning will become an error in a future release.
src\04_Clinical_and_Patient_Management\page\HMSActivePatientOutPatients.Page.al(54,41): warning AL0604: Use of implicit 'with' will be removed in the future. Qualify with 'Rec'. This warning will become an error in a future release.
src\04_Clinical_and_Patient_Management\page\HMSActivePatientOutPatients.Page.al(58,40): warning AL0604: Use of implicit 'with' will be removed in the future. Qualify with 'Rec'. This warning will become an error in a future release.
src\04_Clinical_and_Patient_Management\page\HMSActivePatientOutPatients.Page.al(62,41): warning AL0604: Use of implicit 'with' will be removed in the future. Qualify with 'Rec'. This warning will become an error in a future release.
src\04_Clinical_and_Patient_Management\page\HMSActivePatientOutPatients.Page.al(66,39): warning AL0604: Use of implicit 'with' will be removed in the future. Qualify with 'Rec'. This warning will become an error in a future release.
src\04_Clinical_and_Patient_Management\page\HMSActivePatientOutPatients.Page.al(70,41): warning AL0604: Use of implicit 'with' will be removed in the future. Qualify with 'Rec'. This warning will become an error in a future release.
src\04_Clinical_and_Patient_Management\page\HMSActivePatientOutPatients.Page.al(74,31): warning AL0604: Use of implicit 'with' will be removed in the future. Qualify with 'Rec'. This warning will become an error in a future release.
src\04_Clinical_and_Patient_Management\table\HMSAdmissionFormHeader.Table.al(249,40): warning AL0685: The length '100' of the calculation formula's target field 'Insurance No.' is greater than the length '20' of the source flow field '"Insurance Code"'. This could result in a runtime error. Make sure that the target field's length is less than equal to the source field length. This warning will become an error in a future release.
src\04_Clinical_and_Patient_Management\page\HMSActivePatientOutPatients.Page.al(78,40): warning AL0604: Use of implicit 'with' will be removed in the future. Qualify with 'Rec'. This warning will become an error in a future release.
src\04_Clinical_and_Patient_Management\page\HMSActivePatientOutPatients.Page.al(82,40): warning AL0604: Use of implicit 'with' will be removed in the future. Qualify with 'Rec'. This warning will become an error in a future release.
src\04_Clinical_and_Patient_Management\page\HMSActivePatientOutPatients.Page.al(86,51): warning AL0604: Use of implicit 'with' will be removed in the future. Qualify with 'Rec'. This warning will become an error in a future release.
src\04_Clinical_and_Patient_Management\page\HMSActivePatientOutPatients.Page.al(90,51): warning AL0604: Use of implicit 'with' will be removed in the future. Qualify with 'Rec'. This warning will become an error in a future release.
src\04_Clinical_and_Patient_Management\page\HMSActivePatientOutPatients.Page.al(94,51): warning AL0604: Use of implicit 'with' will be removed in the future. Qualify with 'Rec'. This warning will become an error in a future release.
src\04_Clinical_and_Patient_Management\page\HMSActivePatientOutPatients.Page.al(98,42): warning AL0604: Use of implicit 'with' will be removed in the future. Qualify with 'Rec'. This warning will become an error in a future release.
src\04_Clinical_and_Patient_Management\page\HMSActivePatientOutPatients.Page.al(102,42): warning AL0604: Use of implicit 'with' will be removed in the future. Qualify with 'Rec'. This warning will become an error in a future release.
src\04_Clinical_and_Patient_Management\page\HMSActivePatientOutPatients.Page.al(106,30): warning AL0604: Use of implicit 'with' will be removed in the future. Qualify with 'Rec'. This warning will become an error in a future release.
src\04_Clinical_and_Patient_Management\table\HMSAdmissionFormHeader.Table.al(357,46): warning AL0685: The length '250' of the calculation formula's target field 'Description' is greater than the length '200' of the source flow field '"Final Diagnosis Name"'. This could result in a runtime error. Make sure that the target field's length is less than equal to the source field length. This warning will become an error in a future release.
src\04_Clinical_and_Patient_Management\page\HMSActivePatientOutPatients.Page.al(110,51): warning AL0604: Use of implicit 'with' will be removed in the future. Qualify with 'Rec'. This warning will become an error in a future release.
src\03_Human_Resources_and_Payroll\page\HREmployeeBeneficiaries.Page.al(71,37): warning AL0269: The referenced page '"HR Employee Beneficiary"' should be a list part or a card part. This warning will become an error in a future release.
src\03_Human_Resources_and_Payroll\page\HREmployeeBeneficiaries.Page.al(79,37): warning AL0269: The referenced page '"HR Employee Kin SF"' should be a list part or a card part. This warning will become an error in a future release.
src\04_Clinical_and_Patient_Management\page\HMSTriageRoleCentre.Page.al(36,45): warning AL0269: The referenced page '"Requests to Approve"' should be a list part or a card part. This warning will become an error in a future release.
src\04_Clinical_and_Patient_Management\table\HMSAppointmentFormHeader.Table.al(159,42): warning AL0603: An implicit conversion is being performed from a value of type 'Enum PTL.HMIS.TreatmentStatus' to a value of type 'Option'. This conversion can lead to unexpected runtime issues.
src\04_Clinical_and_Patient_Management\table\HMSPatientAppointmntBookng.Table.al(137,35): warning AL0685: The length '30' of the calculation formula's target field 'Telephone No. 1' is greater than the length '20' of the source flow field '"Telephone No"'. This could result in a runtime error. Make sure that the target field's length is less than equal to the source field length. This warning will become an error in a future release.
src\04_Clinical_and_Patient_Management\page\HMSAdmissionAdmittedList.Page.al(78,33): warning AL0604: Use of implicit 'with' will be removed in the future. Qualify with 'Rec'. This warning will become an error in a future release.
src\08_Logistics_and_Asset_Management\page\FLTFulePaymentBatch.Page.al(74,24): warning AL0269: The referenced page '"FLT Fuel Lines"' should be a list part or a card part. This warning will become an error in a future release.
src\04_Clinical_and_Patient_Management\page\HMSTriageWaitingList.Page.al(17,42): warning AL0604: Use of implicit 'with' will be removed in the future. Qualify with 'Rec'. This warning will become an error in a future release.
src\04_Clinical_and_Patient_Management\page\HMSTriageWaitingList.Page.al(22,38): warning AL0604: Use of implicit 'with' will be removed in the future. Qualify with 'Rec'. This warning will become an error in a future release.
src\04_Clinical_and_Patient_Management\page\HMSTriageWaitingList.Page.al(27,36): warning AL0604: Use of implicit 'with' will be removed in the future. Qualify with 'Rec'. This warning will become an error in a future release.
src\04_Clinical_and_Patient_Management\page\HMSTriageWaitingList.Page.al(33,41): warning AL0604: Use of implicit 'with' will be removed in the future. Qualify with 'Rec'. This warning will become an error in a future release.
src\04_Clinical_and_Patient_Management\page\HMSTriageWaitingList.Page.al(38,42): warning AL0604: Use of implicit 'with' will be removed in the future. Qualify with 'Rec'. This warning will become an error in a future release.
src\03_Human_Resources_and_Payroll\page\HREmployeeRequisitionCard.Page.al(374,9): warning AL0667: 'InDataSet' is being deprecated in the versions: '11.0' or greater. The InDataset attribute is unused. This warning will become an error in a future release.
src\03_Human_Resources_and_Payroll\page\HREmployeeRequisitionCard.Page.al(376,9): warning AL0667: 'InDataSet' is being deprecated in the versions: '11.0' or greater. The InDataset attribute is unused. This warning will become an error in a future release.
src\03_Human_Resources_and_Payroll\page\HREmployeeRequisitionCard.Page.al(378,9): warning AL0667: 'InDataSet' is being deprecated in the versions: '11.0' or greater. The InDataset attribute is unused. This warning will become an error in a future release.
src\03_Human_Resources_and_Payroll\page\HREmployeeRequisitionCard.Page.al(380,9): warning AL0667: 'InDataSet' is being deprecated in the versions: '11.0' or greater. The InDataset attribute is unused. This warning will become an error in a future release.
src\03_Human_Resources_and_Payroll\page\HREmployeeRequisitionCard.Page.al(382,9): warning AL0667: 'InDataSet' is being deprecated in the versions: '11.0' or greater. The InDataset attribute is unused. This warning will become an error in a future release.
src\03_Human_Resources_and_Payroll\page\HREmployeeRequisitionCard.Page.al(384,9): warning AL0667: 'InDataSet' is being deprecated in the versions: '11.0' or greater. The InDataset attribute is unused. This warning will become an error in a future release.
src\03_Human_Resources_and_Payroll\page\HREmployeeRequisitionCard.Page.al(386,9): warning AL0667: 'InDataSet' is being deprecated in the versions: '11.0' or greater. The InDataset attribute is unused. This warning will become an error in a future release.
src\03_Human_Resources_and_Payroll\page\HREmployeeRequisitionCard.Page.al(388,9): warning AL0667: 'InDataSet' is being deprecated in the versions: '11.0' or greater. The InDataset attribute is unused. This warning will become an error in a future release.
src\03_Human_Resources_and_Payroll\page\HREmployeeRequisitionCard.Page.al(390,9): warning AL0667: 'InDataSet' is being deprecated in the versions: '11.0' or greater. The InDataset attribute is unused. This warning will become an error in a future release.
src\03_Human_Resources_and_Payroll\page\HREmployeeRequisitionCard.Page.al(392,9): warning AL0667: 'InDataSet' is being deprecated in the versions: '11.0' or greater. The InDataset attribute is unused. This warning will become an error in a future release.
src\03_Human_Resources_and_Payroll\page\HREmployeeRequisitionCard.Page.al(394,9): warning AL0667: 'InDataSet' is being deprecated in the versions: '11.0' or greater. The InDataset attribute is unused. This warning will become an error in a future release.
src\03_Human_Resources_and_Payroll\page\HREmployeeRequisitionCard.Page.al(396,9): warning AL0667: 'InDataSet' is being deprecated in the versions: '11.0' or greater. The InDataset attribute is unused. This warning will become an error in a future release.
src\04_Clinical_and_Patient_Management\page\HMSAdmissionFormDrug.Page.al(73,33): warning AL0604: Use of implicit 'with' will be removed in the future. Qualify with 'Rec'. This warning will become an error in a future release.
src\04_Clinical_and_Patient_Management\page\HMSWalkinPatientCard.Page.al(550,9): warning AL0667: 'InDataSet' is being deprecated in the versions: '11.0' or greater. The InDataset attribute is unused. This warning will become an error in a future release.
src\04_Clinical_and_Patient_Management\page\HMSWalkinPatientCard.Page.al(552,9): warning AL0667: 'InDataSet' is being deprecated in the versions: '11.0' or greater. The InDataset attribute is unused. This warning will become an error in a future release.
src\04_Clinical_and_Patient_Management\page\HMSWalkinPatientCard.Page.al(554,9): warning AL0667: 'InDataSet' is being deprecated in the versions: '11.0' or greater. The InDataset attribute is unused. This warning will become an error in a future release.
src\03_Human_Resources_and_Payroll\report\prAllowancesReport.Report.al(24,39): warning AL0667: 'PageNo' is being deprecated in the versions: '1.0' or greater.  This warning will become an error in a future release.
src\04_Clinical_and_Patient_Management\page\HMSWalkinPatientList.Page.al(131,9): warning AL0667: 'InDataSet' is being deprecated in the versions: '11.0' or greater. The InDataset attribute is unused. This warning will become an error in a future release.
src\04_Clinical_and_Patient_Management\page\HMSWalkinPatientList.Page.al(133,9): warning AL0667: 'InDataSet' is being deprecated in the versions: '11.0' or greater. The InDataset attribute is unused. This warning will become an error in a future release.
src\04_Clinical_and_Patient_Management\page\HMSWalkinPatientList.Page.al(135,9): warning AL0667: 'InDataSet' is being deprecated in the versions: '11.0' or greater. The InDataset attribute is unused. This warning will become an error in a future release.
src\03_Human_Resources_and_Payroll\report\prCoopremmitance.Report.al(24,39): warning AL0667: 'PageNo' is being deprecated in the versions: '1.0' or greater.  This warning will become an error in a future release.
src\04_Clinical_and_Patient_Management\page\HMSAdmissionFormHeaderList.Page.al(162,21): warning AL0299: Member name 'OnAfterGetCurrRecord' is only allowed on triggers. This warning will become an error in a future release.
src\03_Human_Resources_and_Payroll\report\prDeductionsReport.Report.al(24,39): warning AL0667: 'PageNo' is being deprecated in the versions: '1.0' or greater.  This warning will become an error in a future release.
src\04_Clinical_and_Patient_Management\page\HMSAdmissionFormLines.Page.al(53,33): warning AL0604: Use of implicit 'with' will be removed in the future. Qualify with 'Rec'. This warning will become an error in a future release.
src\03_Human_Resources_and_Payroll\report\prDeductionsVarianceReport.Report.al(22,39): warning AL0667: 'PageNo' is being deprecated in the versions: '1.0' or greater.  This warning will become an error in a future release.
src\04_Clinical_and_Patient_Management\page\HMSAdmissionHeaderAdmitted.Page.al(93,33): warning AL0604: Use of implicit 'with' will be removed in the future. Qualify with 'Rec'. This warning will become an error in a future release.
src\08_Logistics_and_Asset_Management\page\FLTPostedSafariNotices.Page.al(102,50): warning AL0269: The referenced page '"FLT Officers Going on Safari"' should be a list part or a card part. This warning will become an error in a future release.
src\03_Human_Resources_and_Payroll\report\prDeductionsVarianceReport2.Report.al(21,39): warning AL0667: 'PageNo' is being deprecated in the versions: '1.0' or greater.  This warning will become an error in a future release.
src\08_Logistics_and_Asset_Management\page\FLTSafariNotices.Page.al(103,46): warning AL0269: The referenced page '"FLT Officers Going on Safari"' should be a list part or a card part. This warning will become an error in a future release.
src\04_Clinical_and_Patient_Management\page\SecVisitorManagementCard.Page.al(154,25): warning AL0482: The image pass is not valid in this context. Verify the image name is correct and supported for this control type.
src\04_Clinical_and_Patient_Management\page\HMSAdmissionProgress.Page.al(113,41): warning AL0269: The referenced page '"HMS Admission Form Drug"' should be a list part or a card part. This warning will become an error in a future release.
src\04_Clinical_and_Patient_Management\page\HMSAdmissionProgressList.Page.al(200,21): warning AL0299: Member name 'OnAfterGetCurrRecord' is only allowed on triggers. This warning will become an error in a future release.
src\03_Human_Resources_and_Payroll\report\prGrossNetPay.Report.al(36,39): warning AL0667: 'PageNo' is being deprecated in the versions: '1.0' or greater.  This warning will become an error in a future release.
src\03_Human_Resources_and_Payroll\page\HRJobOccupants.Page.al(33,37): warning AL0269: The referenced page '"HR Employee List"' should be a list part or a card part. This warning will become an error in a future release.
src\03_Human_Resources_and_Payroll\page\HRJobOccupants.Page.al(42,37): warning AL0269: The referenced page '"HR Employee List"' should be a list part or a card part. This warning will become an error in a future release.
src\03_Human_Resources_and_Payroll\report\prNHIF2.Report.al(23,39): warning AL0667: 'PageNo' is being deprecated in the versions: '1.0' or greater.  This warning will become an error in a future release.
src\04_Clinical_and_Patient_Management\page\HMSAdmittedFormHeader.Page.al(82,37): warning AL0269: The referenced page '"HMS Admission Lines"' should be a list part or a card part. This warning will become an error in a future release.
src\01_Core_and_Setup\table\CompanyActivities.Table.al(82,36): warning AL0685: The length '80' of the calculation formula's target field 'First Name' is greater than the length '50' of the source flow field '"First Name"'. This could result in a runtime error. Make sure that the target field's length is less than equal to the source field length. This warning will become an error in a future release.
src\03_Human_Resources_and_Payroll\report\prNHIFmst.Report.al(23,39): warning AL0667: 'PageNo' is being deprecated in the versions: '1.0' or greater.  This warning will become an error in a future release.
src\03_Human_Resources_and_Payroll\page\HrPensionPayments.Page.al(103,37): warning AL0269: The referenced page '"HR Employee Beneficiary"' should be a list part or a card part. This warning will become an error in a future release.
src\03_Human_Resources_and_Payroll\report\prNSSF2.Report.al(23,39): warning AL0667: 'PageNo' is being deprecated in the versions: '1.0' or greater.  This warning will become an error in a future release.
src\03_Human_Resources_and_Payroll\page\HRLeaveRequisiPostedList.Page.al(166,9): warning AL0667: 'InDataSet' is being deprecated in the versions: '11.0' or greater. The InDataset attribute is unused. This warning will become an error in a future release.
src\03_Human_Resources_and_Payroll\page\HRLeaveRequisiPostedList.Page.al(168,9): warning AL0667: 'InDataSet' is being deprecated in the versions: '11.0' or greater. The InDataset attribute is unused. This warning will become an error in a future release.
src\03_Human_Resources_and_Payroll\page\HRLeaveRequisiPostedList.Page.al(170,9): warning AL0667: 'InDataSet' is being deprecated in the versions: '11.0' or greater. The InDataset attribute is unused. This warning will become an error in a future release.
src\03_Human_Resources_and_Payroll\page\HRLeaveRequisiPostedList.Page.al(172,9): warning AL0667: 'InDataSet' is being deprecated in the versions: '11.0' or greater. The InDataset attribute is unused. This warning will become an error in a future release.
src\03_Human_Resources_and_Payroll\page\HRLeaveRequisiPostedList.Page.al(174,9): warning AL0667: 'InDataSet' is being deprecated in the versions: '11.0' or greater. The InDataset attribute is unused. This warning will become an error in a future release.
src\03_Human_Resources_and_Payroll\page\HRLeaveRequisiPostedList.Page.al(176,9): warning AL0667: 'InDataSet' is being deprecated in the versions: '11.0' or greater. The InDataset attribute is unused. This warning will become an error in a future release.
src\03_Human_Resources_and_Payroll\page\HRLeaveRequisiPostedList.Page.al(178,9): warning AL0667: 'InDataSet' is being deprecated in the versions: '11.0' or greater. The InDataset attribute is unused. This warning will become an error in a future release.
src\03_Human_Resources_and_Payroll\page\HRLeaveRequisiPostedList.Page.al(180,9): warning AL0667: 'InDataSet' is being deprecated in the versions: '11.0' or greater. The InDataset attribute is unused. This warning will become an error in a future release.
src\04_Clinical_and_Patient_Management\page\HMSAppointmentFormHeader.Page.al(461,9): warning AL0667: 'InDataSet' is being deprecated in the versions: '11.0' or greater. The InDataset attribute is unused. This warning will become an error in a future release.
src\04_Clinical_and_Patient_Management\page\HMSAppointmentFormHeader.Page.al(463,9): warning AL0667: 'InDataSet' is being deprecated in the versions: '11.0' or greater. The InDataset attribute is unused. This warning will become an error in a future release.
src\04_Clinical_and_Patient_Management\page\HMSAppointmentFormHeader.Page.al(465,9): warning AL0667: 'InDataSet' is being deprecated in the versions: '11.0' or greater. The InDataset attribute is unused. This warning will become an error in a future release.
src\04_Clinical_and_Patient_Management\page\HMSAppointmentFormHeader.Page.al(467,9): warning AL0667: 'InDataSet' is being deprecated in the versions: '11.0' or greater. The InDataset attribute is unused. This warning will become an error in a future release.
src\04_Clinical_and_Patient_Management\page\HMSAppointmentFormHeader.Page.al(469,9): warning AL0667: 'InDataSet' is being deprecated in the versions: '11.0' or greater. The InDataset attribute is unused. This warning will become an error in a future release.
src\05_Inventory_and_Procurement\table\ImportStockBuffer.Table.al(18,35): warning AL0685: The length '100' of the calculation formula's target field 'Description' is greater than the length '30' of the source flow field '"Item Name"'. This could result in a runtime error. Make sure that the target field's length is less than equal to the source field length. This warning will become an error in a future release.
src\03_Human_Resources_and_Payroll\page\HRLeaveRequisition.Page.al(252,9): warning AL0667: 'InDataSet' is being deprecated in the versions: '11.0' or greater. The InDataset attribute is unused. This warning will become an error in a future release.
src\03_Human_Resources_and_Payroll\page\HRLeaveRequisition.Page.al(254,9): warning AL0667: 'InDataSet' is being deprecated in the versions: '11.0' or greater. The InDataset attribute is unused. This warning will become an error in a future release.
src\03_Human_Resources_and_Payroll\page\HRLeaveRequisition.Page.al(256,9): warning AL0667: 'InDataSet' is being deprecated in the versions: '11.0' or greater. The InDataset attribute is unused. This warning will become an error in a future release.
src\03_Human_Resources_and_Payroll\page\HRLeaveRequisition.Page.al(258,9): warning AL0667: 'InDataSet' is being deprecated in the versions: '11.0' or greater. The InDataset attribute is unused. This warning will become an error in a future release.
src\03_Human_Resources_and_Payroll\page\HRLeaveRequisition.Page.al(260,9): warning AL0667: 'InDataSet' is being deprecated in the versions: '11.0' or greater. The InDataset attribute is unused. This warning will become an error in a future release.
src\03_Human_Resources_and_Payroll\page\HRLeaveRequisition.Page.al(262,9): warning AL0667: 'InDataSet' is being deprecated in the versions: '11.0' or greater. The InDataset attribute is unused. This warning will become an error in a future release.
src\03_Human_Resources_and_Payroll\page\HRLeaveRequisition.Page.al(264,9): warning AL0667: 'InDataSet' is being deprecated in the versions: '11.0' or greater. The InDataset attribute is unused. This warning will become an error in a future release.
src\03_Human_Resources_and_Payroll\page\HRLeaveRequisition.Page.al(266,9): warning AL0667: 'InDataSet' is being deprecated in the versions: '11.0' or greater. The InDataset attribute is unused. This warning will become an error in a future release.
src\04_Clinical_and_Patient_Management\page\HMSAppointmentFormHeader.Page.al(587,21): warning AL0299: Member name 'OnAfterGetCurrRecord' is only allowed on triggers. This warning will become an error in a future release.
src\04_Clinical_and_Patient_Management\page\HMSAppointmentFormHeader.Page.al(524,15): warning AL0523: The Table 'HMS Appointment Form Header' already defines a method called 'GetPatientNo' with the same parameter types in 'Hospital-System by AHS/IT (1.0.1.1)'. This warning will become an error in a future release.
src\04_Clinical_and_Patient_Management\page\HMSAppointmentFormHeader.Page.al(544,15): warning AL0523: The Table 'HMS Appointment Form Header' already defines a method called 'GetPatientAge' with the same parameter types in 'Hospital-System by AHS/IT (1.0.1.1)'. This warning will become an error in a future release.
src\03_Human_Resources_and_Payroll\page\HRLeaveRequisitionList.Page.al(235,9): warning AL0667: 'InDataSet' is being deprecated in the versions: '11.0' or greater. The InDataset attribute is unused. This warning will become an error in a future release.
src\03_Human_Resources_and_Payroll\page\HRLeaveRequisitionList.Page.al(237,9): warning AL0667: 'InDataSet' is being deprecated in the versions: '11.0' or greater. The InDataset attribute is unused. This warning will become an error in a future release.
src\03_Human_Resources_and_Payroll\page\HRLeaveRequisitionList.Page.al(239,9): warning AL0667: 'InDataSet' is being deprecated in the versions: '11.0' or greater. The InDataset attribute is unused. This warning will become an error in a future release.
src\03_Human_Resources_and_Payroll\page\HRLeaveRequisitionList.Page.al(241,9): warning AL0667: 'InDataSet' is being deprecated in the versions: '11.0' or greater. The InDataset attribute is unused. This warning will become an error in a future release.
src\03_Human_Resources_and_Payroll\page\HRLeaveRequisitionList.Page.al(243,9): warning AL0667: 'InDataSet' is being deprecated in the versions: '11.0' or greater. The InDataset attribute is unused. This warning will become an error in a future release.
src\03_Human_Resources_and_Payroll\page\HRLeaveRequisitionList.Page.al(247,9): warning AL0667: 'InDataSet' is being deprecated in the versions: '11.0' or greater. The InDataset attribute is unused. This warning will become an error in a future release.
src\03_Human_Resources_and_Payroll\page\HRLeaveRequisitionList.Page.al(249,9): warning AL0667: 'InDataSet' is being deprecated in the versions: '11.0' or greater. The InDataset attribute is unused. This warning will become an error in a future release.
src\03_Human_Resources_and_Payroll\page\HRLeaveRequisitionList.Page.al(251,9): warning AL0667: 'InDataSet' is being deprecated in the versions: '11.0' or greater. The InDataset attribute is unused. This warning will become an error in a future release.
src\01_Core_and_Setup\page\CustomerList2.Page.al(1254,44): warning AL0432: Report 'Customer - Top 10 List' is marked for removal. Reason: This report has been replaced by the report Customer - Top List (Excel). This report will be removed in a future release.. Tag: 28.0.
src\03_Human_Resources_and_Payroll\page\HRShortlistingCard.Page.al(378,9): warning AL0667: 'InDataSet' is being deprecated in the versions: '11.0' or greater. The InDataset attribute is unused. This warning will become an error in a future release.
src\03_Human_Resources_and_Payroll\page\HRShortlistingCard.Page.al(380,9): warning AL0667: 'InDataSet' is being deprecated in the versions: '11.0' or greater. The InDataset attribute is unused. This warning will become an error in a future release.
src\04_Clinical_and_Patient_Management\page\HMSAppointmentFormHistoryL.Page.al(271,9): warning AL0667: 'InDataSet' is being deprecated in the versions: '11.0' or greater. The InDataset attribute is unused. This warning will become an error in a future release.
src\03_Human_Resources_and_Payroll\page\HRShortlistingCard.Page.al(382,9): warning AL0667: 'InDataSet' is being deprecated in the versions: '11.0' or greater. The InDataset attribute is unused. This warning will become an error in a future release.
src\03_Human_Resources_and_Payroll\page\HRShortlistingCard.Page.al(384,9): warning AL0667: 'InDataSet' is being deprecated in the versions: '11.0' or greater. The InDataset attribute is unused. This warning will become an error in a future release.
src\03_Human_Resources_and_Payroll\page\HRShortlistingCard.Page.al(386,9): warning AL0667: 'InDataSet' is being deprecated in the versions: '11.0' or greater. The InDataset attribute is unused. This warning will become an error in a future release.
src\04_Clinical_and_Patient_Management\page\HMSAppointmentFormHistoryL.Page.al(273,9): warning AL0667: 'InDataSet' is being deprecated in the versions: '11.0' or greater. The InDataset attribute is unused. This warning will become an error in a future release.
src\04_Clinical_and_Patient_Management\page\HMSAppointmentFormHistoryL.Page.al(275,9): warning AL0667: 'InDataSet' is being deprecated in the versions: '11.0' or greater. The InDataset attribute is unused. This warning will become an error in a future release.
src\04_Clinical_and_Patient_Management\page\HMSAppointmentFormHistoryL.Page.al(277,9): warning AL0667: 'InDataSet' is being deprecated in the versions: '11.0' or greater. The InDataset attribute is unused. This warning will become an error in a future release.
src\01_Core_and_Setup\page\CustomerList2.Page.al(1262,44): warning AL0432: Report 'Customer - Sales List' is marked for removal. Reason: This report is obsolete and will be removed in a future version.. Tag: 28.0.
src\04_Clinical_and_Patient_Management\page\HMSAppointmentFormHistoryL.Page.al(279,9): warning AL0667: 'InDataSet' is being deprecated in the versions: '11.0' or greater. The InDataset attribute is unused. This warning will become an error in a future release.
src\01_Core_and_Setup\page\CustomerList2.Page.al(1270,44): warning AL0432: Report 'Sales Statistics' is marked for removal. Reason: This report is obsolete and will be removed in a future version.. Tag: 28.0.
src\04_Clinical_and_Patient_Management\page\HMSAppointmentFormHistoryL.Page.al(316,15): warning AL0523: The Table 'HMS Appointment Form Header' already defines a method called 'GetPatientNo' with the same parameter types in 'Hospital-System by AHS/IT (1.0.1.1)'. This warning will become an error in a future release.
src\04_Clinical_and_Patient_Management\page\HMSAppointmentFormHistoryL.Page.al(345,15): warning AL0523: The Table 'HMS Appointment Form Header' already defines a method called 'GetPatientAge' with the same parameter types in 'Hospital-System by AHS/IT (1.0.1.1)'. This warning will become an error in a future release.
src\01_Core_and_Setup\page\CustomerList2.Page.al(1345,44): warning AL0432: Report 'Aged Accounts Receivable' is marked for removal. Reason: This report has been replaced by the report Aged Accounts Receivable (Excel). This report will be removed in a future release.. Tag: 28.0.
src\01_Core_and_Setup\page\CustomerList2.Page.al(1374,40): warning AL0432: Report 'Customer - List' is marked for removal. Reason: This report is obsolete and will be removed in a future version.. Tag: 28.0.
src\01_Core_and_Setup\page\CustomerList2.Page.al(1390,40): warning AL0432: Report 'Customer - Top 10 List' is marked for removal. Reason: This report has been replaced by the report Customer - Top List (Excel). This report will be removed in a future release.. Tag: 28.0.
src\01_Core_and_Setup\page\CustomerList2.Page.al(1423,40): warning AL0432: Report 'Customer - Sales List' is marked for removal. Reason: This report is obsolete and will be removed in a future version.. Tag: 28.0.
src\01_Core_and_Setup\page\CustomerList2.Page.al(1431,40): warning AL0432: Report 'Sales Statistics' is marked for removal. Reason: This report is obsolete and will be removed in a future version.. Tag: 28.0.
src\03_Human_Resources_and_Payroll\page\HRMyApprovedLeavesHeader.Page.al(163,9): warning AL0667: 'InDataSet' is being deprecated in the versions: '11.0' or greater. The InDataset attribute is unused. This warning will become an error in a future release.
src\03_Human_Resources_and_Payroll\page\HRMyApprovedLeavesHeader.Page.al(165,9): warning AL0667: 'InDataSet' is being deprecated in the versions: '11.0' or greater. The InDataset attribute is unused. This warning will become an error in a future release.
src\03_Human_Resources_and_Payroll\page\HRMyApprovedLeavesHeader.Page.al(167,9): warning AL0667: 'InDataSet' is being deprecated in the versions: '11.0' or greater. The InDataset attribute is unused. This warning will become an error in a future release.
src\03_Human_Resources_and_Payroll\page\HRMyApprovedLeavesHeader.Page.al(169,9): warning AL0667: 'InDataSet' is being deprecated in the versions: '11.0' or greater. The InDataset attribute is unused. This warning will become an error in a future release.
src\03_Human_Resources_and_Payroll\page\HRMyApprovedLeavesHeader.Page.al(171,9): warning AL0667: 'InDataSet' is being deprecated in the versions: '11.0' or greater. The InDataset attribute is unused. This warning will become an error in a future release.
src\03_Human_Resources_and_Payroll\page\HRMyApprovedLeavesHeader.Page.al(173,9): warning AL0667: 'InDataSet' is being deprecated in the versions: '11.0' or greater. The InDataset attribute is unused. This warning will become an error in a future release.
src\03_Human_Resources_and_Payroll\page\HRMyApprovedLeavesHeader.Page.al(175,9): warning AL0667: 'InDataSet' is being deprecated in the versions: '11.0' or greater. The InDataset attribute is unused. This warning will become an error in a future release.
src\03_Human_Resources_and_Payroll\page\HRMyApprovedLeavesHeader.Page.al(177,9): warning AL0667: 'InDataSet' is being deprecated in the versions: '11.0' or greater. The InDataset attribute is unused. This warning will become an error in a future release.
src\04_Clinical_and_Patient_Management\page\HMSAppointmentHistoryCard.Page.al(1606,9): warning AL0667: 'InDataSet' is being deprecated in the versions: '11.0' or greater. The InDataset attribute is unused. This warning will become an error in a future release.
src\04_Clinical_and_Patient_Management\page\HMSAppointmentHistoryCard.Page.al(1608,9): warning AL0667: 'InDataSet' is being deprecated in the versions: '11.0' or greater. The InDataset attribute is unused. This warning will become an error in a future release.
src\04_Clinical_and_Patient_Management\page\HMSAppointmentHistoryCard.Page.al(1610,9): warning AL0667: 'InDataSet' is being deprecated in the versions: '11.0' or greater. The InDataset attribute is unused. This warning will become an error in a future release.
src\04_Clinical_and_Patient_Management\page\HMSAppointmentHistoryCard.Page.al(1612,9): warning AL0667: 'InDataSet' is being deprecated in the versions: '11.0' or greater. The InDataset attribute is unused. This warning will become an error in a future release.
src\04_Clinical_and_Patient_Management\page\HMSAppointmentHistoryCard.Page.al(1614,9): warning AL0667: 'InDataSet' is being deprecated in the versions: '11.0' or greater. The InDataset attribute is unused. This warning will become an error in a future release.
src\04_Clinical_and_Patient_Management\page\HMSAppointmentHistoryCard.Page.al(1721,21): warning AL0299: Member name 'OnAfterGetCurrRecord' is only allowed on triggers. This warning will become an error in a future release.
src\04_Clinical_and_Patient_Management\page\HMSAppointmentHistoryCard.Page.al(1658,15): warning AL0523: The Table 'HMS Appointment Form Header' already defines a method called 'GetPatientNo' with the same parameter types in 'Hospital-System by AHS/IT (1.0.1.1)'. This warning will become an error in a future release.
src\04_Clinical_and_Patient_Management\page\HMSAppointmentHistoryCard.Page.al(1678,15): warning AL0523: The Table 'HMS Appointment Form Header' already defines a method called 'GetPatientAge' with the same parameter types in 'Hospital-System by AHS/IT (1.0.1.1)'. This warning will become an error in a future release.
src\03_Human_Resources_and_Payroll\page\HrMyApprovedLeavesList.Page.al(152,9): warning AL0667: 'InDataSet' is being deprecated in the versions: '11.0' or greater. The InDataset attribute is unused. This warning will become an error in a future release.
src\03_Human_Resources_and_Payroll\page\HrMyApprovedLeavesList.Page.al(154,9): warning AL0667: 'InDataSet' is being deprecated in the versions: '11.0' or greater. The InDataset attribute is unused. This warning will become an error in a future release.
src\03_Human_Resources_and_Payroll\page\HrMyApprovedLeavesList.Page.al(156,9): warning AL0667: 'InDataSet' is being deprecated in the versions: '11.0' or greater. The InDataset attribute is unused. This warning will become an error in a future release.
src\03_Human_Resources_and_Payroll\page\HrMyApprovedLeavesList.Page.al(158,9): warning AL0667: 'InDataSet' is being deprecated in the versions: '11.0' or greater. The InDataset attribute is unused. This warning will become an error in a future release.
src\03_Human_Resources_and_Payroll\page\HrMyApprovedLeavesList.Page.al(160,9): warning AL0667: 'InDataSet' is being deprecated in the versions: '11.0' or greater. The InDataset attribute is unused. This warning will become an error in a future release.
src\03_Human_Resources_and_Payroll\page\HRTNACard.Page.al(339,9): warning AL0667: 'InDataSet' is being deprecated in the versions: '11.0' or greater. The InDataset attribute is unused. This warning will become an error in a future release.
src\03_Human_Resources_and_Payroll\page\HrMyApprovedLeavesList.Page.al(162,9): warning AL0667: 'InDataSet' is being deprecated in the versions: '11.0' or greater. The InDataset attribute is unused. This warning will become an error in a future release.
src\03_Human_Resources_and_Payroll\page\HrMyApprovedLeavesList.Page.al(164,9): warning AL0667: 'InDataSet' is being deprecated in the versions: '11.0' or greater. The InDataset attribute is unused. This warning will become an error in a future release.
src\03_Human_Resources_and_Payroll\page\HRTNACard.Page.al(342,9): warning AL0667: 'InDataSet' is being deprecated in the versions: '11.0' or greater. The InDataset attribute is unused. This warning will become an error in a future release.
src\03_Human_Resources_and_Payroll\page\HrMyApprovedLeavesList.Page.al(166,9): warning AL0667: 'InDataSet' is being deprecated in the versions: '11.0' or greater. The InDataset attribute is unused. This warning will become an error in a future release.
src\03_Human_Resources_and_Payroll\page\HRTNACard.Page.al(344,9): warning AL0667: 'InDataSet' is being deprecated in the versions: '11.0' or greater. The InDataset attribute is unused. This warning will become an error in a future release.
src\03_Human_Resources_and_Payroll\page\HRTNACard.Page.al(346,9): warning AL0667: 'InDataSet' is being deprecated in the versions: '11.0' or greater. The InDataset attribute is unused. This warning will become an error in a future release.
src\03_Human_Resources_and_Payroll\page\HRTNACard.Page.al(348,9): warning AL0667: 'InDataSet' is being deprecated in the versions: '11.0' or greater. The InDataset attribute is unused. This warning will become an error in a future release.
src\03_Human_Resources_and_Payroll\page\HRTNACard.Page.al(350,9): warning AL0667: 'InDataSet' is being deprecated in the versions: '11.0' or greater. The InDataset attribute is unused. This warning will become an error in a future release.
src\03_Human_Resources_and_Payroll\page\HRTNACard.Page.al(352,9): warning AL0667: 'InDataSet' is being deprecated in the versions: '11.0' or greater. The InDataset attribute is unused. This warning will become an error in a future release.
src\03_Human_Resources_and_Payroll\page\HRTrainingApplicationCard.Page.al(154,41): warning AL0269: The referenced page '"HR Training Partcipants"' should be a list part or a card part. This warning will become an error in a future release.
src\03_Human_Resources_and_Payroll\page\HRTrainingApplicationCard.Page.al(341,9): warning AL0667: 'InDataSet' is being deprecated in the versions: '11.0' or greater. The InDataset attribute is unused. This warning will become an error in a future release.
src\03_Human_Resources_and_Payroll\page\HRTrainingApplicationCard.Page.al(344,9): warning AL0667: 'InDataSet' is being deprecated in the versions: '11.0' or greater. The InDataset attribute is unused. This warning will become an error in a future release.
src\03_Human_Resources_and_Payroll\page\HRTrainingApplicationCard.Page.al(346,9): warning AL0667: 'InDataSet' is being deprecated in the versions: '11.0' or greater. The InDataset attribute is unused. This warning will become an error in a future release.
src\03_Human_Resources_and_Payroll\page\HRTrainingApplicationCard.Page.al(348,9): warning AL0667: 'InDataSet' is being deprecated in the versions: '11.0' or greater. The InDataset attribute is unused. This warning will become an error in a future release.
src\03_Human_Resources_and_Payroll\page\HRTrainingApplicationCard.Page.al(350,9): warning AL0667: 'InDataSet' is being deprecated in the versions: '11.0' or greater. The InDataset attribute is unused. This warning will become an error in a future release.
src\03_Human_Resources_and_Payroll\page\HRTrainingApplicationCard.Page.al(352,9): warning AL0667: 'InDataSet' is being deprecated in the versions: '11.0' or greater. The InDataset attribute is unused. This warning will become an error in a future release.
src\03_Human_Resources_and_Payroll\page\HRTrainingApplicationCard.Page.al(354,9): warning AL0667: 'InDataSet' is being deprecated in the versions: '11.0' or greater. The InDataset attribute is unused. This warning will become an error in a future release.
src\03_Human_Resources_and_Payroll\report\prPayeSchedulemst.Report.al(23,39): warning AL0667: 'PageNo' is being deprecated in the versions: '1.0' or greater.  This warning will become an error in a future release.
src\03_Human_Resources_and_Payroll\page\HRTrainingApplicationList.Page.al(77,37): warning AL0269: The referenced page '"Job_Salary grade/steps1"' should be a list part or a card part. This warning will become an error in a future release.
src\08_Logistics_and_Asset_Management\page\PostedInterbankTransfersUP.Page.al(368,9): warning AL0667: 'InDataSet' is being deprecated in the versions: '11.0' or greater. The InDataset attribute is unused. This warning will become an error in a future release.
src\08_Logistics_and_Asset_Management\page\PostedInterbankTransfersUP.Page.al(370,9): warning AL0667: 'InDataSet' is being deprecated in the versions: '11.0' or greater. The InDataset attribute is unused. This warning will become an error in a future release.
src\04_Clinical_and_Patient_Management\page\HMSAppointmentLists.Page.al(14,42): warning AL0604: Use of implicit 'with' will be removed in the future. Qualify with 'Rec'. This warning will become an error in a future release.
src\04_Clinical_and_Patient_Management\page\HMSAppointmentLists.Page.al(18,43): warning AL0604: Use of implicit 'with' will be removed in the future. Qualify with 'Rec'. This warning will become an error in a future release.
src\04_Clinical_and_Patient_Management\page\HMSAppointmentLists.Page.al(22,39): warning AL0604: Use of implicit 'with' will be removed in the future. Qualify with 'Rec'. This warning will become an error in a future release.
src\04_Clinical_and_Patient_Management\table\HMSLaboratoryFormHeader.Table.al(88,37): warning AL0685: The length '50' of the calculation formula's target field 'Middle Name' is greater than the length '30' of the source flow field '"Middle Name"'. This could result in a runtime error. Make sure that the target field's length is less than equal to the source field length. This warning will become an error in a future release.
src\04_Clinical_and_Patient_Management\page\HMSAppointmentLists.Page.al(26,38): warning AL0604: Use of implicit 'with' will be removed in the future. Qualify with 'Rec'. This warning will become an error in a future release.
src\04_Clinical_and_Patient_Management\page\HMSAppointmentLists.Page.al(30,36): warning AL0604: Use of implicit 'with' will be removed in the future. Qualify with 'Rec'. This warning will become an error in a future release.
src\04_Clinical_and_Patient_Management\page\HMSAppointmentLists.Page.al(34,31): warning AL0604: Use of implicit 'with' will be removed in the future. Qualify with 'Rec'. This warning will become an error in a future release.
src\04_Clinical_and_Patient_Management\page\HMSAppointmentLists.Page.al(38,43): warning AL0604: Use of implicit 'with' will be removed in the future. Qualify with 'Rec'. This warning will become an error in a future release.
src\04_Clinical_and_Patient_Management\page\HMSAppointmentLists.Page.al(42,43): warning AL0604: Use of implicit 'with' will be removed in the future. Qualify with 'Rec'. This warning will become an error in a future release.
src\04_Clinical_and_Patient_Management\page\HMSAppointmentLists.Page.al(46,31): warning AL0604: Use of implicit 'with' will be removed in the future. Qualify with 'Rec'. This warning will become an error in a future release.
src\04_Clinical_and_Patient_Management\page\HMSAppointmentLists.Page.al(50,44): warning AL0604: Use of implicit 'with' will be removed in the future. Qualify with 'Rec'. This warning will become an error in a future release.
src\04_Clinical_and_Patient_Management\page\HMSAppointmentLists.Page.al(54,45): warning AL0604: Use of implicit 'with' will be removed in the future. Qualify with 'Rec'. This warning will become an error in a future release.
src\04_Clinical_and_Patient_Management\table\HMSLaboratoryFormHeader.Table.al(98,35): warning AL0685: The length '30' of the calculation formula's target field 'ID Number' is greater than the length '20' of the source flow field '"ID Number"'. This could result in a runtime error. Make sure that the target field's length is less than equal to the source field length. This warning will become an error in a future release.
src\04_Clinical_and_Patient_Management\page\HMSAppointmentLists.Page.al(58,45): warning AL0604: Use of implicit 'with' will be removed in the future. Qualify with 'Rec'. This warning will become an error in a future release.
src\04_Clinical_and_Patient_Management\page\HMSAppointmentLists.Page.al(62,50): warning AL0604: Use of implicit 'with' will be removed in the future. Qualify with 'Rec'. This warning will become an error in a future release.
src\04_Clinical_and_Patient_Management\page\HMSAppointmentLists.Page.al(66,50): warning AL0604: Use of implicit 'with' will be removed in the future. Qualify with 'Rec'. This warning will become an error in a future release.
src\04_Clinical_and_Patient_Management\page\HMSAppointmentLists.Page.al(70,43): warning AL0604: Use of implicit 'with' will be removed in the future. Qualify with 'Rec'. This warning will become an error in a future release.
src\04_Clinical_and_Patient_Management\page\HMSAppointmentLists.Page.al(151,9): warning AL0667: 'InDataSet' is being deprecated in the versions: '11.0' or greater. The InDataset attribute is unused. This warning will become an error in a future release.
src\04_Clinical_and_Patient_Management\page\HMSAppointmentLists.Page.al(153,9): warning AL0667: 'InDataSet' is being deprecated in the versions: '11.0' or greater. The InDataset attribute is unused. This warning will become an error in a future release.
src\04_Clinical_and_Patient_Management\page\HMSAppointmentLists.Page.al(155,9): warning AL0667: 'InDataSet' is being deprecated in the versions: '11.0' or greater. The InDataset attribute is unused. This warning will become an error in a future release.
src\04_Clinical_and_Patient_Management\page\HMSAppointmentLists.Page.al(157,9): warning AL0667: 'InDataSet' is being deprecated in the versions: '11.0' or greater. The InDataset attribute is unused. This warning will become an error in a future release.
src\04_Clinical_and_Patient_Management\page\HMSAppointmentLists.Page.al(159,9): warning AL0667: 'InDataSet' is being deprecated in the versions: '11.0' or greater. The InDataset attribute is unused. This warning will become an error in a future release.
src\04_Clinical_and_Patient_Management\page\HMSAppointmentLists.Page.al(249,21): warning AL0299: Member name 'OnAfterGetCurrRecord' is only allowed on triggers. This warning will become an error in a future release.
src\04_Clinical_and_Patient_Management\page\HMSAppointmentLists.Page.al(191,15): warning AL0523: The Table 'HMS Appointment Form Header' already defines a method called 'GetPatientNo' with the same parameter types in 'Hospital-System by AHS/IT (1.0.1.1)'. This warning will become an error in a future release.
src\04_Clinical_and_Patient_Management\page\HMSAppointmentLists.Page.al(207,15): warning AL0523: The Table 'HMS Appointment Form Header' already defines a method called 'GetPatientAge' with the same parameter types in 'Hospital-System by AHS/IT (1.0.1.1)'. This warning will become an error in a future release.
src\04_Clinical_and_Patient_Management\table\HMSLaboratoryFormHeader.Table.al(138,36): warning AL0685: The length '50' of the calculation formula's target field 'Membership No' is greater than the length '30' of the source flow field '"Memeber No"'. This could result in a runtime error. Make sure that the target field's length is less than equal to the source field length. This warning will become an error in a future release.
src\03_Human_Resources_and_Payroll\page\HROnLeaveList.Page.al(157,9): warning AL0667: 'InDataSet' is being deprecated in the versions: '11.0' or greater. The InDataset attribute is unused. This warning will become an error in a future release.
src\03_Human_Resources_and_Payroll\page\HROnLeaveList.Page.al(159,9): warning AL0667: 'InDataSet' is being deprecated in the versions: '11.0' or greater. The InDataset attribute is unused. This warning will become an error in a future release.
src\03_Human_Resources_and_Payroll\page\HROnLeaveList.Page.al(161,9): warning AL0667: 'InDataSet' is being deprecated in the versions: '11.0' or greater. The InDataset attribute is unused. This warning will become an error in a future release.
src\03_Human_Resources_and_Payroll\page\HROnLeaveList.Page.al(163,9): warning AL0667: 'InDataSet' is being deprecated in the versions: '11.0' or greater. The InDataset attribute is unused. This warning will become an error in a future release.
src\03_Human_Resources_and_Payroll\page\HROnLeaveList.Page.al(165,9): warning AL0667: 'InDataSet' is being deprecated in the versions: '11.0' or greater. The InDataset attribute is unused. This warning will become an error in a future release.
src\03_Human_Resources_and_Payroll\page\HROnLeaveList.Page.al(167,9): warning AL0667: 'InDataSet' is being deprecated in the versions: '11.0' or greater. The InDataset attribute is unused. This warning will become an error in a future release.
src\03_Human_Resources_and_Payroll\page\HROnLeaveList.Page.al(169,9): warning AL0667: 'InDataSet' is being deprecated in the versions: '11.0' or greater. The InDataset attribute is unused. This warning will become an error in a future release.
src\03_Human_Resources_and_Payroll\page\HROnLeaveList.Page.al(171,9): warning AL0667: 'InDataSet' is being deprecated in the versions: '11.0' or greater. The InDataset attribute is unused. This warning will become an error in a future release.
src\04_Clinical_and_Patient_Management\report\DiagnosisOver5yrs.Report.al(14,39): warning AL0667: 'PageNo' is being deprecated in the versions: '1.0' or greater.  This warning will become an error in a future release.
src\04_Clinical_and_Patient_Management\report\DiagnosisUnder5yrs.Report.al(14,39): warning AL0667: 'PageNo' is being deprecated in the versions: '1.0' or greater.  This warning will become an error in a future release.
src\03_Human_Resources_and_Payroll\page\PayrollRecRoleCenter1.Page.al(26,45): warning AL0269: The referenced page '"Requests to Approve"' should be a list part or a card part. This warning will become an error in a future release.
src\04_Clinical_and_Patient_Management\table\HMSLaboratoryFormHeader.Table.al(263,38): warning AL0685: The length '100' of the calculation formula's target field 'Insurance No.' is greater than the length '20' of the source flow field '"Insurance No"'. This could result in a runtime error. Make sure that the target field's length is less than equal to the source field length. This warning will become an error in a future release.
src\04_Clinical_and_Patient_Management\table\HMSLaboratoryItemUsage.Table.al(14,54): warning AL0685: The length '100' of the calculation formula's target field 'Description' is greater than the length '30' of the source flow field '"Laboratory Test Package Name"'. This could result in a runtime error. Make sure that the target field's length is less than equal to the source field length. This warning will become an error in a future release.
src\04_Clinical_and_Patient_Management\table\HMSLaboratoryItemUsage.Table.al(24,46): warning AL0685: The length '100' of the calculation formula's target field 'Description' is greater than the length '30' of the source flow field '"Laboratory Test Name"'. This could result in a runtime error. Make sure that the target field's length is less than equal to the source field length. This warning will become an error in a future release.
src\04_Clinical_and_Patient_Management\table\HMSLaboratoryItemUsage.Table.al(43,35): warning AL0685: The length '100' of the calculation formula's target field 'Description' is greater than the length '30' of the source flow field '"Item Name"'. This could result in a runtime error. Make sure that the target field's length is less than equal to the source field length. This warning will become an error in a future release.
src\04_Clinical_and_Patient_Management\page\HMSBillingRoleCentre.Page.al(36,45): warning AL0269: The referenced page '"Requests to Approve"' should be a list part or a card part. This warning will become an error in a future release.
src\04_Clinical_and_Patient_Management\table\HMSLaboratoryTestLine.Table.al(52,45): warning AL0685: The length '100' of the calculation formula's target field 'Description' is greater than the length '30' of the source flow field '"Measuring Unit Name"'. This could result in a runtime error. Make sure that the target field's length is less than equal to the source field length. This warning will become an error in a future release.
src\04_Clinical_and_Patient_Management\table\HMSLaboratoryTestLine.Table.al(118,40): warning AL0685: The length '100' of the calculation formula's target field 'Insurance Name' is greater than the length '50' of the source flow field '"Insurance Name"'. This could result in a runtime error. Make sure that the target field's length is less than equal to the source field length. This warning will become an error in a future release.
src\04_Clinical_and_Patient_Management\table\HMSLaboratoryTestLine.Table.al(123,40): warning AL0685: The length '100' of the calculation formula's target field 'Insurance No.' is greater than the length '10' of the source flow field '"Insurance Code"'. This could result in a runtime error. Make sure that the target field's length is less than equal to the source field length. This warning will become an error in a future release.
src\04_Clinical_and_Patient_Management\table\HMSLaboratoryTestLine.Table.al(224,46): warning AL0685: The length '100' of the calculation formula's target field 'Insurance No' is greater than the length '20' of the source flow field '"Charges Insurance No"'. This could result in a runtime error. Make sure that the target field's length is less than equal to the source field length. This warning will become an error in a future release.
src\04_Clinical_and_Patient_Management\table\HMSPharmacyHeader.Table.al(111,39): warning AL0685: The length '100' of the calculation formula's target field 'Insurance No.' is greater than the length '20' of the source flow field '"Insurance No1"'. This could result in a runtime error. Make sure that the target field's length is less than equal to the source field length. This warning will become an error in a future release.
src\03_Human_Resources_and_Payroll\page\PostedStaffAdvanceAccounting.Page.al(253,9): warning AL0667: 'InDataSet' is being deprecated in the versions: '11.0' or greater. The InDataset attribute is unused. This warning will become an error in a future release.
src\03_Human_Resources_and_Payroll\page\PostedStaffAdvanceAccounting.Page.al(255,9): warning AL0667: 'InDataSet' is being deprecated in the versions: '11.0' or greater. The InDataset attribute is unused. This warning will become an error in a future release.
src\03_Human_Resources_and_Payroll\page\PostedStaffAdvanceAccounting.Page.al(257,9): warning AL0667: 'InDataSet' is being deprecated in the versions: '11.0' or greater. The InDataset attribute is unused. This warning will become an error in a future release.
src\03_Human_Resources_and_Payroll\page\PostedStaffAdvanceAccounting.Page.al(259,9): warning AL0667: 'InDataSet' is being deprecated in the versions: '11.0' or greater. The InDataset attribute is unused. This warning will become an error in a future release.
src\03_Human_Resources_and_Payroll\page\PostedStaffAdvanceAccounting.Page.al(261,9): warning AL0667: 'InDataSet' is being deprecated in the versions: '11.0' or greater. The InDataset attribute is unused. This warning will become an error in a future release.
src\03_Human_Resources_and_Payroll\page\PostedStaffAdvanceAccounting.Page.al(263,9): warning AL0667: 'InDataSet' is being deprecated in the versions: '11.0' or greater. The InDataset attribute is unused. This warning will become an error in a future release.
src\03_Human_Resources_and_Payroll\page\PostedStaffAdvanceAccounting.Page.al(368,21): warning AL0299: Member name 'OnAfterGetCurrRecord' is only allowed on triggers. This warning will become an error in a future release.
src\04_Clinical_and_Patient_Management\report\HMSAdmissionListingSummary.Report.al(21,39): warning AL0667: 'PageNo' is being deprecated in the versions: '1.0' or greater.  This warning will become an error in a future release.
src\03_Human_Resources_and_Payroll\page\PostedStaffClaims.Page.al(299,9): warning AL0667: 'InDataSet' is being deprecated in the versions: '11.0' or greater. The InDataset attribute is unused. This warning will become an error in a future release.
src\03_Human_Resources_and_Payroll\page\PostedStaffClaims.Page.al(301,9): warning AL0667: 'InDataSet' is being deprecated in the versions: '11.0' or greater. The InDataset attribute is unused. This warning will become an error in a future release.
src\03_Human_Resources_and_Payroll\page\PostedStaffClaims.Page.al(303,9): warning AL0667: 'InDataSet' is being deprecated in the versions: '11.0' or greater. The InDataset attribute is unused. This warning will become an error in a future release.
src\03_Human_Resources_and_Payroll\page\PostedStaffClaims.Page.al(305,9): warning AL0667: 'InDataSet' is being deprecated in the versions: '11.0' or greater. The InDataset attribute is unused. This warning will become an error in a future release.
src\03_Human_Resources_and_Payroll\page\PostedStaffClaims.Page.al(308,9): warning AL0667: 'InDataSet' is being deprecated in the versions: '11.0' or greater. The InDataset attribute is unused. This warning will become an error in a future release.
src\03_Human_Resources_and_Payroll\page\PostedStaffClaims.Page.al(310,9): warning AL0667: 'InDataSet' is being deprecated in the versions: '11.0' or greater. The InDataset attribute is unused. This warning will become an error in a future release.
src\03_Human_Resources_and_Payroll\page\PostedStaffClaims.Page.al(312,9): warning AL0667: 'InDataSet' is being deprecated in the versions: '11.0' or greater. The InDataset attribute is unused. This warning will become an error in a future release.
src\03_Human_Resources_and_Payroll\page\PostedStaffClaims.Page.al(315,9): warning AL0667: 'InDataSet' is being deprecated in the versions: '11.0' or greater. The InDataset attribute is unused. This warning will become an error in a future release.
src\03_Human_Resources_and_Payroll\page\PostedStaffClaims.Page.al(317,9): warning AL0667: 'InDataSet' is being deprecated in the versions: '11.0' or greater. The InDataset attribute is unused. This warning will become an error in a future release.
src\03_Human_Resources_and_Payroll\page\PostedStaffClaims.Page.al(319,9): warning AL0667: 'InDataSet' is being deprecated in the versions: '11.0' or greater. The InDataset attribute is unused. This warning will become an error in a future release.
src\04_Clinical_and_Patient_Management\report\HMSAppointmentsListing.Report.al(21,39): warning AL0667: 'PageNo' is being deprecated in the versions: '1.0' or greater.  This warning will become an error in a future release.
src\08_Logistics_and_Asset_Management\table\FLTDailyWorkTickedDrivers.Table.al(17,37): warning AL0685: The length '80' of the calculation formula's target field 'First Name' is greater than the length '50' of the source flow field '"Driver Name"'. This could result in a runtime error. Make sure that the target field's length is less than equal to the source field length. This warning will become an error in a future release.
src\08_Logistics_and_Asset_Management\table\FLTDailyWorkTicketLines.Table.al(73,37): warning AL0685: The length '80' of the calculation formula's target field 'First Name' is greater than the length '50' of the source flow field '"Driver Name"'. This could result in a runtime error. Make sure that the target field's length is less than equal to the source field length. This warning will become an error in a future release.
src\08_Logistics_and_Asset_Management\table\FLTDailyWorkTicketLines.Table.al(156,50): warning AL0685: The length '80' of the calculation formula's target field 'First Name' is greater than the length '30' of the source flow field '"Authorizing Officer Name"'. This could result in a runtime error. Make sure that the target field's length is less than equal to the source field length. This warning will become an error in a future release.
src\03_Human_Resources_and_Payroll\page\HRTrainingProvidersList.Page.al(549,40): warning AL0432: Report 'Vendor - List' is marked for removal. Reason: This report is obsolete and will be removed in a future release. See the documentation for alternative options.. Tag: 28.0.
src\03_Human_Resources_and_Payroll\page\HRTrainingProvidersList.Page.al(591,40): warning AL0432: Report 'Vendor - Top 10 List' is marked for removal. Reason: This report has been replaced by the report Vendor - Top List (Excel). This report will be removed in a future release.. Tag: 28.0.
src\03_Human_Resources_and_Payroll\page\HRTrainingProvidersList.Page.al(669,40): warning AL0432: Report 'Payments on Hold' is marked for removal. Reason: This report is obsolete and will be removed in a future release. See the documentation for alternative options.. Tag: 28.0.
src\03_Human_Resources_and_Payroll\page\HRTrainingProvidersList.Page.al(680,40): warning AL0432: Report 'Vendor - Summary Aging' is marked for removal. Reason: This report is obsolete and will be removed in a future release. See the documentation for alternative options.. Tag: 28.0.
src\03_Human_Resources_and_Payroll\page\HRTrainingProvidersList.Page.al(690,40): warning AL0432: Report 'Aged Accounts Payable' is marked for removal. Reason: This report has been replaced by the report Aged Accounts Payable (Excel). This report will be removed in a future release.. Tag: 28.0.
src\02_Finance_and_GL\page\ChartofAccounts.page.al(471,36): warning AL0432: Report 'Trial Balance' is marked for removal. Reason: This report has been replaced by the report Trial Balance (Excel). This report will be removed in a future release.. Tag: 28.0.
src\02_Finance_and_GL\page\ChartofAccounts.page.al(522,9): warning AL0667: 'InDataSet' is being deprecated in the versions: '11.0' or greater. The InDataset attribute is unused. This warning will become an error in a future release.
src\02_Finance_and_GL\page\ChartofAccounts.page.al(524,9): warning AL0667: 'InDataSet' is being deprecated in the versions: '11.0' or greater. The InDataset attribute is unused. This warning will become an error in a future release.
src\02_Finance_and_GL\page\ChartofAccounts.page.al(526,9): warning AL0667: 'InDataSet' is being deprecated in the versions: '11.0' or greater. The InDataset attribute is unused. This warning will become an error in a future release.
src\08_Logistics_and_Asset_Management\table\FLTTicketAuthorizingOff.Table.al(18,38): warning AL0685: The length '80' of the calculation formula's target field 'First Name' is greater than the length '30' of the source flow field '"Officer Name"'. This could result in a runtime error. Make sure that the target field's length is less than equal to the source field length. This warning will become an error in a future release.
src\04_Clinical_and_Patient_Management\page\HMSCashActivePatients.Page.al(20,50): warning AL0604: Use of implicit 'with' will be removed in the future. Qualify with 'Rec'. This warning will become an error in a future release.
src\04_Clinical_and_Patient_Management\page\HMSCashActivePatients.Page.al(24,42): warning AL0604: Use of implicit 'with' will be removed in the future. Qualify with 'Rec'. This warning will become an error in a future release.
src\04_Clinical_and_Patient_Management\page\HMSCashActivePatients.Page.al(28,31): warning AL0604: Use of implicit 'with' will be removed in the future. Qualify with 'Rec'. This warning will become an error in a future release.
src\04_Clinical_and_Patient_Management\page\HMSCashActivePatients.Page.al(33,50): warning AL0604: Use of implicit 'with' will be removed in the future. Qualify with 'Rec'. This warning will become an error in a future release.
src\04_Clinical_and_Patient_Management\page\HMSCashActivePatients.Page.al(38,39): warning AL0604: Use of implicit 'with' will be removed in the future. Qualify with 'Rec'. This warning will become an error in a future release.
src\04_Clinical_and_Patient_Management\page\HMSCashActivePatients.Page.al(42,38): warning AL0604: Use of implicit 'with' will be removed in the future. Qualify with 'Rec'. This warning will become an error in a future release.
src\04_Clinical_and_Patient_Management\page\HMSCashActivePatients.Page.al(46,38): warning AL0604: Use of implicit 'with' will be removed in the future. Qualify with 'Rec'. This warning will become an error in a future release.
src\04_Clinical_and_Patient_Management\page\HMSCashActivePatients.Page.al(50,36): warning AL0604: Use of implicit 'with' will be removed in the future. Qualify with 'Rec'. This warning will become an error in a future release.
src\04_Clinical_and_Patient_Management\page\HMSCashActivePatients.Page.al(54,41): warning AL0604: Use of implicit 'with' will be removed in the future. Qualify with 'Rec'. This warning will become an error in a future release.
src\04_Clinical_and_Patient_Management\page\HMSCashActivePatients.Page.al(58,40): warning AL0604: Use of implicit 'with' will be removed in the future. Qualify with 'Rec'. This warning will become an error in a future release.
src\04_Clinical_and_Patient_Management\page\HMSCashActivePatients.Page.al(62,41): warning AL0604: Use of implicit 'with' will be removed in the future. Qualify with 'Rec'. This warning will become an error in a future release.
src\04_Clinical_and_Patient_Management\page\HMSCashActivePatients.Page.al(66,39): warning AL0604: Use of implicit 'with' will be removed in the future. Qualify with 'Rec'. This warning will become an error in a future release.
src\04_Clinical_and_Patient_Management\page\HMSCashActivePatients.Page.al(70,41): warning AL0604: Use of implicit 'with' will be removed in the future. Qualify with 'Rec'. This warning will become an error in a future release.
src\04_Clinical_and_Patient_Management\page\HMSCashActivePatients.Page.al(74,31): warning AL0604: Use of implicit 'with' will be removed in the future. Qualify with 'Rec'. This warning will become an error in a future release.
src\04_Clinical_and_Patient_Management\page\HMSCashActivePatients.Page.al(78,40): warning AL0604: Use of implicit 'with' will be removed in the future. Qualify with 'Rec'. This warning will become an error in a future release.
src\04_Clinical_and_Patient_Management\page\HMSCashActivePatients.Page.al(82,40): warning AL0604: Use of implicit 'with' will be removed in the future. Qualify with 'Rec'. This warning will become an error in a future release.
src\04_Clinical_and_Patient_Management\page\HMSCashActivePatients.Page.al(86,51): warning AL0604: Use of implicit 'with' will be removed in the future. Qualify with 'Rec'. This warning will become an error in a future release.
src\04_Clinical_and_Patient_Management\page\HMSCashActivePatients.Page.al(90,51): warning AL0604: Use of implicit 'with' will be removed in the future. Qualify with 'Rec'. This warning will become an error in a future release.
src\04_Clinical_and_Patient_Management\page\HMSCashActivePatients.Page.al(94,51): warning AL0604: Use of implicit 'with' will be removed in the future. Qualify with 'Rec'. This warning will become an error in a future release.
src\04_Clinical_and_Patient_Management\page\HMSCashActivePatients.Page.al(98,42): warning AL0604: Use of implicit 'with' will be removed in the future. Qualify with 'Rec'. This warning will become an error in a future release.
src\04_Clinical_and_Patient_Management\page\HMSCashActivePatients.Page.al(102,42): warning AL0604: Use of implicit 'with' will be removed in the future. Qualify with 'Rec'. This warning will become an error in a future release.
src\04_Clinical_and_Patient_Management\page\HMSCashActivePatients.Page.al(106,30): warning AL0604: Use of implicit 'with' will be removed in the future. Qualify with 'Rec'. This warning will become an error in a future release.
src\04_Clinical_and_Patient_Management\page\HMSCashActivePatients.Page.al(110,51): warning AL0604: Use of implicit 'with' will be removed in the future. Qualify with 'Rec'. This warning will become an error in a future release.
src\02_Finance_and_GL\page\FundsManagementRoleCenter.Page.al(34,45): warning AL0269: The referenced page '"Requests to Approve"' should be a list part or a card part. This warning will become an error in a future release.
src\02_Finance_and_GL\page\FundsManagementRoleCenter.Page.al(86,40): warning AL0432: Report 'Trial Balance' is marked for removal. Reason: This report has been replaced by the report Trial Balance (Excel). This report will be removed in a future release.. Tag: 28.0.
src\02_Finance_and_GL\page\FundsManagementRoleCenter.Page.al(148,40): warning AL0432: Report 'Trial Balance/Budget' is marked for removal. Reason: This report has been replaced by the report Trial Balance/Budget (Excel). This report will be removed in a future release.. Tag: 28.0.
src\02_Finance_and_GL\page\FundsManagementRoleCenter.Page.al(224,40): warning AL0432: Report 'Aged Accounts Receivable' is marked for removal. Reason: This report has been replaced by the report Aged Accounts Receivable (Excel). This report will be removed in a future release.. Tag: 28.0.
src\02_Finance_and_GL\page\FundsManagementRoleCenter.Page.al(232,40): warning AL0432: Report 'Aged Accounts Payable' is marked for removal. Reason: This report has been replaced by the report Aged Accounts Payable (Excel). This report will be removed in a future release.. Tag: 28.0.
src\04_Clinical_and_Patient_Management\page\HMSCorporatependingInvoice.Page.al(20,50): warning AL0604: Use of implicit 'with' will be removed in the future. Qualify with 'Rec'. This warning will become an error in a future release.
src\04_Clinical_and_Patient_Management\page\HMSCorporatependingInvoice.Page.al(24,42): warning AL0604: Use of implicit 'with' will be removed in the future. Qualify with 'Rec'. This warning will become an error in a future release.
src\04_Clinical_and_Patient_Management\page\HMSCorporatependingInvoice.Page.al(28,31): warning AL0604: Use of implicit 'with' will be removed in the future. Qualify with 'Rec'. This warning will become an error in a future release.
src\04_Clinical_and_Patient_Management\page\HMSCorporatependingInvoice.Page.al(33,50): warning AL0604: Use of implicit 'with' will be removed in the future. Qualify with 'Rec'. This warning will become an error in a future release.
src\04_Clinical_and_Patient_Management\page\HMSCorporatependingInvoice.Page.al(38,39): warning AL0604: Use of implicit 'with' will be removed in the future. Qualify with 'Rec'. This warning will become an error in a future release.
src\04_Clinical_and_Patient_Management\page\HMSCorporatependingInvoice.Page.al(42,38): warning AL0604: Use of implicit 'with' will be removed in the future. Qualify with 'Rec'. This warning will become an error in a future release.
src\04_Clinical_and_Patient_Management\page\HMSCorporatependingInvoice.Page.al(46,38): warning AL0604: Use of implicit 'with' will be removed in the future. Qualify with 'Rec'. This warning will become an error in a future release.
src\04_Clinical_and_Patient_Management\page\HMSCorporatependingInvoice.Page.al(50,36): warning AL0604: Use of implicit 'with' will be removed in the future. Qualify with 'Rec'. This warning will become an error in a future release.
src\04_Clinical_and_Patient_Management\page\HMSCorporatependingInvoice.Page.al(54,41): warning AL0604: Use of implicit 'with' will be removed in the future. Qualify with 'Rec'. This warning will become an error in a future release.
src\04_Clinical_and_Patient_Management\page\HMSCorporatependingInvoice.Page.al(58,40): warning AL0604: Use of implicit 'with' will be removed in the future. Qualify with 'Rec'. This warning will become an error in a future release.
src\04_Clinical_and_Patient_Management\page\HMSCorporatependingInvoice.Page.al(62,41): warning AL0604: Use of implicit 'with' will be removed in the future. Qualify with 'Rec'. This warning will become an error in a future release.
src\04_Clinical_and_Patient_Management\page\HMSCorporatependingInvoice.Page.al(66,39): warning AL0604: Use of implicit 'with' will be removed in the future. Qualify with 'Rec'. This warning will become an error in a future release.
src\04_Clinical_and_Patient_Management\page\HMSCorporatependingInvoice.Page.al(70,41): warning AL0604: Use of implicit 'with' will be removed in the future. Qualify with 'Rec'. This warning will become an error in a future release.
src\04_Clinical_and_Patient_Management\page\HMSCorporatependingInvoice.Page.al(74,31): warning AL0604: Use of implicit 'with' will be removed in the future. Qualify with 'Rec'. This warning will become an error in a future release.
src\04_Clinical_and_Patient_Management\page\HMSCorporatependingInvoice.Page.al(78,40): warning AL0604: Use of implicit 'with' will be removed in the future. Qualify with 'Rec'. This warning will become an error in a future release.
src\04_Clinical_and_Patient_Management\page\HMSCorporatependingInvoice.Page.al(82,40): warning AL0604: Use of implicit 'with' will be removed in the future. Qualify with 'Rec'. This warning will become an error in a future release.
src\04_Clinical_and_Patient_Management\page\HMSCorporatependingInvoice.Page.al(86,51): warning AL0604: Use of implicit 'with' will be removed in the future. Qualify with 'Rec'. This warning will become an error in a future release.
src\03_Human_Resources_and_Payroll\page\StaffAdvanceAccounting.Page.al(682,9): warning AL0667: 'InDataSet' is being deprecated in the versions: '11.0' or greater. The InDataset attribute is unused. This warning will become an error in a future release.
src\03_Human_Resources_and_Payroll\page\StaffAdvanceAccounting.Page.al(684,9): warning AL0667: 'InDataSet' is being deprecated in the versions: '11.0' or greater. The InDataset attribute is unused. This warning will become an error in a future release.
src\03_Human_Resources_and_Payroll\page\StaffAdvanceAccounting.Page.al(686,9): warning AL0667: 'InDataSet' is being deprecated in the versions: '11.0' or greater. The InDataset attribute is unused. This warning will become an error in a future release.
src\04_Clinical_and_Patient_Management\page\HMSCorporatependingInvoice.Page.al(90,51): warning AL0604: Use of implicit 'with' will be removed in the future. Qualify with 'Rec'. This warning will become an error in a future release.
src\03_Human_Resources_and_Payroll\page\StaffAdvanceAccounting.Page.al(689,9): warning AL0667: 'InDataSet' is being deprecated in the versions: '11.0' or greater. The InDataset attribute is unused. This warning will become an error in a future release.
src\03_Human_Resources_and_Payroll\page\StaffAdvanceAccounting.Page.al(692,9): warning AL0667: 'InDataSet' is being deprecated in the versions: '11.0' or greater. The InDataset attribute is unused. This warning will become an error in a future release.
src\03_Human_Resources_and_Payroll\page\StaffAdvanceAccounting.Page.al(694,9): warning AL0667: 'InDataSet' is being deprecated in the versions: '11.0' or greater. The InDataset attribute is unused. This warning will become an error in a future release.
src\04_Clinical_and_Patient_Management\page\HMSCorporatependingInvoice.Page.al(94,51): warning AL0604: Use of implicit 'with' will be removed in the future. Qualify with 'Rec'. This warning will become an error in a future release.
src\04_Clinical_and_Patient_Management\page\HMSCorporatependingInvoice.Page.al(98,42): warning AL0604: Use of implicit 'with' will be removed in the future. Qualify with 'Rec'. This warning will become an error in a future release.
src\04_Clinical_and_Patient_Management\page\HMSCorporatependingInvoice.Page.al(102,42): warning AL0604: Use of implicit 'with' will be removed in the future. Qualify with 'Rec'. This warning will become an error in a future release.
src\04_Clinical_and_Patient_Management\page\HMSCorporatependingInvoice.Page.al(106,30): warning AL0604: Use of implicit 'with' will be removed in the future. Qualify with 'Rec'. This warning will become an error in a future release.
src\04_Clinical_and_Patient_Management\page\HMSCorporatependingInvoice.Page.al(110,51): warning AL0604: Use of implicit 'with' will be removed in the future. Qualify with 'Rec'. This warning will become an error in a future release.
src\03_Human_Resources_and_Payroll\report\prStaffPensionContrib.Report.al(23,39): warning AL0667: 'PageNo' is being deprecated in the versions: '1.0' or greater.  This warning will become an error in a future release.
src\03_Human_Resources_and_Payroll\page\StaffAdvanceRequest.Page.al(460,9): warning AL0667: 'InDataSet' is being deprecated in the versions: '11.0' or greater. The InDataset attribute is unused. This warning will become an error in a future release.
src\03_Human_Resources_and_Payroll\page\StaffAdvanceRequest.Page.al(462,9): warning AL0667: 'InDataSet' is being deprecated in the versions: '11.0' or greater. The InDataset attribute is unused. This warning will become an error in a future release.
src\03_Human_Resources_and_Payroll\page\StaffAdvanceRequest.Page.al(464,9): warning AL0667: 'InDataSet' is being deprecated in the versions: '11.0' or greater. The InDataset attribute is unused. This warning will become an error in a future release.
src\03_Human_Resources_and_Payroll\page\StaffAdvanceRequest.Page.al(466,9): warning AL0667: 'InDataSet' is being deprecated in the versions: '11.0' or greater. The InDataset attribute is unused. This warning will become an error in a future release.
src\03_Human_Resources_and_Payroll\page\StaffAdvanceRequest.Page.al(469,9): warning AL0667: 'InDataSet' is being deprecated in the versions: '11.0' or greater. The InDataset attribute is unused. This warning will become an error in a future release.
src\03_Human_Resources_and_Payroll\page\StaffAdvanceRequest.Page.al(471,9): warning AL0667: 'InDataSet' is being deprecated in the versions: '11.0' or greater. The InDataset attribute is unused. This warning will become an error in a future release.
src\03_Human_Resources_and_Payroll\page\StaffAdvanceRequest.Page.al(473,9): warning AL0667: 'InDataSet' is being deprecated in the versions: '11.0' or greater. The InDataset attribute is unused. This warning will become an error in a future release.
src\03_Human_Resources_and_Payroll\page\StaffAdvanceRequest.Page.al(476,9): warning AL0667: 'InDataSet' is being deprecated in the versions: '11.0' or greater. The InDataset attribute is unused. This warning will become an error in a future release.
src\03_Human_Resources_and_Payroll\page\StaffAdvanceRequest.Page.al(478,9): warning AL0667: 'InDataSet' is being deprecated in the versions: '11.0' or greater. The InDataset attribute is unused. This warning will become an error in a future release.
src\03_Human_Resources_and_Payroll\page\StaffAdvanceRequest.Page.al(480,9): warning AL0667: 'InDataSet' is being deprecated in the versions: '11.0' or greater. The InDataset attribute is unused. This warning will become an error in a future release.
src\03_Human_Resources_and_Payroll\page\StaffAdvanceRequestList.Page.al(391,9): warning AL0667: 'InDataSet' is being deprecated in the versions: '11.0' or greater. The InDataset attribute is unused. This warning will become an error in a future release.
src\03_Human_Resources_and_Payroll\page\StaffAdvanceRequestList.Page.al(393,9): warning AL0667: 'InDataSet' is being deprecated in the versions: '11.0' or greater. The InDataset attribute is unused. This warning will become an error in a future release.
src\03_Human_Resources_and_Payroll\page\StaffAdvanceRequestList.Page.al(395,9): warning AL0667: 'InDataSet' is being deprecated in the versions: '11.0' or greater. The InDataset attribute is unused. This warning will become an error in a future release.
src\03_Human_Resources_and_Payroll\page\StaffAdvanceRequestList.Page.al(397,9): warning AL0667: 'InDataSet' is being deprecated in the versions: '11.0' or greater. The InDataset attribute is unused. This warning will become an error in a future release.
src\03_Human_Resources_and_Payroll\page\StaffAdvanceRequestList.Page.al(401,9): warning AL0667: 'InDataSet' is being deprecated in the versions: '11.0' or greater. The InDataset attribute is unused. This warning will become an error in a future release.
src\03_Human_Resources_and_Payroll\page\StaffAdvanceRequestList.Page.al(403,9): warning AL0667: 'InDataSet' is being deprecated in the versions: '11.0' or greater. The InDataset attribute is unused. This warning will become an error in a future release.
src\03_Human_Resources_and_Payroll\page\StaffAdvanceRequestList.Page.al(405,9): warning AL0667: 'InDataSet' is being deprecated in the versions: '11.0' or greater. The InDataset attribute is unused. This warning will become an error in a future release.
src\03_Human_Resources_and_Payroll\page\StaffAdvanceRequestList.Page.al(408,9): warning AL0667: 'InDataSet' is being deprecated in the versions: '11.0' or greater. The InDataset attribute is unused. This warning will become an error in a future release.
src\04_Clinical_and_Patient_Management\report\HMSDrugExpirationReport.Report.al(22,39): warning AL0667: 'PageNo' is being deprecated in the versions: '1.0' or greater.  This warning will become an error in a future release.
src\03_Human_Resources_and_Payroll\report\StandardLeaveBalanceReport.Report.al(21,39): warning AL0667: 'PageNo' is being deprecated in the versions: '1.0' or greater.  This warning will become an error in a future release.
src\04_Clinical_and_Patient_Management\report\HMSDrugIssuesPerDrug.Report.al(22,39): warning AL0667: 'PageNo' is being deprecated in the versions: '1.0' or greater.  This warning will become an error in a future release.
src\03_Human_Resources_and_Payroll\page\StaffClaims.Page.al(446,9): warning AL0667: 'InDataSet' is being deprecated in the versions: '11.0' or greater. The InDataset attribute is unused. This warning will become an error in a future release.
src\03_Human_Resources_and_Payroll\page\StaffClaims.Page.al(448,9): warning AL0667: 'InDataSet' is being deprecated in the versions: '11.0' or greater. The InDataset attribute is unused. This warning will become an error in a future release.
src\03_Human_Resources_and_Payroll\page\StaffClaims.Page.al(450,9): warning AL0667: 'InDataSet' is being deprecated in the versions: '11.0' or greater. The InDataset attribute is unused. This warning will become an error in a future release.
src\03_Human_Resources_and_Payroll\page\StaffClaims.Page.al(452,9): warning AL0667: 'InDataSet' is being deprecated in the versions: '11.0' or greater. The InDataset attribute is unused. This warning will become an error in a future release.
src\03_Human_Resources_and_Payroll\page\StaffClaims.Page.al(454,9): warning AL0667: 'InDataSet' is being deprecated in the versions: '11.0' or greater. The InDataset attribute is unused. This warning will become an error in a future release.
src\03_Human_Resources_and_Payroll\page\StaffClaims.Page.al(457,9): warning AL0667: 'InDataSet' is being deprecated in the versions: '11.0' or greater. The InDataset attribute is unused. This warning will become an error in a future release.
src\03_Human_Resources_and_Payroll\page\StaffClaims.Page.al(459,9): warning AL0667: 'InDataSet' is being deprecated in the versions: '11.0' or greater. The InDataset attribute is unused. This warning will become an error in a future release.
src\03_Human_Resources_and_Payroll\page\StaffClaims.Page.al(461,9): warning AL0667: 'InDataSet' is being deprecated in the versions: '11.0' or greater. The InDataset attribute is unused. This warning will become an error in a future release.
src\03_Human_Resources_and_Payroll\page\StaffClaims.Page.al(463,9): warning AL0667: 'InDataSet' is being deprecated in the versions: '11.0' or greater. The InDataset attribute is unused. This warning will become an error in a future release.
src\03_Human_Resources_and_Payroll\page\StaffClaims.Page.al(466,9): warning AL0667: 'InDataSet' is being deprecated in the versions: '11.0' or greater. The InDataset attribute is unused. This warning will become an error in a future release.
src\03_Human_Resources_and_Payroll\page\StaffClaims.Page.al(468,9): warning AL0667: 'InDataSet' is being deprecated in the versions: '11.0' or greater. The InDataset attribute is unused. This warning will become an error in a future release.
src\03_Human_Resources_and_Payroll\page\StaffClaims.Page.al(470,9): warning AL0667: 'InDataSet' is being deprecated in the versions: '11.0' or greater. The InDataset attribute is unused. This warning will become an error in a future release.
src\04_Clinical_and_Patient_Management\table\HMSObservationDressings.Table.al(21,42): warning AL0685: The length '100' of the calculation formula's target field 'Description' is greater than the length '30' of the source flow field '"Item Description"'. This could result in a runtime error. Make sure that the target field's length is less than equal to the source field length. This warning will become an error in a future release.
src\03_Human_Resources_and_Payroll\page\TrainingNeedAnalysisList.Page.al(46,37): warning AL0269: The referenced page '"Job_Salary grade/steps1"' should be a list part or a card part. This warning will become an error in a future release.
src\04_Clinical_and_Patient_Management\page\HMSDoctorsPaymentBatch.Page.al(31,28): warning AL0269: The referenced page '"HMS Patients Visit List"' should be a list part or a card part. This warning will become an error in a future release.
src\04_Clinical_and_Patient_Management\table\HMSObservationFormInjection.Table.al(22,40): warning AL0685: The length '100' of the calculation formula's target field 'Description' is greater than the length '30' of the source flow field '"Injection Name"'. This could result in a runtime error. Make sure that the target field's length is less than equal to the source field length. This warning will become an error in a future release.
src\04_Clinical_and_Patient_Management\page\HMSDoctorWaitingList.Page.al(17,42): warning AL0604: Use of implicit 'with' will be removed in the future. Qualify with 'Rec'. This warning will become an error in a future release.
src\04_Clinical_and_Patient_Management\page\HMSDoctorWaitingList.Page.al(22,38): warning AL0604: Use of implicit 'with' will be removed in the future. Qualify with 'Rec'. This warning will become an error in a future release.
src\04_Clinical_and_Patient_Management\page\HMSDoctorWaitingList.Page.al(27,36): warning AL0604: Use of implicit 'with' will be removed in the future. Qualify with 'Rec'. This warning will become an error in a future release.
src\04_Clinical_and_Patient_Management\page\HMSDoctorWaitingList.Page.al(33,39): warning AL0604: Use of implicit 'with' will be removed in the future. Qualify with 'Rec'. This warning will become an error in a future release.
src\04_Clinical_and_Patient_Management\page\HMSDoctorWaitingList.Page.al(38,49): warning AL0604: Use of implicit 'with' will be removed in the future. Qualify with 'Rec'. This warning will become an error in a future release.
src\04_Clinical_and_Patient_Management\page\HMSDoctorWaitingList.Page.al(43,50): warning AL0604: Use of implicit 'with' will be removed in the future. Qualify with 'Rec'. This warning will become an error in a future release.
src\09_Business_Operations\page\HeadlineRCGeneralMgt.Page.al(56,9): warning AL0667: 'InDataSet' is being deprecated in the versions: '11.0' or greater. The InDataset attribute is unused. This warning will become an error in a future release.
src\09_Business_Operations\page\HeadlineRCGeneralMgt.Page.al(58,9): warning AL0667: 'InDataSet' is being deprecated in the versions: '11.0' or greater. The InDataset attribute is unused. This warning will become an error in a future release.
src\03_Human_Resources_and_Payroll\page\TravelAdvanceAccountingUP.Page.al(565,9): warning AL0667: 'InDataSet' is being deprecated in the versions: '11.0' or greater. The InDataset attribute is unused. This warning will become an error in a future release.
src\03_Human_Resources_and_Payroll\page\TravelAdvanceAccountingUP.Page.al(567,9): warning AL0667: 'InDataSet' is being deprecated in the versions: '11.0' or greater. The InDataset attribute is unused. This warning will become an error in a future release.
src\03_Human_Resources_and_Payroll\page\TravelAdvanceAccountingUP.Page.al(569,9): warning AL0667: 'InDataSet' is being deprecated in the versions: '11.0' or greater. The InDataset attribute is unused. This warning will become an error in a future release.
src\03_Human_Resources_and_Payroll\page\TravelAdvanceAccountingUP.Page.al(571,9): warning AL0667: 'InDataSet' is being deprecated in the versions: '11.0' or greater. The InDataset attribute is unused. This warning will become an error in a future release.
src\03_Human_Resources_and_Payroll\page\TravelAdvanceAccountingUP.Page.al(573,9): warning AL0667: 'InDataSet' is being deprecated in the versions: '11.0' or greater. The InDataset attribute is unused. This warning will become an error in a future release.
src\04_Clinical_and_Patient_Management\page\HMSHospitalRoleCentre1.Page.al(39,45): warning AL0269: The referenced page '"Requests to Approve"' should be a list part or a card part. This warning will become an error in a future release.
src\02_Finance_and_GL\page\PaymentHeader.Page.al(643,9): warning AL0667: 'InDataSet' is being deprecated in the versions: '11.0' or greater. The InDataset attribute is unused. This warning will become an error in a future release.
src\02_Finance_and_GL\page\PaymentHeader.Page.al(645,9): warning AL0667: 'InDataSet' is being deprecated in the versions: '11.0' or greater. The InDataset attribute is unused. This warning will become an error in a future release.
src\02_Finance_and_GL\page\PaymentHeader.Page.al(647,9): warning AL0667: 'InDataSet' is being deprecated in the versions: '11.0' or greater. The InDataset attribute is unused. This warning will become an error in a future release.
src\02_Finance_and_GL\page\PaymentHeader.Page.al(649,9): warning AL0667: 'InDataSet' is being deprecated in the versions: '11.0' or greater. The InDataset attribute is unused. This warning will become an error in a future release.
src\02_Finance_and_GL\page\PaymentHeader.Page.al(651,9): warning AL0667: 'InDataSet' is being deprecated in the versions: '11.0' or greater. The InDataset attribute is unused. This warning will become an error in a future release.
src\02_Finance_and_GL\page\PaymentHeader.Page.al(654,9): warning AL0667: 'InDataSet' is being deprecated in the versions: '11.0' or greater. The InDataset attribute is unused. This warning will become an error in a future release.
src\02_Finance_and_GL\page\PaymentHeader.Page.al(656,9): warning AL0667: 'InDataSet' is being deprecated in the versions: '11.0' or greater. The InDataset attribute is unused. This warning will become an error in a future release.
src\02_Finance_and_GL\page\PaymentHeader.Page.al(659,9): warning AL0667: 'InDataSet' is being deprecated in the versions: '11.0' or greater. The InDataset attribute is unused. This warning will become an error in a future release.
src\02_Finance_and_GL\page\PaymentHeader.Page.al(661,9): warning AL0667: 'InDataSet' is being deprecated in the versions: '11.0' or greater. The InDataset attribute is unused. This warning will become an error in a future release.
src\02_Finance_and_GL\page\PaymentHeader.Page.al(665,9): warning AL0667: 'InDataSet' is being deprecated in the versions: '11.0' or greater. The InDataset attribute is unused. This warning will become an error in a future release.
src\02_Finance_and_GL\page\PaymentHeader.Page.al(667,9): warning AL0667: 'InDataSet' is being deprecated in the versions: '11.0' or greater. The InDataset attribute is unused. This warning will become an error in a future release.
src\02_Finance_and_GL\page\PaymentHeader.Page.al(669,9): warning AL0667: 'InDataSet' is being deprecated in the versions: '11.0' or greater. The InDataset attribute is unused. This warning will become an error in a future release.
src\02_Finance_and_GL\page\PaymentHeader.Page.al(671,9): warning AL0667: 'InDataSet' is being deprecated in the versions: '11.0' or greater. The InDataset attribute is unused. This warning will become an error in a future release.
src\03_Human_Resources_and_Payroll\page\TravelAdvanceRequestUP.Page.al(465,9): warning AL0667: 'InDataSet' is being deprecated in the versions: '11.0' or greater. The InDataset attribute is unused. This warning will become an error in a future release.
src\03_Human_Resources_and_Payroll\page\TravelAdvanceRequestUP.Page.al(467,9): warning AL0667: 'InDataSet' is being deprecated in the versions: '11.0' or greater. The InDataset attribute is unused. This warning will become an error in a future release.
src\03_Human_Resources_and_Payroll\page\TravelAdvanceRequestUP.Page.al(469,9): warning AL0667: 'InDataSet' is being deprecated in the versions: '11.0' or greater. The InDataset attribute is unused. This warning will become an error in a future release.
src\03_Human_Resources_and_Payroll\page\TravelAdvanceRequestUP.Page.al(471,9): warning AL0667: 'InDataSet' is being deprecated in the versions: '11.0' or greater. The InDataset attribute is unused. This warning will become an error in a future release.
src\03_Human_Resources_and_Payroll\page\TravelAdvanceRequestUP.Page.al(474,9): warning AL0667: 'InDataSet' is being deprecated in the versions: '11.0' or greater. The InDataset attribute is unused. This warning will become an error in a future release.
src\03_Human_Resources_and_Payroll\page\TravelAdvanceRequestUP.Page.al(476,9): warning AL0667: 'InDataSet' is being deprecated in the versions: '11.0' or greater. The InDataset attribute is unused. This warning will become an error in a future release.
src\03_Human_Resources_and_Payroll\page\TravelAdvanceRequestUP.Page.al(478,9): warning AL0667: 'InDataSet' is being deprecated in the versions: '11.0' or greater. The InDataset attribute is unused. This warning will become an error in a future release.
src\03_Human_Resources_and_Payroll\page\TravelAdvanceRequestUP.Page.al(481,9): warning AL0667: 'InDataSet' is being deprecated in the versions: '11.0' or greater. The InDataset attribute is unused. This warning will become an error in a future release.
src\03_Human_Resources_and_Payroll\page\TravelAdvanceRequestUP.Page.al(483,9): warning AL0667: 'InDataSet' is being deprecated in the versions: '11.0' or greater. The InDataset attribute is unused. This warning will become an error in a future release.
src\03_Human_Resources_and_Payroll\page\TravelAdvanceRequestUP.Page.al(485,9): warning AL0667: 'InDataSet' is being deprecated in the versions: '11.0' or greater. The InDataset attribute is unused. This warning will become an error in a future release.
src\02_Finance_and_GL\page\PaymentHeaderApproved.Page.al(724,9): warning AL0667: 'InDataSet' is being deprecated in the versions: '11.0' or greater. The InDataset attribute is unused. This warning will become an error in a future release.
src\02_Finance_and_GL\page\PaymentHeaderApproved.Page.al(726,9): warning AL0667: 'InDataSet' is being deprecated in the versions: '11.0' or greater. The InDataset attribute is unused. This warning will become an error in a future release.
src\02_Finance_and_GL\page\PaymentHeaderApproved.Page.al(728,9): warning AL0667: 'InDataSet' is being deprecated in the versions: '11.0' or greater. The InDataset attribute is unused. This warning will become an error in a future release.
src\02_Finance_and_GL\page\PaymentHeaderApproved.Page.al(730,9): warning AL0667: 'InDataSet' is being deprecated in the versions: '11.0' or greater. The InDataset attribute is unused. This warning will become an error in a future release.
src\02_Finance_and_GL\page\PaymentHeaderApproved.Page.al(732,9): warning AL0667: 'InDataSet' is being deprecated in the versions: '11.0' or greater. The InDataset attribute is unused. This warning will become an error in a future release.
src\02_Finance_and_GL\page\PaymentHeaderApproved.Page.al(735,9): warning AL0667: 'InDataSet' is being deprecated in the versions: '11.0' or greater. The InDataset attribute is unused. This warning will become an error in a future release.
src\02_Finance_and_GL\page\PaymentHeaderApproved.Page.al(737,9): warning AL0667: 'InDataSet' is being deprecated in the versions: '11.0' or greater. The InDataset attribute is unused. This warning will become an error in a future release.
src\02_Finance_and_GL\page\PaymentHeaderApproved.Page.al(740,9): warning AL0667: 'InDataSet' is being deprecated in the versions: '11.0' or greater. The InDataset attribute is unused. This warning will become an error in a future release.
src\02_Finance_and_GL\page\PaymentHeaderApproved.Page.al(742,9): warning AL0667: 'InDataSet' is being deprecated in the versions: '11.0' or greater. The InDataset attribute is unused. This warning will become an error in a future release.
src\02_Finance_and_GL\page\PaymentHeaderApproved.Page.al(746,9): warning AL0667: 'InDataSet' is being deprecated in the versions: '11.0' or greater. The InDataset attribute is unused. This warning will become an error in a future release.
src\02_Finance_and_GL\page\PaymentHeaderApproved.Page.al(748,9): warning AL0667: 'InDataSet' is being deprecated in the versions: '11.0' or greater. The InDataset attribute is unused. This warning will become an error in a future release.
src\02_Finance_and_GL\page\PaymentHeaderApproved.Page.al(750,9): warning AL0667: 'InDataSet' is being deprecated in the versions: '11.0' or greater. The InDataset attribute is unused. This warning will become an error in a future release.
src\02_Finance_and_GL\page\PaymentHeaderApproved.Page.al(752,9): warning AL0667: 'InDataSet' is being deprecated in the versions: '11.0' or greater. The InDataset attribute is unused. This warning will become an error in a future release.
src\02_Finance_and_GL\page\PaymentHeaderApproved.Page.al(1035,21): warning AL0299: Member name 'OnAfterGetCurrRecord' is only allowed on triggers. This warning will become an error in a future release.
src\03_Human_Resources_and_Payroll\page\TravelAdvancesAcctList.Page.al(431,9): warning AL0667: 'InDataSet' is being deprecated in the versions: '11.0' or greater. The InDataset attribute is unused. This warning will become an error in a future release.
src\03_Human_Resources_and_Payroll\page\TravelAdvancesAcctList.Page.al(433,9): warning AL0667: 'InDataSet' is being deprecated in the versions: '11.0' or greater. The InDataset attribute is unused. This warning will become an error in a future release.
src\03_Human_Resources_and_Payroll\page\TravelAdvancesAcctList.Page.al(435,9): warning AL0667: 'InDataSet' is being deprecated in the versions: '11.0' or greater. The InDataset attribute is unused. This warning will become an error in a future release.
src\03_Human_Resources_and_Payroll\page\TravelAdvancesAcctList.Page.al(437,9): warning AL0667: 'InDataSet' is being deprecated in the versions: '11.0' or greater. The InDataset attribute is unused. This warning will become an error in a future release.
src\03_Human_Resources_and_Payroll\page\TravelAdvancesAcctList.Page.al(439,9): warning AL0667: 'InDataSet' is being deprecated in the versions: '11.0' or greater. The InDataset attribute is unused. This warning will become an error in a future release.
src\03_Human_Resources_and_Payroll\page\TravelAdvanceVouchersList.Page.al(349,9): warning AL0667: 'InDataSet' is being deprecated in the versions: '11.0' or greater. The InDataset attribute is unused. This warning will become an error in a future release.
src\03_Human_Resources_and_Payroll\page\TravelAdvanceVouchersList.Page.al(351,9): warning AL0667: 'InDataSet' is being deprecated in the versions: '11.0' or greater. The InDataset attribute is unused. This warning will become an error in a future release.
src\03_Human_Resources_and_Payroll\page\TravelAdvanceVouchersList.Page.al(353,9): warning AL0667: 'InDataSet' is being deprecated in the versions: '11.0' or greater. The InDataset attribute is unused. This warning will become an error in a future release.
src\03_Human_Resources_and_Payroll\page\TravelAdvanceVouchersList.Page.al(355,9): warning AL0667: 'InDataSet' is being deprecated in the versions: '11.0' or greater. The InDataset attribute is unused. This warning will become an error in a future release.
src\03_Human_Resources_and_Payroll\page\TravelAdvanceVouchersList.Page.al(358,9): warning AL0667: 'InDataSet' is being deprecated in the versions: '11.0' or greater. The InDataset attribute is unused. This warning will become an error in a future release.
src\03_Human_Resources_and_Payroll\page\TravelAdvanceVouchersList.Page.al(360,9): warning AL0667: 'InDataSet' is being deprecated in the versions: '11.0' or greater. The InDataset attribute is unused. This warning will become an error in a future release.
src\03_Human_Resources_and_Payroll\page\TravelAdvanceVouchersList.Page.al(362,9): warning AL0667: 'InDataSet' is being deprecated in the versions: '11.0' or greater. The InDataset attribute is unused. This warning will become an error in a future release.
src\03_Human_Resources_and_Payroll\page\TravelAdvanceVouchersList.Page.al(365,9): warning AL0667: 'InDataSet' is being deprecated in the versions: '11.0' or greater. The InDataset attribute is unused. This warning will become an error in a future release.
src\03_Human_Resources_and_Payroll\page\TravelAdvanceVouchersList.Page.al(367,9): warning AL0667: 'InDataSet' is being deprecated in the versions: '11.0' or greater. The InDataset attribute is unused. This warning will become an error in a future release.
src\03_Human_Resources_and_Payroll\page\TravelAdvanceVouchersList.Page.al(369,9): warning AL0667: 'InDataSet' is being deprecated in the versions: '11.0' or greater. The InDataset attribute is unused. This warning will become an error in a future release.
src\03_Human_Resources_and_Payroll\page\TravelAdvanceVouchersList.Page.al(566,21): warning AL0299: Member name 'OnAfterGetCurrRecord' is only allowed on triggers. This warning will become an error in a future release.
src\04_Clinical_and_Patient_Management\report\HMSLaboratoryTestDetailed.Report.al(22,39): warning AL0667: 'PageNo' is being deprecated in the versions: '1.0' or greater.  This warning will become an error in a future release.
src\04_Clinical_and_Patient_Management\report\HMSLaboratoryTestFinding.Report.al(22,39): warning AL0667: 'PageNo' is being deprecated in the versions: '1.0' or greater.  This warning will become an error in a future release.
src\04_Clinical_and_Patient_Management\report\HMSLaboratoryTestSummary.Report.al(22,39): warning AL0667: 'PageNo' is being deprecated in the versions: '1.0' or greater.  This warning will become an error in a future release.
src\02_Finance_and_GL\page\PaymentHeaderWindow.Page.al(386,9): warning AL0667: 'InDataSet' is being deprecated in the versions: '11.0' or greater. The InDataset attribute is unused. This warning will become an error in a future release.
src\02_Finance_and_GL\page\PaymentHeaderWindow.Page.al(388,9): warning AL0667: 'InDataSet' is being deprecated in the versions: '11.0' or greater. The InDataset attribute is unused. This warning will become an error in a future release.
src\02_Finance_and_GL\page\PaymentHeaderWindow.Page.al(390,9): warning AL0667: 'InDataSet' is being deprecated in the versions: '11.0' or greater. The InDataset attribute is unused. This warning will become an error in a future release.
src\02_Finance_and_GL\page\PaymentHeaderWindow.Page.al(392,9): warning AL0667: 'InDataSet' is being deprecated in the versions: '11.0' or greater. The InDataset attribute is unused. This warning will become an error in a future release.
src\02_Finance_and_GL\page\PaymentHeaderWindow.Page.al(394,9): warning AL0667: 'InDataSet' is being deprecated in the versions: '11.0' or greater. The InDataset attribute is unused. This warning will become an error in a future release.
src\02_Finance_and_GL\page\PaymentHeaderWindow.Page.al(397,9): warning AL0667: 'InDataSet' is being deprecated in the versions: '11.0' or greater. The InDataset attribute is unused. This warning will become an error in a future release.
src\02_Finance_and_GL\page\PaymentHeaderWindow.Page.al(399,9): warning AL0667: 'InDataSet' is being deprecated in the versions: '11.0' or greater. The InDataset attribute is unused. This warning will become an error in a future release.
src\02_Finance_and_GL\page\PaymentHeaderWindow.Page.al(402,9): warning AL0667: 'InDataSet' is being deprecated in the versions: '11.0' or greater. The InDataset attribute is unused. This warning will become an error in a future release.
src\02_Finance_and_GL\page\PaymentHeaderWindow.Page.al(404,9): warning AL0667: 'InDataSet' is being deprecated in the versions: '11.0' or greater. The InDataset attribute is unused. This warning will become an error in a future release.
src\02_Finance_and_GL\page\PaymentHeaderWindow.Page.al(408,9): warning AL0667: 'InDataSet' is being deprecated in the versions: '11.0' or greater. The InDataset attribute is unused. This warning will become an error in a future release.
src\02_Finance_and_GL\page\PaymentHeaderWindow.Page.al(410,9): warning AL0667: 'InDataSet' is being deprecated in the versions: '11.0' or greater. The InDataset attribute is unused. This warning will become an error in a future release.
src\02_Finance_and_GL\page\PaymentHeaderWindow.Page.al(412,9): warning AL0667: 'InDataSet' is being deprecated in the versions: '11.0' or greater. The InDataset attribute is unused. This warning will become an error in a future release.
src\02_Finance_and_GL\page\PaymentHeaderWindow.Page.al(414,9): warning AL0667: 'InDataSet' is being deprecated in the versions: '11.0' or greater. The InDataset attribute is unused. This warning will become an error in a future release.
src\02_Finance_and_GL\page\PaymentHeaderWindow.Page.al(696,21): warning AL0299: Member name 'OnAfterGetCurrRecord' is only allowed on triggers. This warning will become an error in a future release.
src\02_Finance_and_GL\page\PaymentVouchers.Page.al(579,9): warning AL0667: 'InDataSet' is being deprecated in the versions: '11.0' or greater. The InDataset attribute is unused. This warning will become an error in a future release.
src\02_Finance_and_GL\page\PaymentVouchers.Page.al(581,9): warning AL0667: 'InDataSet' is being deprecated in the versions: '11.0' or greater. The InDataset attribute is unused. This warning will become an error in a future release.
src\02_Finance_and_GL\page\PaymentVouchers.Page.al(583,9): warning AL0667: 'InDataSet' is being deprecated in the versions: '11.0' or greater. The InDataset attribute is unused. This warning will become an error in a future release.
src\09_Business_Operations\report\AthirdRuleReport.Report.al(23,39): warning AL0667: 'PageNo' is being deprecated in the versions: '1.0' or greater.  This warning will become an error in a future release.
src\04_Clinical_and_Patient_Management\report\HMSObservationListingReport.Report.al(21,39): warning AL0667: 'PageNo' is being deprecated in the versions: '1.0' or greater.  This warning will become an error in a future release.
src\02_Finance_and_GL\page\PaymentVouchers.Page.al(585,9): warning AL0667: 'InDataSet' is being deprecated in the versions: '11.0' or greater. The InDataset attribute is unused. This warning will become an error in a future release.
src\02_Finance_and_GL\page\PaymentVouchers.Page.al(587,9): warning AL0667: 'InDataSet' is being deprecated in the versions: '11.0' or greater. The InDataset attribute is unused. This warning will become an error in a future release.
src\02_Finance_and_GL\page\PaymentVouchers.Page.al(590,9): warning AL0667: 'InDataSet' is being deprecated in the versions: '11.0' or greater. The InDataset attribute is unused. This warning will become an error in a future release.
src\02_Finance_and_GL\page\PaymentVouchers.Page.al(592,9): warning AL0667: 'InDataSet' is being deprecated in the versions: '11.0' or greater. The InDataset attribute is unused. This warning will become an error in a future release.
src\02_Finance_and_GL\page\PaymentVouchers.Page.al(595,9): warning AL0667: 'InDataSet' is being deprecated in the versions: '11.0' or greater. The InDataset attribute is unused. This warning will become an error in a future release.
src\02_Finance_and_GL\page\PaymentVouchers.Page.al(597,9): warning AL0667: 'InDataSet' is being deprecated in the versions: '11.0' or greater. The InDataset attribute is unused. This warning will become an error in a future release.
src\02_Finance_and_GL\page\PaymentVouchers.Page.al(601,9): warning AL0667: 'InDataSet' is being deprecated in the versions: '11.0' or greater. The InDataset attribute is unused. This warning will become an error in a future release.
src\02_Finance_and_GL\page\PaymentVouchers.Page.al(603,9): warning AL0667: 'InDataSet' is being deprecated in the versions: '11.0' or greater. The InDataset attribute is unused. This warning will become an error in a future release.
src\02_Finance_and_GL\page\PaymentVouchers.Page.al(605,9): warning AL0667: 'InDataSet' is being deprecated in the versions: '11.0' or greater. The InDataset attribute is unused. This warning will become an error in a future release.
src\02_Finance_and_GL\page\PaymentVouchers.Page.al(607,9): warning AL0667: 'InDataSet' is being deprecated in the versions: '11.0' or greater. The InDataset attribute is unused. This warning will become an error in a future release.
src\02_Finance_and_GL\page\PaymentVouchers.Page.al(1372,21): warning AL0299: Member name 'OnAfterGetCurrRecord' is only allowed on triggers. This warning will become an error in a future release.
src\02_Finance_and_GL\page\ReceiptsLinePostedUP.Page.al(292,9): warning AL0667: 'InDataSet' is being deprecated in the versions: '11.0' or greater. The InDataset attribute is unused. This warning will become an error in a future release.
src\03_Human_Resources_and_Payroll\report\HREmployeePIF.Report.al(20,39): warning AL0667: 'PageNo' is being deprecated in the versions: '1.0' or greater.  This warning will become an error in a future release.
src\02_Finance_and_GL\page\ReceiptsLineUP.Page.al(348,9): warning AL0667: 'InDataSet' is being deprecated in the versions: '11.0' or greater. The InDataset attribute is unused. This warning will become an error in a future release.
src\02_Finance_and_GL\page\ReceiptsLineUP.Page.al(350,9): warning AL0667: 'InDataSet' is being deprecated in the versions: '11.0' or greater. The InDataset attribute is unused. This warning will become an error in a future release.
src\02_Finance_and_GL\page\PaymentVouchersList.Page.al(349,9): warning AL0667: 'InDataSet' is being deprecated in the versions: '11.0' or greater. The InDataset attribute is unused. This warning will become an error in a future release.
src\02_Finance_and_GL\page\PaymentVouchersList.Page.al(351,9): warning AL0667: 'InDataSet' is being deprecated in the versions: '11.0' or greater. The InDataset attribute is unused. This warning will become an error in a future release.
src\02_Finance_and_GL\page\PaymentVouchersList.Page.al(353,9): warning AL0667: 'InDataSet' is being deprecated in the versions: '11.0' or greater. The InDataset attribute is unused. This warning will become an error in a future release.
src\02_Finance_and_GL\page\PaymentVouchersList.Page.al(355,9): warning AL0667: 'InDataSet' is being deprecated in the versions: '11.0' or greater. The InDataset attribute is unused. This warning will become an error in a future release.
src\02_Finance_and_GL\page\PaymentVouchersList.Page.al(357,9): warning AL0667: 'InDataSet' is being deprecated in the versions: '11.0' or greater. The InDataset attribute is unused. This warning will become an error in a future release.
src\02_Finance_and_GL\page\PaymentVouchersList.Page.al(360,9): warning AL0667: 'InDataSet' is being deprecated in the versions: '11.0' or greater. The InDataset attribute is unused. This warning will become an error in a future release.
src\02_Finance_and_GL\page\PaymentVouchersList.Page.al(362,9): warning AL0667: 'InDataSet' is being deprecated in the versions: '11.0' or greater. The InDataset attribute is unused. This warning will become an error in a future release.
src\02_Finance_and_GL\page\PaymentVouchersList.Page.al(364,9): warning AL0667: 'InDataSet' is being deprecated in the versions: '11.0' or greater. The InDataset attribute is unused. This warning will become an error in a future release.
src\02_Finance_and_GL\page\PaymentVouchersList.Page.al(366,9): warning AL0667: 'InDataSet' is being deprecated in the versions: '11.0' or greater. The InDataset attribute is unused. This warning will become an error in a future release.
src\02_Finance_and_GL\page\PaymentVouchersList.Page.al(369,9): warning AL0667: 'InDataSet' is being deprecated in the versions: '11.0' or greater. The InDataset attribute is unused. This warning will become an error in a future release.
src\02_Finance_and_GL\page\PaymentVouchersList.Page.al(371,9): warning AL0667: 'InDataSet' is being deprecated in the versions: '11.0' or greater. The InDataset attribute is unused. This warning will become an error in a future release.
src\02_Finance_and_GL\page\PaymentVouchersList.Page.al(373,9): warning AL0667: 'InDataSet' is being deprecated in the versions: '11.0' or greater. The InDataset attribute is unused. This warning will become an error in a future release.
src\02_Finance_and_GL\page\PaymentVouchersList.Page.al(375,9): warning AL0667: 'InDataSet' is being deprecated in the versions: '11.0' or greater. The InDataset attribute is unused. This warning will become an error in a future release.
src\03_Human_Resources_and_Payroll\report\HREmployeeQualifications.Report.al(21,39): warning AL0667: 'PageNo' is being deprecated in the versions: '1.0' or greater.  This warning will become an error in a future release.
src\03_Human_Resources_and_Payroll\report\HREmployeeList.Report.al(21,39): warning AL0667: 'PageNo' is being deprecated in the versions: '1.0' or greater.  This warning will become an error in a future release.
src\03_Human_Resources_and_Payroll\report\HREmployeePerDept.Report.al(68,43): warning AL0667: 'PageNo' is being deprecated in the versions: '1.0' or greater.  This warning will become an error in a future release.
src\04_Clinical_and_Patient_Management\page\HMSICURoleCentre.Page.al(36,45): warning AL0269: The referenced page '"Requests to Approve"' should be a list part or a card part. This warning will become an error in a future release.
src\03_Human_Resources_and_Payroll\report\HREmployeePerDimension.Report.al(48,39): warning AL0667: 'PageNo' is being deprecated in the versions: '1.0' or greater.  This warning will become an error in a future release.
src\03_Human_Resources_and_Payroll\report\HREmployeePerDivision.Report.al(69,43): warning AL0667: 'PageNo' is being deprecated in the versions: '1.0' or greater.  This warning will become an error in a future release.
src\03_Human_Resources_and_Payroll\report\HREmployeeReviewOnTerms.Report.al(21,39): warning AL0667: 'PageNo' is being deprecated in the versions: '1.0' or greater.  This warning will become an error in a future release.
src\04_Clinical_and_Patient_Management\page\HMSInPatientList.Page.al(112,9): warning AL0667: 'InDataSet' is being deprecated in the versions: '11.0' or greater. The InDataset attribute is unused. This warning will become an error in a future release.
src\04_Clinical_and_Patient_Management\page\HMSInPatientList.Page.al(114,9): warning AL0667: 'InDataSet' is being deprecated in the versions: '11.0' or greater. The InDataset attribute is unused. This warning will become an error in a future release.
src\04_Clinical_and_Patient_Management\page\HMSInPatientList.Page.al(116,9): warning AL0667: 'InDataSet' is being deprecated in the versions: '11.0' or greater. The InDataset attribute is unused. This warning will become an error in a future release.
src\02_Finance_and_GL\page\PostedPaymentHeaderUP.Page.al(389,9): warning AL0667: 'InDataSet' is being deprecated in the versions: '11.0' or greater. The InDataset attribute is unused. This warning will become an error in a future release.
src\02_Finance_and_GL\page\PostedPaymentHeaderUP.Page.al(391,9): warning AL0667: 'InDataSet' is being deprecated in the versions: '11.0' or greater. The InDataset attribute is unused. This warning will become an error in a future release.
src\02_Finance_and_GL\page\PostedPaymentHeaderUP.Page.al(393,9): warning AL0667: 'InDataSet' is being deprecated in the versions: '11.0' or greater. The InDataset attribute is unused. This warning will become an error in a future release.
src\02_Finance_and_GL\page\PostedPaymentHeaderUP.Page.al(395,9): warning AL0667: 'InDataSet' is being deprecated in the versions: '11.0' or greater. The InDataset attribute is unused. This warning will become an error in a future release.
src\02_Finance_and_GL\page\PostedPaymentHeaderUP.Page.al(397,9): warning AL0667: 'InDataSet' is being deprecated in the versions: '11.0' or greater. The InDataset attribute is unused. This warning will become an error in a future release.
src\02_Finance_and_GL\page\PostedPaymentHeaderUP.Page.al(400,9): warning AL0667: 'InDataSet' is being deprecated in the versions: '11.0' or greater. The InDataset attribute is unused. This warning will become an error in a future release.
src\02_Finance_and_GL\page\PostedPaymentHeaderUP.Page.al(402,9): warning AL0667: 'InDataSet' is being deprecated in the versions: '11.0' or greater. The InDataset attribute is unused. This warning will become an error in a future release.
src\02_Finance_and_GL\page\PostedPaymentHeaderUP.Page.al(404,9): warning AL0667: 'InDataSet' is being deprecated in the versions: '11.0' or greater. The InDataset attribute is unused. This warning will become an error in a future release.
src\02_Finance_and_GL\page\PostedPaymentHeaderUP.Page.al(406,9): warning AL0667: 'InDataSet' is being deprecated in the versions: '11.0' or greater. The InDataset attribute is unused. This warning will become an error in a future release.
src\02_Finance_and_GL\page\PostedPaymentHeaderUP.Page.al(408,9): warning AL0667: 'InDataSet' is being deprecated in the versions: '11.0' or greater. The InDataset attribute is unused. This warning will become an error in a future release.
src\02_Finance_and_GL\page\PostedPaymentHeaderUP.Page.al(410,9): warning AL0667: 'InDataSet' is being deprecated in the versions: '11.0' or greater. The InDataset attribute is unused. This warning will become an error in a future release.
src\02_Finance_and_GL\page\PostedPaymentHeaderUP.Page.al(413,9): warning AL0667: 'InDataSet' is being deprecated in the versions: '11.0' or greater. The InDataset attribute is unused. This warning will become an error in a future release.
src\02_Finance_and_GL\page\PostedPaymentHeaderUP.Page.al(1266,21): warning AL0299: Member name 'OnAfterGetCurrRecord' is only allowed on triggers. This warning will become an error in a future release.
src\02_Finance_and_GL\page\PostedReceipts.Page.al(458,21): warning AL0299: Member name 'OnAfterGetCurrRecord' is only allowed on triggers. This warning will become an error in a future release.
src\04_Clinical_and_Patient_Management\report\HMSPatientListingReport.Report.al(21,39): warning AL0667: 'PageNo' is being deprecated in the versions: '1.0' or greater.  This warning will become an error in a future release.
src\02_Finance_and_GL\page\SalesInvoiceList.Page.al(606,44): warning AL0432: Report 'Aged Accounts Receivable' is marked for removal. Reason: This report has been replaced by the report Aged Accounts Receivable (Excel). This report will be removed in a future release.. Tag: 28.0.
src\02_Finance_and_GL\page\SalesInvoiceList.Page.al(626,44): warning AL0432: Report 'Customer - Top 10 List' is marked for removal. Reason: This report has been replaced by the report Customer - Top List (Excel). This report will be removed in a future release.. Tag: 28.0.
src\02_Finance_and_GL\page\SalesInvoiceList.Page.al(633,44): warning AL0432: Report 'Customer - Sales List' is marked for removal. Reason: This report is obsolete and will be removed in a future version.. Tag: 28.0.
src\02_Finance_and_GL\page\SalesInvoiceList.Page.al(640,44): warning AL0432: Report 'Sales Statistics' is marked for removal. Reason: This report is obsolete and will be removed in a future version.. Tag: 28.0.
src\02_Finance_and_GL\page\SalesInvoiceList.Page.al(672,9): warning AL0667: 'InDataSet' is being deprecated in the versions: '11.0' or greater. The InDataset attribute is unused. This warning will become an error in a future release.
src\04_Clinical_and_Patient_Management\report\HMSPatientPrescription.Report.al(250,9): warning AL0667: 'InDataSet' is being deprecated in the versions: '11.0' or greater. The InDataset attribute is unused. This warning will become an error in a future release.
src\04_Clinical_and_Patient_Management\table\HMSPatientCharges.Table.al(755,43): warning AL0685: The length '100' of the calculation formula's target field 'Insurance No.' is greater than the length '20' of the source flow field '"Default Insurance"'. This could result in a runtime error. Make sure that the target field's length is less than equal to the source field length. This warning will become an error in a future release.
src\02_Finance_and_GL\page\PostedTravelAdvsAccounting.Page.al(351,9): warning AL0667: 'InDataSet' is being deprecated in the versions: '11.0' or greater. The InDataset attribute is unused. This warning will become an error in a future release.
src\02_Finance_and_GL\page\PostedTravelAdvsAccounting.Page.al(353,9): warning AL0667: 'InDataSet' is being deprecated in the versions: '11.0' or greater. The InDataset attribute is unused. This warning will become an error in a future release.
src\02_Finance_and_GL\page\PostedTravelAdvsAccounting.Page.al(355,9): warning AL0667: 'InDataSet' is being deprecated in the versions: '11.0' or greater. The InDataset attribute is unused. This warning will become an error in a future release.
src\02_Finance_and_GL\page\PostedTravelAdvsAccounting.Page.al(357,9): warning AL0667: 'InDataSet' is being deprecated in the versions: '11.0' or greater. The InDataset attribute is unused. This warning will become an error in a future release.
src\02_Finance_and_GL\page\PostedTravelAdvsAccounting.Page.al(359,9): warning AL0667: 'InDataSet' is being deprecated in the versions: '11.0' or greater. The InDataset attribute is unused. This warning will become an error in a future release.
src\02_Finance_and_GL\report\InterbankDetails.Report.al(84,39): warning AL0667: 'PageNo' is being deprecated in the versions: '1.0' or greater.  This warning will become an error in a future release.
src\03_Human_Resources_and_Payroll\table\HREmployee.Table.al(1279,37): warning AL0685: The length '100' of the calculation formula's target field 'Description' is greater than the length '50' of the source flow field '"Exit Reason"'. This could result in a runtime error. Make sure that the target field's length is less than equal to the source field length. This warning will become an error in a future release.
src\04_Clinical_and_Patient_Management\report\HMSPharmacyListDetailed.Report.al(21,39): warning AL0667: 'PageNo' is being deprecated in the versions: '1.0' or greater.  This warning will become an error in a future release.
src\04_Clinical_and_Patient_Management\report\HMSPharmacyListSummary.Report.al(21,39): warning AL0667: 'PageNo' is being deprecated in the versions: '1.0' or greater.  This warning will become an error in a future release.
src\04_Clinical_and_Patient_Management\table\HMSPatientChargesWeiver.Table.al(118,44): warning AL0603: An implicit conversion is being performed from a value of type 'Enum "Charges Applicable Section"' to a value of type 'Option'. This conversion can lead to unexpected runtime issues.
src\04_Clinical_and_Patient_Management\report\HMSProcessEmployeeDeps.Report.al(22,39): warning AL0667: 'PageNo' is being deprecated in the versions: '1.0' or greater.  This warning will become an error in a future release.
src\04_Clinical_and_Patient_Management\report\HMSProcessRegisteredStudent.Report.al(21,39): warning AL0667: 'PageNo' is being deprecated in the versions: '1.0' or greater.  This warning will become an error in a future release.
src\03_Human_Resources_and_Payroll\table\HRLeaveApplication.Table.al(169,27): warning AL0685: The length '50' of the calculation formula's target field 'HOD' is greater than the length '20' of the source flow field 'HOD'. This could result in a runtime error. Make sure that the target field's length is less than equal to the source field length. This warning will become an error in a future release.
src\04_Clinical_and_Patient_Management\table\HMSPatientImmunization.Table.al(67,37): warning AL0685: The length '50' of the calculation formula's target field 'Middle Name' is greater than the length '30' of the source flow field '"Middle Name"'. This could result in a runtime error. Make sure that the target field's length is less than equal to the source field length. This warning will become an error in a future release.
src\03_Human_Resources_and_Payroll\table\HRLeaveApplication.Table.al(174,37): warning AL0685: The length '60' of the calculation formula's target field 'User ID' is greater than the length '20' of the source flow field '"Approver ID"'. This could result in a runtime error. Make sure that the target field's length is less than equal to the source field length. This warning will become an error in a future release.
src\04_Clinical_and_Patient_Management\table\HMSPatientImmunization.Table.al(77,35): warning AL0685: The length '30' of the calculation formula's target field 'ID Number' is greater than the length '20' of the source flow field '"ID Number"'. This could result in a runtime error. Make sure that the target field's length is less than equal to the source field length. This warning will become an error in a future release.
src\04_Clinical_and_Patient_Management\report\HMSReferralDetailedReport.Report.al(21,39): warning AL0667: 'PageNo' is being deprecated in the versions: '1.0' or greater.  This warning will become an error in a future release.
src\04_Clinical_and_Patient_Management\report\HMSReferralDetailedReport.Report.al(96,43): warning AL0603: An implicit conversion is being performed from a value of type 'Integer' to a value of type 'Enum Microsoft.Foundation.Comment."Comment Line Table Name"'. This conversion can lead to unexpected runtime issues.
src\04_Clinical_and_Patient_Management\report\HMSReferralListingReport.Report.al(21,39): warning AL0667: 'PageNo' is being deprecated in the versions: '1.0' or greater.  This warning will become an error in a future release.
src\02_Finance_and_GL\report\prBankSchedule2.Report.al(22,39): warning AL0667: 'PageNo' is being deprecated in the versions: '1.0' or greater.  This warning will become an error in a future release.
src\02_Finance_and_GL\report\Order2.Report.al(151,70): warning AL0667: 'PageNo' is being deprecated in the versions: '1.0' or greater.  This warning will become an error in a future release.
src\04_Clinical_and_Patient_Management\table\HMSPatientMedicalCondition.Table.al(34,37): warning AL0685: The length '50' of the calculation formula's target field 'Middle Name' is greater than the length '30' of the source flow field '"Middle Name"'. This could result in a runtime error. Make sure that the target field's length is less than equal to the source field length. This warning will become an error in a future release.
src\04_Clinical_and_Patient_Management\table\HMSPatientMedicalCondition.Table.al(44,35): warning AL0685: The length '30' of the calculation formula's target field 'ID Number' is greater than the length '20' of the source flow field '"ID Number"'. This could result in a runtime error. Make sure that the target field's length is less than equal to the source field length. This warning will become an error in a future release.
src\03_Human_Resources_and_Payroll\table\PettyCashReplenishment.Table.al(36,35): warning AL0685: The length '250' of the calculation formula's target field 'Bank Account Name' is greater than the length '150' of the source flow field '"Bank Name"'. This could result in a runtime error. Make sure that the target field's length is less than equal to the source field length. This warning will become an error in a future release.
src\03_Human_Resources_and_Payroll\table\prBasicpayPCA.Table.al(133,37): warning AL0685: The length '60' of the calculation formula's target field 'Schools' is greater than the length '50' of the source flow field '"School Code"'. This could result in a runtime error. Make sure that the target field's length is less than equal to the source field length. This warning will become an error in a future release.
src\03_Human_Resources_and_Payroll\table\prBasicpayPCA.Table.al(138,38): warning AL0685: The length '60' of the calculation formula's target field 'Section' is greater than the length '50' of the source flow field '"Section Code"'. This could result in a runtime error. Make sure that the target field's length is less than equal to the source field length. This warning will become an error in a future release.
src\04_Clinical_and_Patient_Management\report\HMSSalesInvoice.Report.al(327,9): warning AL0667: 'InDataSet' is being deprecated in the versions: '11.0' or greater. The InDataset attribute is unused. This warning will become an error in a future release.
src\04_Clinical_and_Patient_Management\report\HMSSalesInvoice.Report.al(330,9): warning AL0667: 'InDataSet' is being deprecated in the versions: '11.0' or greater. The InDataset attribute is unused. This warning will become an error in a future release.
src\02_Finance_and_GL\report\Order2.Report.al(1212,9): warning AL0667: 'InDataSet' is being deprecated in the versions: '11.0' or greater. The InDataset attribute is unused. This warning will become an error in a future release.
src\02_Finance_and_GL\report\Order2.Report.al(1216,9): warning AL0667: 'InDataSet' is being deprecated in the versions: '11.0' or greater. The InDataset attribute is unused. This warning will become an error in a future release.
src\04_Clinical_and_Patient_Management\table\HMSPatientVisitNos.Table.al(92,29): warning AL0685: The length '250' of the calculation formula's target field 'Search Name' is greater than the length '100' of the source flow field 'Names'. This could result in a runtime error. Make sure that the target field's length is less than equal to the source field length. This warning will become an error in a future release.
src\02_Finance_and_GL\report\TrialBalance2.Report.al(19,39): warning AL0667: 'PageNo' is being deprecated in the versions: '1.0' or greater.  This warning will become an error in a future release.
src\04_Clinical_and_Patient_Management\table\HMSPatientVisitNos.Table.al(210,40): warning AL0685: The length '100' of the calculation formula's target field 'Name' is greater than the length '50' of the source flow field '"Insurance Name"'. This could result in a runtime error. Make sure that the target field's length is less than equal to the source field length. This warning will become an error in a future release.
src\02_Finance_and_GL\report\TrialBalance3.Report.al(19,39): warning AL0667: 'PageNo' is being deprecated in the versions: '1.0' or greater.  This warning will become an error in a future release.
src\04_Clinical_and_Patient_Management\report\HMSTreatmentListingReport.Report.al(21,39): warning AL0667: 'PageNo' is being deprecated in the versions: '1.0' or greater.  This warning will become an error in a future release.
src\04_Clinical_and_Patient_Management\table\HMSPharmacyHeader.Table.al(66,37): warning AL0685: The length '50' of the calculation formula's target field 'Middle Name' is greater than the length '30' of the source flow field '"Middle Name"'. This could result in a runtime error. Make sure that the target field's length is less than equal to the source field length. This warning will become an error in a future release.
src\04_Clinical_and_Patient_Management\table\HMSPharmacyHeader.Table.al(76,35): warning AL0685: The length '30' of the calculation formula's target field 'ID Number' is greater than the length '20' of the source flow field '"ID Number"'. This could result in a runtime error. Make sure that the target field's length is less than equal to the source field length. This warning will become an error in a future release.
src\03_Human_Resources_and_Payroll\table\prPeriodTransactions.Table.al(14,13): warning AL0667: 'TestTableRelation' is being deprecated in the versions: '1.0' or greater.  This warning will become an error in a future release.
src\09_Business_Operations\table\CustLedgerEntry1.Table.al(581,49): warning AL0685: The length '100' of the calculation formula's target field 'Description' is greater than the length '80' of the source flow field '"Description Credit Memo"'. This could result in a runtime error. Make sure that the target field's length is less than equal to the source field length. This warning will become an error in a future release.
src\09_Business_Operations\table\CustLedgerEntry1.Table.al(586,51): warning AL0685: The length '100' of the calculation formula's target field 'Description' is greater than the length '80' of the source flow field '"Description Sales Invoice"'. This could result in a runtime error. Make sure that the target field's length is less than equal to the source field length. This warning will become an error in a future release.
src\04_Clinical_and_Patient_Management\table\HMSPharmacyHeader.Table.al(165,37): warning AL0685: The length '250' of the calculation formula's target field 'Search Name' is greater than the length '200' of the source flow field '"Search Name"'. This could result in a runtime error. Make sure that the target field's length is less than equal to the source field length. This warning will become an error in a future release.
src\04_Clinical_and_Patient_Management\table\HMSPharmacyHeader.Table.al(242,39): warning AL0685: The length '50' of the calculation formula's target field 'Membership No' is greater than the length '30' of the source flow field '"Membership No"'. This could result in a runtime error. Make sure that the target field's length is less than equal to the source field length. This warning will become an error in a future release.
src\04_Clinical_and_Patient_Management\table\HMSPharmacyHeader.Table.al(266,36): warning AL0685: The length '100' of the calculation formula's target field 'User ID' is greater than the length '40' of the source flow field 'Receptionist'. This could result in a runtime error. Make sure that the target field's length is less than equal to the source field length. This warning will become an error in a future release.
src\04_Clinical_and_Patient_Management\table\HMSPharmacyHeader.Table.al(296,40): warning AL0685: The length '100' of the calculation formula's target field 'Insurance No.' is greater than the length '20' of the source flow field '"Insurance code"'. This could result in a runtime error. Make sure that the target field's length is less than equal to the source field length. This warning will become an error in a future release.
src\02_Finance_and_GL\report\PaymentVoucherVend.Report.al(461,37): warning AL0254: Sorting field 'Line Number' should be part of the keys for table 'CshMgt Application'. Add the field to a key definition to improve performance.
src\04_Clinical_and_Patient_Management\table\HMSPharmacyLine.Table.al(312,29): warning AL0685: The length '250' of the calculation formula's target field 'Search Name' is greater than the length '200' of the source flow field 'Names'. This could result in a runtime error. Make sure that the target field's length is less than equal to the source field length. This warning will become an error in a future release.
src\04_Clinical_and_Patient_Management\table\HMSPharmacyLine.Table.al(334,49): warning AL0685: The length '30' of the calculation formula's target field 'Global Dimension 1 Code' is greater than the length '20' of the source flow field '"Global Dimension Code 1"'. This could result in a runtime error. Make sure that the target field's length is less than equal to the source field length. This warning will become an error in a future release.
src\04_Clinical_and_Patient_Management\report\HospitalDiagnosis5years.Report.al(16,39): warning AL0667: 'PageNo' is being deprecated in the versions: '1.0' or greater.  This warning will become an error in a future release.
src\04_Clinical_and_Patient_Management\table\HMSPharmacyLine.Table.al(344,39): warning AL0685: The length '100' of the calculation formula's target field 'Insurance No.' is greater than the length '20' of the source flow field '"Insurance No1"'. This could result in a runtime error. Make sure that the target field's length is less than equal to the source field length. This warning will become an error in a future release.
src\04_Clinical_and_Patient_Management\table\HMSPharmacyLine.Table.al(362,40): warning AL0685: The length '100' of the calculation formula's target field 'Insurance No.' is greater than the length '20' of the source flow field '"Insurance code"'. This could result in a runtime error. Make sure that the target field's length is less than equal to the source field length. This warning will become an error in a future release.
src\04_Clinical_and_Patient_Management\table\HMSPharmacyLine.Table.al(372,30): warning AL0685: The length '30' of the calculation formula's target field 'Global Dimension 1 Code' is greater than the length '20' of the source flow field 'Branch'. This could result in a runtime error. Make sure that the target field's length is less than equal to the source field length. This warning will become an error in a future release.
src\04_Clinical_and_Patient_Management\report\LaboratoryDetailedReport2.Report.al(16,39): warning AL0667: 'PageNo' is being deprecated in the versions: '1.0' or greater.  This warning will become an error in a future release.
src\04_Clinical_and_Patient_Management\page\HMSLaboratoryFormList2.Page.al(200,21): warning AL0299: Member name 'OnAfterGetCurrRecord' is only allowed on triggers. This warning will become an error in a future release.
src\04_Clinical_and_Patient_Management\page\HMSLaboratoryFormTest.Page.al(262,21): warning AL0299: Member name 'OnAfterGetCurrRecord' is only allowed on triggers. This warning will become an error in a future release.
src\04_Clinical_and_Patient_Management\report\LaboratoryInsuranceCount.Report.al(15,39): warning AL0667: 'PageNo' is being deprecated in the versions: '1.0' or greater.  This warning will become an error in a future release.
src\04_Clinical_and_Patient_Management\report\LaboratoryRevenueReport.Report.al(15,39): warning AL0667: 'PageNo' is being deprecated in the versions: '1.0' or greater.  This warning will become an error in a future release.
src\04_Clinical_and_Patient_Management\page\HMSPatientCard.Page.al(204,41): warning AL0269: The referenced page '"HR Employees Kin"' should be a list part or a card part. This warning will become an error in a future release.
src\04_Clinical_and_Patient_Management\table\HMSRadiologyFormHeader.Table.al(71,37): warning AL0685: The length '50' of the calculation formula's target field 'Middle Name' is greater than the length '30' of the source flow field '"Middle Name"'. This could result in a runtime error. Make sure that the target field's length is less than equal to the source field length. This warning will become an error in a future release.
src\04_Clinical_and_Patient_Management\page\HMSPatientList2.Page.al(260,9): warning AL0667: 'InDataSet' is being deprecated in the versions: '11.0' or greater. The InDataset attribute is unused. This warning will become an error in a future release.
src\04_Clinical_and_Patient_Management\page\HMSPatientList2.Page.al(262,9): warning AL0667: 'InDataSet' is being deprecated in the versions: '11.0' or greater. The InDataset attribute is unused. This warning will become an error in a future release.
src\04_Clinical_and_Patient_Management\page\HMSPatientList2.Page.al(264,9): warning AL0667: 'InDataSet' is being deprecated in the versions: '11.0' or greater. The InDataset attribute is unused. This warning will become an error in a future release.
src\04_Clinical_and_Patient_Management\table\HMSRadiologyFormHeader.Table.al(81,35): warning AL0685: The length '30' of the calculation formula's target field 'ID Number' is greater than the length '20' of the source flow field '"ID Number"'. This could result in a runtime error. Make sure that the target field's length is less than equal to the source field length. This warning will become an error in a future release.
src\04_Clinical_and_Patient_Management\page\HMSPatientCard.Page.al(446,9): warning AL0667: 'InDataSet' is being deprecated in the versions: '11.0' or greater. The InDataset attribute is unused. This warning will become an error in a future release.
src\04_Clinical_and_Patient_Management\page\HMSPatientCard.Page.al(448,9): warning AL0667: 'InDataSet' is being deprecated in the versions: '11.0' or greater. The InDataset attribute is unused. This warning will become an error in a future release.
src\04_Clinical_and_Patient_Management\page\HMSPatientCard.Page.al(450,9): warning AL0667: 'InDataSet' is being deprecated in the versions: '11.0' or greater. The InDataset attribute is unused. This warning will become an error in a future release.
src\04_Clinical_and_Patient_Management\table\HMSReferralHeader.Table.al(34,37): warning AL0685: The length '50' of the calculation formula's target field 'Middle Name' is greater than the length '30' of the source flow field '"Middle Name"'. This could result in a runtime error. Make sure that the target field's length is less than equal to the source field length. This warning will become an error in a future release.
src\04_Clinical_and_Patient_Management\table\HMSReferralHeader.Table.al(44,35): warning AL0685: The length '30' of the calculation formula's target field 'ID Number' is greater than the length '20' of the source flow field '"ID Number"'. This could result in a runtime error. Make sure that the target field's length is less than equal to the source field length. This warning will become an error in a future release.
src\04_Clinical_and_Patient_Management\page\HMSPatientCharges.Page.al(208,33): warning AL0604: Use of implicit 'with' will be removed in the future. Qualify with 'Rec'. This warning will become an error in a future release.
src\02_Finance_and_GL\table\BankAccStatementLine.Table.al(215,42): warning AL0603: An implicit conversion is being performed from a value of type 'Enum Microsoft.Bank.Reconciliation."Bank Rec. Match Confidence"' to a value of type 'Option'. This conversion can lead to unexpected runtime issues.
src\02_Finance_and_GL\table\BankAccStatementLine.Table.al(217,80): warning AL0603: An implicit conversion is being performed from a value of type 'Option' to a value of type 'Enum Microsoft.Bank.Reconciliation."Bank Acc. Rec. Stmt. Type"'. This conversion can lead to unexpected runtime issues.
src\02_Finance_and_GL\table\BankAccStatementLine.Table.al(233,70): warning AL0603: An implicit conversion is being performed from a value of type 'Option' to a value of type 'Enum Microsoft.Bank.Reconciliation."Bank Acc. Rec. Stmt. Type"'. This conversion can lead to unexpected runtime issues.
src\09_Business_Operations\tableextension\CustLedgerEntryExt.TableExt.al(10,38): warning AL0685: The length '250' of the calculation formula's target field 'Search Name' is greater than the length '100' of the source flow field '"Patient Name"'. This could result in a runtime error. Make sure that the target field's length is less than equal to the source field length. This warning will become an error in a future release.
src\04_Clinical_and_Patient_Management\page\HMSLaboratoryViewTest.Page.al(180,21): warning AL0299: Member name 'OnAfterGetCurrRecord' is only allowed on triggers. This warning will become an error in a future release.
src\04_Clinical_and_Patient_Management\table\HMSSetupTestSpecimen.Table.al(13,35): warning AL0685: The length '100' of the calculation formula's target field 'Description' is greater than the length '30' of the source flow field '"Test Name"'. This could result in a runtime error. Make sure that the target field's length is less than equal to the source field length. This warning will become an error in a future release.
src\04_Clinical_and_Patient_Management\page\HMSLabRole.Page.al(36,45): warning AL0269: The referenced page '"Requests to Approve"' should be a list part or a card part. This warning will become an error in a future release.
src\02_Finance_and_GL\table\PaymentsApplicationLines.Table.al(26,37): warning AL0685: The length '100' of the calculation formula's target field 'Name' is greater than the length '50' of the source flow field '"Vendor Name"'. This could result in a runtime error. Make sure that the target field's length is less than equal to the source field length. This warning will become an error in a future release.
src\04_Clinical_and_Patient_Management\page\HMSPatientOthersCard.Page.al(415,9): warning AL0667: 'InDataSet' is being deprecated in the versions: '11.0' or greater. The InDataset attribute is unused. This warning will become an error in a future release.
src\04_Clinical_and_Patient_Management\page\HMSPatientOthersCard.Page.al(417,9): warning AL0667: 'InDataSet' is being deprecated in the versions: '11.0' or greater. The InDataset attribute is unused. This warning will become an error in a future release.
src\04_Clinical_and_Patient_Management\page\HMSPatientOthersCard.Page.al(419,9): warning AL0667: 'InDataSet' is being deprecated in the versions: '11.0' or greater. The InDataset attribute is unused. This warning will become an error in a future release.
src\04_Clinical_and_Patient_Management\page\HMSPatientEmployeeCard.Page.al(351,9): warning AL0667: 'InDataSet' is being deprecated in the versions: '11.0' or greater. The InDataset attribute is unused. This warning will become an error in a future release.
src\04_Clinical_and_Patient_Management\page\HMSPatientEmployeeCard.Page.al(353,9): warning AL0667: 'InDataSet' is being deprecated in the versions: '11.0' or greater. The InDataset attribute is unused. This warning will become an error in a future release.
src\04_Clinical_and_Patient_Management\page\HMSPatientEmployeeCard.Page.al(355,9): warning AL0667: 'InDataSet' is being deprecated in the versions: '11.0' or greater. The InDataset attribute is unused. This warning will become an error in a future release.
src\04_Clinical_and_Patient_Management\page\HMSPatientEmployeeCard.Page.al(373,21): warning AL0299: Member name 'OnAfterGetCurrRecord' is only allowed on triggers. This warning will become an error in a future release.
src\04_Clinical_and_Patient_Management\page\HMSPatientEmployeeList.Page.al(214,9): warning AL0667: 'InDataSet' is being deprecated in the versions: '11.0' or greater. The InDataset attribute is unused. This warning will become an error in a future release.
src\04_Clinical_and_Patient_Management\page\HMSPatientEmployeeList.Page.al(216,9): warning AL0667: 'InDataSet' is being deprecated in the versions: '11.0' or greater. The InDataset attribute is unused. This warning will become an error in a future release.
src\04_Clinical_and_Patient_Management\page\HMSPatientEmployeeList.Page.al(218,9): warning AL0667: 'InDataSet' is being deprecated in the versions: '11.0' or greater. The InDataset attribute is unused. This warning will become an error in a future release.
src\04_Clinical_and_Patient_Management\page\HMSPatientOthersList.Page.al(211,9): warning AL0667: 'InDataSet' is being deprecated in the versions: '11.0' or greater. The InDataset attribute is unused. This warning will become an error in a future release.
src\04_Clinical_and_Patient_Management\page\HMSPatientOthersList.Page.al(213,9): warning AL0667: 'InDataSet' is being deprecated in the versions: '11.0' or greater. The InDataset attribute is unused. This warning will become an error in a future release.
src\04_Clinical_and_Patient_Management\page\HMSPatientOthersList.Page.al(215,9): warning AL0667: 'InDataSet' is being deprecated in the versions: '11.0' or greater. The InDataset attribute is unused. This warning will become an error in a future release.
src\04_Clinical_and_Patient_Management\page\HMSPatientOthersList.Page.al(233,21): warning AL0299: Member name 'OnAfterGetCurrRecord' is only allowed on triggers. This warning will become an error in a future release.
src\04_Clinical_and_Patient_Management\table\HMSTreatmentReferral.Table.al(20,40): warning AL0685: The length '100' of the calculation formula's target field 'Contact' is greater than the length '30' of the source flow field '"Contact person"'. This could result in a runtime error. Make sure that the target field's length is less than equal to the source field length. This warning will become an error in a future release.
src\04_Clinical_and_Patient_Management\page\HMSLabWaitingList.Page.al(17,42): warning AL0604: Use of implicit 'with' will be removed in the future. Qualify with 'Rec'. This warning will become an error in a future release.
src\04_Clinical_and_Patient_Management\page\HMSLabWaitingList.Page.al(22,38): warning AL0604: Use of implicit 'with' will be removed in the future. Qualify with 'Rec'. This warning will become an error in a future release.
src\04_Clinical_and_Patient_Management\page\HMSLabWaitingList.Page.al(27,36): warning AL0604: Use of implicit 'with' will be removed in the future. Qualify with 'Rec'. This warning will become an error in a future release.
src\04_Clinical_and_Patient_Management\page\HMSLabWaitingList.Page.al(33,39): warning AL0604: Use of implicit 'with' will be removed in the future. Qualify with 'Rec'. This warning will become an error in a future release.
src\04_Clinical_and_Patient_Management\page\HMSLabWaitingList.Page.al(38,46): warning AL0604: Use of implicit 'with' will be removed in the future. Qualify with 'Rec'. This warning will become an error in a future release.
src\04_Clinical_and_Patient_Management\page\HMSLabWaitingList.Page.al(43,47): warning AL0604: Use of implicit 'with' will be removed in the future. Qualify with 'Rec'. This warning will become an error in a future release.
src\04_Clinical_and_Patient_Management\table\HMSTreatmentAdmission.Table.al(28,30): warning AL0603: An implicit conversion is being performed from a value of type 'Enum AdmissionStatusEnum' to a value of type 'Option'. This conversion can lead to unexpected runtime issues.
src\04_Clinical_and_Patient_Management\table\HMSTreatmentFormDiagnosis.Table.al(81,38): warning AL0685: The length '250' of the calculation formula's target field 'Search Name' is greater than the length '100' of the source flow field '"Patient Name"'. This could result in a runtime error. Make sure that the target field's length is less than equal to the source field length. This warning will become an error in a future release.
src\04_Clinical_and_Patient_Management\page\HMSPatientRelativeCard.Page.al(340,9): warning AL0667: 'InDataSet' is being deprecated in the versions: '11.0' or greater. The InDataset attribute is unused. This warning will become an error in a future release.
src\04_Clinical_and_Patient_Management\page\HMSPatientRelativeCard.Page.al(342,9): warning AL0667: 'InDataSet' is being deprecated in the versions: '11.0' or greater. The InDataset attribute is unused. This warning will become an error in a future release.
src\04_Clinical_and_Patient_Management\page\HMSPatientRelativeCard.Page.al(344,9): warning AL0667: 'InDataSet' is being deprecated in the versions: '11.0' or greater. The InDataset attribute is unused. This warning will become an error in a future release.
src\04_Clinical_and_Patient_Management\table\HMSTreatmentFormHeader.Table.al(138,37): warning AL0685: The length '50' of the calculation formula's target field 'Middle Name' is greater than the length '30' of the source flow field '"Middle Name"'. This could result in a runtime error. Make sure that the target field's length is less than equal to the source field length. This warning will become an error in a future release.
src\04_Clinical_and_Patient_Management\table\HMSTreatmentFormHeader.Table.al(148,35): warning AL0685: The length '30' of the calculation formula's target field 'ID Number' is greater than the length '24' of the source flow field '"ID Number"'. This could result in a runtime error. Make sure that the target field's length is less than equal to the source field length. This warning will become an error in a future release.
src\04_Clinical_and_Patient_Management\table\HMSTreatmentFormHeader.Table.al(185,39): warning AL0685: The length '50' of the calculation formula's target field 'Membership No' is greater than the length '20' of the source flow field '"Membership No"'. This could result in a runtime error. Make sure that the target field's length is less than equal to the source field length. This warning will become an error in a future release.
src\04_Clinical_and_Patient_Management\table\HMSTreatmentFormHeader.Table.al(252,32): warning AL0685: The length '20' of the calculation formula's target field 'Laboratory No.' is greater than the length '10' of the source flow field '"Lab No"'. This could result in a runtime error. Make sure that the target field's length is less than equal to the source field length. This warning will become an error in a future release.
src\04_Clinical_and_Patient_Management\page\HMSPatientRelativeList.Page.al(213,9): warning AL0667: 'InDataSet' is being deprecated in the versions: '11.0' or greater. The InDataset attribute is unused. This warning will become an error in a future release.
src\04_Clinical_and_Patient_Management\page\HMSPatientRelativeList.Page.al(215,9): warning AL0667: 'InDataSet' is being deprecated in the versions: '11.0' or greater. The InDataset attribute is unused. This warning will become an error in a future release.
src\04_Clinical_and_Patient_Management\page\HMSPatientRelativeList.Page.al(217,9): warning AL0667: 'InDataSet' is being deprecated in the versions: '11.0' or greater. The InDataset attribute is unused. This warning will become an error in a future release.
src\04_Clinical_and_Patient_Management\page\HMSPharmacyRoleCentre.Page.al(36,45): warning AL0269: The referenced page '"Requests to Approve"' should be a list part or a card part. This warning will become an error in a future release.
src\02_Finance_and_GL\table\PosteBankAccountLedgerEntry.Table.al(235,39): warning AL0685: The length '100' of the calculation formula's target field 'Name' is greater than the length '80' of the source flow field '"Customer Name"'. This could result in a runtime error. Make sure that the target field's length is less than equal to the source field length. This warning will become an error in a future release.
src\04_Clinical_and_Patient_Management\page\HMSPharmacyWaitingList.Page.al(17,42): warning AL0604: Use of implicit 'with' will be removed in the future. Qualify with 'Rec'. This warning will become an error in a future release.
src\04_Clinical_and_Patient_Management\page\HMSPatients.Page.al(528,25): warning AL0482: The image report is not valid in this context. Verify the image name is correct and supported for this control type.
src\04_Clinical_and_Patient_Management\page\HMSPharmacyWaitingList.Page.al(22,38): warning AL0604: Use of implicit 'with' will be removed in the future. Qualify with 'Rec'. This warning will become an error in a future release.
src\04_Clinical_and_Patient_Management\page\HMSPharmacyWaitingList.Page.al(27,36): warning AL0604: Use of implicit 'with' will be removed in the future. Qualify with 'Rec'. This warning will become an error in a future release.
src\04_Clinical_and_Patient_Management\page\HMSPharmacyWaitingList.Page.al(33,39): warning AL0604: Use of implicit 'with' will be removed in the future. Qualify with 'Rec'. This warning will become an error in a future release.
src\04_Clinical_and_Patient_Management\page\HMSPharmacyWaitingList.Page.al(38,51): warning AL0604: Use of implicit 'with' will be removed in the future. Qualify with 'Rec'. This warning will become an error in a future release.
src\04_Clinical_and_Patient_Management\page\HMSPharmacyWaitingList.Page.al(43,52): warning AL0604: Use of implicit 'with' will be removed in the future. Qualify with 'Rec'. This warning will become an error in a future release.
src\04_Clinical_and_Patient_Management\table\PatientsDoctorsAdvice.Table.al(18,50): warning AL0603: An implicit conversion is being performed from a value of type 'Integer' to a value of type 'Enum Microsoft.Projects.Resources.Resource."Resource Type"'. This conversion can lead to unexpected runtime issues.
src\02_Finance_and_GL\table\GLEntry2.Table.al(267,42): warning AL0685: The length '100' of the calculation formula's target field 'Name' is greater than the length '50' of the source flow field '"G/L Account Name"'. This could result in a runtime error. Make sure that the target field's length is less than equal to the source field length. This warning will become an error in a future release.
src\04_Clinical_and_Patient_Management\page\HMSPatients.Page.al(845,9): warning AL0667: 'InDataSet' is being deprecated in the versions: '11.0' or greater. The InDataset attribute is unused. This warning will become an error in a future release.
src\04_Clinical_and_Patient_Management\page\HMSPatients.Page.al(847,9): warning AL0667: 'InDataSet' is being deprecated in the versions: '11.0' or greater. The InDataset attribute is unused. This warning will become an error in a future release.
src\04_Clinical_and_Patient_Management\page\HMSPatients.Page.al(849,9): warning AL0667: 'InDataSet' is being deprecated in the versions: '11.0' or greater. The InDataset attribute is unused. This warning will become an error in a future release.
src\04_Clinical_and_Patient_Management\page\HMSPhysioFormHeader.Page.al(396,21): warning AL0299: Member name 'OnAfterGetCurrRecord' is only allowed on triggers. This warning will become an error in a future release.
src\04_Clinical_and_Patient_Management\page\HMSPatientsCard.Page.al(289,25): warning AL0482: The image report is not valid in this context. Verify the image name is correct and supported for this control type.
src\04_Clinical_and_Patient_Management\page\HMSPatientsCard.Page.al(381,9): warning AL0667: 'InDataSet' is being deprecated in the versions: '11.0' or greater. The InDataset attribute is unused. This warning will become an error in a future release.
src\04_Clinical_and_Patient_Management\page\HMSPatientsCard.Page.al(383,9): warning AL0667: 'InDataSet' is being deprecated in the versions: '11.0' or greater. The InDataset attribute is unused. This warning will become an error in a future release.
src\04_Clinical_and_Patient_Management\page\HMSPatientsCard.Page.al(385,9): warning AL0667: 'InDataSet' is being deprecated in the versions: '11.0' or greater. The InDataset attribute is unused. This warning will become an error in a future release.
src\05_Inventory_and_Procurement\page\ApplyVendorEntries2.Page.al(540,9): warning AL0667: 'InDataSet' is being deprecated in the versions: '11.0' or greater. The InDataset attribute is unused. This warning will become an error in a future release.
src\02_Finance_and_GL\table\ReceiptsHeader.Table.al(405,37): warning AL0603: An implicit conversion is being performed from a value of type 'Enum "Payment Modes"' to a value of type 'Option'. This conversion can lead to unexpected runtime issues.
src\05_Inventory_and_Procurement\page\ItemCashAccountingUP.Page.al(555,9): warning AL0667: 'InDataSet' is being deprecated in the versions: '11.0' or greater. The InDataset attribute is unused. This warning will become an error in a future release.
src\05_Inventory_and_Procurement\page\ItemCashAccountingUP.Page.al(557,9): warning AL0667: 'InDataSet' is being deprecated in the versions: '11.0' or greater. The InDataset attribute is unused. This warning will become an error in a future release.
src\05_Inventory_and_Procurement\page\ItemCashAccountingUP.Page.al(559,9): warning AL0667: 'InDataSet' is being deprecated in the versions: '11.0' or greater. The InDataset attribute is unused. This warning will become an error in a future release.
src\05_Inventory_and_Procurement\page\ItemCashAccountingUP.Page.al(562,9): warning AL0667: 'InDataSet' is being deprecated in the versions: '11.0' or greater. The InDataset attribute is unused. This warning will become an error in a future release.
src\05_Inventory_and_Procurement\page\ItemCashAccountingUP.Page.al(564,9): warning AL0667: 'InDataSet' is being deprecated in the versions: '11.0' or greater. The InDataset attribute is unused. This warning will become an error in a future release.
src\04_Clinical_and_Patient_Management\page\HMSPostedAdmissionFormDrug.Page.al(113,33): warning AL0604: Use of implicit 'with' will be removed in the future. Qualify with 'Rec'. This warning will become an error in a future release.
src\02_Finance_and_GL\table\SmartInvoices.Table.al(83,41): warning AL0685: The length '100' of the calculation formula's target field 'Membership Plan' is greater than the length '70' of the source flow field '"Membership Plan"'. This could result in a runtime error. Make sure that the target field's length is less than equal to the source field length. This warning will become an error in a future release.
src\02_Finance_and_GL\table\SmartInvoices.Table.al(93,35): warning AL0685: The length '250' of the calculation formula's target field 'Global ID' is greater than the length '100' of the source flow field '"Global ID"'. This could result in a runtime error. Make sure that the target field's length is less than equal to the source field length. This warning will become an error in a future release.
src\02_Finance_and_GL\table\SmartInvoices.Table.al(98,36): warning AL0685: The length '100' of the calculation formula's target field 'Surname' is greater than the length '70' of the source flow field '"First Name"'. This could result in a runtime error. Make sure that the target field's length is less than equal to the source field length. This warning will become an error in a future release.
src\04_Clinical_and_Patient_Management\page\HMSPatientStudentCard.Page.al(462,9): warning AL0667: 'InDataSet' is being deprecated in the versions: '11.0' or greater. The InDataset attribute is unused. This warning will become an error in a future release.
src\04_Clinical_and_Patient_Management\page\HMSPatientStudentCard.Page.al(464,9): warning AL0667: 'InDataSet' is being deprecated in the versions: '11.0' or greater. The InDataset attribute is unused. This warning will become an error in a future release.
src\04_Clinical_and_Patient_Management\page\HMSPatientStudentCard.Page.al(466,9): warning AL0667: 'InDataSet' is being deprecated in the versions: '11.0' or greater. The InDataset attribute is unused. This warning will become an error in a future release.
src\04_Clinical_and_Patient_Management\page\HMSPatientStudentCard.Page.al(484,21): warning AL0299: Member name 'OnAfterGetCurrRecord' is only allowed on triggers. This warning will become an error in a future release.
src\04_Clinical_and_Patient_Management\page\HMSObservationFormProc.Page.al(38,41): warning AL0604: Use of implicit 'with' will be removed in the future. Qualify with 'Rec'. This warning will become an error in a future release.
src\05_Inventory_and_Procurement\page\ItemCashCard.Page.al(482,9): warning AL0667: 'InDataSet' is being deprecated in the versions: '11.0' or greater. The InDataset attribute is unused. This warning will become an error in a future release.
src\05_Inventory_and_Procurement\page\ItemCashCard.Page.al(484,9): warning AL0667: 'InDataSet' is being deprecated in the versions: '11.0' or greater. The InDataset attribute is unused. This warning will become an error in a future release.
src\05_Inventory_and_Procurement\page\ItemCashCard.Page.al(486,9): warning AL0667: 'InDataSet' is being deprecated in the versions: '11.0' or greater. The InDataset attribute is unused. This warning will become an error in a future release.
src\05_Inventory_and_Procurement\page\ItemCashCard.Page.al(488,9): warning AL0667: 'InDataSet' is being deprecated in the versions: '11.0' or greater. The InDataset attribute is unused. This warning will become an error in a future release.
src\05_Inventory_and_Procurement\page\ItemCashCard.Page.al(492,9): warning AL0667: 'InDataSet' is being deprecated in the versions: '11.0' or greater. The InDataset attribute is unused. This warning will become an error in a future release.
src\05_Inventory_and_Procurement\page\ItemCashCard.Page.al(494,9): warning AL0667: 'InDataSet' is being deprecated in the versions: '11.0' or greater. The InDataset attribute is unused. This warning will become an error in a future release.
src\04_Clinical_and_Patient_Management\page\HMSObservationHistoryList.Page.al(153,21): warning AL0299: Member name 'OnAfterGetCurrRecord' is only allowed on triggers. This warning will become an error in a future release.
src\05_Inventory_and_Procurement\page\ItemCashCard.Page.al(496,9): warning AL0667: 'InDataSet' is being deprecated in the versions: '11.0' or greater. The InDataset attribute is unused. This warning will become an error in a future release.
src\05_Inventory_and_Procurement\page\ItemCashCard.Page.al(498,9): warning AL0667: 'InDataSet' is being deprecated in the versions: '11.0' or greater. The InDataset attribute is unused. This warning will become an error in a future release.
src\05_Inventory_and_Procurement\page\ItemCashCard.Page.al(500,9): warning AL0667: 'InDataSet' is being deprecated in the versions: '11.0' or greater. The InDataset attribute is unused. This warning will become an error in a future release.
src\05_Inventory_and_Procurement\page\ItemCashCard.Page.al(502,9): warning AL0667: 'InDataSet' is being deprecated in the versions: '11.0' or greater. The InDataset attribute is unused. This warning will become an error in a future release.
src\04_Clinical_and_Patient_Management\page\HMSPatientStudentList.Page.al(218,9): warning AL0667: 'InDataSet' is being deprecated in the versions: '11.0' or greater. The InDataset attribute is unused. This warning will become an error in a future release.
src\04_Clinical_and_Patient_Management\page\HMSPatientStudentList.Page.al(220,9): warning AL0667: 'InDataSet' is being deprecated in the versions: '11.0' or greater. The InDataset attribute is unused. This warning will become an error in a future release.
src\04_Clinical_and_Patient_Management\page\HMSPatientStudentList.Page.al(222,9): warning AL0667: 'InDataSet' is being deprecated in the versions: '11.0' or greater. The InDataset attribute is unused. This warning will become an error in a future release.
src\04_Clinical_and_Patient_Management\page\HMSPatientStudentList.Page.al(240,21): warning AL0299: Member name 'OnAfterGetCurrRecord' is only allowed on triggers. This warning will become an error in a future release.
src\04_Clinical_and_Patient_Management\page\HMSPsychiatristRoleCentre.Page.al(40,45): warning AL0269: The referenced page '"Requests to Approve"' should be a list part or a card part. This warning will become an error in a future release.
src\04_Clinical_and_Patient_Management\page\HMSReferralHeaderList.Page.al(94,35): warning AL0603: An implicit conversion is being performed from a value of type 'Integer' to a value of type 'Enum Microsoft.Foundation.Comment."Comment Line Table Name"'. This conversion can lead to unexpected runtime issues.
src\04_Clinical_and_Patient_Management\page\HMSReferralHeaderList.Page.al(118,21): warning AL0299: Member name 'OnAfterGetCurrRecord' is only allowed on triggers. This warning will become an error in a future release.
src\05_Inventory_and_Procurement\page\ItemCashList.Page.al(269,9): warning AL0667: 'InDataSet' is being deprecated in the versions: '11.0' or greater. The InDataset attribute is unused. This warning will become an error in a future release.
src\05_Inventory_and_Procurement\page\ItemCashList.Page.al(271,9): warning AL0667: 'InDataSet' is being deprecated in the versions: '11.0' or greater. The InDataset attribute is unused. This warning will become an error in a future release.
src\05_Inventory_and_Procurement\page\ItemCashList.Page.al(273,9): warning AL0667: 'InDataSet' is being deprecated in the versions: '11.0' or greater. The InDataset attribute is unused. This warning will become an error in a future release.
src\04_Clinical_and_Patient_Management\page\HMSReferralHeaderList2.Page.al(84,21): warning AL0299: Member name 'OnAfterGetCurrRecord' is only allowed on triggers. This warning will become an error in a future release.
src\05_Inventory_and_Procurement\page\ItemCashList.Page.al(275,9): warning AL0667: 'InDataSet' is being deprecated in the versions: '11.0' or greater. The InDataset attribute is unused. This warning will become an error in a future release.
src\05_Inventory_and_Procurement\page\ItemCashList.Page.al(279,9): warning AL0667: 'InDataSet' is being deprecated in the versions: '11.0' or greater. The InDataset attribute is unused. This warning will become an error in a future release.
src\05_Inventory_and_Procurement\page\ItemCashList.Page.al(281,9): warning AL0667: 'InDataSet' is being deprecated in the versions: '11.0' or greater. The InDataset attribute is unused. This warning will become an error in a future release.
src\05_Inventory_and_Procurement\page\ItemCashList.Page.al(283,9): warning AL0667: 'InDataSet' is being deprecated in the versions: '11.0' or greater. The InDataset attribute is unused. This warning will become an error in a future release.
src\05_Inventory_and_Procurement\page\ItemCashList.Page.al(286,9): warning AL0667: 'InDataSet' is being deprecated in the versions: '11.0' or greater. The InDataset attribute is unused. This warning will become an error in a future release.
src\05_Inventory_and_Procurement\page\ItemCashList.Page.al(288,9): warning AL0667: 'InDataSet' is being deprecated in the versions: '11.0' or greater. The InDataset attribute is unused. This warning will become an error in a future release.
src\05_Inventory_and_Procurement\page\ItemCashList.Page.al(290,9): warning AL0667: 'InDataSet' is being deprecated in the versions: '11.0' or greater. The InDataset attribute is unused. This warning will become an error in a future release.
src\05_Inventory_and_Procurement\page\ItemCashList.Page.al(552,21): warning AL0299: Member name 'OnAfterGetCurrRecord' is only allowed on triggers. This warning will become an error in a future release.
src\04_Clinical_and_Patient_Management\page\HMSReferralHeaderReleased.Page.al(83,21): warning AL0299: Member name 'OnAfterGetCurrRecord' is only allowed on triggers. This warning will become an error in a future release.
src\05_Inventory_and_Procurement\page\InternalRequisitionsApproved.Page.al(560,9): warning AL0667: 'InDataSet' is being deprecated in the versions: '11.0' or greater. The InDataset attribute is unused. This warning will become an error in a future release.
src\05_Inventory_and_Procurement\page\InternalRequisitionsApproved.Page.al(562,9): warning AL0667: 'InDataSet' is being deprecated in the versions: '11.0' or greater. The InDataset attribute is unused. This warning will become an error in a future release.
src\05_Inventory_and_Procurement\page\InternalRequisitionsApproved.Page.al(564,9): warning AL0667: 'InDataSet' is being deprecated in the versions: '11.0' or greater. The InDataset attribute is unused. This warning will become an error in a future release.
src\05_Inventory_and_Procurement\page\InternalRequisitionsApproved.Page.al(566,9): warning AL0667: 'InDataSet' is being deprecated in the versions: '11.0' or greater. The InDataset attribute is unused. This warning will become an error in a future release.
src\05_Inventory_and_Procurement\page\InternalRequisitionsApproved.Page.al(568,9): warning AL0667: 'InDataSet' is being deprecated in the versions: '11.0' or greater. The InDataset attribute is unused. This warning will become an error in a future release.
src\04_Clinical_and_Patient_Management\page\HMSPsychologistRoleCentre.Page.al(38,45): warning AL0269: The referenced page '"Requests to Approve"' should be a list part or a card part. This warning will become an error in a future release.
src\04_Clinical_and_Patient_Management\page\HMSSetupDoctorCard.Page.al(12,33): warning AL0604: Use of implicit 'with' will be removed in the future. Qualify with 'Rec'. This warning will become an error in a future release.
src\04_Clinical_and_Patient_Management\page\HMSSetupDoctorCard.Page.al(16,36): warning AL0604: Use of implicit 'with' will be removed in the future. Qualify with 'Rec'. This warning will become an error in a future release.
src\04_Clinical_and_Patient_Management\page\HMSSetupDoctorCard.Page.al(20,41): warning AL0604: Use of implicit 'with' will be removed in the future. Qualify with 'Rec'. This warning will become an error in a future release.
src\04_Clinical_and_Patient_Management\page\HMSSetupDoctorCard.Page.al(31,49): warning AL0604: Use of implicit 'with' will be removed in the future. Qualify with 'Rec'. This warning will become an error in a future release.
src\04_Clinical_and_Patient_Management\page\HMSSetupDoctorCard.Page.al(35,55): warning AL0604: Use of implicit 'with' will be removed in the future. Qualify with 'Rec'. This warning will become an error in a future release.
src\04_Clinical_and_Patient_Management\page\HMSSetupDoctorCard.Page.al(39,51): warning AL0604: Use of implicit 'with' will be removed in the future. Qualify with 'Rec'. This warning will become an error in a future release.
src\04_Clinical_and_Patient_Management\page\HMSSetupDoctorCard.Page.al(43,39): warning AL0604: Use of implicit 'with' will be removed in the future. Qualify with 'Rec'. This warning will become an error in a future release.
src\04_Clinical_and_Patient_Management\page\HMSSetupDoctorCard.Page.al(47,39): warning AL0604: Use of implicit 'with' will be removed in the future. Qualify with 'Rec'. This warning will become an error in a future release.
src\04_Clinical_and_Patient_Management\page\HMSSetupDoctorCard.Page.al(51,34): warning AL0604: Use of implicit 'with' will be removed in the future. Qualify with 'Rec'. This warning will become an error in a future release.
src\04_Clinical_and_Patient_Management\page\HMSSetupDoctorCard.Page.al(55,51): warning AL0604: Use of implicit 'with' will be removed in the future. Qualify with 'Rec'. This warning will become an error in a future release.
src\04_Clinical_and_Patient_Management\page\HMSSetupDoctorCard.Page.al(59,33): warning AL0604: Use of implicit 'with' will be removed in the future. Qualify with 'Rec'. This warning will become an error in a future release.
src\04_Clinical_and_Patient_Management\page\HMSSetupDoctorCard.Page.al(63,30): warning AL0604: Use of implicit 'with' will be removed in the future. Qualify with 'Rec'. This warning will become an error in a future release.
src\04_Clinical_and_Patient_Management\page\HMSSetupDoctorCard.Page.al(67,30): warning AL0604: Use of implicit 'with' will be removed in the future. Qualify with 'Rec'. This warning will become an error in a future release.
src\04_Clinical_and_Patient_Management\page\HMSSetupDoctorCard.Page.al(71,30): warning AL0604: Use of implicit 'with' will be removed in the future. Qualify with 'Rec'. This warning will become an error in a future release.
src\04_Clinical_and_Patient_Management\page\HMSSetupDoctorCard.Page.al(75,31): warning AL0604: Use of implicit 'with' will be removed in the future. Qualify with 'Rec'. This warning will become an error in a future release.
src\04_Clinical_and_Patient_Management\page\HMSSetupDoctorCard.Page.al(79,28): warning AL0604: Use of implicit 'with' will be removed in the future. Qualify with 'Rec'. This warning will become an error in a future release.
src\04_Clinical_and_Patient_Management\page\HMSSetupDoctorCard.Page.al(83,34): warning AL0604: Use of implicit 'with' will be removed in the future. Qualify with 'Rec'. This warning will become an error in a future release.
src\04_Clinical_and_Patient_Management\page\HMSSetupDoctorCard.Page.al(88,40): warning AL0604: Use of implicit 'with' will be removed in the future. Qualify with 'Rec'. This warning will become an error in a future release.
src\04_Clinical_and_Patient_Management\page\HMSSetupDoctorCard.Page.al(92,42): warning AL0604: Use of implicit 'with' will be removed in the future. Qualify with 'Rec'. This warning will become an error in a future release.
src\04_Clinical_and_Patient_Management\page\HMSSetupDoctorCard.Page.al(96,38): warning AL0604: Use of implicit 'with' will be removed in the future. Qualify with 'Rec'. This warning will become an error in a future release.
src\04_Clinical_and_Patient_Management\page\HMSSetupDoctorCard.Page.al(100,40): warning AL0604: Use of implicit 'with' will be removed in the future. Qualify with 'Rec'. This warning will become an error in a future release.
src\04_Clinical_and_Patient_Management\page\HMSSetupDoctorCard.Page.al(104,36): warning AL0604: Use of implicit 'with' will be removed in the future. Qualify with 'Rec'. This warning will become an error in a future release.
src\04_Clinical_and_Patient_Management\page\HMSSetupDoctorCard.Page.al(108,39): warning AL0604: Use of implicit 'with' will be removed in the future. Qualify with 'Rec'. This warning will become an error in a future release.
src\04_Clinical_and_Patient_Management\page\HMSSetupDoctorCard.Page.al(112,35): warning AL0604: Use of implicit 'with' will be removed in the future. Qualify with 'Rec'. This warning will become an error in a future release.
src\04_Clinical_and_Patient_Management\page\HMSSetupDoctorCard.Page.al(116,45): warning AL0604: Use of implicit 'with' will be removed in the future. Qualify with 'Rec'. This warning will become an error in a future release.
src\05_Inventory_and_Procurement\page\PurchaseInvoices.Page.al(579,9): warning AL0667: 'InDataSet' is being deprecated in the versions: '11.0' or greater. The InDataset attribute is unused. This warning will become an error in a future release.
src\04_Clinical_and_Patient_Management\page\HmsSetupDoctorsList.Page.al(72,32): warning AL0604: Use of implicit 'with' will be removed in the future. Qualify with 'Rec'. This warning will become an error in a future release.
src\04_Clinical_and_Patient_Management\page\HMSPharmacyHistoryList.Page.al(21,39): warning AL0604: Use of implicit 'with' will be removed in the future. Qualify with 'Rec'. This warning will become an error in a future release.
src\04_Clinical_and_Patient_Management\page\HMSPharmacyHistoryList.Page.al(25,40): warning AL0604: Use of implicit 'with' will be removed in the future. Qualify with 'Rec'. This warning will become an error in a future release.
src\04_Clinical_and_Patient_Management\page\HMSPharmacyHistoryList.Page.al(29,40): warning AL0604: Use of implicit 'with' will be removed in the future. Qualify with 'Rec'. This warning will become an error in a future release.
src\04_Clinical_and_Patient_Management\page\HMSPharmacyHistoryList.Page.al(33,38): warning AL0604: Use of implicit 'with' will be removed in the future. Qualify with 'Rec'. This warning will become an error in a future release.
src\04_Clinical_and_Patient_Management\page\HMSPharmacyHistoryList.Page.al(37,44): warning AL0604: Use of implicit 'with' will be removed in the future. Qualify with 'Rec'. This warning will become an error in a future release.
src\04_Clinical_and_Patient_Management\page\HMSPharmacyHistoryList.Page.al(42,33): warning AL0604: Use of implicit 'with' will be removed in the future. Qualify with 'Rec'. This warning will become an error in a future release.
src\04_Clinical_and_Patient_Management\page\HMSPharmacyHistoryList.Page.al(46,38): warning AL0604: Use of implicit 'with' will be removed in the future. Qualify with 'Rec'. This warning will become an error in a future release.
src\04_Clinical_and_Patient_Management\page\HMSPharmacyHistoryList.Page.al(51,36): warning AL0604: Use of implicit 'with' will be removed in the future. Qualify with 'Rec'. This warning will become an error in a future release.
src\04_Clinical_and_Patient_Management\page\HMSPharmacyHistoryList.Page.al(55,36): warning AL0604: Use of implicit 'with' will be removed in the future. Qualify with 'Rec'. This warning will become an error in a future release.
src\04_Clinical_and_Patient_Management\page\HMSPharmacyHistoryList.Page.al(59,36): warning AL0604: Use of implicit 'with' will be removed in the future. Qualify with 'Rec'. This warning will become an error in a future release.
src\04_Clinical_and_Patient_Management\page\HMSPharmacyHistoryList.Page.al(63,40): warning AL0604: Use of implicit 'with' will be removed in the future. Qualify with 'Rec'. This warning will become an error in a future release.
src\04_Clinical_and_Patient_Management\page\HMSPharmacyHistoryList.Page.al(67,35): warning AL0604: Use of implicit 'with' will be removed in the future. Qualify with 'Rec'. This warning will become an error in a future release.
src\04_Clinical_and_Patient_Management\page\HMSPharmacyHistoryList.Page.al(71,39): warning AL0604: Use of implicit 'with' will be removed in the future. Qualify with 'Rec'. This warning will become an error in a future release.
src\04_Clinical_and_Patient_Management\page\HMSPharmacyHistoryList.Page.al(75,39): warning AL0604: Use of implicit 'with' will be removed in the future. Qualify with 'Rec'. This warning will become an error in a future release.
src\04_Clinical_and_Patient_Management\page\HMSSetupLabPackageCard.Page.al(23,37): warning AL0269: The referenced page '"HMS Setup Lab Pack Test SF"' should be a list part or a card part. This warning will become an error in a future release.
src\05_Inventory_and_Procurement\pageextension\PhysicalInventory.PageExt.al(69,25): warning AL0482: The image Synchronize is not valid in this context. Verify the image name is correct and supported for this control type.
src\04_Clinical_and_Patient_Management\page\HMSRadiologyList.Page.al(64,39): warning AL0604: Use of implicit 'with' will be removed in the future. Qualify with 'Rec'. This warning will become an error in a future release.
src\05_Inventory_and_Procurement\page\InternalRequisitionsU.Page.al(710,9): warning AL0667: 'InDataSet' is being deprecated in the versions: '11.0' or greater. The InDataset attribute is unused. This warning will become an error in a future release.
src\05_Inventory_and_Procurement\page\InternalRequisitionsU.Page.al(712,9): warning AL0667: 'InDataSet' is being deprecated in the versions: '11.0' or greater. The InDataset attribute is unused. This warning will become an error in a future release.
src\05_Inventory_and_Procurement\page\InternalRequisitionsU.Page.al(714,9): warning AL0667: 'InDataSet' is being deprecated in the versions: '11.0' or greater. The InDataset attribute is unused. This warning will become an error in a future release.
src\05_Inventory_and_Procurement\page\InternalRequisitionsU.Page.al(716,9): warning AL0667: 'InDataSet' is being deprecated in the versions: '11.0' or greater. The InDataset attribute is unused. This warning will become an error in a future release.
src\05_Inventory_and_Procurement\page\InternalRequisitionsU.Page.al(718,9): warning AL0667: 'InDataSet' is being deprecated in the versions: '11.0' or greater. The InDataset attribute is unused. This warning will become an error in a future release.
src\05_Inventory_and_Procurement\table\PurchaseQuoteHeader.Table.al(168,61): warning AL0603: An implicit conversion is being performed from a value of type 'Option' to a value of type 'Enum Microsoft.Purchases.Comment."Purchase Comment Document Type"'. This conversion can lead to unexpected runtime issues.
src\04_Clinical_and_Patient_Management\page\HMSRadiologyRoleCentre.Page.al(36,45): warning AL0269: The referenced page '"Requests to Approve"' should be a list part or a card part. This warning will become an error in a future release.
src\04_Clinical_and_Patient_Management\page\HMSSetupLabTestCard.Page.al(23,37): warning AL0269: The referenced page '"HMS Setup Lab Test Specimen SF"' should be a list part or a card part. This warning will become an error in a future release.
src\05_Inventory_and_Procurement\tableextension\ItemLedgerEntryExt.TableExt.al(5,38): warning AL0685: The length '250' of the calculation formula's target field 'Search Name' is greater than the length '100' of the source flow field '"Patient Name"'. This could result in a runtime error. Make sure that the target field's length is less than equal to the source field length. This warning will become an error in a future release.
src\06_Portal_and_Integrations\report\LaboratoryCapitation.Report.al(16,39): warning AL0667: 'PageNo' is being deprecated in the versions: '1.0' or greater.  This warning will become an error in a future release.
src\06_Portal_and_Integrations\page\ImprestLists.Page.al(104,9): warning AL0667: 'InDataSet' is being deprecated in the versions: '11.0' or greater. The InDataset attribute is unused. This warning will become an error in a future release.
src\06_Portal_and_Integrations\page\ImprestLists.Page.al(106,9): warning AL0667: 'InDataSet' is being deprecated in the versions: '11.0' or greater. The InDataset attribute is unused. This warning will become an error in a future release.
src\06_Portal_and_Integrations\page\ImprestLists.Page.al(108,9): warning AL0667: 'InDataSet' is being deprecated in the versions: '11.0' or greater. The InDataset attribute is unused. This warning will become an error in a future release.
src\06_Portal_and_Integrations\page\ImprestLists.Page.al(110,9): warning AL0667: 'InDataSet' is being deprecated in the versions: '11.0' or greater. The InDataset attribute is unused. This warning will become an error in a future release.
src\06_Portal_and_Integrations\page\ImprestLists.Page.al(113,9): warning AL0667: 'InDataSet' is being deprecated in the versions: '11.0' or greater. The InDataset attribute is unused. This warning will become an error in a future release.
src\06_Portal_and_Integrations\page\ImprestLists.Page.al(115,9): warning AL0667: 'InDataSet' is being deprecated in the versions: '11.0' or greater. The InDataset attribute is unused. This warning will become an error in a future release.
src\06_Portal_and_Integrations\page\ImprestLists.Page.al(117,9): warning AL0667: 'InDataSet' is being deprecated in the versions: '11.0' or greater. The InDataset attribute is unused. This warning will become an error in a future release.
src\06_Portal_and_Integrations\page\ImprestLists.Page.al(120,9): warning AL0667: 'InDataSet' is being deprecated in the versions: '11.0' or greater. The InDataset attribute is unused. This warning will become an error in a future release.
src\06_Portal_and_Integrations\page\ImprestLists.Page.al(122,9): warning AL0667: 'InDataSet' is being deprecated in the versions: '11.0' or greater. The InDataset attribute is unused. This warning will become an error in a future release.
src\06_Portal_and_Integrations\page\ImprestLists.Page.al(124,9): warning AL0667: 'InDataSet' is being deprecated in the versions: '11.0' or greater. The InDataset attribute is unused. This warning will become an error in a future release.
src\06_Portal_and_Integrations\page\ImprestLists.Page.al(362,21): warning AL0299: Member name 'OnAfterGetCurrRecord' is only allowed on triggers. This warning will become an error in a future release.
src\05_Inventory_and_Procurement\page\PurchaseOrderList.Page.al(435,35): warning AL0603: An implicit conversion is being performed from a value of type 'Enum Microsoft.Purchases.Document."Purchase Document Type"' to a value of type 'Option'. This conversion can lead to unexpected runtime issues.
src\05_Inventory_and_Procurement\table\PurchaseQuoteHeader.Table.al(213,60): warning AL0603: An implicit conversion is being performed from a value of type 'Option' to a value of type 'Enum Microsoft.Purchases.Document."Purchase Document Type"'. This conversion can lead to unexpected runtime issues.
src\04_Clinical_and_Patient_Management\page\HMSRadiologyWaitingList.Page.al(17,42): warning AL0604: Use of implicit 'with' will be removed in the future. Qualify with 'Rec'. This warning will become an error in a future release.
src\04_Clinical_and_Patient_Management\page\HMSRadiologyWaitingList.Page.al(22,38): warning AL0604: Use of implicit 'with' will be removed in the future. Qualify with 'Rec'. This warning will become an error in a future release.
src\04_Clinical_and_Patient_Management\page\HMSRadiologyWaitingList.Page.al(27,36): warning AL0604: Use of implicit 'with' will be removed in the future. Qualify with 'Rec'. This warning will become an error in a future release.
src\04_Clinical_and_Patient_Management\page\HMSRadiologyWaitingList.Page.al(33,39): warning AL0604: Use of implicit 'with' will be removed in the future. Qualify with 'Rec'. This warning will become an error in a future release.
src\04_Clinical_and_Patient_Management\page\HMSRadiologyWaitingList.Page.al(38,50): warning AL0604: Use of implicit 'with' will be removed in the future. Qualify with 'Rec'. This warning will become an error in a future release.
src\04_Clinical_and_Patient_Management\page\HMSRadiologyWaitingList.Page.al(43,51): warning AL0604: Use of implicit 'with' will be removed in the future. Qualify with 'Rec'. This warning will become an error in a future release.
src\06_Portal_and_Integrations\report\PatientsCapitition.Report.al(14,39): warning AL0667: 'PageNo' is being deprecated in the versions: '1.0' or greater.  This warning will become an error in a future release.
src\06_Portal_and_Integrations\page\ImprestListUP.Page.al(266,9): warning AL0667: 'InDataSet' is being deprecated in the versions: '11.0' or greater. The InDataset attribute is unused. This warning will become an error in a future release.
src\06_Portal_and_Integrations\page\ImprestListUP.Page.al(268,9): warning AL0667: 'InDataSet' is being deprecated in the versions: '11.0' or greater. The InDataset attribute is unused. This warning will become an error in a future release.
src\06_Portal_and_Integrations\page\ImprestListUP.Page.al(270,9): warning AL0667: 'InDataSet' is being deprecated in the versions: '11.0' or greater. The InDataset attribute is unused. This warning will become an error in a future release.
src\06_Portal_and_Integrations\page\ImprestListUP.Page.al(272,9): warning AL0667: 'InDataSet' is being deprecated in the versions: '11.0' or greater. The InDataset attribute is unused. This warning will become an error in a future release.
src\06_Portal_and_Integrations\page\ImprestListUP.Page.al(275,9): warning AL0667: 'InDataSet' is being deprecated in the versions: '11.0' or greater. The InDataset attribute is unused. This warning will become an error in a future release.
src\06_Portal_and_Integrations\page\ImprestListUP.Page.al(277,9): warning AL0667: 'InDataSet' is being deprecated in the versions: '11.0' or greater. The InDataset attribute is unused. This warning will become an error in a future release.
src\06_Portal_and_Integrations\page\ImprestListUP.Page.al(279,9): warning AL0667: 'InDataSet' is being deprecated in the versions: '11.0' or greater. The InDataset attribute is unused. This warning will become an error in a future release.
src\06_Portal_and_Integrations\page\ImprestListUP.Page.al(282,9): warning AL0667: 'InDataSet' is being deprecated in the versions: '11.0' or greater. The InDataset attribute is unused. This warning will become an error in a future release.
src\06_Portal_and_Integrations\page\ImprestListUP.Page.al(284,9): warning AL0667: 'InDataSet' is being deprecated in the versions: '11.0' or greater. The InDataset attribute is unused. This warning will become an error in a future release.
src\06_Portal_and_Integrations\page\ImprestListUP.Page.al(286,9): warning AL0667: 'InDataSet' is being deprecated in the versions: '11.0' or greater. The InDataset attribute is unused. This warning will become an error in a future release.
src\04_Clinical_and_Patient_Management\page\HMSRegistryRoleCentre.Page.al(36,45): warning AL0269: The referenced page '"Requests to Approve"' should be a list part or a card part. This warning will become an error in a future release.
src\04_Clinical_and_Patient_Management\page\HMSReferralHeaderActive.Page.al(99,35): warning AL0603: An implicit conversion is being performed from a value of type 'Integer' to a value of type 'Enum Microsoft.Foundation.Comment."Comment Line Table Name"'. This conversion can lead to unexpected runtime issues.
src\05_Inventory_and_Procurement\table\PurchaseQuoteHeader.Table.al(223,76): warning AL0603: An implicit conversion is being performed from a value of type 'Option' to a value of type 'Enum Microsoft.Purchases.Document."Purchase Document Type"'. This conversion can lead to unexpected runtime issues.
src\04_Clinical_and_Patient_Management\page\HMSReferralHeaderActive.Page.al(123,21): warning AL0299: Member name 'OnAfterGetCurrRecord' is only allowed on triggers. This warning will become an error in a future release.
src\05_Inventory_and_Procurement\page\PurchaseOrderList.Page.al(836,9): warning AL0667: 'InDataSet' is being deprecated in the versions: '11.0' or greater. The InDataset attribute is unused. This warning will become an error in a future release.
src\06_Portal_and_Integrations\table\PortalUser.Table.al(71,43): warning AL0685: The length '200' of the calculation formula's target field 'Session ID' is greater than the length '150' of the source flow field '"Portal Session ID"'. This could result in a runtime error. Make sure that the target field's length is less than equal to the source field length. This warning will become an error in a future release.
src\05_Inventory_and_Procurement\table\PurchaseQuoteHeader.Table.al(437,77): warning AL0603: An implicit conversion is being performed from a value of type 'Option' to a value of type 'Enum Microsoft.Purchases.Document."Purchase Document Type"'. This conversion can lead to unexpected runtime issues.
src\06_Portal_and_Integrations\table\PortalUser.Table.al(90,41): warning AL0685: The length '60' of the calculation formula's target field 'Work Phone Number' is greater than the length '30' of the source flow field '"Staff Phone No."'. This could result in a runtime error. Make sure that the target field's length is less than equal to the source field length. This warning will become an error in a future release.
src\06_Portal_and_Integrations\page\ImprestWindow.Page.al(225,9): warning AL0667: 'InDataSet' is being deprecated in the versions: '11.0' or greater. The InDataset attribute is unused. This warning will become an error in a future release.
src\06_Portal_and_Integrations\page\ImprestWindow.Page.al(227,9): warning AL0667: 'InDataSet' is being deprecated in the versions: '11.0' or greater. The InDataset attribute is unused. This warning will become an error in a future release.
src\06_Portal_and_Integrations\page\ImprestWindow.Page.al(229,9): warning AL0667: 'InDataSet' is being deprecated in the versions: '11.0' or greater. The InDataset attribute is unused. This warning will become an error in a future release.
src\06_Portal_and_Integrations\page\ImprestWindow.Page.al(231,9): warning AL0667: 'InDataSet' is being deprecated in the versions: '11.0' or greater. The InDataset attribute is unused. This warning will become an error in a future release.
src\06_Portal_and_Integrations\page\ImprestWindow.Page.al(234,9): warning AL0667: 'InDataSet' is being deprecated in the versions: '11.0' or greater. The InDataset attribute is unused. This warning will become an error in a future release.
src\06_Portal_and_Integrations\page\ImprestWindow.Page.al(236,9): warning AL0667: 'InDataSet' is being deprecated in the versions: '11.0' or greater. The InDataset attribute is unused. This warning will become an error in a future release.
src\06_Portal_and_Integrations\page\ImprestWindow.Page.al(238,9): warning AL0667: 'InDataSet' is being deprecated in the versions: '11.0' or greater. The InDataset attribute is unused. This warning will become an error in a future release.
src\06_Portal_and_Integrations\page\ImprestWindow.Page.al(241,9): warning AL0667: 'InDataSet' is being deprecated in the versions: '11.0' or greater. The InDataset attribute is unused. This warning will become an error in a future release.
src\06_Portal_and_Integrations\page\ImprestWindow.Page.al(243,9): warning AL0667: 'InDataSet' is being deprecated in the versions: '11.0' or greater. The InDataset attribute is unused. This warning will become an error in a future release.
src\06_Portal_and_Integrations\page\ImprestWindow.Page.al(245,9): warning AL0667: 'InDataSet' is being deprecated in the versions: '11.0' or greater. The InDataset attribute is unused. This warning will become an error in a future release.
src\06_Portal_and_Integrations\page\ImprestWindow.Page.al(497,21): warning AL0299: Member name 'OnAfterGetCurrRecord' is only allowed on triggers. This warning will become an error in a future release.
src\05_Inventory_and_Procurement\table\PurchaseQuoteHeader.Table.al(486,75): warning AL0603: An implicit conversion is being performed from a value of type 'Option' to a value of type 'Enum Microsoft.Purchases.Document."Purchase Document Type"'. This conversion can lead to unexpected runtime issues.
src\05_Inventory_and_Procurement\tableextension\PurchaseLineExt.TableExt.al(1022,30): warning AL0603: An implicit conversion is being performed from a value of type 'Enum Microsoft.Purchases.Document."Purchase Document Status"' to a value of type 'Option'. This conversion can lead to unexpected runtime issues.
src\06_Portal_and_Integrations\page\PostedImprestRequisitionsUP.Page.al(245,9): warning AL0667: 'InDataSet' is being deprecated in the versions: '11.0' or greater. The InDataset attribute is unused. This warning will become an error in a future release.
src\06_Portal_and_Integrations\page\PostedImprestRequisitionsUP.Page.al(247,9): warning AL0667: 'InDataSet' is being deprecated in the versions: '11.0' or greater. The InDataset attribute is unused. This warning will become an error in a future release.
src\06_Portal_and_Integrations\page\PostedImprestRequisitionsUP.Page.al(249,9): warning AL0667: 'InDataSet' is being deprecated in the versions: '11.0' or greater. The InDataset attribute is unused. This warning will become an error in a future release.
src\06_Portal_and_Integrations\page\PostedImprestRequisitionsUP.Page.al(251,9): warning AL0667: 'InDataSet' is being deprecated in the versions: '11.0' or greater. The InDataset attribute is unused. This warning will become an error in a future release.
src\06_Portal_and_Integrations\page\PostedImprestRequisitionsUP.Page.al(253,9): warning AL0667: 'InDataSet' is being deprecated in the versions: '11.0' or greater. The InDataset attribute is unused. This warning will become an error in a future release.
src\06_Portal_and_Integrations\page\PostedImprestRequisitionsUP.Page.al(255,9): warning AL0667: 'InDataSet' is being deprecated in the versions: '11.0' or greater. The InDataset attribute is unused. This warning will become an error in a future release.
src\06_Portal_and_Integrations\page\PostedImprestRequisitionsUP.Page.al(257,9): warning AL0667: 'InDataSet' is being deprecated in the versions: '11.0' or greater. The InDataset attribute is unused. This warning will become an error in a future release.
src\06_Portal_and_Integrations\page\PostedImprestRequisitionsUP.Page.al(260,9): warning AL0667: 'InDataSet' is being deprecated in the versions: '11.0' or greater. The InDataset attribute is unused. This warning will become an error in a future release.
src\06_Portal_and_Integrations\page\PostedImprestRequisitionsUP.Page.al(262,9): warning AL0667: 'InDataSet' is being deprecated in the versions: '11.0' or greater. The InDataset attribute is unused. This warning will become an error in a future release.
src\06_Portal_and_Integrations\page\PostedImprestRequisitionsUP.Page.al(264,9): warning AL0667: 'InDataSet' is being deprecated in the versions: '11.0' or greater. The InDataset attribute is unused. This warning will become an error in a future release.
src\06_Portal_and_Integrations\page\PostedImprestSurrenderUP.Page.al(406,21): warning AL0299: Member name 'OnAfterGetCurrRecord' is only allowed on triggers. This warning will become an error in a future release.
src\06_Portal_and_Integrations\page\SMSBroadcastCard1.Page.al(31,32): warning AL0269: The referenced page '"SMS Receipients1"' should be a list part or a card part. This warning will become an error in a future release.
src\05_Inventory_and_Procurement\table\PurchaseQuoteLine.Table.al(372,62): warning AL0603: An implicit conversion is being performed from a value of type 'Option' to a value of type 'Enum Microsoft.Purchases.Document."Purchase Document Type"'. This conversion can lead to unexpected runtime issues.
src\07_Administration_and_Security\page\HumanResourceRoleCentre.Page.al(26,45): warning AL0269: The referenced page '"Requests to Approve"' should be a list part or a card part. This warning will become an error in a future release.
src\07_Administration_and_Security\page\LitigationCard.Page.al(303,25): warning AL0482: The image settle is not valid in this context. Verify the image name is correct and supported for this control type.
src\05_Inventory_and_Procurement\page\PurchaseRequisition.Page.al(689,9): warning AL0667: 'InDataSet' is being deprecated in the versions: '11.0' or greater. The InDataset attribute is unused. This warning will become an error in a future release.
src\05_Inventory_and_Procurement\page\PurchaseRequisition.Page.al(691,9): warning AL0667: 'InDataSet' is being deprecated in the versions: '11.0' or greater. The InDataset attribute is unused. This warning will become an error in a future release.
src\05_Inventory_and_Procurement\page\PurchaseRequisition.Page.al(693,9): warning AL0667: 'InDataSet' is being deprecated in the versions: '11.0' or greater. The InDataset attribute is unused. This warning will become an error in a future release.
src\05_Inventory_and_Procurement\page\ItemList.Page.al(1095,40): warning AL0432: Report 'Inventory - Availability Plan' is marked for removal. Reason: This report has been replaced by the report Inventory - Availability Plan (Excel). This report will be removed in a future release.. Tag: 28.0.
src\05_Inventory_and_Procurement\page\ItemList.Page.al(1202,44): warning AL0432: Report 'Compare List' is marked for removal. Reason: This report has been replaced by the "Compare Production Cost Shares" report and will be removed in a future release.. Tag: 27.0.
src\05_Inventory_and_Procurement\page\ItemList.Page.al(1231,44): warning AL0432: Report 'Item Age Composition - Qty.' is marked for removal. Reason: This report has been deprecated and will be merged into the Item Age Composition - (Value and Quantity) report in a future release.. Tag: 28.0.
src\05_Inventory_and_Procurement\table\PurchaseQuoteLine.Table.al(995,87): warning AL0603: An implicit conversion is being performed from a value of type 'Option' to a value of type 'Enum Microsoft.Purchases.Document."Purchase Document Type"'. This conversion can lead to unexpected runtime issues.
src\07_Administration_and_Security\page\CEORoleCenter.Page.al(754,42): warning AL0432: Codeunit 'Run Template Balance Sheet' is marked for removal. Reason: This report is deprecated and will be removed in a future release.. Tag: 26.0.
src\07_Administration_and_Security\page\CEORoleCenter.Page.al(765,42): warning AL0432: Codeunit 'Run Template Income Stmt.' is marked for removal. Reason: This report is deprecated and will be removed in a future release.. Tag: 26.0.
src\07_Administration_and_Security\page\CEORoleCenter.Page.al(776,42): warning AL0432: Codeunit 'Run Template CashFlow Stmt.' is marked for removal. Reason: This report is deprecated and will be removed in a future release.. Tag: 26.0.
src\07_Administration_and_Security\page\CEORoleCenter.Page.al(787,42): warning AL0432: Codeunit 'Run Template Retained Earn.' is marked for removal. Reason: This report is deprecated and will be removed in a future release.. Tag: 26.0.
src\05_Inventory_and_Procurement\table\PurchaseQuoteLine.Table.al(1005,86): warning AL0603: An implicit conversion is being performed from a value of type 'Option' to a value of type 'Enum Microsoft.Purchases.Document."Purchase Document Type"'. This conversion can lead to unexpected runtime issues.
src\07_Administration_and_Security\page\RiskRoleCenter.Page.al(27,33): warning AL0269: The referenced page '"Copy Profile"' should be a list part or a card part. This warning will become an error in a future release.
src\07_Administration_and_Security\page\SecurityRoleCenter.Page.al(29,33): warning AL0269: The referenced page '"Copy Profile"' should be a list part or a card part. This warning will become an error in a future release.
src\07_Administration_and_Security\page\SecurityRoleCenter.Page.al(82,29): warning AL0482: The image setup is not valid in this context. Verify the image name is correct and supported for this control type.
src\05_Inventory_and_Procurement\page\PurchaseRequisitionApproved.Page.al(1028,9): warning AL0667: 'InDataSet' is being deprecated in the versions: '11.0' or greater. The InDataset attribute is unused. This warning will become an error in a future release.
src\05_Inventory_and_Procurement\page\PurchaseRequisitionApproved.Page.al(1030,9): warning AL0667: 'InDataSet' is being deprecated in the versions: '11.0' or greater. The InDataset attribute is unused. This warning will become an error in a future release.
src\05_Inventory_and_Procurement\page\PurchaseRequisitionApproved.Page.al(1032,9): warning AL0667: 'InDataSet' is being deprecated in the versions: '11.0' or greater. The InDataset attribute is unused. This warning will become an error in a future release.
src\07_Administration_and_Security\table\AuditChecklists.Table.al(91,41): warning AL0685: The length '30' of the calculation formula's target field 'Audit Programme' is greater than the length '20' of the source flow field '"Audit Programme"'. This could result in a runtime error. Make sure that the target field's length is less than equal to the source field length. This warning will become an error in a future release.
src\07_Administration_and_Security\page\InternalAuditMeetingsCard.Page.al(63,29): warning AL0269: The referenced page '"HR Policies"' should be a list part or a card part. This warning will become an error in a future release.
src\07_Administration_and_Security\page\InternalAuditsCard.Page.al(102,29): warning AL0269: The referenced page '"Audit Checklists"' should be a list part or a card part. This warning will become an error in a future release.
src\07_Administration_and_Security\page\CorporateRoleCenter.Page.al(12,32): warning AL0269: The referenced page '"Risk Card"' should be a list part or a card part. This warning will become an error in a future release.
src\07_Administration_and_Security\page\CorporateRoleCenter.Page.al(29,33): warning AL0269: The referenced page '"Copy Profile"' should be a list part or a card part. This warning will become an error in a future release.
src\07_Administration_and_Security\page\CorporateRoleCenter.Page.al(48,25): warning AL0482: The image setup is not valid in this context. Verify the image name is correct and supported for this control type.
src\04_Clinical_and_Patient_Management\page\AdmissionHeaderDischarged.Page.al(95,33): warning AL0604: Use of implicit 'with' will be removed in the future. Qualify with 'Rec'. This warning will become an error in a future release.
src\04_Clinical_and_Patient_Management\page\UnsyncedVisitsInvoices.Page.al(107,25): warning AL0482: The image report is not valid in this context. Verify the image name is correct and supported for this control type.
src\07_Administration_and_Security\page\LegalRoleCenter.Page.al(29,33): warning AL0269: The referenced page '"Copy Profile"' should be a list part or a card part. This warning will become an error in a future release.
src\07_Administration_and_Security\page\LegalRoleCenter.Page.al(48,25): warning AL0482: The image setup is not valid in this context. Verify the image name is correct and supported for this control type.
src\05_Inventory_and_Procurement\page\ItemList.Page.al(2130,9): warning AL0667: 'InDataSet' is being deprecated in the versions: '11.0' or greater. The InDataset attribute is unused. This warning will become an error in a future release.
src\05_Inventory_and_Procurement\page\ItemList.Page.al(2132,9): warning AL0667: 'InDataSet' is being deprecated in the versions: '11.0' or greater. The InDataset attribute is unused. This warning will become an error in a future release.
src\07_Administration_and_Security\permissionset\PermissionSets.PermissionSet.al(84,19): warning AL0432: Table 'Child Registration List' is marked for removal. Reason: This table is no longer in use..
src\07_Administration_and_Security\permissionset\PermissionSets.PermissionSet.al(206,19): warning AL0432: Table 'HMS Mothers List' is marked for removal. Reason: This table is no longer in use..
src\07_Administration_and_Security\permissionset\PermissionSets.PermissionSet.al(657,15): warning AL0432: Table 'Child Registration List' is marked for removal. Reason: This table is no longer in use..
src\07_Administration_and_Security\permissionset\PermissionSets.PermissionSet.al(779,15): warning AL0432: Table 'HMS Mothers List' is marked for removal. Reason: This table is no longer in use..
src\05_Inventory_and_Procurement\page\VendorList.Page.al(881,40): warning AL0432: Report 'Vendor - List' is marked for removal. Reason: This report is obsolete and will be removed in a future release. See the documentation for alternative options.. Tag: 28.0.
src\05_Inventory_and_Procurement\page\VendorList.Page.al(911,40): warning AL0432: Report 'Vendor - Top 10 List' is marked for removal. Reason: This report has been replaced by the report Vendor - Top List (Excel). This report will be removed in a future release.. Tag: 28.0.
src\05_Inventory_and_Procurement\page\VendorList.Page.al(969,40): warning AL0432: Report 'Payments on Hold' is marked for removal. Reason: This report is obsolete and will be removed in a future release. See the documentation for alternative options.. Tag: 28.0.
src\05_Inventory_and_Procurement\page\VendorList.Page.al(976,40): warning AL0432: Report 'Vendor - Summary Aging' is marked for removal. Reason: This report is obsolete and will be removed in a future release. See the documentation for alternative options.. Tag: 28.0.
src\05_Inventory_and_Procurement\page\VendorList.Page.al(983,40): warning AL0432: Report 'Aged Accounts Payable' is marked for removal. Reason: This report has been replaced by the report Aged Accounts Payable (Excel). This report will be removed in a future release.. Tag: 28.0.
src\05_Inventory_and_Procurement\page\PurchaseCreditMemos.Page.al(508,40): warning AL0432: Report 'Vendor - Top 10 List' is marked for removal. Reason: This report has been replaced by the report Vendor - Top List (Excel). This report will be removed in a future release.. Tag: 28.0.
src\05_Inventory_and_Procurement\page\PurchaseCreditMemos.Page.al(556,40): warning AL0432: Report 'Vendor - Summary Aging' is marked for removal. Reason: This report is obsolete and will be removed in a future release. See the documentation for alternative options.. Tag: 28.0.
src\05_Inventory_and_Procurement\page\PurchaseCreditMemos.Page.al(563,40): warning AL0432: Report 'Aged Accounts Payable' is marked for removal. Reason: This report has been replaced by the report Aged Accounts Payable (Excel). This report will be removed in a future release.. Tag: 28.0.
src\05_Inventory_and_Procurement\page\PurchaseCreditMemos.Page.al(604,9): warning AL0667: 'InDataSet' is being deprecated in the versions: '11.0' or greater. The InDataset attribute is unused. This warning will become an error in a future release.
src\05_Inventory_and_Procurement\table\VendorCategoryAllocation.Table.al(14,37): warning AL0685: The length '100' of the calculation formula's target field 'Name' is greater than the length '50' of the source flow field '"Vendor Name"'. This could result in a runtime error. Make sure that the target field's length is less than equal to the source field length. This warning will become an error in a future release.
src\02_Finance_and_GL\report\TrialBalance3.Report.al(5,5): warning AL0835: The LayoutFile './Layouts/Trial Balance1.rdl' is already being used. To avoid build issues, a layout file shouldn't be updated by different layouts.
src\03_Human_Resources_and_Payroll\report\FlashRevenue.Report.al(4,5): warning AL0835: The LayoutFile './Layouts/ReceiptsPerTransactionType.rdl' is already being used. To avoid build issues, a layout file shouldn't be updated by different layouts.
src\09_Business_Operations\report\P9ReportFinal.Report.al(4,5): warning AL0835: The LayoutFile './Layouts/P9ReportFinal.rdl' is already being used. To avoid build issues, a layout file shouldn't be updated by different layouts.
src\03_Human_Resources_and_Payroll\page\HRDisciplinaryCasesList.Page.al(130,93): warning AL0603: An implicit conversion is being performed from a value of type 'Option' to a value of type 'Enum System.Automation."Approval Document Type"'. This conversion can lead to unexpected runtime issues.
src\05_Inventory_and_Procurement\page\ApplyVendorEntries2.Page.al(29,21): warning AL0600: The property 'OptionCaption' can only be set on elements of type Option. This warning will become an error in a future release.
src\04_Clinical_and_Patient_Management\page\HMSLabRole.Page.al(98,21): warning AL0729: The Property 'Promoted' can only be used if the property 'PageType' is set with any of the values of: 'Card,Document,List,ListPlus,Worksheet' This warning will become an error in a future release.
src\04_Clinical_and_Patient_Management\page\HMSLabRole.Page.al(99,21): warning AL0729: The Property 'PromotedIsBig' can only be used if the property 'PageType' is set with any of the values of: 'Card,Document,List,ListPlus,Worksheet' This warning will become an error in a future release.
src\04_Clinical_and_Patient_Management\page\HMSLabRole.Page.al(108,21): warning AL0729: The Property 'Promoted' can only be used if the property 'PageType' is set with any of the values of: 'Card,Document,List,ListPlus,Worksheet' This warning will become an error in a future release.
src\04_Clinical_and_Patient_Management\page\HMSLabRole.Page.al(109,21): warning AL0729: The Property 'PromotedIsBig' can only be used if the property 'PageType' is set with any of the values of: 'Card,Document,List,ListPlus,Worksheet' This warning will become an error in a future release.
src\04_Clinical_and_Patient_Management\page\HMSLabRole.Page.al(118,21): warning AL0729: The Property 'Promoted' can only be used if the property 'PageType' is set with any of the values of: 'Card,Document,List,ListPlus,Worksheet' This warning will become an error in a future release.
src\04_Clinical_and_Patient_Management\page\HMSLabRole.Page.al(119,21): warning AL0729: The Property 'PromotedIsBig' can only be used if the property 'PageType' is set with any of the values of: 'Card,Document,List,ListPlus,Worksheet' This warning will become an error in a future release.
src\04_Clinical_and_Patient_Management\page\HMSLabRole.Page.al(128,21): warning AL0729: The Property 'Promoted' can only be used if the property 'PageType' is set with any of the values of: 'Card,Document,List,ListPlus,Worksheet' This warning will become an error in a future release.
src\04_Clinical_and_Patient_Management\page\HMSLabRole.Page.al(129,21): warning AL0729: The Property 'PromotedIsBig' can only be used if the property 'PageType' is set with any of the values of: 'Card,Document,List,ListPlus,Worksheet' This warning will become an error in a future release.
src\04_Clinical_and_Patient_Management\page\HMSLabRole.Page.al(138,21): warning AL0729: The Property 'Promoted' can only be used if the property 'PageType' is set with any of the values of: 'Card,Document,List,ListPlus,Worksheet' This warning will become an error in a future release.
src\04_Clinical_and_Patient_Management\page\HMSLabRole.Page.al(139,21): warning AL0729: The Property 'PromotedIsBig' can only be used if the property 'PageType' is set with any of the values of: 'Card,Document,List,ListPlus,Worksheet' This warning will become an error in a future release.
src\04_Clinical_and_Patient_Management\page\HMSLabRole.Page.al(148,21): warning AL0729: The Property 'Promoted' can only be used if the property 'PageType' is set with any of the values of: 'Card,Document,List,ListPlus,Worksheet' This warning will become an error in a future release.
src\04_Clinical_and_Patient_Management\page\HMSLabRole.Page.al(149,21): warning AL0729: The Property 'PromotedIsBig' can only be used if the property 'PageType' is set with any of the values of: 'Card,Document,List,ListPlus,Worksheet' This warning will become an error in a future release.
src\04_Clinical_and_Patient_Management\page\HMSLabRole.Page.al(158,21): warning AL0729: The Property 'Promoted' can only be used if the property 'PageType' is set with any of the values of: 'Card,Document,List,ListPlus,Worksheet' This warning will become an error in a future release.
src\04_Clinical_and_Patient_Management\page\HMSLabRole.Page.al(159,21): warning AL0729: The Property 'PromotedIsBig' can only be used if the property 'PageType' is set with any of the values of: 'Card,Document,List,ListPlus,Worksheet' This warning will become an error in a future release.
src\04_Clinical_and_Patient_Management\page\HMSLabRole.Page.al(168,21): warning AL0729: The Property 'Promoted' can only be used if the property 'PageType' is set with any of the values of: 'Card,Document,List,ListPlus,Worksheet' This warning will become an error in a future release.
src\04_Clinical_and_Patient_Management\page\HMSLabRole.Page.al(169,21): warning AL0729: The Property 'PromotedIsBig' can only be used if the property 'PageType' is set with any of the values of: 'Card,Document,List,ListPlus,Worksheet' This warning will become an error in a future release.
src\04_Clinical_and_Patient_Management\page\HMSLabRole.Page.al(178,21): warning AL0729: The Property 'Promoted' can only be used if the property 'PageType' is set with any of the values of: 'Card,Document,List,ListPlus,Worksheet' This warning will become an error in a future release.
src\04_Clinical_and_Patient_Management\page\HMSLabRole.Page.al(179,21): warning AL0729: The Property 'PromotedIsBig' can only be used if the property 'PageType' is set with any of the values of: 'Card,Document,List,ListPlus,Worksheet' This warning will become an error in a future release.
src\04_Clinical_and_Patient_Management\page\HMSLabRole.Page.al(194,21): warning AL0729: The Property 'Promoted' can only be used if the property 'PageType' is set with any of the values of: 'Card,Document,List,ListPlus,Worksheet' This warning will become an error in a future release.
src\04_Clinical_and_Patient_Management\page\HMSLabRole.Page.al(195,21): warning AL0729: The Property 'PromotedCategory' can only be used if the property 'PageType' is set with any of the values of: 'Card,Document,List,ListPlus,Worksheet' This warning will become an error in a future release.
src\04_Clinical_and_Patient_Management\page\HMSLabRole.Page.al(205,21): warning AL0729: The Property 'Promoted' can only be used if the property 'PageType' is set with any of the values of: 'Card,Document,List,ListPlus,Worksheet' This warning will become an error in a future release.
src\04_Clinical_and_Patient_Management\page\HMSLabRole.Page.al(206,21): warning AL0729: The Property 'PromotedCategory' can only be used if the property 'PageType' is set with any of the values of: 'Card,Document,List,ListPlus,Worksheet' This warning will become an error in a future release.
src\04_Clinical_and_Patient_Management\page\HMSLabRole.Page.al(215,21): warning AL0729: The Property 'Promoted' can only be used if the property 'PageType' is set with any of the values of: 'Card,Document,List,ListPlus,Worksheet' This warning will become an error in a future release.
src\04_Clinical_and_Patient_Management\page\HMSLabRole.Page.al(216,21): warning AL0729: The Property 'PromotedCategory' can only be used if the property 'PageType' is set with any of the values of: 'Card,Document,List,ListPlus,Worksheet' This warning will become an error in a future release.
src\04_Clinical_and_Patient_Management\page\HMSLabRole.Page.al(225,21): warning AL0729: The Property 'Promoted' can only be used if the property 'PageType' is set with any of the values of: 'Card,Document,List,ListPlus,Worksheet' This warning will become an error in a future release.
src\04_Clinical_and_Patient_Management\page\HMSLabRole.Page.al(226,21): warning AL0729: The Property 'PromotedCategory' can only be used if the property 'PageType' is set with any of the values of: 'Card,Document,List,ListPlus,Worksheet' This warning will become an error in a future release.
src\04_Clinical_and_Patient_Management\page\HMSLabRole.Page.al(236,21): warning AL0729: The Property 'Promoted' can only be used if the property 'PageType' is set with any of the values of: 'Card,Document,List,ListPlus,Worksheet' This warning will become an error in a future release.
src\04_Clinical_and_Patient_Management\page\HMSLabRole.Page.al(237,21): warning AL0729: The Property 'PromotedCategory' can only be used if the property 'PageType' is set with any of the values of: 'Card,Document,List,ListPlus,Worksheet' This warning will become an error in a future release.
src\04_Clinical_and_Patient_Management\page\HMSLabRole.Page.al(247,21): warning AL0729: The Property 'Promoted' can only be used if the property 'PageType' is set with any of the values of: 'Card,Document,List,ListPlus,Worksheet' This warning will become an error in a future release.
src\04_Clinical_and_Patient_Management\page\HMSLabRole.Page.al(248,21): warning AL0729: The Property 'PromotedCategory' can only be used if the property 'PageType' is set with any of the values of: 'Card,Document,List,ListPlus,Worksheet' This warning will become an error in a future release.
src\04_Clinical_and_Patient_Management\page\HMSLabRole.Page.al(257,21): warning AL0729: The Property 'Promoted' can only be used if the property 'PageType' is set with any of the values of: 'Card,Document,List,ListPlus,Worksheet' This warning will become an error in a future release.
src\04_Clinical_and_Patient_Management\page\HMSLabRole.Page.al(258,21): warning AL0729: The Property 'PromotedCategory' can only be used if the property 'PageType' is set with any of the values of: 'Card,Document,List,ListPlus,Worksheet' This warning will become an error in a future release.
src\04_Clinical_and_Patient_Management\page\HMSLabRole.Page.al(267,21): warning AL0729: The Property 'Promoted' can only be used if the property 'PageType' is set with any of the values of: 'Card,Document,List,ListPlus,Worksheet' This warning will become an error in a future release.
src\04_Clinical_and_Patient_Management\page\HMSLabRole.Page.al(268,21): warning AL0729: The Property 'PromotedCategory' can only be used if the property 'PageType' is set with any of the values of: 'Card,Document,List,ListPlus,Worksheet' This warning will become an error in a future release.
src\04_Clinical_and_Patient_Management\page\HMSLabRole.Page.al(283,21): warning AL0729: The Property 'Promoted' can only be used if the property 'PageType' is set with any of the values of: 'Card,Document,List,ListPlus,Worksheet' This warning will become an error in a future release.
src\04_Clinical_and_Patient_Management\page\HMSLabRole.Page.al(292,21): warning AL0729: The Property 'Promoted' can only be used if the property 'PageType' is set with any of the values of: 'Card,Document,List,ListPlus,Worksheet' This warning will become an error in a future release.
src\04_Clinical_and_Patient_Management\page\HMSLabRole.Page.al(313,21): warning AL0729: The Property 'Promoted' can only be used if the property 'PageType' is set with any of the values of: 'Card,Document,List,ListPlus,Worksheet' This warning will become an error in a future release.
src\04_Clinical_and_Patient_Management\page\HMSLabRole.Page.al(322,21): warning AL0729: The Property 'Promoted' can only be used if the property 'PageType' is set with any of the values of: 'Card,Document,List,ListPlus,Worksheet' This warning will become an error in a future release.
src\04_Clinical_and_Patient_Management\page\HMSLabRole.Page.al(331,21): warning AL0729: The Property 'Promoted' can only be used if the property 'PageType' is set with any of the values of: 'Card,Document,List,ListPlus,Worksheet' This warning will become an error in a future release.
src\04_Clinical_and_Patient_Management\page\HMSLabRole.Page.al(345,21): warning AL0729: The Property 'Promoted' can only be used if the property 'PageType' is set with any of the values of: 'Card,Document,List,ListPlus,Worksheet' This warning will become an error in a future release.
src\04_Clinical_and_Patient_Management\page\HMSLabRole.Page.al(346,21): warning AL0729: The Property 'PromotedCategory' can only be used if the property 'PageType' is set with any of the values of: 'Card,Document,List,ListPlus,Worksheet' This warning will become an error in a future release.
src\04_Clinical_and_Patient_Management\page\HMSLabRole.Page.al(347,21): warning AL0729: The Property 'PromotedIsBig' can only be used if the property 'PageType' is set with any of the values of: 'Card,Document,List,ListPlus,Worksheet' This warning will become an error in a future release.
src\04_Clinical_and_Patient_Management\page\HMSLabRole.Page.al(357,21): warning AL0729: The Property 'Promoted' can only be used if the property 'PageType' is set with any of the values of: 'Card,Document,List,ListPlus,Worksheet' This warning will become an error in a future release.
src\04_Clinical_and_Patient_Management\page\HMSLabRole.Page.al(358,21): warning AL0729: The Property 'PromotedCategory' can only be used if the property 'PageType' is set with any of the values of: 'Card,Document,List,ListPlus,Worksheet' This warning will become an error in a future release.
src\04_Clinical_and_Patient_Management\page\HMSLabRole.Page.al(359,21): warning AL0729: The Property 'PromotedIsBig' can only be used if the property 'PageType' is set with any of the values of: 'Card,Document,List,ListPlus,Worksheet' This warning will become an error in a future release.
src\04_Clinical_and_Patient_Management\page\HMSLabWaitingList.Page.al(59,9): warning AL0604: Use of implicit 'with' will be removed in the future. Qualify with 'Rec'. This warning will become an error in a future release.
src\04_Clinical_and_Patient_Management\page\HMSLabWaitingList.Page.al(62,17): warning AL0604: Use of implicit 'with' will be removed in the future. Qualify with 'Rec'. This warning will become an error in a future release.
src\04_Clinical_and_Patient_Management\page\HMSLabWaitingList.Page.al(68,58): warning AL0604: Use of implicit 'with' will be removed in the future. Qualify with 'Rec'. This warning will become an error in a future release.
src\04_Clinical_and_Patient_Management\page\HMSNursesRoleCentre.Page.al(39,21): warning AL0729: The Property 'Promoted' can only be used if the property 'PageType' is set with any of the values of: 'Card,Document,List,ListPlus,Worksheet' This warning will become an error in a future release.
src\04_Clinical_and_Patient_Management\page\HMSNursesRoleCentre.Page.al(40,21): warning AL0729: The Property 'PromotedCategory' can only be used if the property 'PageType' is set with any of the values of: 'Card,Document,List,ListPlus,Worksheet' This warning will become an error in a future release.
src\04_Clinical_and_Patient_Management\page\HMSNursesRoleCentre.Page.al(41,21): warning AL0729: The Property 'PromotedIsBig' can only be used if the property 'PageType' is set with any of the values of: 'Card,Document,List,ListPlus,Worksheet' This warning will become an error in a future release.
src\04_Clinical_and_Patient_Management\page\HMSNursesRoleCentre.Page.al(49,21): warning AL0729: The Property 'Promoted' can only be used if the property 'PageType' is set with any of the values of: 'Card,Document,List,ListPlus,Worksheet' This warning will become an error in a future release.
src\04_Clinical_and_Patient_Management\page\HMSNursesRoleCentre.Page.al(50,21): warning AL0729: The Property 'PromotedCategory' can only be used if the property 'PageType' is set with any of the values of: 'Card,Document,List,ListPlus,Worksheet' This warning will become an error in a future release.
src\04_Clinical_and_Patient_Management\page\HMSNursesRoleCentre.Page.al(63,21): warning AL0729: The Property 'Promoted' can only be used if the property 'PageType' is set with any of the values of: 'Card,Document,List,ListPlus,Worksheet' This warning will become an error in a future release.
src\04_Clinical_and_Patient_Management\page\HMSNursesRoleCentre.Page.al(64,21): warning AL0729: The Property 'PromotedCategory' can only be used if the property 'PageType' is set with any of the values of: 'Card,Document,List,ListPlus,Worksheet' This warning will become an error in a future release.
src\04_Clinical_and_Patient_Management\page\HMSNursesRoleCentre.Page.al(72,21): warning AL0729: The Property 'Promoted' can only be used if the property 'PageType' is set with any of the values of: 'Card,Document,List,ListPlus,Worksheet' This warning will become an error in a future release.
src\04_Clinical_and_Patient_Management\page\HMSNursesRoleCentre.Page.al(80,21): warning AL0729: The Property 'Promoted' can only be used if the property 'PageType' is set with any of the values of: 'Card,Document,List,ListPlus,Worksheet' This warning will become an error in a future release.
src\04_Clinical_and_Patient_Management\page\HMSNursesRoleCentre.Page.al(81,21): warning AL0729: The Property 'PromotedCategory' can only be used if the property 'PageType' is set with any of the values of: 'Card,Document,List,ListPlus,Worksheet' This warning will become an error in a future release.
src\04_Clinical_and_Patient_Management\page\HMSNursesRoleCentre.Page.al(93,21): warning AL0729: The Property 'Promoted' can only be used if the property 'PageType' is set with any of the values of: 'Card,Document,List,ListPlus,Worksheet' This warning will become an error in a future release.
src\04_Clinical_and_Patient_Management\page\HMSNursesRoleCentre.Page.al(94,21): warning AL0729: The Property 'PromotedIsBig' can only be used if the property 'PageType' is set with any of the values of: 'Card,Document,List,ListPlus,Worksheet' This warning will become an error in a future release.
src\04_Clinical_and_Patient_Management\page\HMSNursesRoleCentre.Page.al(102,21): warning AL0729: The Property 'Promoted' can only be used if the property 'PageType' is set with any of the values of: 'Card,Document,List,ListPlus,Worksheet' This warning will become an error in a future release.
src\04_Clinical_and_Patient_Management\page\HMSNursesRoleCentre.Page.al(103,21): warning AL0729: The Property 'PromotedIsBig' can only be used if the property 'PageType' is set with any of the values of: 'Card,Document,List,ListPlus,Worksheet' This warning will become an error in a future release.
src\04_Clinical_and_Patient_Management\page\HMSNursesRoleCentre.Page.al(119,25): warning AL0729: The Property 'Promoted' can only be used if the property 'PageType' is set with any of the values of: 'Card,Document,List,ListPlus,Worksheet' This warning will become an error in a future release.
src\04_Clinical_and_Patient_Management\page\HMSNursesRoleCentre.Page.al(120,25): warning AL0729: The Property 'PromotedIsBig' can only be used if the property 'PageType' is set with any of the values of: 'Card,Document,List,ListPlus,Worksheet' This warning will become an error in a future release.
src\04_Clinical_and_Patient_Management\page\HMSNursesRoleCentre.Page.al(128,25): warning AL0729: The Property 'Promoted' can only be used if the property 'PageType' is set with any of the values of: 'Card,Document,List,ListPlus,Worksheet' This warning will become an error in a future release.
src\04_Clinical_and_Patient_Management\page\HMSNursesRoleCentre.Page.al(129,25): warning AL0729: The Property 'PromotedIsBig' can only be used if the property 'PageType' is set with any of the values of: 'Card,Document,List,ListPlus,Worksheet' This warning will become an error in a future release.
src\04_Clinical_and_Patient_Management\page\HMSNursesRoleCentre.Page.al(137,25): warning AL0729: The Property 'Promoted' can only be used if the property 'PageType' is set with any of the values of: 'Card,Document,List,ListPlus,Worksheet' This warning will become an error in a future release.
src\04_Clinical_and_Patient_Management\page\HMSNursesRoleCentre.Page.al(138,25): warning AL0729: The Property 'PromotedIsBig' can only be used if the property 'PageType' is set with any of the values of: 'Card,Document,List,ListPlus,Worksheet' This warning will become an error in a future release.
src\04_Clinical_and_Patient_Management\page\HMSNursesRoleCentre.Page.al(146,25): warning AL0729: The Property 'Promoted' can only be used if the property 'PageType' is set with any of the values of: 'Card,Document,List,ListPlus,Worksheet' This warning will become an error in a future release.
src\04_Clinical_and_Patient_Management\page\HMSNursesRoleCentre.Page.al(147,25): warning AL0729: The Property 'PromotedIsBig' can only be used if the property 'PageType' is set with any of the values of: 'Card,Document,List,ListPlus,Worksheet' This warning will become an error in a future release.
src\04_Clinical_and_Patient_Management\page\HMSNursesRoleCentre.Page.al(155,25): warning AL0729: The Property 'Promoted' can only be used if the property 'PageType' is set with any of the values of: 'Card,Document,List,ListPlus,Worksheet' This warning will become an error in a future release.
src\04_Clinical_and_Patient_Management\page\HMSNursesRoleCentre.Page.al(156,25): warning AL0729: The Property 'PromotedIsBig' can only be used if the property 'PageType' is set with any of the values of: 'Card,Document,List,ListPlus,Worksheet' This warning will become an error in a future release.
src\04_Clinical_and_Patient_Management\page\HMSNursesRoleCentre.Page.al(164,25): warning AL0729: The Property 'Promoted' can only be used if the property 'PageType' is set with any of the values of: 'Card,Document,List,ListPlus,Worksheet' This warning will become an error in a future release.
src\04_Clinical_and_Patient_Management\page\HMSNursesRoleCentre.Page.al(165,25): warning AL0729: The Property 'PromotedIsBig' can only be used if the property 'PageType' is set with any of the values of: 'Card,Document,List,ListPlus,Worksheet' This warning will become an error in a future release.
src\04_Clinical_and_Patient_Management\page\HMSNursesRoleCentre.Page.al(173,25): warning AL0729: The Property 'Promoted' can only be used if the property 'PageType' is set with any of the values of: 'Card,Document,List,ListPlus,Worksheet' This warning will become an error in a future release.
src\04_Clinical_and_Patient_Management\page\HMSNursesRoleCentre.Page.al(174,25): warning AL0729: The Property 'PromotedIsBig' can only be used if the property 'PageType' is set with any of the values of: 'Card,Document,List,ListPlus,Worksheet' This warning will become an error in a future release.
src\04_Clinical_and_Patient_Management\page\HMSNursesRoleCentre.Page.al(182,25): warning AL0729: The Property 'Promoted' can only be used if the property 'PageType' is set with any of the values of: 'Card,Document,List,ListPlus,Worksheet' This warning will become an error in a future release.
src\04_Clinical_and_Patient_Management\page\HMSNursesRoleCentre.Page.al(183,25): warning AL0729: The Property 'PromotedIsBig' can only be used if the property 'PageType' is set with any of the values of: 'Card,Document,List,ListPlus,Worksheet' This warning will become an error in a future release.
src\04_Clinical_and_Patient_Management\page\HMSNursesRoleCentre.Page.al(191,25): warning AL0729: The Property 'Promoted' can only be used if the property 'PageType' is set with any of the values of: 'Card,Document,List,ListPlus,Worksheet' This warning will become an error in a future release.
src\04_Clinical_and_Patient_Management\page\HMSNursesRoleCentre.Page.al(192,25): warning AL0729: The Property 'PromotedIsBig' can only be used if the property 'PageType' is set with any of the values of: 'Card,Document,List,ListPlus,Worksheet' This warning will become an error in a future release.
src\04_Clinical_and_Patient_Management\page\HMSNursesRoleCentre.Page.al(200,25): warning AL0729: The Property 'Promoted' can only be used if the property 'PageType' is set with any of the values of: 'Card,Document,List,ListPlus,Worksheet' This warning will become an error in a future release.
src\04_Clinical_and_Patient_Management\page\HMSNursesRoleCentre.Page.al(201,25): warning AL0729: The Property 'PromotedIsBig' can only be used if the property 'PageType' is set with any of the values of: 'Card,Document,List,ListPlus,Worksheet' This warning will become an error in a future release.
src\04_Clinical_and_Patient_Management\page\HMSNursesRoleCentre.Page.al(209,25): warning AL0729: The Property 'Promoted' can only be used if the property 'PageType' is set with any of the values of: 'Card,Document,List,ListPlus,Worksheet' This warning will become an error in a future release.
src\04_Clinical_and_Patient_Management\page\HMSNursesRoleCentre.Page.al(210,25): warning AL0729: The Property 'PromotedIsBig' can only be used if the property 'PageType' is set with any of the values of: 'Card,Document,List,ListPlus,Worksheet' This warning will become an error in a future release.
src\04_Clinical_and_Patient_Management\page\HMSNursesRoleCentre.Page.al(218,25): warning AL0729: The Property 'Promoted' can only be used if the property 'PageType' is set with any of the values of: 'Card,Document,List,ListPlus,Worksheet' This warning will become an error in a future release.
src\04_Clinical_and_Patient_Management\page\HMSNursesRoleCentre.Page.al(219,25): warning AL0729: The Property 'PromotedIsBig' can only be used if the property 'PageType' is set with any of the values of: 'Card,Document,List,ListPlus,Worksheet' This warning will become an error in a future release.
src\04_Clinical_and_Patient_Management\page\HMSNursesRoleCentre.Page.al(243,25): warning AL0729: The Property 'Promoted' can only be used if the property 'PageType' is set with any of the values of: 'Card,Document,List,ListPlus,Worksheet' This warning will become an error in a future release.
src\04_Clinical_and_Patient_Management\page\HMSNursesRoleCentre.Page.al(244,25): warning AL0729: The Property 'PromotedIsBig' can only be used if the property 'PageType' is set with any of the values of: 'Card,Document,List,ListPlus,Worksheet' This warning will become an error in a future release.
src\04_Clinical_and_Patient_Management\page\HMSNursesRoleCentre.Page.al(252,25): warning AL0729: The Property 'Promoted' can only be used if the property 'PageType' is set with any of the values of: 'Card,Document,List,ListPlus,Worksheet' This warning will become an error in a future release.
src\04_Clinical_and_Patient_Management\page\HMSNursesRoleCentre.Page.al(253,25): warning AL0729: The Property 'PromotedIsBig' can only be used if the property 'PageType' is set with any of the values of: 'Card,Document,List,ListPlus,Worksheet' This warning will become an error in a future release.
src\04_Clinical_and_Patient_Management\page\HMSNursesRoleCentre.Page.al(261,25): warning AL0729: The Property 'Promoted' can only be used if the property 'PageType' is set with any of the values of: 'Card,Document,List,ListPlus,Worksheet' This warning will become an error in a future release.
src\04_Clinical_and_Patient_Management\page\HMSNursesRoleCentre.Page.al(262,25): warning AL0729: The Property 'PromotedCategory' can only be used if the property 'PageType' is set with any of the values of: 'Card,Document,List,ListPlus,Worksheet' This warning will become an error in a future release.
src\04_Clinical_and_Patient_Management\page\HMSNursesRoleCentre.Page.al(270,25): warning AL0729: The Property 'Promoted' can only be used if the property 'PageType' is set with any of the values of: 'Card,Document,List,ListPlus,Worksheet' This warning will become an error in a future release.
src\04_Clinical_and_Patient_Management\page\HMSNursesRoleCentre.Page.al(271,25): warning AL0729: The Property 'PromotedCategory' can only be used if the property 'PageType' is set with any of the values of: 'Card,Document,List,ListPlus,Worksheet' This warning will become an error in a future release.
src\04_Clinical_and_Patient_Management\page\HMSNursesRoleCentre.Page.al(279,25): warning AL0729: The Property 'Promoted' can only be used if the property 'PageType' is set with any of the values of: 'Card,Document,List,ListPlus,Worksheet' This warning will become an error in a future release.
src\04_Clinical_and_Patient_Management\page\HMSNursesRoleCentre.Page.al(280,25): warning AL0729: The Property 'PromotedCategory' can only be used if the property 'PageType' is set with any of the values of: 'Card,Document,List,ListPlus,Worksheet' This warning will become an error in a future release.
src\04_Clinical_and_Patient_Management\page\HMSNursesRoleCentre.Page.al(288,25): warning AL0729: The Property 'Promoted' can only be used if the property 'PageType' is set with any of the values of: 'Card,Document,List,ListPlus,Worksheet' This warning will become an error in a future release.
src\04_Clinical_and_Patient_Management\page\HMSNursesRoleCentre.Page.al(289,25): warning AL0729: The Property 'PromotedCategory' can only be used if the property 'PageType' is set with any of the values of: 'Card,Document,List,ListPlus,Worksheet' This warning will become an error in a future release.
src\04_Clinical_and_Patient_Management\page\HMSNursesRoleCentre.Page.al(297,25): warning AL0729: The Property 'Promoted' can only be used if the property 'PageType' is set with any of the values of: 'Card,Document,List,ListPlus,Worksheet' This warning will become an error in a future release.
src\04_Clinical_and_Patient_Management\page\HMSNursesRoleCentre.Page.al(298,25): warning AL0729: The Property 'PromotedCategory' can only be used if the property 'PageType' is set with any of the values of: 'Card,Document,List,ListPlus,Worksheet' This warning will become an error in a future release.
src\04_Clinical_and_Patient_Management\page\HMSNursesRoleCentre.Page.al(306,25): warning AL0729: The Property 'Promoted' can only be used if the property 'PageType' is set with any of the values of: 'Card,Document,List,ListPlus,Worksheet' This warning will become an error in a future release.
src\04_Clinical_and_Patient_Management\page\HMSNursesRoleCentre.Page.al(307,25): warning AL0729: The Property 'PromotedCategory' can only be used if the property 'PageType' is set with any of the values of: 'Card,Document,List,ListPlus,Worksheet' This warning will become an error in a future release.
src\04_Clinical_and_Patient_Management\page\HMSNursesRoleCentre.Page.al(315,25): warning AL0729: The Property 'Promoted' can only be used if the property 'PageType' is set with any of the values of: 'Card,Document,List,ListPlus,Worksheet' This warning will become an error in a future release.
src\04_Clinical_and_Patient_Management\page\HMSNursesRoleCentre.Page.al(316,25): warning AL0729: The Property 'PromotedCategory' can only be used if the property 'PageType' is set with any of the values of: 'Card,Document,List,ListPlus,Worksheet' This warning will become an error in a future release.
src\04_Clinical_and_Patient_Management\page\HMSNursesRoleCentre.Page.al(324,25): warning AL0729: The Property 'Promoted' can only be used if the property 'PageType' is set with any of the values of: 'Card,Document,List,ListPlus,Worksheet' This warning will become an error in a future release.
src\04_Clinical_and_Patient_Management\page\HMSNursesRoleCentre.Page.al(325,25): warning AL0729: The Property 'PromotedCategory' can only be used if the property 'PageType' is set with any of the values of: 'Card,Document,List,ListPlus,Worksheet' This warning will become an error in a future release.
src\04_Clinical_and_Patient_Management\page\HMSNursesRoleCentre.Page.al(333,25): warning AL0729: The Property 'Promoted' can only be used if the property 'PageType' is set with any of the values of: 'Card,Document,List,ListPlus,Worksheet' This warning will become an error in a future release.
src\04_Clinical_and_Patient_Management\page\HMSNursesRoleCentre.Page.al(334,25): warning AL0729: The Property 'PromotedCategory' can only be used if the property 'PageType' is set with any of the values of: 'Card,Document,List,ListPlus,Worksheet' This warning will become an error in a future release.
src\04_Clinical_and_Patient_Management\page\HMSNursesRoleCentre.Page.al(342,25): warning AL0729: The Property 'Promoted' can only be used if the property 'PageType' is set with any of the values of: 'Card,Document,List,ListPlus,Worksheet' This warning will become an error in a future release.
src\04_Clinical_and_Patient_Management\page\HMSNursesRoleCentre.Page.al(343,25): warning AL0729: The Property 'PromotedCategory' can only be used if the property 'PageType' is set with any of the values of: 'Card,Document,List,ListPlus,Worksheet' This warning will become an error in a future release.
src\04_Clinical_and_Patient_Management\page\HMSNursesRoleCentre.Page.al(351,25): warning AL0729: The Property 'Promoted' can only be used if the property 'PageType' is set with any of the values of: 'Card,Document,List,ListPlus,Worksheet' This warning will become an error in a future release.
src\04_Clinical_and_Patient_Management\page\HMSNursesRoleCentre.Page.al(352,25): warning AL0729: The Property 'PromotedCategory' can only be used if the property 'PageType' is set with any of the values of: 'Card,Document,List,ListPlus,Worksheet' This warning will become an error in a future release.
src\04_Clinical_and_Patient_Management\page\HMSNursesRoleCentre.Page.al(360,25): warning AL0729: The Property 'Promoted' can only be used if the property 'PageType' is set with any of the values of: 'Card,Document,List,ListPlus,Worksheet' This warning will become an error in a future release.
src\04_Clinical_and_Patient_Management\page\HMSNursesRoleCentre.Page.al(361,25): warning AL0729: The Property 'PromotedCategory' can only be used if the property 'PageType' is set with any of the values of: 'Card,Document,List,ListPlus,Worksheet' This warning will become an error in a future release.
src\04_Clinical_and_Patient_Management\page\HMSNursesRoleCentre.Page.al(370,25): warning AL0729: The Property 'Promoted' can only be used if the property 'PageType' is set with any of the values of: 'Card,Document,List,ListPlus,Worksheet' This warning will become an error in a future release.
src\04_Clinical_and_Patient_Management\page\HMSNursesRoleCentre.Page.al(371,25): warning AL0729: The Property 'PromotedCategory' can only be used if the property 'PageType' is set with any of the values of: 'Card,Document,List,ListPlus,Worksheet' This warning will become an error in a future release.
src\04_Clinical_and_Patient_Management\page\HMSNursesRoleCentre.Page.al(379,25): warning AL0729: The Property 'Promoted' can only be used if the property 'PageType' is set with any of the values of: 'Card,Document,List,ListPlus,Worksheet' This warning will become an error in a future release.
src\04_Clinical_and_Patient_Management\page\HMSNursesRoleCentre.Page.al(380,25): warning AL0729: The Property 'PromotedCategory' can only be used if the property 'PageType' is set with any of the values of: 'Card,Document,List,ListPlus,Worksheet' This warning will become an error in a future release.
src\04_Clinical_and_Patient_Management\page\HMSNursesRoleCentre.Page.al(388,25): warning AL0729: The Property 'Promoted' can only be used if the property 'PageType' is set with any of the values of: 'Card,Document,List,ListPlus,Worksheet' This warning will become an error in a future release.
src\04_Clinical_and_Patient_Management\page\HMSNursesRoleCentre.Page.al(389,25): warning AL0729: The Property 'PromotedCategory' can only be used if the property 'PageType' is set with any of the values of: 'Card,Document,List,ListPlus,Worksheet' This warning will become an error in a future release.
src\04_Clinical_and_Patient_Management\page\HMSNursesRoleCentre.Page.al(397,25): warning AL0729: The Property 'Promoted' can only be used if the property 'PageType' is set with any of the values of: 'Card,Document,List,ListPlus,Worksheet' This warning will become an error in a future release.
src\04_Clinical_and_Patient_Management\page\HMSNursesRoleCentre.Page.al(398,25): warning AL0729: The Property 'PromotedCategory' can only be used if the property 'PageType' is set with any of the values of: 'Card,Document,List,ListPlus,Worksheet' This warning will become an error in a future release.
src\04_Clinical_and_Patient_Management\page\HMSNursesRoleCentre.Page.al(406,25): warning AL0729: The Property 'Promoted' can only be used if the property 'PageType' is set with any of the values of: 'Card,Document,List,ListPlus,Worksheet' This warning will become an error in a future release.
src\04_Clinical_and_Patient_Management\page\HMSNursesRoleCentre.Page.al(407,25): warning AL0729: The Property 'PromotedCategory' can only be used if the property 'PageType' is set with any of the values of: 'Card,Document,List,ListPlus,Worksheet' This warning will become an error in a future release.
src\04_Clinical_and_Patient_Management\page\HMSNursesRoleCentre.Page.al(415,25): warning AL0729: The Property 'Promoted' can only be used if the property 'PageType' is set with any of the values of: 'Card,Document,List,ListPlus,Worksheet' This warning will become an error in a future release.
src\04_Clinical_and_Patient_Management\page\HMSNursesRoleCentre.Page.al(416,25): warning AL0729: The Property 'PromotedCategory' can only be used if the property 'PageType' is set with any of the values of: 'Card,Document,List,ListPlus,Worksheet' This warning will become an error in a future release.
src\04_Clinical_and_Patient_Management\page\HMSNursesRoleCentre.Page.al(424,25): warning AL0729: The Property 'Promoted' can only be used if the property 'PageType' is set with any of the values of: 'Card,Document,List,ListPlus,Worksheet' This warning will become an error in a future release.
src\04_Clinical_and_Patient_Management\page\HMSNursesRoleCentre.Page.al(425,25): warning AL0729: The Property 'PromotedCategory' can only be used if the property 'PageType' is set with any of the values of: 'Card,Document,List,ListPlus,Worksheet' This warning will become an error in a future release.
src\04_Clinical_and_Patient_Management\page\HMSNursesRoleCentre.Page.al(433,25): warning AL0729: The Property 'Promoted' can only be used if the property 'PageType' is set with any of the values of: 'Card,Document,List,ListPlus,Worksheet' This warning will become an error in a future release.
src\04_Clinical_and_Patient_Management\page\HMSNursesRoleCentre.Page.al(434,25): warning AL0729: The Property 'PromotedCategory' can only be used if the property 'PageType' is set with any of the values of: 'Card,Document,List,ListPlus,Worksheet' This warning will become an error in a future release.
src\04_Clinical_and_Patient_Management\page\HMSNursesRoleCentre.Page.al(442,25): warning AL0729: The Property 'Promoted' can only be used if the property 'PageType' is set with any of the values of: 'Card,Document,List,ListPlus,Worksheet' This warning will become an error in a future release.
src\04_Clinical_and_Patient_Management\page\HMSNursesRoleCentre.Page.al(443,25): warning AL0729: The Property 'PromotedCategory' can only be used if the property 'PageType' is set with any of the values of: 'Card,Document,List,ListPlus,Worksheet' This warning will become an error in a future release.
src\04_Clinical_and_Patient_Management\page\HMSNursesRoleCentre.Page.al(451,25): warning AL0729: The Property 'Promoted' can only be used if the property 'PageType' is set with any of the values of: 'Card,Document,List,ListPlus,Worksheet' This warning will become an error in a future release.
src\04_Clinical_and_Patient_Management\page\HMSNursesRoleCentre.Page.al(452,25): warning AL0729: The Property 'PromotedCategory' can only be used if the property 'PageType' is set with any of the values of: 'Card,Document,List,ListPlus,Worksheet' This warning will become an error in a future release.
src\04_Clinical_and_Patient_Management\page\HMSNursesRoleCentre.Page.al(460,25): warning AL0729: The Property 'Promoted' can only be used if the property 'PageType' is set with any of the values of: 'Card,Document,List,ListPlus,Worksheet' This warning will become an error in a future release.
src\04_Clinical_and_Patient_Management\page\HMSNursesRoleCentre.Page.al(461,25): warning AL0729: The Property 'PromotedCategory' can only be used if the property 'PageType' is set with any of the values of: 'Card,Document,List,ListPlus,Worksheet' This warning will become an error in a future release.
src\04_Clinical_and_Patient_Management\page\HMSNursesRoleCentre.Page.al(469,25): warning AL0729: The Property 'Promoted' can only be used if the property 'PageType' is set with any of the values of: 'Card,Document,List,ListPlus,Worksheet' This warning will become an error in a future release.
src\04_Clinical_and_Patient_Management\page\HMSNursesRoleCentre.Page.al(470,25): warning AL0729: The Property 'PromotedCategory' can only be used if the property 'PageType' is set with any of the values of: 'Card,Document,List,ListPlus,Worksheet' This warning will become an error in a future release.
src\04_Clinical_and_Patient_Management\page\HMSNursesRoleCentre.Page.al(478,25): warning AL0729: The Property 'Promoted' can only be used if the property 'PageType' is set with any of the values of: 'Card,Document,List,ListPlus,Worksheet' This warning will become an error in a future release.
src\04_Clinical_and_Patient_Management\page\HMSNursesRoleCentre.Page.al(479,25): warning AL0729: The Property 'PromotedCategory' can only be used if the property 'PageType' is set with any of the values of: 'Card,Document,List,ListPlus,Worksheet' This warning will become an error in a future release.
src\04_Clinical_and_Patient_Management\page\HMSNursesRoleCentre.Page.al(493,21): warning AL0729: The Property 'Promoted' can only be used if the property 'PageType' is set with any of the values of: 'Card,Document,List,ListPlus,Worksheet' This warning will become an error in a future release.
src\04_Clinical_and_Patient_Management\page\HMSNursesRoleCentre.Page.al(506,21): warning AL0729: The Property 'Promoted' can only be used if the property 'PageType' is set with any of the values of: 'Card,Document,List,ListPlus,Worksheet' This warning will become an error in a future release.
src\04_Clinical_and_Patient_Management\page\HMSNursesRoleCentre.Page.al(536,21): warning AL0729: The Property 'Promoted' can only be used if the property 'PageType' is set with any of the values of: 'Card,Document,List,ListPlus,Worksheet' This warning will become an error in a future release.
src\04_Clinical_and_Patient_Management\page\HMSNursesRoleCentre.Page.al(537,21): warning AL0729: The Property 'PromotedCategory' can only be used if the property 'PageType' is set with any of the values of: 'Card,Document,List,ListPlus,Worksheet' This warning will become an error in a future release.
src\04_Clinical_and_Patient_Management\page\HMSNursesRoleCentre.Page.al(538,21): warning AL0729: The Property 'PromotedIsBig' can only be used if the property 'PageType' is set with any of the values of: 'Card,Document,List,ListPlus,Worksheet' This warning will become an error in a future release.
src\04_Clinical_and_Patient_Management\page\HMSNursesRoleCentre.Page.al(558,21): warning AL0729: The Property 'Promoted' can only be used if the property 'PageType' is set with any of the values of: 'Card,Document,List,ListPlus,Worksheet' This warning will become an error in a future release.
src\04_Clinical_and_Patient_Management\page\HMSNursesRoleCentre.Page.al(559,21): warning AL0729: The Property 'PromotedCategory' can only be used if the property 'PageType' is set with any of the values of: 'Card,Document,List,ListPlus,Worksheet' This warning will become an error in a future release.
src\04_Clinical_and_Patient_Management\page\HMSNursesRoleCentre.Page.al(560,21): warning AL0729: The Property 'PromotedIsBig' can only be used if the property 'PageType' is set with any of the values of: 'Card,Document,List,ListPlus,Worksheet' This warning will become an error in a future release.
src\04_Clinical_and_Patient_Management\page\HMSNursesRoleCentre.Page.al(568,21): warning AL0729: The Property 'Promoted' can only be used if the property 'PageType' is set with any of the values of: 'Card,Document,List,ListPlus,Worksheet' This warning will become an error in a future release.
src\04_Clinical_and_Patient_Management\page\HMSNursesRoleCentre.Page.al(569,21): warning AL0729: The Property 'PromotedCategory' can only be used if the property 'PageType' is set with any of the values of: 'Card,Document,List,ListPlus,Worksheet' This warning will become an error in a future release.
src\04_Clinical_and_Patient_Management\page\HMSNursesRoleCentre.Page.al(570,21): warning AL0729: The Property 'PromotedIsBig' can only be used if the property 'PageType' is set with any of the values of: 'Card,Document,List,ListPlus,Worksheet' This warning will become an error in a future release.
src\04_Clinical_and_Patient_Management\page\HMSNursesRoleCentre.Page.al(578,21): warning AL0729: The Property 'Promoted' can only be used if the property 'PageType' is set with any of the values of: 'Card,Document,List,ListPlus,Worksheet' This warning will become an error in a future release.
src\04_Clinical_and_Patient_Management\page\HMSObservationFormDressing.Page.al(52,17): warning AL0729: The Property 'Promoted' can only be used if the property 'PageType' is set with any of the values of: 'Card,Document,List,ListPlus,Worksheet' This warning will become an error in a future release.
src\04_Clinical_and_Patient_Management\page\HMSObservationFormDressing.Page.al(53,17): warning AL0729: The Property 'PromotedCategory' can only be used if the property 'PageType' is set with any of the values of: 'Card,Document,List,ListPlus,Worksheet' This warning will become an error in a future release.
src\03_Human_Resources_and_Payroll\page\HREmployeeExitRequisition.Page.al(130,99): warning AL0603: An implicit conversion is being performed from a value of type 'Option' to a value of type 'Enum System.Automation."Approval Document Type"'. This conversion can lead to unexpected runtime issues.
src\02_Finance_and_GL\codeunit\PostReceipt.Codeunit.al(375,54): warning AL0603: An implicit conversion is being performed from a value of type 'Option' to a value of type 'Enum Microsoft.Finance.GeneralLedger.Journal."Gen. Journal Account Type"'. This conversion can lead to unexpected runtime issues.
src\02_Finance_and_GL\codeunit\PostReceipt.Codeunit.al(380,54): warning AL0603: An implicit conversion is being performed from a value of type 'Option' to a value of type 'Enum Microsoft.Finance.GeneralLedger.Journal."Gen. Journal Account Type"'. This conversion can lead to unexpected runtime issues.
src\02_Finance_and_GL\codeunit\PostReceipt.Codeunit.al(432,62): warning AL0603: An implicit conversion is being performed from a value of type 'Option' to a value of type 'Enum Microsoft.Finance.GeneralLedger.Journal."Gen. Journal Account Type"'. This conversion can lead to unexpected runtime issues.
src\04_Clinical_and_Patient_Management\page\HMSObservationFormInjection.Page.al(66,17): warning AL0729: The Property 'Promoted' can only be used if the property 'PageType' is set with any of the values of: 'Card,Document,List,ListPlus,Worksheet' This warning will become an error in a future release.
src\04_Clinical_and_Patient_Management\page\HMSObservationFormInjection.Page.al(67,17): warning AL0729: The Property 'PromotedCategory' can only be used if the property 'PageType' is set with any of the values of: 'Card,Document,List,ListPlus,Worksheet' This warning will become an error in a future release.
src\02_Finance_and_GL\codeunit\PostReceipt.Codeunit.al(1099,45): warning AL0603: An implicit conversion is being performed from a value of type 'Enum "Payment Modes"' to a value of type 'Option'. This conversion can lead to unexpected runtime issues.
src\05_Inventory_and_Procurement\page\ApplyVendorEntries2.Page.al(1021,12): warning AL0667: 'FindSet' is being deprecated in the versions: '11.0' or greater. This method has been deprecated because the parameter 'UpdateKey' is not used by the runtime. Use the overload without the 'UpdateKey' parameter instead. This warning will become an error in a future release.
src\03_Human_Resources_and_Payroll\page\HREmployeeRequisitionCard.Page.al(226,96): warning AL0603: An implicit conversion is being performed from a value of type 'Option' to a value of type 'Enum System.Automation."Approval Document Type"'. This conversion can lead to unexpected runtime issues.
src\08_Logistics_and_Asset_Management\page\FLTApprovedtransportReq.Page.al(134,93): warning AL0603: An implicit conversion is being performed from a value of type 'Option' to a value of type 'Enum System.Automation."Approval Document Type"'. This conversion can lead to unexpected runtime issues.
src\05_Inventory_and_Procurement\page\FLTTransportRequisition.Page.al(132,93): warning AL0603: An implicit conversion is being performed from a value of type 'Option' to a value of type 'Enum System.Automation."Approval Document Type"'. This conversion can lead to unexpected runtime issues.
src\04_Clinical_and_Patient_Management\codeunit\GenPatientForm.Codeunit.al(105,36): warning AL0603: An implicit conversion is being performed from a value of type 'Enum "Notes Form Types"' to a value of type 'Integer'. This conversion can lead to unexpected runtime issues.
src\05_Inventory_and_Procurement\page\FLTTransportRequisitionList.Page.al(97,97): warning AL0603: An implicit conversion is being performed from a value of type 'Option' to a value of type 'Enum System.Automation."Approval Document Type"'. This conversion can lead to unexpected runtime issues.
src\03_Human_Resources_and_Payroll\page\HREmployeeRequisitionsList.Page.al(187,96): warning AL0603: An implicit conversion is being performed from a value of type 'Option' to a value of type 'Enum System.Automation."Approval Document Type"'. This conversion can lead to unexpected runtime issues.
src\03_Human_Resources_and_Payroll\table\HREmployee1.Table.al(877,22): warning AL0717: The property 'CalcFormula' is required for the field 'Prev. Net Pay' in Table 'HR-Employee1' because the field's property 'FieldClass' is set to 'FlowField'.
src\03_Human_Resources_and_Payroll\table\HREmployee1.Table.al(883,22): warning AL0717: The property 'CalcFormula' is required for the field 'Curr. Net Pay' in Table 'HR-Employee1' because the field's property 'FieldClass' is set to 'FlowField'.
src\03_Human_Resources_and_Payroll\table\HREmployee1.Table.al(916,22): warning AL0717: The property 'CalcFormula' is required for the field 'count' in Table 'HR-Employee1' because the field's property 'FieldClass' is set to 'FlowField'.
src\03_Human_Resources_and_Payroll\table\HREmployee1.Table.al(940,22): warning AL0717: The property 'CalcFormula' is required for the field 'Exists in HR' in Table 'HR-Employee1' because the field's property 'FieldClass' is set to 'FlowField'.
src\03_Human_Resources_and_Payroll\table\HREmployee2.Table.al(175,22): warning AL0717: The property 'CalcFormula' is required for the field 'Comment' in Table 'HR Employee2' because the field's property 'FieldClass' is set to 'FlowField'.
src\03_Human_Resources_and_Payroll\table\HREmployee2.Table.al(531,22): warning AL0717: The property 'CalcFormula' is required for the field 'Employee Qty' in Table 'HR Employee2' because the field's property 'FieldClass' is set to 'FlowField'.
src\03_Human_Resources_and_Payroll\table\HREmployee2.Table.al(536,22): warning AL0717: The property 'CalcFormula' is required for the field 'Employee Act. Qty' in Table 'HR Employee2' because the field's property 'FieldClass' is set to 'FlowField'.
src\03_Human_Resources_and_Payroll\table\HREmployee2.Table.al(541,22): warning AL0717: The property 'CalcFormula' is required for the field 'Employee Arc. Qty' in Table 'HR Employee2' because the field's property 'FieldClass' is set to 'FlowField'.
src\03_Human_Resources_and_Payroll\table\HREmployee2.Table.al(762,22): warning AL0717: The property 'CalcFormula' is required for the field 'count' in Table 'HR Employee2' because the field's property 'FieldClass' is set to 'FlowField'.
src\03_Human_Resources_and_Payroll\table\HREmployee2.Table.al(808,22): warning AL0717: The property 'CalcFormula' is required for the field 'Total Leave Taken' in Table 'HR Employee2' because the field's property 'FieldClass' is set to 'FlowField'.
src\03_Human_Resources_and_Payroll\table\HREmployee2.Table.al(816,22): warning AL0717: The property 'CalcFormula' is required for the field 'Total (Leave Days)' in Table 'HR Employee2' because the field's property 'FieldClass' is set to 'FlowField'.
src\03_Human_Resources_and_Payroll\table\HREmployee2.Table.al(893,22): warning AL0717: The property 'CalcFormula' is required for the field 'Total Absence (Base)' in Table 'HR Employee2' because the field's property 'FieldClass' is set to 'FlowField'.
src\03_Human_Resources_and_Payroll\table\HREmployee2.Table.al(971,22): warning AL0717: The property 'CalcFormula' is required for the field 'Total Leave Earned' in Table 'HR Employee2' because the field's property 'FieldClass' is set to 'FlowField'.
src\03_Human_Resources_and_Payroll\table\HREmployee2.Table.al(1232,22): warning AL0717: The property 'CalcFormula' is required for the field 'Total Active Permanent' in Table 'HR Employee2' because the field's property 'FieldClass' is set to 'FlowField'.
src\03_Human_Resources_and_Payroll\table\HREmployee2.Table.al(1238,22): warning AL0717: The property 'CalcFormula' is required for the field 'Total Active Casuals' in Table 'HR Employee2' because the field's property 'FieldClass' is set to 'FlowField'.
src\08_Logistics_and_Asset_Management\page\FLTMaintenanceRequestList.Page.al(167,95): warning AL0603: An implicit conversion is being performed from a value of type 'Option' to a value of type 'Enum System.Automation."Approval Document Type"'. This conversion can lead to unexpected runtime issues.
src\03_Human_Resources_and_Payroll\page\HREmployeeWeiver.Page.al(139,98): warning AL0603: An implicit conversion is being performed from a value of type 'Option' to a value of type 'Enum System.Automation."Approval Document Type"'. This conversion can lead to unexpected runtime issues.
src\01_Core_and_Setup\table\Customer2.Table.al(988,22): warning AL0717: The property 'CalcFormula' is required for the field 'No. of Blanket Orders' in Table 'Customer2' because the field's property 'FieldClass' is set to 'FlowField'.
src\01_Core_and_Setup\table\Customer2.Table.al(1011,22): warning AL0717: The property 'CalcFormula' is required for the field 'No. of Return Orders' in Table 'Customer2' because the field's property 'FieldClass' is set to 'FlowField'.
src\01_Core_and_Setup\table\Customer2.Table.al(1018,22): warning AL0717: The property 'CalcFormula' is required for the field 'No. of Credit Memos' in Table 'Customer2' because the field's property 'FieldClass' is set to 'FlowField'.
src\01_Core_and_Setup\table\Customer2.Table.al(1068,22): warning AL0717: The property 'CalcFormula' is required for the field 'Bill-To No. of Blanket Orders' in Table 'Customer2' because the field's property 'FieldClass' is set to 'FlowField'.
src\01_Core_and_Setup\table\Customer2.Table.al(1091,22): warning AL0717: The property 'CalcFormula' is required for the field 'Bill-To No. of Return Orders' in Table 'Customer2' because the field's property 'FieldClass' is set to 'FlowField'.
src\01_Core_and_Setup\table\Customer2.Table.al(1098,22): warning AL0717: The property 'CalcFormula' is required for the field 'Bill-To No. of Credit Memos' in Table 'Customer2' because the field's property 'FieldClass' is set to 'FlowField'.
src\01_Core_and_Setup\table\Customer2.Table.al(1144,22): warning AL0717: The property 'CalcFormula' is required for the field 'Average Cummulative GPA' in Table 'Customer2' because the field's property 'FieldClass' is set to 'FlowField'.
src\01_Core_and_Setup\table\Customer2.Table.al(1150,22): warning AL0717: The property 'CalcFormula' is required for the field 'Balance (Cafe)' in Table 'Customer2' because the field's property 'FieldClass' is set to 'FlowField'.
src\01_Core_and_Setup\table\Customer2.Table.al(1159,22): warning AL0717: The property 'CalcFormula' is required for the field 'Debit Amount (Cafe)' in Table 'Customer2' because the field's property 'FieldClass' is set to 'FlowField'.
src\01_Core_and_Setup\table\Customer2.Table.al(1169,22): warning AL0717: The property 'CalcFormula' is required for the field 'Credit Amount (Cafe)' in Table 'Customer2' because the field's property 'FieldClass' is set to 'FlowField'.
src\01_Core_and_Setup\table\Customer2.Table.al(1556,22): warning AL0717: The property 'CalcFormula' is required for the field 'Imported Rcpt' in Table 'Customer2' because the field's property 'FieldClass' is set to 'FlowField'.
src\01_Core_and_Setup\table\Customer2.Table.al(1599,22): warning AL0717: The property 'CalcFormula' is required for the field 'Imprest Unsurrendered' in Table 'Customer2' because the field's property 'FieldClass' is set to 'FlowField'.
src\01_Core_and_Setup\table\Customer2.Table.al(1615,22): warning AL0717: The property 'CalcFormula' is required for the field 'Entry Semester Description' in Table 'Customer2' because the field's property 'FieldClass' is set to 'FlowField'.
src\01_Core_and_Setup\table\Customer2.Table.al(1655,22): warning AL0717: The property 'CalcFormula' is required for the field 'Library Charges' in Table 'Customer2' because the field's property 'FieldClass' is set to 'FlowField'.
src\01_Core_and_Setup\table\Customer2.Table.al(1672,22): warning AL0717: The property 'CalcFormula' is required for the field 'Common Units Done' in Table 'Customer2' because the field's property 'FieldClass' is set to 'FlowField'.
src\01_Core_and_Setup\table\Customer2.Table.al(1676,22): warning AL0717: The property 'CalcFormula' is required for the field 'Core Units Done' in Table 'Customer2' because the field's property 'FieldClass' is set to 'FlowField'.
src\01_Core_and_Setup\table\Customer2.Table.al(1680,22): warning AL0717: The property 'CalcFormula' is required for the field 'Electives Done' in Table 'Customer2' because the field's property 'FieldClass' is set to 'FlowField'.
src\01_Core_and_Setup\table\Customer2.Table.al(1706,22): warning AL0717: The property 'CalcFormula' is required for the field 'Balance B/F' in Table 'Customer2' because the field's property 'FieldClass' is set to 'FlowField'.
src\08_Logistics_and_Asset_Management\page\FLTRoleCenter.Page.al(33,21): warning AL0729: The Property 'Promoted' can only be used if the property 'PageType' is set with any of the values of: 'Card,Document,List,ListPlus,Worksheet' This warning will become an error in a future release.
src\08_Logistics_and_Asset_Management\page\FLTRoleCenter.Page.al(42,21): warning AL0729: The Property 'Promoted' can only be used if the property 'PageType' is set with any of the values of: 'Card,Document,List,ListPlus,Worksheet' This warning will become an error in a future release.
src\08_Logistics_and_Asset_Management\page\FLTRoleCenter.Page.al(51,21): warning AL0729: The Property 'Promoted' can only be used if the property 'PageType' is set with any of the values of: 'Card,Document,List,ListPlus,Worksheet' This warning will become an error in a future release.
src\08_Logistics_and_Asset_Management\page\FLTRoleCenter.Page.al(52,21): warning AL0729: The Property 'PromotedIsBig' can only be used if the property 'PageType' is set with any of the values of: 'Card,Document,List,ListPlus,Worksheet' This warning will become an error in a future release.
src\08_Logistics_and_Asset_Management\page\FLTRoleCenter.Page.al(90,21): warning AL0729: The Property 'Promoted' can only be used if the property 'PageType' is set with any of the values of: 'Card,Document,List,ListPlus,Worksheet' This warning will become an error in a future release.
src\08_Logistics_and_Asset_Management\page\FLTRoleCenter.Page.al(99,21): warning AL0729: The Property 'Promoted' can only be used if the property 'PageType' is set with any of the values of: 'Card,Document,List,ListPlus,Worksheet' This warning will become an error in a future release.
src\08_Logistics_and_Asset_Management\page\FLTRoleCenter.Page.al(146,21): warning AL0729: The Property 'Promoted' can only be used if the property 'PageType' is set with any of the values of: 'Card,Document,List,ListPlus,Worksheet' This warning will become an error in a future release.
src\08_Logistics_and_Asset_Management\page\FLTRoleCenter.Page.al(147,21): warning AL0729: The Property 'PromotedCategory' can only be used if the property 'PageType' is set with any of the values of: 'Card,Document,List,ListPlus,Worksheet' This warning will become an error in a future release.
src\08_Logistics_and_Asset_Management\page\FLTRoleCenter.Page.al(148,21): warning AL0729: The Property 'PromotedIsBig' can only be used if the property 'PageType' is set with any of the values of: 'Card,Document,List,ListPlus,Worksheet' This warning will become an error in a future release.
src\08_Logistics_and_Asset_Management\page\FLTRoleCenter.Page.al(157,21): warning AL0729: The Property 'Promoted' can only be used if the property 'PageType' is set with any of the values of: 'Card,Document,List,ListPlus,Worksheet' This warning will become an error in a future release.
src\08_Logistics_and_Asset_Management\page\FLTRoleCenter.Page.al(171,21): warning AL0729: The Property 'Promoted' can only be used if the property 'PageType' is set with any of the values of: 'Card,Document,List,ListPlus,Worksheet' This warning will become an error in a future release.
src\08_Logistics_and_Asset_Management\page\FLTRoleCenter.Page.al(172,21): warning AL0729: The Property 'PromotedCategory' can only be used if the property 'PageType' is set with any of the values of: 'Card,Document,List,ListPlus,Worksheet' This warning will become an error in a future release.
src\08_Logistics_and_Asset_Management\page\FLTRoleCenter.Page.al(173,21): warning AL0729: The Property 'PromotedIsBig' can only be used if the property 'PageType' is set with any of the values of: 'Card,Document,List,ListPlus,Worksheet' This warning will become an error in a future release.
src\08_Logistics_and_Asset_Management\page\FLTRoleCenter.Page.al(182,21): warning AL0729: The Property 'Promoted' can only be used if the property 'PageType' is set with any of the values of: 'Card,Document,List,ListPlus,Worksheet' This warning will become an error in a future release.
src\08_Logistics_and_Asset_Management\page\FLTRoleCenter.Page.al(191,21): warning AL0729: The Property 'Promoted' can only be used if the property 'PageType' is set with any of the values of: 'Card,Document,List,ListPlus,Worksheet' This warning will become an error in a future release.
src\08_Logistics_and_Asset_Management\page\FLTRoleCenter.Page.al(200,21): warning AL0729: The Property 'Promoted' can only be used if the property 'PageType' is set with any of the values of: 'Card,Document,List,ListPlus,Worksheet' This warning will become an error in a future release.
src\08_Logistics_and_Asset_Management\page\FLTRoleCenter.Page.al(209,21): warning AL0729: The Property 'Promoted' can only be used if the property 'PageType' is set with any of the values of: 'Card,Document,List,ListPlus,Worksheet' This warning will become an error in a future release.
src\08_Logistics_and_Asset_Management\page\FLTRoleCenter.Page.al(223,21): warning AL0729: The Property 'Promoted' can only be used if the property 'PageType' is set with any of the values of: 'Card,Document,List,ListPlus,Worksheet' This warning will become an error in a future release.
src\08_Logistics_and_Asset_Management\page\FLTRoleCenter.Page.al(224,21): warning AL0729: The Property 'PromotedCategory' can only be used if the property 'PageType' is set with any of the values of: 'Card,Document,List,ListPlus,Worksheet' This warning will become an error in a future release.
src\08_Logistics_and_Asset_Management\page\FLTRoleCenter.Page.al(225,21): warning AL0729: The Property 'PromotedIsBig' can only be used if the property 'PageType' is set with any of the values of: 'Card,Document,List,ListPlus,Worksheet' This warning will become an error in a future release.
src\08_Logistics_and_Asset_Management\page\FLTRoleCenter.Page.al(234,21): warning AL0729: The Property 'Promoted' can only be used if the property 'PageType' is set with any of the values of: 'Card,Document,List,ListPlus,Worksheet' This warning will become an error in a future release.
src\08_Logistics_and_Asset_Management\page\FLTRoleCenter.Page.al(248,21): warning AL0729: The Property 'Promoted' can only be used if the property 'PageType' is set with any of the values of: 'Card,Document,List,ListPlus,Worksheet' This warning will become an error in a future release.
src\08_Logistics_and_Asset_Management\page\FLTRoleCenter.Page.al(249,21): warning AL0729: The Property 'PromotedCategory' can only be used if the property 'PageType' is set with any of the values of: 'Card,Document,List,ListPlus,Worksheet' This warning will become an error in a future release.
src\08_Logistics_and_Asset_Management\page\FLTRoleCenter.Page.al(250,21): warning AL0729: The Property 'PromotedIsBig' can only be used if the property 'PageType' is set with any of the values of: 'Card,Document,List,ListPlus,Worksheet' This warning will become an error in a future release.
src\08_Logistics_and_Asset_Management\page\FLTRoleCenter.Page.al(259,21): warning AL0729: The Property 'Promoted' can only be used if the property 'PageType' is set with any of the values of: 'Card,Document,List,ListPlus,Worksheet' This warning will become an error in a future release.
src\08_Logistics_and_Asset_Management\page\FLTRoleCenter.Page.al(268,21): warning AL0729: The Property 'Promoted' can only be used if the property 'PageType' is set with any of the values of: 'Card,Document,List,ListPlus,Worksheet' This warning will become an error in a future release.
src\08_Logistics_and_Asset_Management\page\FLTRoleCenter.Page.al(269,21): warning AL0729: The Property 'PromotedCategory' can only be used if the property 'PageType' is set with any of the values of: 'Card,Document,List,ListPlus,Worksheet' This warning will become an error in a future release.
src\08_Logistics_and_Asset_Management\page\FLTRoleCenter.Page.al(270,21): warning AL0729: The Property 'PromotedIsBig' can only be used if the property 'PageType' is set with any of the values of: 'Card,Document,List,ListPlus,Worksheet' This warning will become an error in a future release.
src\08_Logistics_and_Asset_Management\page\FLTRoleCenter.Page.al(279,21): warning AL0729: The Property 'Promoted' can only be used if the property 'PageType' is set with any of the values of: 'Card,Document,List,ListPlus,Worksheet' This warning will become an error in a future release.
src\08_Logistics_and_Asset_Management\page\FLTRoleCenter.Page.al(293,21): warning AL0729: The Property 'Promoted' can only be used if the property 'PageType' is set with any of the values of: 'Card,Document,List,ListPlus,Worksheet' This warning will become an error in a future release.
src\08_Logistics_and_Asset_Management\page\FLTRoleCenter.Page.al(294,21): warning AL0729: The Property 'PromotedCategory' can only be used if the property 'PageType' is set with any of the values of: 'Card,Document,List,ListPlus,Worksheet' This warning will become an error in a future release.
src\08_Logistics_and_Asset_Management\page\FLTRoleCenter.Page.al(295,21): warning AL0729: The Property 'PromotedIsBig' can only be used if the property 'PageType' is set with any of the values of: 'Card,Document,List,ListPlus,Worksheet' This warning will become an error in a future release.
src\08_Logistics_and_Asset_Management\page\FLTRoleCenter.Page.al(304,21): warning AL0729: The Property 'Promoted' can only be used if the property 'PageType' is set with any of the values of: 'Card,Document,List,ListPlus,Worksheet' This warning will become an error in a future release.
src\08_Logistics_and_Asset_Management\page\FLTRoleCenter.Page.al(379,21): warning AL0729: The Property 'Promoted' can only be used if the property 'PageType' is set with any of the values of: 'Card,Document,List,ListPlus,Worksheet' This warning will become an error in a future release.
src\08_Logistics_and_Asset_Management\page\FLTRoleCenter.Page.al(380,21): warning AL0729: The Property 'PromotedCategory' can only be used if the property 'PageType' is set with any of the values of: 'Card,Document,List,ListPlus,Worksheet' This warning will become an error in a future release.
src\08_Logistics_and_Asset_Management\page\FLTRoleCenter.Page.al(381,21): warning AL0729: The Property 'PromotedIsBig' can only be used if the property 'PageType' is set with any of the values of: 'Card,Document,List,ListPlus,Worksheet' This warning will become an error in a future release.
src\08_Logistics_and_Asset_Management\page\FLTSubmittedTransportList.Page.al(135,97): warning AL0603: An implicit conversion is being performed from a value of type 'Option' to a value of type 'Enum System.Automation."Approval Document Type"'. This conversion can lead to unexpected runtime issues.
src\08_Logistics_and_Asset_Management\page\FLTSubmittedTransportReq.Page.al(134,93): warning AL0603: An implicit conversion is being performed from a value of type 'Option' to a value of type 'Enum System.Automation."Approval Document Type"'. This conversion can lead to unexpected runtime issues.
src\08_Logistics_and_Asset_Management\page\FLTTransportClosedList.Page.al(136,97): warning AL0603: An implicit conversion is being performed from a value of type 'Option' to a value of type 'Enum System.Automation."Approval Document Type"'. This conversion can lead to unexpected runtime issues.
src\03_Human_Resources_and_Payroll\page\HRJobsCard.Page.al(169,75): warning AL0603: An implicit conversion is being performed from a value of type 'Option' to a value of type 'Enum System.Automation."Approval Document Type"'. This conversion can lead to unexpected runtime issues.
src\03_Human_Resources_and_Payroll\page\HRJobsList.Page.al(100,79): warning AL0603: An implicit conversion is being performed from a value of type 'Option' to a value of type 'Enum System.Automation."Approval Document Type"'. This conversion can lead to unexpected runtime issues.
src\03_Human_Resources_and_Payroll\page\HRLeaveRequisiPostedList.Page.al(91,92): warning AL0603: An implicit conversion is being performed from a value of type 'Option' to a value of type 'Enum System.Automation."Approval Document Type"'. This conversion can lead to unexpected runtime issues.
src\03_Human_Resources_and_Payroll\page\HRLeaveRequisitionList.Page.al(108,92): warning AL0603: An implicit conversion is being performed from a value of type 'Option' to a value of type 'Enum System.Automation."Approval Document Type"'. This conversion can lead to unexpected runtime issues.
src\01_Core_and_Setup\table\Customer2.Table.al(2020,12): warning AL0667: 'IsServiceTier' is being deprecated in the versions: '1.0' or greater.  This warning will become an error in a future release.
src\03_Human_Resources_and_Payroll\page\HrMovementList.Page.al(103,89): warning AL0603: An implicit conversion is being performed from a value of type 'Option' to a value of type 'Enum System.Automation."Approval Document Type"'. This conversion can lead to unexpected runtime issues.
src\08_Logistics_and_Asset_Management\page\PostedInterbankTransfersUP.Page.al(289,87): warning AL0603: An implicit conversion is being performed from a value of type 'Option' to a value of type 'Enum System.Automation."Approval Document Type"'. This conversion can lead to unexpected runtime issues.
src\03_Human_Resources_and_Payroll\page\HRMyApprovedLeavesHeader.Page.al(107,92): warning AL0603: An implicit conversion is being performed from a value of type 'Option' to a value of type 'Enum System.Automation."Approval Document Type"'. This conversion can lead to unexpected runtime issues.
src\05_Inventory_and_Procurement\page\ItemCashAccounting.Page.al(283,96): warning AL0603: An implicit conversion is being performed from a value of type 'Option' to a value of type 'Enum System.Automation."Approval Document Type"'. This conversion can lead to unexpected runtime issues.
src\03_Human_Resources_and_Payroll\page\HrMyApprovedLeavesList.Page.al(96,92): warning AL0603: An implicit conversion is being performed from a value of type 'Option' to a value of type 'Enum System.Automation."Approval Document Type"'. This conversion can lead to unexpected runtime issues.
src\03_Human_Resources_and_Payroll\page\HROnLeaveList.Page.al(95,92): warning AL0603: An implicit conversion is being performed from a value of type 'Option' to a value of type 'Enum System.Automation."Approval Document Type"'. This conversion can lead to unexpected runtime issues.
src\01_Core_and_Setup\tableextension\CustomerExt.TableExt.al(428,22): warning AL0717: The property 'CalcFormula' is required for the field 'Refund on PV' in TableExtension 'Customer Ext' because the field's property 'FieldClass' is set to 'FlowField'.
src\01_Core_and_Setup\tableextension\CustomerExt.TableExt.al(510,22): warning AL0717: The property 'CalcFormula' is required for the field 'Current Room No' in TableExtension 'Customer Ext' because the field's property 'FieldClass' is set to 'FlowField'.
src\03_Human_Resources_and_Payroll\page\HRTNACard.Page.al(218,98): warning AL0603: An implicit conversion is being performed from a value of type 'Option' to a value of type 'Enum System.Automation."Approval Document Type"'. This conversion can lead to unexpected runtime issues.
src\04_Clinical_and_Patient_Management\page\HMSPatients.Page.al(365,21): warning AL0604: Use of implicit 'with' will be removed in the future. Qualify with 'Rec'. This warning will become an error in a future release.
src\03_Human_Resources_and_Payroll\page\HRTrainingApplicationCard.Page.al(224,96): warning AL0603: An implicit conversion is being performed from a value of type 'Option' to a value of type 'Enum System.Automation."Approval Document Type"'. This conversion can lead to unexpected runtime issues.
src\04_Clinical_and_Patient_Management\page\HMSProcedureRequestList.Page.al(71,17): warning AL0729: The Property 'Promoted' can only be used if the property 'PageType' is set with any of the values of: 'Card,Document,List,ListPlus,Worksheet' This warning will become an error in a future release.
src\04_Clinical_and_Patient_Management\page\HMSProcedureRequestList.Page.al(72,17): warning AL0729: The Property 'PromotedCategory' can only be used if the property 'PageType' is set with any of the values of: 'Card,Document,List,ListPlus,Worksheet' This warning will become an error in a future release.
src\04_Clinical_and_Patient_Management\page\HMSProcedureRequestList.Page.al(73,17): warning AL0729: The Property 'PromotedIsBig' can only be used if the property 'PageType' is set with any of the values of: 'Card,Document,List,ListPlus,Worksheet' This warning will become an error in a future release.
src\03_Human_Resources_and_Payroll\page\HRTrainingApplicationList.Page.al(149,96): warning AL0603: An implicit conversion is being performed from a value of type 'Option' to a value of type 'Enum System.Automation."Approval Document Type"'. This conversion can lead to unexpected runtime issues.
src\05_Inventory_and_Procurement\page\ItemCashAccountingUP.Page.al(700,35): warning AL0603: An implicit conversion is being performed from a value of type 'Option' to a value of type 'Enum "Payment Modes"'. This conversion can lead to unexpected runtime issues.
src\03_Human_Resources_and_Payroll\table\LeaveTypes.Table.al(58,22): warning AL0717: The property 'CalcFormula' is required for the field 'Applied' in Table 'Leave Types' because the field's property 'FieldClass' is set to 'FlowField'.
src\04_Clinical_and_Patient_Management\page\HMSPharmacyHistoryList.Page.al(104,17): warning AL0604: Use of implicit 'with' will be removed in the future. Qualify with 'Rec'. This warning will become an error in a future release.
src\03_Human_Resources_and_Payroll\table\StaffAdvanceSurrenderHeader.Table.al(465,22): warning AL0717: The property 'CalcFormula' is required for the field 'Actual Spent' in Table 'Staff Advance Surrender Header' because the field's property 'FieldClass' is set to 'FlowField'.
src\05_Inventory_and_Procurement\page\ItemCashDetailsUP.Page.al(145,17): warning AL0729: The Property 'Promoted' can only be used if the property 'PageType' is set with any of the values of: 'Card,Document,List,ListPlus,Worksheet' This warning will become an error in a future release.
src\05_Inventory_and_Procurement\page\ItemCashDetailsUP.Page.al(146,17): warning AL0729: The Property 'PromotedCategory' can only be used if the property 'PageType' is set with any of the values of: 'Card,Document,List,ListPlus,Worksheet' This warning will become an error in a future release.
src\05_Inventory_and_Procurement\page\ItemCashList.Page.al(78,86): warning AL0603: An implicit conversion is being performed from a value of type 'Option' to a value of type 'Enum System.Automation."Approval Document Type"'. This conversion can lead to unexpected runtime issues.
src\04_Clinical_and_Patient_Management\page\HMSPharmacyRoleCentre.Page.al(60,21): warning AL0729: The Property 'Promoted' can only be used if the property 'PageType' is set with any of the values of: 'Card,Document,List,ListPlus,Worksheet' This warning will become an error in a future release.
src\04_Clinical_and_Patient_Management\page\HMSPharmacyRoleCentre.Page.al(68,21): warning AL0729: The Property 'Promoted' can only be used if the property 'PageType' is set with any of the values of: 'Card,Document,List,ListPlus,Worksheet' This warning will become an error in a future release.
src\04_Clinical_and_Patient_Management\page\HMSPharmacyRoleCentre.Page.al(89,21): warning AL0729: The Property 'Promoted' can only be used if the property 'PageType' is set with any of the values of: 'Card,Document,List,ListPlus,Worksheet' This warning will become an error in a future release.
src\04_Clinical_and_Patient_Management\page\HMSPharmacyRoleCentre.Page.al(90,21): warning AL0729: The Property 'PromotedCategory' can only be used if the property 'PageType' is set with any of the values of: 'Card,Document,List,ListPlus,Worksheet' This warning will become an error in a future release.
src\04_Clinical_and_Patient_Management\page\HMSPharmacyRoleCentre.Page.al(91,21): warning AL0729: The Property 'PromotedIsBig' can only be used if the property 'PageType' is set with any of the values of: 'Card,Document,List,ListPlus,Worksheet' This warning will become an error in a future release.
src\04_Clinical_and_Patient_Management\page\HMSPharmacyRoleCentre.Page.al(114,21): warning AL0729: The Property 'Promoted' can only be used if the property 'PageType' is set with any of the values of: 'Card,Document,List,ListPlus,Worksheet' This warning will become an error in a future release.
src\04_Clinical_and_Patient_Management\page\HMSPharmacyRoleCentre.Page.al(123,21): warning AL0729: The Property 'Promoted' can only be used if the property 'PageType' is set with any of the values of: 'Card,Document,List,ListPlus,Worksheet' This warning will become an error in a future release.
src\04_Clinical_and_Patient_Management\page\HMSPharmacyRoleCentre.Page.al(132,21): warning AL0729: The Property 'Promoted' can only be used if the property 'PageType' is set with any of the values of: 'Card,Document,List,ListPlus,Worksheet' This warning will become an error in a future release.
src\04_Clinical_and_Patient_Management\page\HMSPharmacyRoleCentre.Page.al(154,21): warning AL0729: The Property 'Promoted' can only be used if the property 'PageType' is set with any of the values of: 'Card,Document,List,ListPlus,Worksheet' This warning will become an error in a future release.
src\04_Clinical_and_Patient_Management\page\HMSPharmacyRoleCentre.Page.al(175,21): warning AL0729: The Property 'Promoted' can only be used if the property 'PageType' is set with any of the values of: 'Card,Document,List,ListPlus,Worksheet' This warning will become an error in a future release.
src\04_Clinical_and_Patient_Management\page\HMSPharmacyRoleCentre.Page.al(300,17): warning AL0729: The Property 'Promoted' can only be used if the property 'PageType' is set with any of the values of: 'Card,Document,List,ListPlus,Worksheet' This warning will become an error in a future release.
src\04_Clinical_and_Patient_Management\page\HMSPharmacyRoleCentre.Page.al(309,17): warning AL0729: The Property 'Promoted' can only be used if the property 'PageType' is set with any of the values of: 'Card,Document,List,ListPlus,Worksheet' This warning will become an error in a future release.
src\04_Clinical_and_Patient_Management\page\HMSPharmacyRoleCentre.Page.al(310,17): warning AL0729: The Property 'PromotedCategory' can only be used if the property 'PageType' is set with any of the values of: 'Card,Document,List,ListPlus,Worksheet' This warning will become an error in a future release.
src\04_Clinical_and_Patient_Management\page\HMSPharmacyRoleCentre.Page.al(311,17): warning AL0729: The Property 'PromotedIsBig' can only be used if the property 'PageType' is set with any of the values of: 'Card,Document,List,ListPlus,Worksheet' This warning will become an error in a future release.
src\04_Clinical_and_Patient_Management\page\HMSPharmacyRoleCentre.Page.al(359,21): warning AL0729: The Property 'Promoted' can only be used if the property 'PageType' is set with any of the values of: 'Card,Document,List,ListPlus,Worksheet' This warning will become an error in a future release.
src\04_Clinical_and_Patient_Management\page\HMSPharmacyRoleCentre.Page.al(360,21): warning AL0729: The Property 'PromotedIsBig' can only be used if the property 'PageType' is set with any of the values of: 'Card,Document,List,ListPlus,Worksheet' This warning will become an error in a future release.
src\04_Clinical_and_Patient_Management\page\HMSPharmacyWaitingList.Page.al(59,9): warning AL0604: Use of implicit 'with' will be removed in the future. Qualify with 'Rec'. This warning will become an error in a future release.
src\04_Clinical_and_Patient_Management\page\HMSPharmacyWaitingList.Page.al(62,17): warning AL0604: Use of implicit 'with' will be removed in the future. Qualify with 'Rec'. This warning will become an error in a future release.
src\04_Clinical_and_Patient_Management\page\HMSPharmacyWaitingList.Page.al(68,58): warning AL0604: Use of implicit 'with' will be removed in the future. Qualify with 'Rec'. This warning will become an error in a future release.
src\08_Logistics_and_Asset_Management\table\FLTVehicleHeader.Table.al(158,22): warning AL0717: The property 'CalcFormula' is required for the field 'Comment' in Table 'FLT-Vehicle Header' because the field's property 'FieldClass' is set to 'FlowField'.
src\04_Clinical_and_Patient_Management\page\HMSActivePatientOutPatients.Page.al(171,39): warning AL0604: Use of implicit 'with' will be removed in the future. Qualify with 'Rec'. This warning will become an error in a future release.
src\04_Clinical_and_Patient_Management\page\HMSActivePatientOutPatients.Page.al(171,54): warning AL0604: Use of implicit 'with' will be removed in the future. Qualify with 'Rec'. This warning will become an error in a future release.
src\04_Clinical_and_Patient_Management\page\HMSActivePatientOutPatients.Page.al(249,37): warning AL0604: Use of implicit 'with' will be removed in the future. Qualify with 'Rec'. This warning will become an error in a future release.
src\04_Clinical_and_Patient_Management\page\HMSActivePatientOutPatients.Page.al(256,49): warning AL0604: Use of implicit 'with' will be removed in the future. Qualify with 'Rec'. This warning will become an error in a future release.
src\07_Administration_and_Security\page\BillingRoleCenter.Page.al(64,21): warning AL0729: The Property 'Promoted' can only be used if the property 'PageType' is set with any of the values of: 'Card,Document,List,ListPlus,Worksheet' This warning will become an error in a future release.
src\04_Clinical_and_Patient_Management\page\HMSActivePatientOutPatients.Page.al(300,81): warning AL0604: Use of implicit 'with' will be removed in the future. Qualify with 'Rec'. This warning will become an error in a future release.
src\04_Clinical_and_Patient_Management\page\HMSActivePatientOutPatients.Page.al(316,77): warning AL0604: Use of implicit 'with' will be removed in the future. Qualify with 'Rec'. This warning will become an error in a future release.
src\04_Clinical_and_Patient_Management\page\HMSActivePatientOutPatients.Page.al(341,77): warning AL0604: Use of implicit 'with' will be removed in the future. Qualify with 'Rec'. This warning will become an error in a future release.
src\04_Clinical_and_Patient_Management\page\HMSActivePatientOutPatients.Page.al(376,64): warning AL0604: Use of implicit 'with' will be removed in the future. Qualify with 'Rec'. This warning will become an error in a future release.
src\04_Clinical_and_Patient_Management\page\HMSActivePatientOutPatients.Page.al(388,64): warning AL0604: Use of implicit 'with' will be removed in the future. Qualify with 'Rec'. This warning will become an error in a future release.
src\04_Clinical_and_Patient_Management\page\HMSActivePatientOutPatients.Page.al(401,64): warning AL0604: Use of implicit 'with' will be removed in the future. Qualify with 'Rec'. This warning will become an error in a future release.
src\04_Clinical_and_Patient_Management\page\HMSActivePatientOutPatients.Page.al(418,21): warning AL0604: Use of implicit 'with' will be removed in the future. Qualify with 'Rec'. This warning will become an error in a future release.
src\04_Clinical_and_Patient_Management\page\HMSActivePatientOutPatients.Page.al(419,21): warning AL0604: Use of implicit 'with' will be removed in the future. Qualify with 'Rec'. This warning will become an error in a future release.
src\04_Clinical_and_Patient_Management\page\HMSActivePatientOutPatients.Page.al(422,82): warning AL0604: Use of implicit 'with' will be removed in the future. Qualify with 'Rec'. This warning will become an error in a future release.
src\04_Clinical_and_Patient_Management\page\HMSActivePatientOutPatients.Page.al(423,79): warning AL0604: Use of implicit 'with' will be removed in the future. Qualify with 'Rec'. This warning will become an error in a future release.
src\04_Clinical_and_Patient_Management\page\HMSActivePatientOutPatients.Page.al(429,81): warning AL0604: Use of implicit 'with' will be removed in the future. Qualify with 'Rec'. This warning will become an error in a future release.
src\04_Clinical_and_Patient_Management\page\HMSActivePatientOutPatients.Page.al(433,25): warning AL0604: Use of implicit 'with' will be removed in the future. Qualify with 'Rec'. This warning will become an error in a future release.
src\04_Clinical_and_Patient_Management\page\HMSActivePatientOutPatients.Page.al(454,21): warning AL0604: Use of implicit 'with' will be removed in the future. Qualify with 'Rec'. This warning will become an error in a future release.
src\04_Clinical_and_Patient_Management\page\HMSActivePatientOutPatients.Page.al(455,21): warning AL0604: Use of implicit 'with' will be removed in the future. Qualify with 'Rec'. This warning will become an error in a future release.
src\04_Clinical_and_Patient_Management\page\HMSActivePatientOutPatients.Page.al(458,82): warning AL0604: Use of implicit 'with' will be removed in the future. Qualify with 'Rec'. This warning will become an error in a future release.
src\04_Clinical_and_Patient_Management\page\HMSActivePatientOutPatients.Page.al(465,81): warning AL0604: Use of implicit 'with' will be removed in the future. Qualify with 'Rec'. This warning will become an error in a future release.
src\04_Clinical_and_Patient_Management\page\HMSActivePatientOutPatients.Page.al(469,25): warning AL0604: Use of implicit 'with' will be removed in the future. Qualify with 'Rec'. This warning will become an error in a future release.
src\04_Clinical_and_Patient_Management\page\HMSActivePatientOutPatients.Page.al(502,35): warning AL0604: Use of implicit 'with' will be removed in the future. Qualify with 'Rec'. This warning will become an error in a future release.
src\04_Clinical_and_Patient_Management\page\HMSActivePatientOutPatients.Page.al(515,85): warning AL0604: Use of implicit 'with' will be removed in the future. Qualify with 'Rec'. This warning will become an error in a future release.
src\04_Clinical_and_Patient_Management\page\HMSActivePatientOutPatients.Page.al(548,24): warning AL0604: Use of implicit 'with' will be removed in the future. Qualify with 'Rec'. This warning will become an error in a future release.
src\04_Clinical_and_Patient_Management\page\HMSActivePatientOutPatients.Page.al(635,58): warning AL0604: Use of implicit 'with' will be removed in the future. Qualify with 'Rec'. This warning will become an error in a future release.
src\04_Clinical_and_Patient_Management\page\HMSActivePatientOutPatients.Page.al(640,55): warning AL0604: Use of implicit 'with' will be removed in the future. Qualify with 'Rec'. This warning will become an error in a future release.
src\04_Clinical_and_Patient_Management\page\HMSActivePatientOutPatients.Page.al(645,50): warning AL0604: Use of implicit 'with' will be removed in the future. Qualify with 'Rec'. This warning will become an error in a future release.
src\04_Clinical_and_Patient_Management\page\HMSActivePatientOutPatients.Page.al(666,82): warning AL0604: Use of implicit 'with' will be removed in the future. Qualify with 'Rec'. This warning will become an error in a future release.
src\04_Clinical_and_Patient_Management\page\HMSActivePatientOutPatients.Page.al(667,79): warning AL0604: Use of implicit 'with' will be removed in the future. Qualify with 'Rec'. This warning will become an error in a future release.
src\04_Clinical_and_Patient_Management\page\HMSActivePatientOutPatients.Page.al(683,17): warning AL0604: Use of implicit 'with' will be removed in the future. Qualify with 'Rec'. This warning will become an error in a future release.
src\02_Finance_and_GL\page\CashPaymentHeaderUP.Page.al(978,46): warning AL0603: An implicit conversion is being performed from a value of type 'Option' to a value of type 'Enum Microsoft.Finance.GeneralLedger.Journal."Gen. Journal Account Type"'. This conversion can lead to unexpected runtime issues.
src\02_Finance_and_GL\page\CashPaymentHeaderUP.Page.al(1091,50): warning AL0603: An implicit conversion is being performed from a value of type 'Option' to a value of type 'Enum Microsoft.Finance.GeneralLedger.Journal."Gen. Journal Account Type"'. This conversion can lead to unexpected runtime issues.
src\02_Finance_and_GL\page\CashPaymentHeaderUP.Page.al(1195,50): warning AL0603: An implicit conversion is being performed from a value of type 'Option' to a value of type 'Enum Microsoft.Finance.GeneralLedger.Journal."Gen. Journal Account Type"'. This conversion can lead to unexpected runtime issues.
src\02_Finance_and_GL\page\CashPaymentHeaderUP.Page.al(1272,55): warning AL0603: An implicit conversion is being performed from a value of type 'Option' to a value of type 'Enum Microsoft.Finance.GeneralLedger.Journal."Gen. Journal Account Type"'. This conversion can lead to unexpected runtime issues.
src\02_Finance_and_GL\page\CashPaymentHeaderUP.Page.al(1353,46): warning AL0603: An implicit conversion is being performed from a value of type 'Option' to a value of type 'Enum Microsoft.Finance.GeneralLedger.Journal."Gen. Journal Account Type"'. This conversion can lead to unexpected runtime issues.
src\02_Finance_and_GL\page\CashPaymentHeaderUP.Page.al(1400,46): warning AL0603: An implicit conversion is being performed from a value of type 'Option' to a value of type 'Enum Microsoft.Finance.GeneralLedger.Journal."Gen. Journal Account Type"'. This conversion can lead to unexpected runtime issues.
src\02_Finance_and_GL\page\CashPaymentHeaderUP.Page.al(1453,46): warning AL0603: An implicit conversion is being performed from a value of type 'Option' to a value of type 'Enum Microsoft.Finance.GeneralLedger.Journal."Gen. Journal Account Type"'. This conversion can lead to unexpected runtime issues.
src\04_Clinical_and_Patient_Management\page\HMSActivePatientOutPatients.Page.al(722,29): warning AL0604: Use of implicit 'with' will be removed in the future. Qualify with 'Rec'. This warning will become an error in a future release.
src\04_Clinical_and_Patient_Management\page\HMSActivePatientOutPatients.Page.al(722,12): warning AL0604: Use of implicit 'with' will be removed in the future. Qualify with 'Rec'. This warning will become an error in a future release.
src\04_Clinical_and_Patient_Management\page\HMSActivePatientOutPatients.Page.al(723,26): warning AL0604: Use of implicit 'with' will be removed in the future. Qualify with 'Rec'. This warning will become an error in a future release.
src\04_Clinical_and_Patient_Management\page\HMSActivePatientOutPatients.Page.al(734,36): warning AL0604: Use of implicit 'with' will be removed in the future. Qualify with 'Rec'. This warning will become an error in a future release.
src\04_Clinical_and_Patient_Management\page\HMSActivePatientOutPatients.Page.al(754,71): warning AL0604: Use of implicit 'with' will be removed in the future. Qualify with 'Rec'. This warning will become an error in a future release.
src\04_Clinical_and_Patient_Management\page\HMSActivePatientOutPatients.Page.al(809,56): warning AL0604: Use of implicit 'with' will be removed in the future. Qualify with 'Rec'. This warning will become an error in a future release.
src\04_Clinical_and_Patient_Management\page\HMSActivePatientOutPatients.Page.al(821,48): warning AL0604: Use of implicit 'with' will be removed in the future. Qualify with 'Rec'. This warning will become an error in a future release.
src\04_Clinical_and_Patient_Management\page\HMSActivePatientOutPatients.Page.al(837,79): warning AL0604: Use of implicit 'with' will be removed in the future. Qualify with 'Rec'. This warning will become an error in a future release.
src\04_Clinical_and_Patient_Management\page\HMSPsychiatristRoleCentre.Page.al(139,21): warning AL0729: The Property 'Promoted' can only be used if the property 'PageType' is set with any of the values of: 'Card,Document,List,ListPlus,Worksheet' This warning will become an error in a future release.
src\04_Clinical_and_Patient_Management\page\HMSPsychiatristRoleCentre.Page.al(140,21): warning AL0729: The Property 'PromotedCategory' can only be used if the property 'PageType' is set with any of the values of: 'Card,Document,List,ListPlus,Worksheet' This warning will become an error in a future release.
src\04_Clinical_and_Patient_Management\page\HMSPsychiatristRoleCentre.Page.al(141,21): warning AL0729: The Property 'PromotedIsBig' can only be used if the property 'PageType' is set with any of the values of: 'Card,Document,List,ListPlus,Worksheet' This warning will become an error in a future release.
src\04_Clinical_and_Patient_Management\page\HMSPsychiatristRoleCentre.Page.al(149,21): warning AL0729: The Property 'Promoted' can only be used if the property 'PageType' is set with any of the values of: 'Card,Document,List,ListPlus,Worksheet' This warning will become an error in a future release.
src\04_Clinical_and_Patient_Management\page\HMSPsychiatristRoleCentre.Page.al(150,21): warning AL0729: The Property 'PromotedCategory' can only be used if the property 'PageType' is set with any of the values of: 'Card,Document,List,ListPlus,Worksheet' This warning will become an error in a future release.
src\04_Clinical_and_Patient_Management\page\HMSPsychiatristRoleCentre.Page.al(163,21): warning AL0729: The Property 'Promoted' can only be used if the property 'PageType' is set with any of the values of: 'Card,Document,List,ListPlus,Worksheet' This warning will become an error in a future release.
src\04_Clinical_and_Patient_Management\page\HMSPsychiatristRoleCentre.Page.al(164,21): warning AL0729: The Property 'PromotedCategory' can only be used if the property 'PageType' is set with any of the values of: 'Card,Document,List,ListPlus,Worksheet' This warning will become an error in a future release.
src\04_Clinical_and_Patient_Management\page\HMSPsychiatristRoleCentre.Page.al(172,21): warning AL0729: The Property 'Promoted' can only be used if the property 'PageType' is set with any of the values of: 'Card,Document,List,ListPlus,Worksheet' This warning will become an error in a future release.
src\04_Clinical_and_Patient_Management\page\HMSPsychiatristRoleCentre.Page.al(180,21): warning AL0729: The Property 'Promoted' can only be used if the property 'PageType' is set with any of the values of: 'Card,Document,List,ListPlus,Worksheet' This warning will become an error in a future release.
src\04_Clinical_and_Patient_Management\page\HMSPsychiatristRoleCentre.Page.al(181,21): warning AL0729: The Property 'PromotedCategory' can only be used if the property 'PageType' is set with any of the values of: 'Card,Document,List,ListPlus,Worksheet' This warning will become an error in a future release.
src\04_Clinical_and_Patient_Management\page\HMSPsychiatristRoleCentre.Page.al(265,25): warning AL0729: The Property 'Promoted' can only be used if the property 'PageType' is set with any of the values of: 'Card,Document,List,ListPlus,Worksheet' This warning will become an error in a future release.
src\04_Clinical_and_Patient_Management\page\HMSPsychiatristRoleCentre.Page.al(266,25): warning AL0729: The Property 'PromotedIsBig' can only be used if the property 'PageType' is set with any of the values of: 'Card,Document,List,ListPlus,Worksheet' This warning will become an error in a future release.
src\04_Clinical_and_Patient_Management\page\HMSPsychiatristRoleCentre.Page.al(274,25): warning AL0729: The Property 'Promoted' can only be used if the property 'PageType' is set with any of the values of: 'Card,Document,List,ListPlus,Worksheet' This warning will become an error in a future release.
src\04_Clinical_and_Patient_Management\page\HMSPsychiatristRoleCentre.Page.al(275,25): warning AL0729: The Property 'PromotedIsBig' can only be used if the property 'PageType' is set with any of the values of: 'Card,Document,List,ListPlus,Worksheet' This warning will become an error in a future release.
src\04_Clinical_and_Patient_Management\page\HMSPsychiatristRoleCentre.Page.al(283,25): warning AL0729: The Property 'Promoted' can only be used if the property 'PageType' is set with any of the values of: 'Card,Document,List,ListPlus,Worksheet' This warning will become an error in a future release.
src\04_Clinical_and_Patient_Management\page\HMSPsychiatristRoleCentre.Page.al(284,25): warning AL0729: The Property 'PromotedIsBig' can only be used if the property 'PageType' is set with any of the values of: 'Card,Document,List,ListPlus,Worksheet' This warning will become an error in a future release.
src\04_Clinical_and_Patient_Management\page\HMSPsychiatristRoleCentre.Page.al(303,25): warning AL0729: The Property 'Promoted' can only be used if the property 'PageType' is set with any of the values of: 'Card,Document,List,ListPlus,Worksheet' This warning will become an error in a future release.
src\04_Clinical_and_Patient_Management\page\HMSPsychiatristRoleCentre.Page.al(304,25): warning AL0729: The Property 'PromotedIsBig' can only be used if the property 'PageType' is set with any of the values of: 'Card,Document,List,ListPlus,Worksheet' This warning will become an error in a future release.
src\04_Clinical_and_Patient_Management\page\HMSPsychiatristRoleCentre.Page.al(318,25): warning AL0729: The Property 'Promoted' can only be used if the property 'PageType' is set with any of the values of: 'Card,Document,List,ListPlus,Worksheet' This warning will become an error in a future release.
src\04_Clinical_and_Patient_Management\page\HMSPsychiatristRoleCentre.Page.al(319,25): warning AL0729: The Property 'PromotedIsBig' can only be used if the property 'PageType' is set with any of the values of: 'Card,Document,List,ListPlus,Worksheet' This warning will become an error in a future release.
src\04_Clinical_and_Patient_Management\page\HMSPsychiatristRoleCentre.Page.al(337,29): warning AL0729: The Property 'Promoted' can only be used if the property 'PageType' is set with any of the values of: 'Card,Document,List,ListPlus,Worksheet' This warning will become an error in a future release.
src\04_Clinical_and_Patient_Management\page\HMSPsychiatristRoleCentre.Page.al(338,29): warning AL0729: The Property 'PromotedIsBig' can only be used if the property 'PageType' is set with any of the values of: 'Card,Document,List,ListPlus,Worksheet' This warning will become an error in a future release.
src\04_Clinical_and_Patient_Management\page\HMSPsychiatristRoleCentre.Page.al(346,29): warning AL0729: The Property 'Promoted' can only be used if the property 'PageType' is set with any of the values of: 'Card,Document,List,ListPlus,Worksheet' This warning will become an error in a future release.
src\04_Clinical_and_Patient_Management\page\HMSPsychiatristRoleCentre.Page.al(347,29): warning AL0729: The Property 'PromotedIsBig' can only be used if the property 'PageType' is set with any of the values of: 'Card,Document,List,ListPlus,Worksheet' This warning will become an error in a future release.
src\04_Clinical_and_Patient_Management\page\HMSPsychiatristRoleCentre.Page.al(355,29): warning AL0729: The Property 'Promoted' can only be used if the property 'PageType' is set with any of the values of: 'Card,Document,List,ListPlus,Worksheet' This warning will become an error in a future release.
src\04_Clinical_and_Patient_Management\page\HMSPsychiatristRoleCentre.Page.al(356,29): warning AL0729: The Property 'PromotedIsBig' can only be used if the property 'PageType' is set with any of the values of: 'Card,Document,List,ListPlus,Worksheet' This warning will become an error in a future release.
src\04_Clinical_and_Patient_Management\page\HMSPsychiatristRoleCentre.Page.al(364,29): warning AL0729: The Property 'Promoted' can only be used if the property 'PageType' is set with any of the values of: 'Card,Document,List,ListPlus,Worksheet' This warning will become an error in a future release.
src\04_Clinical_and_Patient_Management\page\HMSPsychiatristRoleCentre.Page.al(365,29): warning AL0729: The Property 'PromotedIsBig' can only be used if the property 'PageType' is set with any of the values of: 'Card,Document,List,ListPlus,Worksheet' This warning will become an error in a future release.
src\04_Clinical_and_Patient_Management\page\HMSPsychiatristRoleCentre.Page.al(373,29): warning AL0729: The Property 'Promoted' can only be used if the property 'PageType' is set with any of the values of: 'Card,Document,List,ListPlus,Worksheet' This warning will become an error in a future release.
src\04_Clinical_and_Patient_Management\page\HMSPsychiatristRoleCentre.Page.al(374,29): warning AL0729: The Property 'PromotedIsBig' can only be used if the property 'PageType' is set with any of the values of: 'Card,Document,List,ListPlus,Worksheet' This warning will become an error in a future release.
src\04_Clinical_and_Patient_Management\page\HMSPsychiatristRoleCentre.Page.al(382,29): warning AL0729: The Property 'Promoted' can only be used if the property 'PageType' is set with any of the values of: 'Card,Document,List,ListPlus,Worksheet' This warning will become an error in a future release.
src\04_Clinical_and_Patient_Management\page\HMSPsychiatristRoleCentre.Page.al(383,29): warning AL0729: The Property 'PromotedIsBig' can only be used if the property 'PageType' is set with any of the values of: 'Card,Document,List,ListPlus,Worksheet' This warning will become an error in a future release.
src\04_Clinical_and_Patient_Management\page\HMSPsychiatristRoleCentre.Page.al(391,29): warning AL0729: The Property 'Promoted' can only be used if the property 'PageType' is set with any of the values of: 'Card,Document,List,ListPlus,Worksheet' This warning will become an error in a future release.
src\04_Clinical_and_Patient_Management\page\HMSPsychiatristRoleCentre.Page.al(392,29): warning AL0729: The Property 'PromotedIsBig' can only be used if the property 'PageType' is set with any of the values of: 'Card,Document,List,ListPlus,Worksheet' This warning will become an error in a future release.
src\04_Clinical_and_Patient_Management\page\HMSPsychiatristRoleCentre.Page.al(401,25): warning AL0729: The Property 'Promoted' can only be used if the property 'PageType' is set with any of the values of: 'Card,Document,List,ListPlus,Worksheet' This warning will become an error in a future release.
src\04_Clinical_and_Patient_Management\page\HMSPsychiatristRoleCentre.Page.al(402,25): warning AL0729: The Property 'PromotedIsBig' can only be used if the property 'PageType' is set with any of the values of: 'Card,Document,List,ListPlus,Worksheet' This warning will become an error in a future release.
src\04_Clinical_and_Patient_Management\page\HMSPsychiatristRoleCentre.Page.al(410,25): warning AL0729: The Property 'Promoted' can only be used if the property 'PageType' is set with any of the values of: 'Card,Document,List,ListPlus,Worksheet' This warning will become an error in a future release.
src\04_Clinical_and_Patient_Management\page\HMSPsychiatristRoleCentre.Page.al(411,25): warning AL0729: The Property 'PromotedIsBig' can only be used if the property 'PageType' is set with any of the values of: 'Card,Document,List,ListPlus,Worksheet' This warning will become an error in a future release.
src\04_Clinical_and_Patient_Management\page\HMSPsychiatristRoleCentre.Page.al(419,25): warning AL0729: The Property 'Promoted' can only be used if the property 'PageType' is set with any of the values of: 'Card,Document,List,ListPlus,Worksheet' This warning will become an error in a future release.
src\04_Clinical_and_Patient_Management\page\HMSPsychiatristRoleCentre.Page.al(420,25): warning AL0729: The Property 'PromotedIsBig' can only be used if the property 'PageType' is set with any of the values of: 'Card,Document,List,ListPlus,Worksheet' This warning will become an error in a future release.
src\04_Clinical_and_Patient_Management\page\HMSPsychiatristRoleCentre.Page.al(428,25): warning AL0729: The Property 'Promoted' can only be used if the property 'PageType' is set with any of the values of: 'Card,Document,List,ListPlus,Worksheet' This warning will become an error in a future release.
src\04_Clinical_and_Patient_Management\page\HMSPsychiatristRoleCentre.Page.al(429,25): warning AL0729: The Property 'PromotedIsBig' can only be used if the property 'PageType' is set with any of the values of: 'Card,Document,List,ListPlus,Worksheet' This warning will become an error in a future release.
src\04_Clinical_and_Patient_Management\page\HMSPsychiatristRoleCentre.Page.al(437,25): warning AL0729: The Property 'Promoted' can only be used if the property 'PageType' is set with any of the values of: 'Card,Document,List,ListPlus,Worksheet' This warning will become an error in a future release.
src\04_Clinical_and_Patient_Management\page\HMSPsychiatristRoleCentre.Page.al(438,25): warning AL0729: The Property 'PromotedIsBig' can only be used if the property 'PageType' is set with any of the values of: 'Card,Document,List,ListPlus,Worksheet' This warning will become an error in a future release.
src\04_Clinical_and_Patient_Management\page\HMSPsychiatristRoleCentre.Page.al(446,25): warning AL0729: The Property 'Promoted' can only be used if the property 'PageType' is set with any of the values of: 'Card,Document,List,ListPlus,Worksheet' This warning will become an error in a future release.
src\04_Clinical_and_Patient_Management\page\HMSPsychiatristRoleCentre.Page.al(447,25): warning AL0729: The Property 'PromotedIsBig' can only be used if the property 'PageType' is set with any of the values of: 'Card,Document,List,ListPlus,Worksheet' This warning will become an error in a future release.
src\04_Clinical_and_Patient_Management\page\HMSPsychiatristRoleCentre.Page.al(455,25): warning AL0729: The Property 'Promoted' can only be used if the property 'PageType' is set with any of the values of: 'Card,Document,List,ListPlus,Worksheet' This warning will become an error in a future release.
src\04_Clinical_and_Patient_Management\page\HMSPsychiatristRoleCentre.Page.al(456,25): warning AL0729: The Property 'PromotedIsBig' can only be used if the property 'PageType' is set with any of the values of: 'Card,Document,List,ListPlus,Worksheet' This warning will become an error in a future release.
src\04_Clinical_and_Patient_Management\page\HMSPsychiatristRoleCentre.Page.al(464,25): warning AL0729: The Property 'Promoted' can only be used if the property 'PageType' is set with any of the values of: 'Card,Document,List,ListPlus,Worksheet' This warning will become an error in a future release.
src\04_Clinical_and_Patient_Management\page\HMSPsychiatristRoleCentre.Page.al(465,25): warning AL0729: The Property 'PromotedIsBig' can only be used if the property 'PageType' is set with any of the values of: 'Card,Document,List,ListPlus,Worksheet' This warning will become an error in a future release.
src\04_Clinical_and_Patient_Management\page\HMSPsychiatristRoleCentre.Page.al(485,21): warning AL0729: The Property 'Promoted' can only be used if the property 'PageType' is set with any of the values of: 'Card,Document,List,ListPlus,Worksheet' This warning will become an error in a future release.
src\04_Clinical_and_Patient_Management\page\HMSPsychiatristRoleCentre.Page.al(494,21): warning AL0729: The Property 'Promoted' can only be used if the property 'PageType' is set with any of the values of: 'Card,Document,List,ListPlus,Worksheet' This warning will become an error in a future release.
src\04_Clinical_and_Patient_Management\page\HMSPsychiatristRoleCentre.Page.al(508,21): warning AL0729: The Property 'Promoted' can only be used if the property 'PageType' is set with any of the values of: 'Card,Document,List,ListPlus,Worksheet' This warning will become an error in a future release.
src\04_Clinical_and_Patient_Management\page\HMSPsychiatristRoleCentre.Page.al(516,21): warning AL0729: The Property 'Promoted' can only be used if the property 'PageType' is set with any of the values of: 'Card,Document,List,ListPlus,Worksheet' This warning will become an error in a future release.
src\04_Clinical_and_Patient_Management\page\HMSPsychiatristRoleCentre.Page.al(524,21): warning AL0729: The Property 'Promoted' can only be used if the property 'PageType' is set with any of the values of: 'Card,Document,List,ListPlus,Worksheet' This warning will become an error in a future release.
src\04_Clinical_and_Patient_Management\page\HMSPsychiatristRoleCentre.Page.al(562,21): warning AL0729: The Property 'Promoted' can only be used if the property 'PageType' is set with any of the values of: 'Card,Document,List,ListPlus,Worksheet' This warning will become an error in a future release.
src\04_Clinical_and_Patient_Management\page\HMSPsychiatristRoleCentre.Page.al(563,21): warning AL0729: The Property 'PromotedCategory' can only be used if the property 'PageType' is set with any of the values of: 'Card,Document,List,ListPlus,Worksheet' This warning will become an error in a future release.
src\04_Clinical_and_Patient_Management\page\HMSPsychiatristRoleCentre.Page.al(564,21): warning AL0729: The Property 'PromotedIsBig' can only be used if the property 'PageType' is set with any of the values of: 'Card,Document,List,ListPlus,Worksheet' This warning will become an error in a future release.
src\04_Clinical_and_Patient_Management\page\HMSPsychiatristRoleCentre.Page.al(572,21): warning AL0729: The Property 'Promoted' can only be used if the property 'PageType' is set with any of the values of: 'Card,Document,List,ListPlus,Worksheet' This warning will become an error in a future release.
src\04_Clinical_and_Patient_Management\page\HMSPsychiatristRoleCentre.Page.al(640,21): warning AL0729: The Property 'Promoted' can only be used if the property 'PageType' is set with any of the values of: 'Card,Document,List,ListPlus,Worksheet' This warning will become an error in a future release.
src\04_Clinical_and_Patient_Management\page\HMSPsychiatristRoleCentre.Page.al(641,21): warning AL0729: The Property 'PromotedCategory' can only be used if the property 'PageType' is set with any of the values of: 'Card,Document,List,ListPlus,Worksheet' This warning will become an error in a future release.
src\04_Clinical_and_Patient_Management\page\HMSPsychiatristRoleCentre.Page.al(642,21): warning AL0729: The Property 'PromotedIsBig' can only be used if the property 'PageType' is set with any of the values of: 'Card,Document,List,ListPlus,Worksheet' This warning will become an error in a future release.
src\04_Clinical_and_Patient_Management\page\HMSPsychiatristRoleCentre.Page.al(650,21): warning AL0729: The Property 'Promoted' can only be used if the property 'PageType' is set with any of the values of: 'Card,Document,List,ListPlus,Worksheet' This warning will become an error in a future release.
src\04_Clinical_and_Patient_Management\page\HMSPsychiatristRoleCentre.Page.al(658,21): warning AL0729: The Property 'Promoted' can only be used if the property 'PageType' is set with any of the values of: 'Card,Document,List,ListPlus,Worksheet' This warning will become an error in a future release.
src\04_Clinical_and_Patient_Management\page\HMSPsychiatristRoleCentre.Page.al(671,21): warning AL0729: The Property 'Promoted' can only be used if the property 'PageType' is set with any of the values of: 'Card,Document,List,ListPlus,Worksheet' This warning will become an error in a future release.
src\04_Clinical_and_Patient_Management\page\HMSPsychiatristRoleCentre.Page.al(672,21): warning AL0729: The Property 'PromotedCategory' can only be used if the property 'PageType' is set with any of the values of: 'Card,Document,List,ListPlus,Worksheet' This warning will become an error in a future release.
src\04_Clinical_and_Patient_Management\page\HMSPsychiatristRoleCentre.Page.al(673,21): warning AL0729: The Property 'PromotedIsBig' can only be used if the property 'PageType' is set with any of the values of: 'Card,Document,List,ListPlus,Worksheet' This warning will become an error in a future release.
src\04_Clinical_and_Patient_Management\page\HMSPsychiatristRoleCentre.Page.al(681,21): warning AL0729: The Property 'Promoted' can only be used if the property 'PageType' is set with any of the values of: 'Card,Document,List,ListPlus,Worksheet' This warning will become an error in a future release.
src\04_Clinical_and_Patient_Management\page\HMSPsychiatristRoleCentre.Page.al(726,21): warning AL0729: The Property 'Promoted' can only be used if the property 'PageType' is set with any of the values of: 'Card,Document,List,ListPlus,Worksheet' This warning will become an error in a future release.
src\04_Clinical_and_Patient_Management\page\HMSPsychiatristRoleCentre.Page.al(727,21): warning AL0729: The Property 'PromotedCategory' can only be used if the property 'PageType' is set with any of the values of: 'Card,Document,List,ListPlus,Worksheet' This warning will become an error in a future release.
src\04_Clinical_and_Patient_Management\page\HMSPsychiatristRoleCentre.Page.al(728,21): warning AL0729: The Property 'PromotedIsBig' can only be used if the property 'PageType' is set with any of the values of: 'Card,Document,List,ListPlus,Worksheet' This warning will become an error in a future release.
src\04_Clinical_and_Patient_Management\page\HMSPsychiatristRoleCentre.Page.al(736,21): warning AL0729: The Property 'Promoted' can only be used if the property 'PageType' is set with any of the values of: 'Card,Document,List,ListPlus,Worksheet' This warning will become an error in a future release.
src\04_Clinical_and_Patient_Management\page\HMSPsychiatristRoleCentre.Page.al(755,21): warning AL0729: The Property 'Promoted' can only be used if the property 'PageType' is set with any of the values of: 'Card,Document,List,ListPlus,Worksheet' This warning will become an error in a future release.
src\04_Clinical_and_Patient_Management\page\HMSPsychiatristRoleCentre.Page.al(756,21): warning AL0729: The Property 'PromotedCategory' can only be used if the property 'PageType' is set with any of the values of: 'Card,Document,List,ListPlus,Worksheet' This warning will become an error in a future release.
src\04_Clinical_and_Patient_Management\page\HMSPsychiatristRoleCentre.Page.al(757,21): warning AL0729: The Property 'PromotedIsBig' can only be used if the property 'PageType' is set with any of the values of: 'Card,Document,List,ListPlus,Worksheet' This warning will become an error in a future release.
src\04_Clinical_and_Patient_Management\page\HMSPsychiatristRoleCentre.Page.al(765,21): warning AL0729: The Property 'Promoted' can only be used if the property 'PageType' is set with any of the values of: 'Card,Document,List,ListPlus,Worksheet' This warning will become an error in a future release.
src\04_Clinical_and_Patient_Management\page\HMSPsychiatristRoleCentre.Page.al(801,21): warning AL0729: The Property 'Promoted' can only be used if the property 'PageType' is set with any of the values of: 'Card,Document,List,ListPlus,Worksheet' This warning will become an error in a future release.
src\04_Clinical_and_Patient_Management\page\HMSPsychiatristRoleCentre.Page.al(984,21): warning AL0729: The Property 'Promoted' can only be used if the property 'PageType' is set with any of the values of: 'Card,Document,List,ListPlus,Worksheet' This warning will become an error in a future release.
src\04_Clinical_and_Patient_Management\page\HMSPsychiatristRoleCentre.Page.al(985,21): warning AL0729: The Property 'PromotedIsBig' can only be used if the property 'PageType' is set with any of the values of: 'Card,Document,List,ListPlus,Worksheet' This warning will become an error in a future release.
src\04_Clinical_and_Patient_Management\page\HMSPsychiatristRoleCentre.Page.al(993,21): warning AL0729: The Property 'Promoted' can only be used if the property 'PageType' is set with any of the values of: 'Card,Document,List,ListPlus,Worksheet' This warning will become an error in a future release.
src\04_Clinical_and_Patient_Management\page\HMSPsychiatristRoleCentre.Page.al(994,21): warning AL0729: The Property 'PromotedCategory' can only be used if the property 'PageType' is set with any of the values of: 'Card,Document,List,ListPlus,Worksheet' This warning will become an error in a future release.
src\04_Clinical_and_Patient_Management\page\HMSPsychiatristRoleCentre.Page.al(1002,21): warning AL0729: The Property 'Promoted' can only be used if the property 'PageType' is set with any of the values of: 'Card,Document,List,ListPlus,Worksheet' This warning will become an error in a future release.
src\04_Clinical_and_Patient_Management\page\HMSPsychiatristRoleCentre.Page.al(1003,21): warning AL0729: The Property 'PromotedCategory' can only be used if the property 'PageType' is set with any of the values of: 'Card,Document,List,ListPlus,Worksheet' This warning will become an error in a future release.
src\04_Clinical_and_Patient_Management\page\HMSPsychiatristRoleCentre.Page.al(1011,21): warning AL0729: The Property 'Promoted' can only be used if the property 'PageType' is set with any of the values of: 'Card,Document,List,ListPlus,Worksheet' This warning will become an error in a future release.
src\04_Clinical_and_Patient_Management\page\HMSPsychiatristRoleCentre.Page.al(1012,21): warning AL0729: The Property 'PromotedCategory' can only be used if the property 'PageType' is set with any of the values of: 'Card,Document,List,ListPlus,Worksheet' This warning will become an error in a future release.
src\04_Clinical_and_Patient_Management\page\HMSPsychiatristRoleCentre.Page.al(1020,21): warning AL0729: The Property 'Promoted' can only be used if the property 'PageType' is set with any of the values of: 'Card,Document,List,ListPlus,Worksheet' This warning will become an error in a future release.
src\04_Clinical_and_Patient_Management\page\HMSPsychiatristRoleCentre.Page.al(1021,21): warning AL0729: The Property 'PromotedCategory' can only be used if the property 'PageType' is set with any of the values of: 'Card,Document,List,ListPlus,Worksheet' This warning will become an error in a future release.
src\04_Clinical_and_Patient_Management\page\HMSPsychiatristRoleCentre.Page.al(1029,21): warning AL0729: The Property 'Promoted' can only be used if the property 'PageType' is set with any of the values of: 'Card,Document,List,ListPlus,Worksheet' This warning will become an error in a future release.
src\04_Clinical_and_Patient_Management\page\HMSPsychiatristRoleCentre.Page.al(1030,21): warning AL0729: The Property 'PromotedCategory' can only be used if the property 'PageType' is set with any of the values of: 'Card,Document,List,ListPlus,Worksheet' This warning will become an error in a future release.
src\04_Clinical_and_Patient_Management\page\HMSPsychiatristRoleCentre.Page.al(1038,21): warning AL0729: The Property 'Promoted' can only be used if the property 'PageType' is set with any of the values of: 'Card,Document,List,ListPlus,Worksheet' This warning will become an error in a future release.
src\04_Clinical_and_Patient_Management\page\HMSPsychiatristRoleCentre.Page.al(1039,21): warning AL0729: The Property 'PromotedCategory' can only be used if the property 'PageType' is set with any of the values of: 'Card,Document,List,ListPlus,Worksheet' This warning will become an error in a future release.
src\04_Clinical_and_Patient_Management\page\HMSPsychiatristRoleCentre.Page.al(1047,21): warning AL0729: The Property 'Promoted' can only be used if the property 'PageType' is set with any of the values of: 'Card,Document,List,ListPlus,Worksheet' This warning will become an error in a future release.
src\04_Clinical_and_Patient_Management\page\HMSPsychiatristRoleCentre.Page.al(1048,21): warning AL0729: The Property 'PromotedCategory' can only be used if the property 'PageType' is set with any of the values of: 'Card,Document,List,ListPlus,Worksheet' This warning will become an error in a future release.
src\04_Clinical_and_Patient_Management\page\HMSPsychiatristRoleCentre.Page.al(1056,21): warning AL0729: The Property 'Promoted' can only be used if the property 'PageType' is set with any of the values of: 'Card,Document,List,ListPlus,Worksheet' This warning will become an error in a future release.
src\04_Clinical_and_Patient_Management\page\HMSPsychiatristRoleCentre.Page.al(1057,21): warning AL0729: The Property 'PromotedCategory' can only be used if the property 'PageType' is set with any of the values of: 'Card,Document,List,ListPlus,Worksheet' This warning will become an error in a future release.
src\04_Clinical_and_Patient_Management\page\HMSPsychiatristRoleCentre.Page.al(1066,21): warning AL0729: The Property 'Promoted' can only be used if the property 'PageType' is set with any of the values of: 'Card,Document,List,ListPlus,Worksheet' This warning will become an error in a future release.
src\04_Clinical_and_Patient_Management\page\HMSPsychiatristRoleCentre.Page.al(1067,21): warning AL0729: The Property 'PromotedCategory' can only be used if the property 'PageType' is set with any of the values of: 'Card,Document,List,ListPlus,Worksheet' This warning will become an error in a future release.
src\04_Clinical_and_Patient_Management\page\HMSPsychiatristRoleCentre.Page.al(1075,21): warning AL0729: The Property 'Promoted' can only be used if the property 'PageType' is set with any of the values of: 'Card,Document,List,ListPlus,Worksheet' This warning will become an error in a future release.
src\04_Clinical_and_Patient_Management\page\HMSPsychiatristRoleCentre.Page.al(1076,21): warning AL0729: The Property 'PromotedCategory' can only be used if the property 'PageType' is set with any of the values of: 'Card,Document,List,ListPlus,Worksheet' This warning will become an error in a future release.
src\04_Clinical_and_Patient_Management\page\HMSPsychiatristRoleCentre.Page.al(1084,21): warning AL0729: The Property 'Promoted' can only be used if the property 'PageType' is set with any of the values of: 'Card,Document,List,ListPlus,Worksheet' This warning will become an error in a future release.
src\04_Clinical_and_Patient_Management\page\HMSPsychiatristRoleCentre.Page.al(1085,21): warning AL0729: The Property 'PromotedCategory' can only be used if the property 'PageType' is set with any of the values of: 'Card,Document,List,ListPlus,Worksheet' This warning will become an error in a future release.
src\04_Clinical_and_Patient_Management\page\HMSPsychiatristRoleCentre.Page.al(1093,21): warning AL0729: The Property 'Promoted' can only be used if the property 'PageType' is set with any of the values of: 'Card,Document,List,ListPlus,Worksheet' This warning will become an error in a future release.
src\04_Clinical_and_Patient_Management\page\HMSPsychiatristRoleCentre.Page.al(1094,21): warning AL0729: The Property 'PromotedCategory' can only be used if the property 'PageType' is set with any of the values of: 'Card,Document,List,ListPlus,Worksheet' This warning will become an error in a future release.
src\04_Clinical_and_Patient_Management\page\HMSPsychiatristRoleCentre.Page.al(1102,21): warning AL0729: The Property 'Promoted' can only be used if the property 'PageType' is set with any of the values of: 'Card,Document,List,ListPlus,Worksheet' This warning will become an error in a future release.
src\04_Clinical_and_Patient_Management\page\HMSPsychiatristRoleCentre.Page.al(1103,21): warning AL0729: The Property 'PromotedCategory' can only be used if the property 'PageType' is set with any of the values of: 'Card,Document,List,ListPlus,Worksheet' This warning will become an error in a future release.
src\04_Clinical_and_Patient_Management\page\HMSPsychiatristRoleCentre.Page.al(1112,21): warning AL0729: The Property 'Promoted' can only be used if the property 'PageType' is set with any of the values of: 'Card,Document,List,ListPlus,Worksheet' This warning will become an error in a future release.
src\04_Clinical_and_Patient_Management\page\HMSPsychiatristRoleCentre.Page.al(1113,21): warning AL0729: The Property 'PromotedCategory' can only be used if the property 'PageType' is set with any of the values of: 'Card,Document,List,ListPlus,Worksheet' This warning will become an error in a future release.
src\04_Clinical_and_Patient_Management\page\HMSPsychiatristRoleCentre.Page.al(1121,21): warning AL0729: The Property 'Promoted' can only be used if the property 'PageType' is set with any of the values of: 'Card,Document,List,ListPlus,Worksheet' This warning will become an error in a future release.
src\04_Clinical_and_Patient_Management\page\HMSPsychiatristRoleCentre.Page.al(1122,21): warning AL0729: The Property 'PromotedCategory' can only be used if the property 'PageType' is set with any of the values of: 'Card,Document,List,ListPlus,Worksheet' This warning will become an error in a future release.
src\04_Clinical_and_Patient_Management\page\HMSPsychiatristRoleCentre.Page.al(1130,21): warning AL0729: The Property 'Promoted' can only be used if the property 'PageType' is set with any of the values of: 'Card,Document,List,ListPlus,Worksheet' This warning will become an error in a future release.
src\04_Clinical_and_Patient_Management\page\HMSPsychiatristRoleCentre.Page.al(1131,21): warning AL0729: The Property 'PromotedCategory' can only be used if the property 'PageType' is set with any of the values of: 'Card,Document,List,ListPlus,Worksheet' This warning will become an error in a future release.
src\04_Clinical_and_Patient_Management\page\HMSPsychiatristRoleCentre.Page.al(1139,21): warning AL0729: The Property 'Promoted' can only be used if the property 'PageType' is set with any of the values of: 'Card,Document,List,ListPlus,Worksheet' This warning will become an error in a future release.
src\04_Clinical_and_Patient_Management\page\HMSPsychiatristRoleCentre.Page.al(1140,21): warning AL0729: The Property 'PromotedCategory' can only be used if the property 'PageType' is set with any of the values of: 'Card,Document,List,ListPlus,Worksheet' This warning will become an error in a future release.
src\04_Clinical_and_Patient_Management\page\HMSPsychiatristRoleCentre.Page.al(1148,21): warning AL0729: The Property 'Promoted' can only be used if the property 'PageType' is set with any of the values of: 'Card,Document,List,ListPlus,Worksheet' This warning will become an error in a future release.
src\04_Clinical_and_Patient_Management\page\HMSPsychiatristRoleCentre.Page.al(1149,21): warning AL0729: The Property 'PromotedCategory' can only be used if the property 'PageType' is set with any of the values of: 'Card,Document,List,ListPlus,Worksheet' This warning will become an error in a future release.
src\04_Clinical_and_Patient_Management\page\HMSPsychiatristRoleCentre.Page.al(1157,21): warning AL0729: The Property 'Promoted' can only be used if the property 'PageType' is set with any of the values of: 'Card,Document,List,ListPlus,Worksheet' This warning will become an error in a future release.
src\04_Clinical_and_Patient_Management\page\HMSPsychiatristRoleCentre.Page.al(1158,21): warning AL0729: The Property 'PromotedCategory' can only be used if the property 'PageType' is set with any of the values of: 'Card,Document,List,ListPlus,Worksheet' This warning will become an error in a future release.
src\04_Clinical_and_Patient_Management\page\HMSPsychiatristRoleCentre.Page.al(1166,21): warning AL0729: The Property 'Promoted' can only be used if the property 'PageType' is set with any of the values of: 'Card,Document,List,ListPlus,Worksheet' This warning will become an error in a future release.
src\04_Clinical_and_Patient_Management\page\HMSPsychiatristRoleCentre.Page.al(1167,21): warning AL0729: The Property 'PromotedCategory' can only be used if the property 'PageType' is set with any of the values of: 'Card,Document,List,ListPlus,Worksheet' This warning will become an error in a future release.
src\04_Clinical_and_Patient_Management\page\HMSPsychiatristRoleCentre.Page.al(1175,21): warning AL0729: The Property 'Promoted' can only be used if the property 'PageType' is set with any of the values of: 'Card,Document,List,ListPlus,Worksheet' This warning will become an error in a future release.
src\04_Clinical_and_Patient_Management\page\HMSPsychiatristRoleCentre.Page.al(1176,21): warning AL0729: The Property 'PromotedCategory' can only be used if the property 'PageType' is set with any of the values of: 'Card,Document,List,ListPlus,Worksheet' This warning will become an error in a future release.
src\04_Clinical_and_Patient_Management\page\HMSPsychiatristRoleCentre.Page.al(1184,21): warning AL0729: The Property 'Promoted' can only be used if the property 'PageType' is set with any of the values of: 'Card,Document,List,ListPlus,Worksheet' This warning will become an error in a future release.
src\04_Clinical_and_Patient_Management\page\HMSPsychiatristRoleCentre.Page.al(1185,21): warning AL0729: The Property 'PromotedCategory' can only be used if the property 'PageType' is set with any of the values of: 'Card,Document,List,ListPlus,Worksheet' This warning will become an error in a future release.
src\04_Clinical_and_Patient_Management\page\HMSPsychiatristRoleCentre.Page.al(1201,21): warning AL0729: The Property 'Promoted' can only be used if the property 'PageType' is set with any of the values of: 'Card,Document,List,ListPlus,Worksheet' This warning will become an error in a future release.
src\04_Clinical_and_Patient_Management\page\HMSPsychiatristRoleCentre.Page.al(1202,21): warning AL0729: The Property 'PromotedCategory' can only be used if the property 'PageType' is set with any of the values of: 'Card,Document,List,ListPlus,Worksheet' This warning will become an error in a future release.
src\04_Clinical_and_Patient_Management\page\HMSPsychiatristRoleCentre.Page.al(1210,21): warning AL0729: The Property 'Promoted' can only be used if the property 'PageType' is set with any of the values of: 'Card,Document,List,ListPlus,Worksheet' This warning will become an error in a future release.
src\04_Clinical_and_Patient_Management\page\HMSPsychiatristRoleCentre.Page.al(1211,21): warning AL0729: The Property 'PromotedCategory' can only be used if the property 'PageType' is set with any of the values of: 'Card,Document,List,ListPlus,Worksheet' This warning will become an error in a future release.
src\04_Clinical_and_Patient_Management\page\HMSPsychiatristRoleCentre.Page.al(1219,21): warning AL0729: The Property 'Promoted' can only be used if the property 'PageType' is set with any of the values of: 'Card,Document,List,ListPlus,Worksheet' This warning will become an error in a future release.
src\04_Clinical_and_Patient_Management\page\HMSPsychiatristRoleCentre.Page.al(1220,21): warning AL0729: The Property 'PromotedCategory' can only be used if the property 'PageType' is set with any of the values of: 'Card,Document,List,ListPlus,Worksheet' This warning will become an error in a future release.
src\04_Clinical_and_Patient_Management\page\HMSPsychiatristRoleCentre.Page.al(1228,21): warning AL0729: The Property 'Promoted' can only be used if the property 'PageType' is set with any of the values of: 'Card,Document,List,ListPlus,Worksheet' This warning will become an error in a future release.
src\04_Clinical_and_Patient_Management\page\HMSPsychiatristRoleCentre.Page.al(1229,21): warning AL0729: The Property 'PromotedCategory' can only be used if the property 'PageType' is set with any of the values of: 'Card,Document,List,ListPlus,Worksheet' This warning will become an error in a future release.
src\04_Clinical_and_Patient_Management\page\HMSPsychiatristRoleCentre.Page.al(1237,21): warning AL0729: The Property 'Promoted' can only be used if the property 'PageType' is set with any of the values of: 'Card,Document,List,ListPlus,Worksheet' This warning will become an error in a future release.
src\04_Clinical_and_Patient_Management\page\HMSPsychiatristRoleCentre.Page.al(1238,21): warning AL0729: The Property 'PromotedCategory' can only be used if the property 'PageType' is set with any of the values of: 'Card,Document,List,ListPlus,Worksheet' This warning will become an error in a future release.
src\04_Clinical_and_Patient_Management\page\HMSPsychologistRoleCentre.Page.al(64,21): warning AL0729: The Property 'Promoted' can only be used if the property 'PageType' is set with any of the values of: 'Card,Document,List,ListPlus,Worksheet' This warning will become an error in a future release.
src\04_Clinical_and_Patient_Management\page\HMSPsychologistRoleCentre.Page.al(65,21): warning AL0729: The Property 'PromotedCategory' can only be used if the property 'PageType' is set with any of the values of: 'Card,Document,List,ListPlus,Worksheet' This warning will become an error in a future release.
src\04_Clinical_and_Patient_Management\page\HMSPsychologistRoleCentre.Page.al(74,21): warning AL0729: The Property 'Promoted' can only be used if the property 'PageType' is set with any of the values of: 'Card,Document,List,ListPlus,Worksheet' This warning will become an error in a future release.
src\04_Clinical_and_Patient_Management\page\HMSPsychologistRoleCentre.Page.al(83,21): warning AL0729: The Property 'Promoted' can only be used if the property 'PageType' is set with any of the values of: 'Card,Document,List,ListPlus,Worksheet' This warning will become an error in a future release.
src\04_Clinical_and_Patient_Management\page\HMSPsychologistRoleCentre.Page.al(84,21): warning AL0729: The Property 'PromotedCategory' can only be used if the property 'PageType' is set with any of the values of: 'Card,Document,List,ListPlus,Worksheet' This warning will become an error in a future release.
src\04_Clinical_and_Patient_Management\page\HMSPsychologistRoleCentre.Page.al(101,25): warning AL0729: The Property 'Promoted' can only be used if the property 'PageType' is set with any of the values of: 'Card,Document,List,ListPlus,Worksheet' This warning will become an error in a future release.
src\04_Clinical_and_Patient_Management\page\HMSPsychologistRoleCentre.Page.al(102,25): warning AL0729: The Property 'PromotedIsBig' can only be used if the property 'PageType' is set with any of the values of: 'Card,Document,List,ListPlus,Worksheet' This warning will become an error in a future release.
src\04_Clinical_and_Patient_Management\page\HMSPsychologistRoleCentre.Page.al(111,25): warning AL0729: The Property 'Promoted' can only be used if the property 'PageType' is set with any of the values of: 'Card,Document,List,ListPlus,Worksheet' This warning will become an error in a future release.
src\04_Clinical_and_Patient_Management\page\HMSPsychologistRoleCentre.Page.al(112,25): warning AL0729: The Property 'PromotedIsBig' can only be used if the property 'PageType' is set with any of the values of: 'Card,Document,List,ListPlus,Worksheet' This warning will become an error in a future release.
src\04_Clinical_and_Patient_Management\page\HMSPsychologistRoleCentre.Page.al(121,25): warning AL0729: The Property 'Promoted' can only be used if the property 'PageType' is set with any of the values of: 'Card,Document,List,ListPlus,Worksheet' This warning will become an error in a future release.
src\04_Clinical_and_Patient_Management\page\HMSPsychologistRoleCentre.Page.al(122,25): warning AL0729: The Property 'PromotedIsBig' can only be used if the property 'PageType' is set with any of the values of: 'Card,Document,List,ListPlus,Worksheet' This warning will become an error in a future release.
src\04_Clinical_and_Patient_Management\page\HMSPsychologistRoleCentre.Page.al(131,25): warning AL0729: The Property 'Promoted' can only be used if the property 'PageType' is set with any of the values of: 'Card,Document,List,ListPlus,Worksheet' This warning will become an error in a future release.
src\04_Clinical_and_Patient_Management\page\HMSPsychologistRoleCentre.Page.al(132,25): warning AL0729: The Property 'PromotedIsBig' can only be used if the property 'PageType' is set with any of the values of: 'Card,Document,List,ListPlus,Worksheet' This warning will become an error in a future release.
src\04_Clinical_and_Patient_Management\page\HMSPsychologistRoleCentre.Page.al(141,25): warning AL0729: The Property 'Promoted' can only be used if the property 'PageType' is set with any of the values of: 'Card,Document,List,ListPlus,Worksheet' This warning will become an error in a future release.
src\04_Clinical_and_Patient_Management\page\HMSPsychologistRoleCentre.Page.al(142,25): warning AL0729: The Property 'PromotedIsBig' can only be used if the property 'PageType' is set with any of the values of: 'Card,Document,List,ListPlus,Worksheet' This warning will become an error in a future release.
src\04_Clinical_and_Patient_Management\page\HMSPsychologistRoleCentre.Page.al(151,25): warning AL0729: The Property 'Promoted' can only be used if the property 'PageType' is set with any of the values of: 'Card,Document,List,ListPlus,Worksheet' This warning will become an error in a future release.
src\04_Clinical_and_Patient_Management\page\HMSPsychologistRoleCentre.Page.al(152,25): warning AL0729: The Property 'PromotedIsBig' can only be used if the property 'PageType' is set with any of the values of: 'Card,Document,List,ListPlus,Worksheet' This warning will become an error in a future release.
src\04_Clinical_and_Patient_Management\page\HMSPsychologistRoleCentre.Page.al(161,25): warning AL0729: The Property 'Promoted' can only be used if the property 'PageType' is set with any of the values of: 'Card,Document,List,ListPlus,Worksheet' This warning will become an error in a future release.
src\04_Clinical_and_Patient_Management\page\HMSPsychologistRoleCentre.Page.al(162,25): warning AL0729: The Property 'PromotedIsBig' can only be used if the property 'PageType' is set with any of the values of: 'Card,Document,List,ListPlus,Worksheet' This warning will become an error in a future release.
src\04_Clinical_and_Patient_Management\page\HMSPsychologistRoleCentre.Page.al(171,25): warning AL0729: The Property 'Promoted' can only be used if the property 'PageType' is set with any of the values of: 'Card,Document,List,ListPlus,Worksheet' This warning will become an error in a future release.
src\04_Clinical_and_Patient_Management\page\HMSPsychologistRoleCentre.Page.al(172,25): warning AL0729: The Property 'PromotedIsBig' can only be used if the property 'PageType' is set with any of the values of: 'Card,Document,List,ListPlus,Worksheet' This warning will become an error in a future release.
src\04_Clinical_and_Patient_Management\page\HMSPsychologistRoleCentre.Page.al(181,25): warning AL0729: The Property 'Promoted' can only be used if the property 'PageType' is set with any of the values of: 'Card,Document,List,ListPlus,Worksheet' This warning will become an error in a future release.
src\04_Clinical_and_Patient_Management\page\HMSPsychologistRoleCentre.Page.al(182,25): warning AL0729: The Property 'PromotedIsBig' can only be used if the property 'PageType' is set with any of the values of: 'Card,Document,List,ListPlus,Worksheet' This warning will become an error in a future release.
src\04_Clinical_and_Patient_Management\page\HMSPsychologistRoleCentre.Page.al(191,25): warning AL0729: The Property 'Promoted' can only be used if the property 'PageType' is set with any of the values of: 'Card,Document,List,ListPlus,Worksheet' This warning will become an error in a future release.
src\04_Clinical_and_Patient_Management\page\HMSPsychologistRoleCentre.Page.al(192,25): warning AL0729: The Property 'PromotedIsBig' can only be used if the property 'PageType' is set with any of the values of: 'Card,Document,List,ListPlus,Worksheet' This warning will become an error in a future release.
src\04_Clinical_and_Patient_Management\page\HMSPsychologistRoleCentre.Page.al(201,25): warning AL0729: The Property 'Promoted' can only be used if the property 'PageType' is set with any of the values of: 'Card,Document,List,ListPlus,Worksheet' This warning will become an error in a future release.
src\04_Clinical_and_Patient_Management\page\HMSPsychologistRoleCentre.Page.al(202,25): warning AL0729: The Property 'PromotedIsBig' can only be used if the property 'PageType' is set with any of the values of: 'Card,Document,List,ListPlus,Worksheet' This warning will become an error in a future release.
src\04_Clinical_and_Patient_Management\page\HMSPsychologistRoleCentre.Page.al(211,25): warning AL0729: The Property 'Promoted' can only be used if the property 'PageType' is set with any of the values of: 'Card,Document,List,ListPlus,Worksheet' This warning will become an error in a future release.
src\04_Clinical_and_Patient_Management\page\HMSPsychologistRoleCentre.Page.al(212,25): warning AL0729: The Property 'PromotedIsBig' can only be used if the property 'PageType' is set with any of the values of: 'Card,Document,List,ListPlus,Worksheet' This warning will become an error in a future release.
src\04_Clinical_and_Patient_Management\page\HMSPsychologistRoleCentre.Page.al(221,25): warning AL0729: The Property 'Promoted' can only be used if the property 'PageType' is set with any of the values of: 'Card,Document,List,ListPlus,Worksheet' This warning will become an error in a future release.
src\04_Clinical_and_Patient_Management\page\HMSPsychologistRoleCentre.Page.al(222,25): warning AL0729: The Property 'PromotedIsBig' can only be used if the property 'PageType' is set with any of the values of: 'Card,Document,List,ListPlus,Worksheet' This warning will become an error in a future release.
src\04_Clinical_and_Patient_Management\page\HMSPsychologistRoleCentre.Page.al(231,25): warning AL0729: The Property 'Promoted' can only be used if the property 'PageType' is set with any of the values of: 'Card,Document,List,ListPlus,Worksheet' This warning will become an error in a future release.
src\04_Clinical_and_Patient_Management\page\HMSPsychologistRoleCentre.Page.al(232,25): warning AL0729: The Property 'PromotedIsBig' can only be used if the property 'PageType' is set with any of the values of: 'Card,Document,List,ListPlus,Worksheet' This warning will become an error in a future release.
src\04_Clinical_and_Patient_Management\page\HMSPsychologistRoleCentre.Page.al(257,25): warning AL0729: The Property 'Promoted' can only be used if the property 'PageType' is set with any of the values of: 'Card,Document,List,ListPlus,Worksheet' This warning will become an error in a future release.
src\04_Clinical_and_Patient_Management\page\HMSPsychologistRoleCentre.Page.al(258,25): warning AL0729: The Property 'PromotedIsBig' can only be used if the property 'PageType' is set with any of the values of: 'Card,Document,List,ListPlus,Worksheet' This warning will become an error in a future release.
src\04_Clinical_and_Patient_Management\page\HMSPsychologistRoleCentre.Page.al(267,25): warning AL0729: The Property 'Promoted' can only be used if the property 'PageType' is set with any of the values of: 'Card,Document,List,ListPlus,Worksheet' This warning will become an error in a future release.
src\04_Clinical_and_Patient_Management\page\HMSPsychologistRoleCentre.Page.al(268,25): warning AL0729: The Property 'PromotedIsBig' can only be used if the property 'PageType' is set with any of the values of: 'Card,Document,List,ListPlus,Worksheet' This warning will become an error in a future release.
src\04_Clinical_and_Patient_Management\page\HMSPsychologistRoleCentre.Page.al(277,25): warning AL0729: The Property 'Promoted' can only be used if the property 'PageType' is set with any of the values of: 'Card,Document,List,ListPlus,Worksheet' This warning will become an error in a future release.
src\04_Clinical_and_Patient_Management\page\HMSPsychologistRoleCentre.Page.al(278,25): warning AL0729: The Property 'PromotedCategory' can only be used if the property 'PageType' is set with any of the values of: 'Card,Document,List,ListPlus,Worksheet' This warning will become an error in a future release.
src\04_Clinical_and_Patient_Management\page\HMSPsychologistRoleCentre.Page.al(287,25): warning AL0729: The Property 'Promoted' can only be used if the property 'PageType' is set with any of the values of: 'Card,Document,List,ListPlus,Worksheet' This warning will become an error in a future release.
src\04_Clinical_and_Patient_Management\page\HMSPsychologistRoleCentre.Page.al(288,25): warning AL0729: The Property 'PromotedCategory' can only be used if the property 'PageType' is set with any of the values of: 'Card,Document,List,ListPlus,Worksheet' This warning will become an error in a future release.
src\04_Clinical_and_Patient_Management\page\HMSPsychologistRoleCentre.Page.al(297,25): warning AL0729: The Property 'Promoted' can only be used if the property 'PageType' is set with any of the values of: 'Card,Document,List,ListPlus,Worksheet' This warning will become an error in a future release.
src\04_Clinical_and_Patient_Management\page\HMSPsychologistRoleCentre.Page.al(298,25): warning AL0729: The Property 'PromotedCategory' can only be used if the property 'PageType' is set with any of the values of: 'Card,Document,List,ListPlus,Worksheet' This warning will become an error in a future release.
src\04_Clinical_and_Patient_Management\page\HMSPsychologistRoleCentre.Page.al(307,25): warning AL0729: The Property 'Promoted' can only be used if the property 'PageType' is set with any of the values of: 'Card,Document,List,ListPlus,Worksheet' This warning will become an error in a future release.
src\04_Clinical_and_Patient_Management\page\HMSPsychologistRoleCentre.Page.al(308,25): warning AL0729: The Property 'PromotedCategory' can only be used if the property 'PageType' is set with any of the values of: 'Card,Document,List,ListPlus,Worksheet' This warning will become an error in a future release.
src\04_Clinical_and_Patient_Management\page\HMSPsychologistRoleCentre.Page.al(317,25): warning AL0729: The Property 'Promoted' can only be used if the property 'PageType' is set with any of the values of: 'Card,Document,List,ListPlus,Worksheet' This warning will become an error in a future release.
src\04_Clinical_and_Patient_Management\page\HMSPsychologistRoleCentre.Page.al(318,25): warning AL0729: The Property 'PromotedCategory' can only be used if the property 'PageType' is set with any of the values of: 'Card,Document,List,ListPlus,Worksheet' This warning will become an error in a future release.
src\04_Clinical_and_Patient_Management\page\HMSPsychologistRoleCentre.Page.al(327,25): warning AL0729: The Property 'Promoted' can only be used if the property 'PageType' is set with any of the values of: 'Card,Document,List,ListPlus,Worksheet' This warning will become an error in a future release.
src\04_Clinical_and_Patient_Management\page\HMSPsychologistRoleCentre.Page.al(328,25): warning AL0729: The Property 'PromotedCategory' can only be used if the property 'PageType' is set with any of the values of: 'Card,Document,List,ListPlus,Worksheet' This warning will become an error in a future release.
src\04_Clinical_and_Patient_Management\page\HMSPsychologistRoleCentre.Page.al(337,25): warning AL0729: The Property 'Promoted' can only be used if the property 'PageType' is set with any of the values of: 'Card,Document,List,ListPlus,Worksheet' This warning will become an error in a future release.
src\04_Clinical_and_Patient_Management\page\HMSPsychologistRoleCentre.Page.al(338,25): warning AL0729: The Property 'PromotedCategory' can only be used if the property 'PageType' is set with any of the values of: 'Card,Document,List,ListPlus,Worksheet' This warning will become an error in a future release.
src\04_Clinical_and_Patient_Management\page\HMSPsychologistRoleCentre.Page.al(347,25): warning AL0729: The Property 'Promoted' can only be used if the property 'PageType' is set with any of the values of: 'Card,Document,List,ListPlus,Worksheet' This warning will become an error in a future release.
src\04_Clinical_and_Patient_Management\page\HMSPsychologistRoleCentre.Page.al(348,25): warning AL0729: The Property 'PromotedCategory' can only be used if the property 'PageType' is set with any of the values of: 'Card,Document,List,ListPlus,Worksheet' This warning will become an error in a future release.
src\04_Clinical_and_Patient_Management\page\HMSPsychologistRoleCentre.Page.al(357,25): warning AL0729: The Property 'Promoted' can only be used if the property 'PageType' is set with any of the values of: 'Card,Document,List,ListPlus,Worksheet' This warning will become an error in a future release.
src\04_Clinical_and_Patient_Management\page\HMSPsychologistRoleCentre.Page.al(358,25): warning AL0729: The Property 'PromotedCategory' can only be used if the property 'PageType' is set with any of the values of: 'Card,Document,List,ListPlus,Worksheet' This warning will become an error in a future release.
src\04_Clinical_and_Patient_Management\page\HMSPsychologistRoleCentre.Page.al(367,25): warning AL0729: The Property 'Promoted' can only be used if the property 'PageType' is set with any of the values of: 'Card,Document,List,ListPlus,Worksheet' This warning will become an error in a future release.
src\04_Clinical_and_Patient_Management\page\HMSPsychologistRoleCentre.Page.al(368,25): warning AL0729: The Property 'PromotedCategory' can only be used if the property 'PageType' is set with any of the values of: 'Card,Document,List,ListPlus,Worksheet' This warning will become an error in a future release.
src\04_Clinical_and_Patient_Management\page\HMSPsychologistRoleCentre.Page.al(377,25): warning AL0729: The Property 'Promoted' can only be used if the property 'PageType' is set with any of the values of: 'Card,Document,List,ListPlus,Worksheet' This warning will become an error in a future release.
src\04_Clinical_and_Patient_Management\page\HMSPsychologistRoleCentre.Page.al(378,25): warning AL0729: The Property 'PromotedCategory' can only be used if the property 'PageType' is set with any of the values of: 'Card,Document,List,ListPlus,Worksheet' This warning will become an error in a future release.
src\04_Clinical_and_Patient_Management\page\HMSPsychologistRoleCentre.Page.al(387,25): warning AL0729: The Property 'Promoted' can only be used if the property 'PageType' is set with any of the values of: 'Card,Document,List,ListPlus,Worksheet' This warning will become an error in a future release.
src\04_Clinical_and_Patient_Management\page\HMSPsychologistRoleCentre.Page.al(388,25): warning AL0729: The Property 'PromotedCategory' can only be used if the property 'PageType' is set with any of the values of: 'Card,Document,List,ListPlus,Worksheet' This warning will become an error in a future release.
src\04_Clinical_and_Patient_Management\page\HMSPsychologistRoleCentre.Page.al(397,25): warning AL0729: The Property 'Promoted' can only be used if the property 'PageType' is set with any of the values of: 'Card,Document,List,ListPlus,Worksheet' This warning will become an error in a future release.
src\04_Clinical_and_Patient_Management\page\HMSPsychologistRoleCentre.Page.al(398,25): warning AL0729: The Property 'PromotedCategory' can only be used if the property 'PageType' is set with any of the values of: 'Card,Document,List,ListPlus,Worksheet' This warning will become an error in a future release.
src\04_Clinical_and_Patient_Management\page\HMSPsychologistRoleCentre.Page.al(407,25): warning AL0729: The Property 'Promoted' can only be used if the property 'PageType' is set with any of the values of: 'Card,Document,List,ListPlus,Worksheet' This warning will become an error in a future release.
src\04_Clinical_and_Patient_Management\page\HMSPsychologistRoleCentre.Page.al(408,25): warning AL0729: The Property 'PromotedCategory' can only be used if the property 'PageType' is set with any of the values of: 'Card,Document,List,ListPlus,Worksheet' This warning will become an error in a future release.
src\04_Clinical_and_Patient_Management\page\HMSPsychologistRoleCentre.Page.al(417,25): warning AL0729: The Property 'Promoted' can only be used if the property 'PageType' is set with any of the values of: 'Card,Document,List,ListPlus,Worksheet' This warning will become an error in a future release.
src\04_Clinical_and_Patient_Management\page\HMSPsychologistRoleCentre.Page.al(418,25): warning AL0729: The Property 'PromotedCategory' can only be used if the property 'PageType' is set with any of the values of: 'Card,Document,List,ListPlus,Worksheet' This warning will become an error in a future release.
src\04_Clinical_and_Patient_Management\page\HMSPsychologistRoleCentre.Page.al(427,25): warning AL0729: The Property 'Promoted' can only be used if the property 'PageType' is set with any of the values of: 'Card,Document,List,ListPlus,Worksheet' This warning will become an error in a future release.
src\04_Clinical_and_Patient_Management\page\HMSPsychologistRoleCentre.Page.al(428,25): warning AL0729: The Property 'PromotedCategory' can only be used if the property 'PageType' is set with any of the values of: 'Card,Document,List,ListPlus,Worksheet' This warning will become an error in a future release.
src\04_Clinical_and_Patient_Management\page\HMSPsychologistRoleCentre.Page.al(437,25): warning AL0729: The Property 'Promoted' can only be used if the property 'PageType' is set with any of the values of: 'Card,Document,List,ListPlus,Worksheet' This warning will become an error in a future release.
src\04_Clinical_and_Patient_Management\page\HMSPsychologistRoleCentre.Page.al(438,25): warning AL0729: The Property 'PromotedCategory' can only be used if the property 'PageType' is set with any of the values of: 'Card,Document,List,ListPlus,Worksheet' This warning will become an error in a future release.
src\04_Clinical_and_Patient_Management\page\HMSPsychologistRoleCentre.Page.al(447,25): warning AL0729: The Property 'Promoted' can only be used if the property 'PageType' is set with any of the values of: 'Card,Document,List,ListPlus,Worksheet' This warning will become an error in a future release.
src\04_Clinical_and_Patient_Management\page\HMSPsychologistRoleCentre.Page.al(448,25): warning AL0729: The Property 'PromotedCategory' can only be used if the property 'PageType' is set with any of the values of: 'Card,Document,List,ListPlus,Worksheet' This warning will become an error in a future release.
src\04_Clinical_and_Patient_Management\page\HMSPsychologistRoleCentre.Page.al(457,25): warning AL0729: The Property 'Promoted' can only be used if the property 'PageType' is set with any of the values of: 'Card,Document,List,ListPlus,Worksheet' This warning will become an error in a future release.
src\04_Clinical_and_Patient_Management\page\HMSPsychologistRoleCentre.Page.al(458,25): warning AL0729: The Property 'PromotedCategory' can only be used if the property 'PageType' is set with any of the values of: 'Card,Document,List,ListPlus,Worksheet' This warning will become an error in a future release.
src\04_Clinical_and_Patient_Management\page\HMSPsychologistRoleCentre.Page.al(467,25): warning AL0729: The Property 'Promoted' can only be used if the property 'PageType' is set with any of the values of: 'Card,Document,List,ListPlus,Worksheet' This warning will become an error in a future release.
src\04_Clinical_and_Patient_Management\page\HMSPsychologistRoleCentre.Page.al(468,25): warning AL0729: The Property 'PromotedCategory' can only be used if the property 'PageType' is set with any of the values of: 'Card,Document,List,ListPlus,Worksheet' This warning will become an error in a future release.
src\04_Clinical_and_Patient_Management\page\HMSPsychologistRoleCentre.Page.al(477,25): warning AL0729: The Property 'Promoted' can only be used if the property 'PageType' is set with any of the values of: 'Card,Document,List,ListPlus,Worksheet' This warning will become an error in a future release.
src\04_Clinical_and_Patient_Management\page\HMSPsychologistRoleCentre.Page.al(478,25): warning AL0729: The Property 'PromotedCategory' can only be used if the property 'PageType' is set with any of the values of: 'Card,Document,List,ListPlus,Worksheet' This warning will become an error in a future release.
src\04_Clinical_and_Patient_Management\page\HMSPsychologistRoleCentre.Page.al(487,25): warning AL0729: The Property 'Promoted' can only be used if the property 'PageType' is set with any of the values of: 'Card,Document,List,ListPlus,Worksheet' This warning will become an error in a future release.
src\04_Clinical_and_Patient_Management\page\HMSPsychologistRoleCentre.Page.al(488,25): warning AL0729: The Property 'PromotedCategory' can only be used if the property 'PageType' is set with any of the values of: 'Card,Document,List,ListPlus,Worksheet' This warning will become an error in a future release.
src\04_Clinical_and_Patient_Management\page\HMSPsychologistRoleCentre.Page.al(497,25): warning AL0729: The Property 'Promoted' can only be used if the property 'PageType' is set with any of the values of: 'Card,Document,List,ListPlus,Worksheet' This warning will become an error in a future release.
src\04_Clinical_and_Patient_Management\page\HMSPsychologistRoleCentre.Page.al(498,25): warning AL0729: The Property 'PromotedCategory' can only be used if the property 'PageType' is set with any of the values of: 'Card,Document,List,ListPlus,Worksheet' This warning will become an error in a future release.
src\04_Clinical_and_Patient_Management\page\HMSPsychologistRoleCentre.Page.al(514,21): warning AL0729: The Property 'Promoted' can only be used if the property 'PageType' is set with any of the values of: 'Card,Document,List,ListPlus,Worksheet' This warning will become an error in a future release.
src\04_Clinical_and_Patient_Management\page\HMSPsychologistRoleCentre.Page.al(540,21): warning AL0729: The Property 'Promoted' can only be used if the property 'PageType' is set with any of the values of: 'Card,Document,List,ListPlus,Worksheet' This warning will become an error in a future release.
src\04_Clinical_and_Patient_Management\page\HMSPsychologistRoleCentre.Page.al(549,21): warning AL0729: The Property 'Promoted' can only be used if the property 'PageType' is set with any of the values of: 'Card,Document,List,ListPlus,Worksheet' This warning will become an error in a future release.
src\04_Clinical_and_Patient_Management\page\HMSPsychologistRoleCentre.Page.al(558,21): warning AL0729: The Property 'Promoted' can only be used if the property 'PageType' is set with any of the values of: 'Card,Document,List,ListPlus,Worksheet' This warning will become an error in a future release.
src\04_Clinical_and_Patient_Management\page\HMSRadiologyFormLine.Page.al(62,17): warning AL0729: The Property 'Promoted' can only be used if the property 'PageType' is set with any of the values of: 'Card,Document,List,ListPlus,Worksheet' This warning will become an error in a future release.
src\04_Clinical_and_Patient_Management\page\HMSRadiologyFormLine.Page.al(63,17): warning AL0729: The Property 'PromotedCategory' can only be used if the property 'PageType' is set with any of the values of: 'Card,Document,List,ListPlus,Worksheet' This warning will become an error in a future release.
src\04_Clinical_and_Patient_Management\page\HMSRadiologyRoleCentre.Page.al(62,21): warning AL0729: The Property 'Promoted' can only be used if the property 'PageType' is set with any of the values of: 'Card,Document,List,ListPlus,Worksheet' This warning will become an error in a future release.
src\04_Clinical_and_Patient_Management\page\HMSRadiologyRoleCentre.Page.al(63,21): warning AL0729: The Property 'PromotedCategory' can only be used if the property 'PageType' is set with any of the values of: 'Card,Document,List,ListPlus,Worksheet' This warning will become an error in a future release.
src\04_Clinical_and_Patient_Management\page\HMSRadiologyRoleCentre.Page.al(64,21): warning AL0729: The Property 'PromotedIsBig' can only be used if the property 'PageType' is set with any of the values of: 'Card,Document,List,ListPlus,Worksheet' This warning will become an error in a future release.
src\04_Clinical_and_Patient_Management\page\HMSRadiologyRoleCentre.Page.al(73,21): warning AL0729: The Property 'Promoted' can only be used if the property 'PageType' is set with any of the values of: 'Card,Document,List,ListPlus,Worksheet' This warning will become an error in a future release.
src\04_Clinical_and_Patient_Management\page\HMSRadiologyRoleCentre.Page.al(74,21): warning AL0729: The Property 'PromotedCategory' can only be used if the property 'PageType' is set with any of the values of: 'Card,Document,List,ListPlus,Worksheet' This warning will become an error in a future release.
src\04_Clinical_and_Patient_Management\page\HMSRadiologyRoleCentre.Page.al(88,21): warning AL0729: The Property 'Promoted' can only be used if the property 'PageType' is set with any of the values of: 'Card,Document,List,ListPlus,Worksheet' This warning will become an error in a future release.
src\04_Clinical_and_Patient_Management\page\HMSRadiologyRoleCentre.Page.al(89,21): warning AL0729: The Property 'PromotedCategory' can only be used if the property 'PageType' is set with any of the values of: 'Card,Document,List,ListPlus,Worksheet' This warning will become an error in a future release.
src\04_Clinical_and_Patient_Management\page\HMSRadiologyRoleCentre.Page.al(98,21): warning AL0729: The Property 'Promoted' can only be used if the property 'PageType' is set with any of the values of: 'Card,Document,List,ListPlus,Worksheet' This warning will become an error in a future release.
src\04_Clinical_and_Patient_Management\page\HMSRadiologyRoleCentre.Page.al(107,21): warning AL0729: The Property 'Promoted' can only be used if the property 'PageType' is set with any of the values of: 'Card,Document,List,ListPlus,Worksheet' This warning will become an error in a future release.
src\04_Clinical_and_Patient_Management\page\HMSRadiologyRoleCentre.Page.al(108,21): warning AL0729: The Property 'PromotedCategory' can only be used if the property 'PageType' is set with any of the values of: 'Card,Document,List,ListPlus,Worksheet' This warning will become an error in a future release.
src\04_Clinical_and_Patient_Management\page\HMSRadiologyRoleCentre.Page.al(122,21): warning AL0729: The Property 'Promoted' can only be used if the property 'PageType' is set with any of the values of: 'Card,Document,List,ListPlus,Worksheet' This warning will become an error in a future release.
src\04_Clinical_and_Patient_Management\page\HMSRadiologyRoleCentre.Page.al(123,21): warning AL0729: The Property 'PromotedIsBig' can only be used if the property 'PageType' is set with any of the values of: 'Card,Document,List,ListPlus,Worksheet' This warning will become an error in a future release.
src\04_Clinical_and_Patient_Management\page\HMSRadiologyRoleCentre.Page.al(132,21): warning AL0729: The Property 'Promoted' can only be used if the property 'PageType' is set with any of the values of: 'Card,Document,List,ListPlus,Worksheet' This warning will become an error in a future release.
src\04_Clinical_and_Patient_Management\page\HMSRadiologyRoleCentre.Page.al(133,21): warning AL0729: The Property 'PromotedIsBig' can only be used if the property 'PageType' is set with any of the values of: 'Card,Document,List,ListPlus,Worksheet' This warning will become an error in a future release.
src\04_Clinical_and_Patient_Management\page\HMSRadiologyRoleCentre.Page.al(150,25): warning AL0729: The Property 'Promoted' can only be used if the property 'PageType' is set with any of the values of: 'Card,Document,List,ListPlus,Worksheet' This warning will become an error in a future release.
src\04_Clinical_and_Patient_Management\page\HMSRadiologyRoleCentre.Page.al(151,25): warning AL0729: The Property 'PromotedIsBig' can only be used if the property 'PageType' is set with any of the values of: 'Card,Document,List,ListPlus,Worksheet' This warning will become an error in a future release.
src\04_Clinical_and_Patient_Management\page\HMSRadiologyRoleCentre.Page.al(160,25): warning AL0729: The Property 'Promoted' can only be used if the property 'PageType' is set with any of the values of: 'Card,Document,List,ListPlus,Worksheet' This warning will become an error in a future release.
src\04_Clinical_and_Patient_Management\page\HMSRadiologyRoleCentre.Page.al(161,25): warning AL0729: The Property 'PromotedIsBig' can only be used if the property 'PageType' is set with any of the values of: 'Card,Document,List,ListPlus,Worksheet' This warning will become an error in a future release.
src\04_Clinical_and_Patient_Management\page\HMSRadiologyRoleCentre.Page.al(170,25): warning AL0729: The Property 'Promoted' can only be used if the property 'PageType' is set with any of the values of: 'Card,Document,List,ListPlus,Worksheet' This warning will become an error in a future release.
src\04_Clinical_and_Patient_Management\page\HMSRadiologyRoleCentre.Page.al(171,25): warning AL0729: The Property 'PromotedIsBig' can only be used if the property 'PageType' is set with any of the values of: 'Card,Document,List,ListPlus,Worksheet' This warning will become an error in a future release.
src\04_Clinical_and_Patient_Management\page\HMSRadiologyRoleCentre.Page.al(180,25): warning AL0729: The Property 'Promoted' can only be used if the property 'PageType' is set with any of the values of: 'Card,Document,List,ListPlus,Worksheet' This warning will become an error in a future release.
src\04_Clinical_and_Patient_Management\page\HMSRadiologyRoleCentre.Page.al(181,25): warning AL0729: The Property 'PromotedIsBig' can only be used if the property 'PageType' is set with any of the values of: 'Card,Document,List,ListPlus,Worksheet' This warning will become an error in a future release.
src\04_Clinical_and_Patient_Management\page\HMSRadiologyRoleCentre.Page.al(190,25): warning AL0729: The Property 'Promoted' can only be used if the property 'PageType' is set with any of the values of: 'Card,Document,List,ListPlus,Worksheet' This warning will become an error in a future release.
src\04_Clinical_and_Patient_Management\page\HMSRadiologyRoleCentre.Page.al(191,25): warning AL0729: The Property 'PromotedIsBig' can only be used if the property 'PageType' is set with any of the values of: 'Card,Document,List,ListPlus,Worksheet' This warning will become an error in a future release.
src\04_Clinical_and_Patient_Management\page\HMSRadiologyRoleCentre.Page.al(200,25): warning AL0729: The Property 'Promoted' can only be used if the property 'PageType' is set with any of the values of: 'Card,Document,List,ListPlus,Worksheet' This warning will become an error in a future release.
src\04_Clinical_and_Patient_Management\page\HMSRadiologyRoleCentre.Page.al(201,25): warning AL0729: The Property 'PromotedIsBig' can only be used if the property 'PageType' is set with any of the values of: 'Card,Document,List,ListPlus,Worksheet' This warning will become an error in a future release.
src\04_Clinical_and_Patient_Management\page\HMSRadiologyRoleCentre.Page.al(210,25): warning AL0729: The Property 'Promoted' can only be used if the property 'PageType' is set with any of the values of: 'Card,Document,List,ListPlus,Worksheet' This warning will become an error in a future release.
src\04_Clinical_and_Patient_Management\page\HMSRadiologyRoleCentre.Page.al(211,25): warning AL0729: The Property 'PromotedIsBig' can only be used if the property 'PageType' is set with any of the values of: 'Card,Document,List,ListPlus,Worksheet' This warning will become an error in a future release.
src\04_Clinical_and_Patient_Management\page\HMSRadiologyRoleCentre.Page.al(220,25): warning AL0729: The Property 'Promoted' can only be used if the property 'PageType' is set with any of the values of: 'Card,Document,List,ListPlus,Worksheet' This warning will become an error in a future release.
src\04_Clinical_and_Patient_Management\page\HMSRadiologyRoleCentre.Page.al(221,25): warning AL0729: The Property 'PromotedIsBig' can only be used if the property 'PageType' is set with any of the values of: 'Card,Document,List,ListPlus,Worksheet' This warning will become an error in a future release.
src\04_Clinical_and_Patient_Management\page\HMSRadiologyRoleCentre.Page.al(230,25): warning AL0729: The Property 'Promoted' can only be used if the property 'PageType' is set with any of the values of: 'Card,Document,List,ListPlus,Worksheet' This warning will become an error in a future release.
src\04_Clinical_and_Patient_Management\page\HMSRadiologyRoleCentre.Page.al(231,25): warning AL0729: The Property 'PromotedIsBig' can only be used if the property 'PageType' is set with any of the values of: 'Card,Document,List,ListPlus,Worksheet' This warning will become an error in a future release.
src\04_Clinical_and_Patient_Management\page\HMSRadiologyRoleCentre.Page.al(240,25): warning AL0729: The Property 'Promoted' can only be used if the property 'PageType' is set with any of the values of: 'Card,Document,List,ListPlus,Worksheet' This warning will become an error in a future release.
src\04_Clinical_and_Patient_Management\page\HMSRadiologyRoleCentre.Page.al(241,25): warning AL0729: The Property 'PromotedIsBig' can only be used if the property 'PageType' is set with any of the values of: 'Card,Document,List,ListPlus,Worksheet' This warning will become an error in a future release.
src\04_Clinical_and_Patient_Management\page\HMSRadiologyRoleCentre.Page.al(250,25): warning AL0729: The Property 'Promoted' can only be used if the property 'PageType' is set with any of the values of: 'Card,Document,List,ListPlus,Worksheet' This warning will become an error in a future release.
src\04_Clinical_and_Patient_Management\page\HMSRadiologyRoleCentre.Page.al(251,25): warning AL0729: The Property 'PromotedIsBig' can only be used if the property 'PageType' is set with any of the values of: 'Card,Document,List,ListPlus,Worksheet' This warning will become an error in a future release.
src\04_Clinical_and_Patient_Management\page\HMSRadiologyRoleCentre.Page.al(260,25): warning AL0729: The Property 'Promoted' can only be used if the property 'PageType' is set with any of the values of: 'Card,Document,List,ListPlus,Worksheet' This warning will become an error in a future release.
src\04_Clinical_and_Patient_Management\page\HMSRadiologyRoleCentre.Page.al(261,25): warning AL0729: The Property 'PromotedIsBig' can only be used if the property 'PageType' is set with any of the values of: 'Card,Document,List,ListPlus,Worksheet' This warning will become an error in a future release.
src\04_Clinical_and_Patient_Management\page\HMSRadiologyRoleCentre.Page.al(270,25): warning AL0729: The Property 'Promoted' can only be used if the property 'PageType' is set with any of the values of: 'Card,Document,List,ListPlus,Worksheet' This warning will become an error in a future release.
src\04_Clinical_and_Patient_Management\page\HMSRadiologyRoleCentre.Page.al(271,25): warning AL0729: The Property 'PromotedIsBig' can only be used if the property 'PageType' is set with any of the values of: 'Card,Document,List,ListPlus,Worksheet' This warning will become an error in a future release.
src\04_Clinical_and_Patient_Management\page\HMSRadiologyRoleCentre.Page.al(280,25): warning AL0729: The Property 'Promoted' can only be used if the property 'PageType' is set with any of the values of: 'Card,Document,List,ListPlus,Worksheet' This warning will become an error in a future release.
src\04_Clinical_and_Patient_Management\page\HMSRadiologyRoleCentre.Page.al(281,25): warning AL0729: The Property 'PromotedIsBig' can only be used if the property 'PageType' is set with any of the values of: 'Card,Document,List,ListPlus,Worksheet' This warning will become an error in a future release.
src\04_Clinical_and_Patient_Management\page\HMSRadiologyRoleCentre.Page.al(306,25): warning AL0729: The Property 'Promoted' can only be used if the property 'PageType' is set with any of the values of: 'Card,Document,List,ListPlus,Worksheet' This warning will become an error in a future release.
src\04_Clinical_and_Patient_Management\page\HMSRadiologyRoleCentre.Page.al(307,25): warning AL0729: The Property 'PromotedIsBig' can only be used if the property 'PageType' is set with any of the values of: 'Card,Document,List,ListPlus,Worksheet' This warning will become an error in a future release.
src\04_Clinical_and_Patient_Management\page\HMSRadiologyRoleCentre.Page.al(316,25): warning AL0729: The Property 'Promoted' can only be used if the property 'PageType' is set with any of the values of: 'Card,Document,List,ListPlus,Worksheet' This warning will become an error in a future release.
src\04_Clinical_and_Patient_Management\page\HMSRadiologyRoleCentre.Page.al(317,25): warning AL0729: The Property 'PromotedIsBig' can only be used if the property 'PageType' is set with any of the values of: 'Card,Document,List,ListPlus,Worksheet' This warning will become an error in a future release.
src\04_Clinical_and_Patient_Management\page\HMSRadiologyRoleCentre.Page.al(326,25): warning AL0729: The Property 'Promoted' can only be used if the property 'PageType' is set with any of the values of: 'Card,Document,List,ListPlus,Worksheet' This warning will become an error in a future release.
src\04_Clinical_and_Patient_Management\page\HMSRadiologyRoleCentre.Page.al(327,25): warning AL0729: The Property 'PromotedCategory' can only be used if the property 'PageType' is set with any of the values of: 'Card,Document,List,ListPlus,Worksheet' This warning will become an error in a future release.
src\04_Clinical_and_Patient_Management\page\HMSRadiologyRoleCentre.Page.al(336,25): warning AL0729: The Property 'Promoted' can only be used if the property 'PageType' is set with any of the values of: 'Card,Document,List,ListPlus,Worksheet' This warning will become an error in a future release.
src\04_Clinical_and_Patient_Management\page\HMSRadiologyRoleCentre.Page.al(337,25): warning AL0729: The Property 'PromotedCategory' can only be used if the property 'PageType' is set with any of the values of: 'Card,Document,List,ListPlus,Worksheet' This warning will become an error in a future release.
src\04_Clinical_and_Patient_Management\page\HMSRadiologyRoleCentre.Page.al(346,25): warning AL0729: The Property 'Promoted' can only be used if the property 'PageType' is set with any of the values of: 'Card,Document,List,ListPlus,Worksheet' This warning will become an error in a future release.
src\04_Clinical_and_Patient_Management\page\HMSRadiologyRoleCentre.Page.al(347,25): warning AL0729: The Property 'PromotedCategory' can only be used if the property 'PageType' is set with any of the values of: 'Card,Document,List,ListPlus,Worksheet' This warning will become an error in a future release.
src\04_Clinical_and_Patient_Management\page\HMSRadiologyRoleCentre.Page.al(356,25): warning AL0729: The Property 'Promoted' can only be used if the property 'PageType' is set with any of the values of: 'Card,Document,List,ListPlus,Worksheet' This warning will become an error in a future release.
src\04_Clinical_and_Patient_Management\page\HMSRadiologyRoleCentre.Page.al(357,25): warning AL0729: The Property 'PromotedCategory' can only be used if the property 'PageType' is set with any of the values of: 'Card,Document,List,ListPlus,Worksheet' This warning will become an error in a future release.
src\04_Clinical_and_Patient_Management\page\HMSRadiologyRoleCentre.Page.al(366,25): warning AL0729: The Property 'Promoted' can only be used if the property 'PageType' is set with any of the values of: 'Card,Document,List,ListPlus,Worksheet' This warning will become an error in a future release.
src\04_Clinical_and_Patient_Management\page\HMSRadiologyRoleCentre.Page.al(367,25): warning AL0729: The Property 'PromotedCategory' can only be used if the property 'PageType' is set with any of the values of: 'Card,Document,List,ListPlus,Worksheet' This warning will become an error in a future release.
src\04_Clinical_and_Patient_Management\page\HMSRadiologyRoleCentre.Page.al(376,25): warning AL0729: The Property 'Promoted' can only be used if the property 'PageType' is set with any of the values of: 'Card,Document,List,ListPlus,Worksheet' This warning will become an error in a future release.
src\04_Clinical_and_Patient_Management\page\HMSRadiologyRoleCentre.Page.al(377,25): warning AL0729: The Property 'PromotedCategory' can only be used if the property 'PageType' is set with any of the values of: 'Card,Document,List,ListPlus,Worksheet' This warning will become an error in a future release.
src\04_Clinical_and_Patient_Management\page\HMSRadiologyRoleCentre.Page.al(386,25): warning AL0729: The Property 'Promoted' can only be used if the property 'PageType' is set with any of the values of: 'Card,Document,List,ListPlus,Worksheet' This warning will become an error in a future release.
src\04_Clinical_and_Patient_Management\page\HMSRadiologyRoleCentre.Page.al(387,25): warning AL0729: The Property 'PromotedCategory' can only be used if the property 'PageType' is set with any of the values of: 'Card,Document,List,ListPlus,Worksheet' This warning will become an error in a future release.
src\04_Clinical_and_Patient_Management\page\HMSRadiologyRoleCentre.Page.al(396,25): warning AL0729: The Property 'Promoted' can only be used if the property 'PageType' is set with any of the values of: 'Card,Document,List,ListPlus,Worksheet' This warning will become an error in a future release.
src\04_Clinical_and_Patient_Management\page\HMSRadiologyRoleCentre.Page.al(397,25): warning AL0729: The Property 'PromotedCategory' can only be used if the property 'PageType' is set with any of the values of: 'Card,Document,List,ListPlus,Worksheet' This warning will become an error in a future release.
src\04_Clinical_and_Patient_Management\page\HMSRadiologyRoleCentre.Page.al(406,25): warning AL0729: The Property 'Promoted' can only be used if the property 'PageType' is set with any of the values of: 'Card,Document,List,ListPlus,Worksheet' This warning will become an error in a future release.
src\04_Clinical_and_Patient_Management\page\HMSRadiologyRoleCentre.Page.al(407,25): warning AL0729: The Property 'PromotedCategory' can only be used if the property 'PageType' is set with any of the values of: 'Card,Document,List,ListPlus,Worksheet' This warning will become an error in a future release.
src\04_Clinical_and_Patient_Management\page\HMSRadiologyRoleCentre.Page.al(416,25): warning AL0729: The Property 'Promoted' can only be used if the property 'PageType' is set with any of the values of: 'Card,Document,List,ListPlus,Worksheet' This warning will become an error in a future release.
src\04_Clinical_and_Patient_Management\page\HMSRadiologyRoleCentre.Page.al(417,25): warning AL0729: The Property 'PromotedCategory' can only be used if the property 'PageType' is set with any of the values of: 'Card,Document,List,ListPlus,Worksheet' This warning will become an error in a future release.
src\04_Clinical_and_Patient_Management\page\HMSRadiologyRoleCentre.Page.al(426,21): warning AL0729: The Property 'Promoted' can only be used if the property 'PageType' is set with any of the values of: 'Card,Document,List,ListPlus,Worksheet' This warning will become an error in a future release.
src\04_Clinical_and_Patient_Management\page\HMSRadiologyRoleCentre.Page.al(427,21): warning AL0729: The Property 'PromotedCategory' can only be used if the property 'PageType' is set with any of the values of: 'Card,Document,List,ListPlus,Worksheet' This warning will become an error in a future release.
src\04_Clinical_and_Patient_Management\page\HMSRadiologyRoleCentre.Page.al(436,25): warning AL0729: The Property 'Promoted' can only be used if the property 'PageType' is set with any of the values of: 'Card,Document,List,ListPlus,Worksheet' This warning will become an error in a future release.
src\04_Clinical_and_Patient_Management\page\HMSRadiologyRoleCentre.Page.al(437,25): warning AL0729: The Property 'PromotedCategory' can only be used if the property 'PageType' is set with any of the values of: 'Card,Document,List,ListPlus,Worksheet' This warning will become an error in a future release.
src\04_Clinical_and_Patient_Management\page\HMSRadiologyRoleCentre.Page.al(446,25): warning AL0729: The Property 'Promoted' can only be used if the property 'PageType' is set with any of the values of: 'Card,Document,List,ListPlus,Worksheet' This warning will become an error in a future release.
src\04_Clinical_and_Patient_Management\page\HMSRadiologyRoleCentre.Page.al(447,25): warning AL0729: The Property 'PromotedCategory' can only be used if the property 'PageType' is set with any of the values of: 'Card,Document,List,ListPlus,Worksheet' This warning will become an error in a future release.
src\04_Clinical_and_Patient_Management\page\HMSRadiologyRoleCentre.Page.al(456,25): warning AL0729: The Property 'Promoted' can only be used if the property 'PageType' is set with any of the values of: 'Card,Document,List,ListPlus,Worksheet' This warning will become an error in a future release.
src\04_Clinical_and_Patient_Management\page\HMSRadiologyRoleCentre.Page.al(457,25): warning AL0729: The Property 'PromotedCategory' can only be used if the property 'PageType' is set with any of the values of: 'Card,Document,List,ListPlus,Worksheet' This warning will become an error in a future release.
src\04_Clinical_and_Patient_Management\page\HMSRadiologyRoleCentre.Page.al(466,25): warning AL0729: The Property 'Promoted' can only be used if the property 'PageType' is set with any of the values of: 'Card,Document,List,ListPlus,Worksheet' This warning will become an error in a future release.
src\04_Clinical_and_Patient_Management\page\HMSRadiologyRoleCentre.Page.al(467,25): warning AL0729: The Property 'PromotedCategory' can only be used if the property 'PageType' is set with any of the values of: 'Card,Document,List,ListPlus,Worksheet' This warning will become an error in a future release.
src\04_Clinical_and_Patient_Management\page\HMSRadiologyRoleCentre.Page.al(476,25): warning AL0729: The Property 'Promoted' can only be used if the property 'PageType' is set with any of the values of: 'Card,Document,List,ListPlus,Worksheet' This warning will become an error in a future release.
src\04_Clinical_and_Patient_Management\page\HMSRadiologyRoleCentre.Page.al(477,25): warning AL0729: The Property 'PromotedCategory' can only be used if the property 'PageType' is set with any of the values of: 'Card,Document,List,ListPlus,Worksheet' This warning will become an error in a future release.
src\04_Clinical_and_Patient_Management\page\HMSRadiologyRoleCentre.Page.al(486,25): warning AL0729: The Property 'Promoted' can only be used if the property 'PageType' is set with any of the values of: 'Card,Document,List,ListPlus,Worksheet' This warning will become an error in a future release.
src\04_Clinical_and_Patient_Management\page\HMSRadiologyRoleCentre.Page.al(487,25): warning AL0729: The Property 'PromotedCategory' can only be used if the property 'PageType' is set with any of the values of: 'Card,Document,List,ListPlus,Worksheet' This warning will become an error in a future release.
src\04_Clinical_and_Patient_Management\page\HMSRadiologyRoleCentre.Page.al(496,25): warning AL0729: The Property 'Promoted' can only be used if the property 'PageType' is set with any of the values of: 'Card,Document,List,ListPlus,Worksheet' This warning will become an error in a future release.
src\04_Clinical_and_Patient_Management\page\HMSRadiologyRoleCentre.Page.al(497,25): warning AL0729: The Property 'PromotedCategory' can only be used if the property 'PageType' is set with any of the values of: 'Card,Document,List,ListPlus,Worksheet' This warning will become an error in a future release.
src\04_Clinical_and_Patient_Management\page\HMSRadiologyRoleCentre.Page.al(506,25): warning AL0729: The Property 'Promoted' can only be used if the property 'PageType' is set with any of the values of: 'Card,Document,List,ListPlus,Worksheet' This warning will become an error in a future release.
src\04_Clinical_and_Patient_Management\page\HMSRadiologyRoleCentre.Page.al(507,25): warning AL0729: The Property 'PromotedCategory' can only be used if the property 'PageType' is set with any of the values of: 'Card,Document,List,ListPlus,Worksheet' This warning will become an error in a future release.
src\04_Clinical_and_Patient_Management\page\HMSRadiologyRoleCentre.Page.al(516,25): warning AL0729: The Property 'Promoted' can only be used if the property 'PageType' is set with any of the values of: 'Card,Document,List,ListPlus,Worksheet' This warning will become an error in a future release.
src\04_Clinical_and_Patient_Management\page\HMSRadiologyRoleCentre.Page.al(517,25): warning AL0729: The Property 'PromotedCategory' can only be used if the property 'PageType' is set with any of the values of: 'Card,Document,List,ListPlus,Worksheet' This warning will become an error in a future release.
src\04_Clinical_and_Patient_Management\page\HMSRadiologyRoleCentre.Page.al(526,25): warning AL0729: The Property 'Promoted' can only be used if the property 'PageType' is set with any of the values of: 'Card,Document,List,ListPlus,Worksheet' This warning will become an error in a future release.
src\04_Clinical_and_Patient_Management\page\HMSRadiologyRoleCentre.Page.al(527,25): warning AL0729: The Property 'PromotedCategory' can only be used if the property 'PageType' is set with any of the values of: 'Card,Document,List,ListPlus,Worksheet' This warning will become an error in a future release.
src\04_Clinical_and_Patient_Management\page\HMSRadiologyRoleCentre.Page.al(536,25): warning AL0729: The Property 'Promoted' can only be used if the property 'PageType' is set with any of the values of: 'Card,Document,List,ListPlus,Worksheet' This warning will become an error in a future release.
src\04_Clinical_and_Patient_Management\page\HMSRadiologyRoleCentre.Page.al(537,25): warning AL0729: The Property 'PromotedCategory' can only be used if the property 'PageType' is set with any of the values of: 'Card,Document,List,ListPlus,Worksheet' This warning will become an error in a future release.
src\04_Clinical_and_Patient_Management\page\HMSRadiologyRoleCentre.Page.al(546,25): warning AL0729: The Property 'Promoted' can only be used if the property 'PageType' is set with any of the values of: 'Card,Document,List,ListPlus,Worksheet' This warning will become an error in a future release.
src\04_Clinical_and_Patient_Management\page\HMSRadiologyRoleCentre.Page.al(547,25): warning AL0729: The Property 'PromotedCategory' can only be used if the property 'PageType' is set with any of the values of: 'Card,Document,List,ListPlus,Worksheet' This warning will become an error in a future release.
src\04_Clinical_and_Patient_Management\page\HMSRadiologyRoleCentre.Page.al(562,21): warning AL0729: The Property 'Promoted' can only be used if the property 'PageType' is set with any of the values of: 'Card,Document,List,ListPlus,Worksheet' This warning will become an error in a future release.
src\04_Clinical_and_Patient_Management\page\HMSRadiologyRoleCentre.Page.al(588,21): warning AL0729: The Property 'Promoted' can only be used if the property 'PageType' is set with any of the values of: 'Card,Document,List,ListPlus,Worksheet' This warning will become an error in a future release.
src\04_Clinical_and_Patient_Management\page\HMSRadiologyRoleCentre.Page.al(597,21): warning AL0729: The Property 'Promoted' can only be used if the property 'PageType' is set with any of the values of: 'Card,Document,List,ListPlus,Worksheet' This warning will become an error in a future release.
src\04_Clinical_and_Patient_Management\page\HMSRadiologyRoleCentre.Page.al(606,21): warning AL0729: The Property 'Promoted' can only be used if the property 'PageType' is set with any of the values of: 'Card,Document,List,ListPlus,Worksheet' This warning will become an error in a future release.
src\04_Clinical_and_Patient_Management\page\HMSAdmissionFormHeader.Page.al(153,21): warning AL0604: Use of implicit 'with' will be removed in the future. Qualify with 'Rec'. This warning will become an error in a future release.
src\04_Clinical_and_Patient_Management\page\HMSAdmissionFormHeader.Page.al(153,31): warning AL0604: Use of implicit 'with' will be removed in the future. Qualify with 'Rec'. This warning will become an error in a future release.
src\04_Clinical_and_Patient_Management\page\HMSRadiologyWaitingList.Page.al(59,9): warning AL0604: Use of implicit 'with' will be removed in the future. Qualify with 'Rec'. This warning will become an error in a future release.
src\04_Clinical_and_Patient_Management\page\HMSRadiologyWaitingList.Page.al(62,17): warning AL0604: Use of implicit 'with' will be removed in the future. Qualify with 'Rec'. This warning will become an error in a future release.
src\04_Clinical_and_Patient_Management\page\HMSRadiologyWaitingList.Page.al(68,58): warning AL0604: Use of implicit 'with' will be removed in the future. Qualify with 'Rec'. This warning will become an error in a future release.
src\04_Clinical_and_Patient_Management\page\HMSRegistrationRoleCentre.Page.al(148,21): warning AL0729: The Property 'Promoted' can only be used if the property 'PageType' is set with any of the values of: 'Card,Document,List,ListPlus,Worksheet' This warning will become an error in a future release.
src\04_Clinical_and_Patient_Management\page\HMSRegistrationRoleCentre.Page.al(149,21): warning AL0729: The Property 'PromotedCategory' can only be used if the property 'PageType' is set with any of the values of: 'Card,Document,List,ListPlus,Worksheet' This warning will become an error in a future release.
src\04_Clinical_and_Patient_Management\page\HMSRegistrationRoleCentre.Page.al(150,21): warning AL0729: The Property 'PromotedIsBig' can only be used if the property 'PageType' is set with any of the values of: 'Card,Document,List,ListPlus,Worksheet' This warning will become an error in a future release.
src\04_Clinical_and_Patient_Management\page\HMSRegistrationRoleCentre.Page.al(159,21): warning AL0729: The Property 'Promoted' can only be used if the property 'PageType' is set with any of the values of: 'Card,Document,List,ListPlus,Worksheet' This warning will become an error in a future release.
src\04_Clinical_and_Patient_Management\page\HMSRegistrationRoleCentre.Page.al(160,21): warning AL0729: The Property 'PromotedCategory' can only be used if the property 'PageType' is set with any of the values of: 'Card,Document,List,ListPlus,Worksheet' This warning will become an error in a future release.
src\04_Clinical_and_Patient_Management\page\HMSRegistrationRoleCentre.Page.al(161,21): warning AL0729: The Property 'PromotedIsBig' can only be used if the property 'PageType' is set with any of the values of: 'Card,Document,List,ListPlus,Worksheet' This warning will become an error in a future release.
src\04_Clinical_and_Patient_Management\page\HMSRegistrationRoleCentre.Page.al(170,21): warning AL0729: The Property 'Promoted' can only be used if the property 'PageType' is set with any of the values of: 'Card,Document,List,ListPlus,Worksheet' This warning will become an error in a future release.
src\04_Clinical_and_Patient_Management\page\HMSRegistrationRoleCentre.Page.al(171,21): warning AL0729: The Property 'PromotedCategory' can only be used if the property 'PageType' is set with any of the values of: 'Card,Document,List,ListPlus,Worksheet' This warning will become an error in a future release.
src\04_Clinical_and_Patient_Management\page\HMSRegistrationRoleCentre.Page.al(172,21): warning AL0729: The Property 'PromotedIsBig' can only be used if the property 'PageType' is set with any of the values of: 'Card,Document,List,ListPlus,Worksheet' This warning will become an error in a future release.
src\04_Clinical_and_Patient_Management\page\HMSRegistrationRoleCentre.Page.al(181,21): warning AL0729: The Property 'Promoted' can only be used if the property 'PageType' is set with any of the values of: 'Card,Document,List,ListPlus,Worksheet' This warning will become an error in a future release.
src\04_Clinical_and_Patient_Management\page\HMSRegistrationRoleCentre.Page.al(182,21): warning AL0729: The Property 'PromotedCategory' can only be used if the property 'PageType' is set with any of the values of: 'Card,Document,List,ListPlus,Worksheet' This warning will become an error in a future release.
src\04_Clinical_and_Patient_Management\page\HMSRegistrationRoleCentre.Page.al(196,21): warning AL0729: The Property 'Promoted' can only be used if the property 'PageType' is set with any of the values of: 'Card,Document,List,ListPlus,Worksheet' This warning will become an error in a future release.
src\04_Clinical_and_Patient_Management\page\HMSRegistrationRoleCentre.Page.al(197,21): warning AL0729: The Property 'PromotedCategory' can only be used if the property 'PageType' is set with any of the values of: 'Card,Document,List,ListPlus,Worksheet' This warning will become an error in a future release.
src\04_Clinical_and_Patient_Management\page\HMSRegistrationRoleCentre.Page.al(206,21): warning AL0729: The Property 'Promoted' can only be used if the property 'PageType' is set with any of the values of: 'Card,Document,List,ListPlus,Worksheet' This warning will become an error in a future release.
src\04_Clinical_and_Patient_Management\page\HMSRegistrationRoleCentre.Page.al(215,21): warning AL0729: The Property 'Promoted' can only be used if the property 'PageType' is set with any of the values of: 'Card,Document,List,ListPlus,Worksheet' This warning will become an error in a future release.
src\04_Clinical_and_Patient_Management\page\HMSRegistrationRoleCentre.Page.al(216,21): warning AL0729: The Property 'PromotedCategory' can only be used if the property 'PageType' is set with any of the values of: 'Card,Document,List,ListPlus,Worksheet' This warning will become an error in a future release.
src\04_Clinical_and_Patient_Management\page\HMSRegistrationRoleCentre.Page.al(229,21): warning AL0729: The Property 'Promoted' can only be used if the property 'PageType' is set with any of the values of: 'Card,Document,List,ListPlus,Worksheet' This warning will become an error in a future release.
src\04_Clinical_and_Patient_Management\page\HMSRegistrationRoleCentre.Page.al(230,21): warning AL0729: The Property 'PromotedCategory' can only be used if the property 'PageType' is set with any of the values of: 'Card,Document,List,ListPlus,Worksheet' This warning will become an error in a future release.
src\04_Clinical_and_Patient_Management\page\HMSRegistrationRoleCentre.Page.al(239,21): warning AL0729: The Property 'Promoted' can only be used if the property 'PageType' is set with any of the values of: 'Card,Document,List,ListPlus,Worksheet' This warning will become an error in a future release.
src\04_Clinical_and_Patient_Management\page\HMSRegistrationRoleCentre.Page.al(240,21): warning AL0729: The Property 'PromotedCategory' can only be used if the property 'PageType' is set with any of the values of: 'Card,Document,List,ListPlus,Worksheet' This warning will become an error in a future release.
src\04_Clinical_and_Patient_Management\page\HMSRegistrationRoleCentre.Page.al(249,21): warning AL0729: The Property 'Promoted' can only be used if the property 'PageType' is set with any of the values of: 'Card,Document,List,ListPlus,Worksheet' This warning will become an error in a future release.
src\04_Clinical_and_Patient_Management\page\HMSRegistrationRoleCentre.Page.al(250,21): warning AL0729: The Property 'PromotedCategory' can only be used if the property 'PageType' is set with any of the values of: 'Card,Document,List,ListPlus,Worksheet' This warning will become an error in a future release.
src\04_Clinical_and_Patient_Management\page\HMSRegistrationRoleCentre.Page.al(259,21): warning AL0729: The Property 'Promoted' can only be used if the property 'PageType' is set with any of the values of: 'Card,Document,List,ListPlus,Worksheet' This warning will become an error in a future release.
src\04_Clinical_and_Patient_Management\page\HMSRegistrationRoleCentre.Page.al(260,21): warning AL0729: The Property 'PromotedCategory' can only be used if the property 'PageType' is set with any of the values of: 'Card,Document,List,ListPlus,Worksheet' This warning will become an error in a future release.
src\04_Clinical_and_Patient_Management\page\HMSRegistrationRoleCentre.Page.al(269,21): warning AL0729: The Property 'Promoted' can only be used if the property 'PageType' is set with any of the values of: 'Card,Document,List,ListPlus,Worksheet' This warning will become an error in a future release.
src\04_Clinical_and_Patient_Management\page\HMSRegistrationRoleCentre.Page.al(270,21): warning AL0729: The Property 'PromotedCategory' can only be used if the property 'PageType' is set with any of the values of: 'Card,Document,List,ListPlus,Worksheet' This warning will become an error in a future release.
src\04_Clinical_and_Patient_Management\page\HMSRegistrationRoleCentre.Page.al(292,21): warning AL0729: The Property 'Promoted' can only be used if the property 'PageType' is set with any of the values of: 'Card,Document,List,ListPlus,Worksheet' This warning will become an error in a future release.
src\04_Clinical_and_Patient_Management\page\HMSRegistrationRoleCentre.Page.al(293,21): warning AL0729: The Property 'PromotedIsBig' can only be used if the property 'PageType' is set with any of the values of: 'Card,Document,List,ListPlus,Worksheet' This warning will become an error in a future release.
src\04_Clinical_and_Patient_Management\page\HMSRegistrationRoleCentre.Page.al(302,21): warning AL0729: The Property 'Promoted' can only be used if the property 'PageType' is set with any of the values of: 'Card,Document,List,ListPlus,Worksheet' This warning will become an error in a future release.
src\04_Clinical_and_Patient_Management\page\HMSRegistrationRoleCentre.Page.al(303,21): warning AL0729: The Property 'PromotedCategory' can only be used if the property 'PageType' is set with any of the values of: 'Card,Document,List,ListPlus,Worksheet' This warning will become an error in a future release.
src\04_Clinical_and_Patient_Management\page\HMSRegistrationRoleCentre.Page.al(312,21): warning AL0729: The Property 'Promoted' can only be used if the property 'PageType' is set with any of the values of: 'Card,Document,List,ListPlus,Worksheet' This warning will become an error in a future release.
src\04_Clinical_and_Patient_Management\page\HMSRegistrationRoleCentre.Page.al(313,21): warning AL0729: The Property 'PromotedCategory' can only be used if the property 'PageType' is set with any of the values of: 'Card,Document,List,ListPlus,Worksheet' This warning will become an error in a future release.
src\04_Clinical_and_Patient_Management\page\HMSRegistrationRoleCentre.Page.al(322,21): warning AL0729: The Property 'Promoted' can only be used if the property 'PageType' is set with any of the values of: 'Card,Document,List,ListPlus,Worksheet' This warning will become an error in a future release.
src\04_Clinical_and_Patient_Management\page\HMSRegistrationRoleCentre.Page.al(323,21): warning AL0729: The Property 'PromotedCategory' can only be used if the property 'PageType' is set with any of the values of: 'Card,Document,List,ListPlus,Worksheet' This warning will become an error in a future release.
src\04_Clinical_and_Patient_Management\page\HMSRegistrationRoleCentre.Page.al(332,21): warning AL0729: The Property 'Promoted' can only be used if the property 'PageType' is set with any of the values of: 'Card,Document,List,ListPlus,Worksheet' This warning will become an error in a future release.
src\04_Clinical_and_Patient_Management\page\HMSRegistrationRoleCentre.Page.al(333,21): warning AL0729: The Property 'PromotedCategory' can only be used if the property 'PageType' is set with any of the values of: 'Card,Document,List,ListPlus,Worksheet' This warning will become an error in a future release.
src\04_Clinical_and_Patient_Management\page\HMSRegistrationRoleCentre.Page.al(342,21): warning AL0729: The Property 'Promoted' can only be used if the property 'PageType' is set with any of the values of: 'Card,Document,List,ListPlus,Worksheet' This warning will become an error in a future release.
src\04_Clinical_and_Patient_Management\page\HMSRegistrationRoleCentre.Page.al(343,21): warning AL0729: The Property 'PromotedCategory' can only be used if the property 'PageType' is set with any of the values of: 'Card,Document,List,ListPlus,Worksheet' This warning will become an error in a future release.
src\04_Clinical_and_Patient_Management\page\HMSRegistrationRoleCentre.Page.al(352,21): warning AL0729: The Property 'Promoted' can only be used if the property 'PageType' is set with any of the values of: 'Card,Document,List,ListPlus,Worksheet' This warning will become an error in a future release.
src\04_Clinical_and_Patient_Management\page\HMSRegistrationRoleCentre.Page.al(353,21): warning AL0729: The Property 'PromotedCategory' can only be used if the property 'PageType' is set with any of the values of: 'Card,Document,List,ListPlus,Worksheet' This warning will become an error in a future release.
src\04_Clinical_and_Patient_Management\page\HMSRegistrationRoleCentre.Page.al(362,21): warning AL0729: The Property 'Promoted' can only be used if the property 'PageType' is set with any of the values of: 'Card,Document,List,ListPlus,Worksheet' This warning will become an error in a future release.
src\04_Clinical_and_Patient_Management\page\HMSRegistrationRoleCentre.Page.al(363,21): warning AL0729: The Property 'PromotedCategory' can only be used if the property 'PageType' is set with any of the values of: 'Card,Document,List,ListPlus,Worksheet' This warning will become an error in a future release.
src\04_Clinical_and_Patient_Management\page\HMSRegistrationRoleCentre.Page.al(372,21): warning AL0729: The Property 'Promoted' can only be used if the property 'PageType' is set with any of the values of: 'Card,Document,List,ListPlus,Worksheet' This warning will become an error in a future release.
src\04_Clinical_and_Patient_Management\page\HMSRegistrationRoleCentre.Page.al(373,21): warning AL0729: The Property 'PromotedCategory' can only be used if the property 'PageType' is set with any of the values of: 'Card,Document,List,ListPlus,Worksheet' This warning will become an error in a future release.
src\04_Clinical_and_Patient_Management\page\HMSRegistrationRoleCentre.Page.al(382,21): warning AL0729: The Property 'Promoted' can only be used if the property 'PageType' is set with any of the values of: 'Card,Document,List,ListPlus,Worksheet' This warning will become an error in a future release.
src\04_Clinical_and_Patient_Management\page\HMSRegistrationRoleCentre.Page.al(383,21): warning AL0729: The Property 'PromotedCategory' can only be used if the property 'PageType' is set with any of the values of: 'Card,Document,List,ListPlus,Worksheet' This warning will become an error in a future release.
src\04_Clinical_and_Patient_Management\page\HMSRegistrationRoleCentre.Page.al(392,21): warning AL0729: The Property 'Promoted' can only be used if the property 'PageType' is set with any of the values of: 'Card,Document,List,ListPlus,Worksheet' This warning will become an error in a future release.
src\04_Clinical_and_Patient_Management\page\HMSRegistrationRoleCentre.Page.al(393,21): warning AL0729: The Property 'PromotedCategory' can only be used if the property 'PageType' is set with any of the values of: 'Card,Document,List,ListPlus,Worksheet' This warning will become an error in a future release.
src\04_Clinical_and_Patient_Management\page\HMSRegistrationRoleCentre.Page.al(402,21): warning AL0729: The Property 'Promoted' can only be used if the property 'PageType' is set with any of the values of: 'Card,Document,List,ListPlus,Worksheet' This warning will become an error in a future release.
src\04_Clinical_and_Patient_Management\page\HMSRegistrationRoleCentre.Page.al(403,21): warning AL0729: The Property 'PromotedCategory' can only be used if the property 'PageType' is set with any of the values of: 'Card,Document,List,ListPlus,Worksheet' This warning will become an error in a future release.
src\04_Clinical_and_Patient_Management\page\HMSRegistrationRoleCentre.Page.al(412,21): warning AL0729: The Property 'Promoted' can only be used if the property 'PageType' is set with any of the values of: 'Card,Document,List,ListPlus,Worksheet' This warning will become an error in a future release.
src\04_Clinical_and_Patient_Management\page\HMSRegistrationRoleCentre.Page.al(413,21): warning AL0729: The Property 'PromotedCategory' can only be used if the property 'PageType' is set with any of the values of: 'Card,Document,List,ListPlus,Worksheet' This warning will become an error in a future release.
src\04_Clinical_and_Patient_Management\page\HMSRegistrationRoleCentre.Page.al(422,21): warning AL0729: The Property 'Promoted' can only be used if the property 'PageType' is set with any of the values of: 'Card,Document,List,ListPlus,Worksheet' This warning will become an error in a future release.
src\04_Clinical_and_Patient_Management\page\HMSRegistrationRoleCentre.Page.al(423,21): warning AL0729: The Property 'PromotedCategory' can only be used if the property 'PageType' is set with any of the values of: 'Card,Document,List,ListPlus,Worksheet' This warning will become an error in a future release.
src\04_Clinical_and_Patient_Management\page\HMSRegistrationRoleCentre.Page.al(432,21): warning AL0729: The Property 'Promoted' can only be used if the property 'PageType' is set with any of the values of: 'Card,Document,List,ListPlus,Worksheet' This warning will become an error in a future release.
src\04_Clinical_and_Patient_Management\page\HMSRegistrationRoleCentre.Page.al(433,21): warning AL0729: The Property 'PromotedCategory' can only be used if the property 'PageType' is set with any of the values of: 'Card,Document,List,ListPlus,Worksheet' This warning will become an error in a future release.
src\04_Clinical_and_Patient_Management\page\HMSRegistrationRoleCentre.Page.al(442,21): warning AL0729: The Property 'Promoted' can only be used if the property 'PageType' is set with any of the values of: 'Card,Document,List,ListPlus,Worksheet' This warning will become an error in a future release.
src\04_Clinical_and_Patient_Management\page\HMSRegistrationRoleCentre.Page.al(443,21): warning AL0729: The Property 'PromotedCategory' can only be used if the property 'PageType' is set with any of the values of: 'Card,Document,List,ListPlus,Worksheet' This warning will become an error in a future release.
src\04_Clinical_and_Patient_Management\page\HMSRegistrationRoleCentre.Page.al(452,21): warning AL0729: The Property 'Promoted' can only be used if the property 'PageType' is set with any of the values of: 'Card,Document,List,ListPlus,Worksheet' This warning will become an error in a future release.
src\04_Clinical_and_Patient_Management\page\HMSRegistrationRoleCentre.Page.al(453,21): warning AL0729: The Property 'PromotedCategory' can only be used if the property 'PageType' is set with any of the values of: 'Card,Document,List,ListPlus,Worksheet' This warning will become an error in a future release.
src\04_Clinical_and_Patient_Management\page\HMSRegistrationRoleCentre.Page.al(462,21): warning AL0729: The Property 'Promoted' can only be used if the property 'PageType' is set with any of the values of: 'Card,Document,List,ListPlus,Worksheet' This warning will become an error in a future release.
src\04_Clinical_and_Patient_Management\page\HMSRegistrationRoleCentre.Page.al(463,21): warning AL0729: The Property 'PromotedCategory' can only be used if the property 'PageType' is set with any of the values of: 'Card,Document,List,ListPlus,Worksheet' This warning will become an error in a future release.
src\04_Clinical_and_Patient_Management\page\HMSRegistrationRoleCentre.Page.al(472,21): warning AL0729: The Property 'Promoted' can only be used if the property 'PageType' is set with any of the values of: 'Card,Document,List,ListPlus,Worksheet' This warning will become an error in a future release.
src\04_Clinical_and_Patient_Management\page\HMSRegistrationRoleCentre.Page.al(473,21): warning AL0729: The Property 'PromotedCategory' can only be used if the property 'PageType' is set with any of the values of: 'Card,Document,List,ListPlus,Worksheet' This warning will become an error in a future release.
src\04_Clinical_and_Patient_Management\page\HMSRegistrationRoleCentre.Page.al(482,21): warning AL0729: The Property 'Promoted' can only be used if the property 'PageType' is set with any of the values of: 'Card,Document,List,ListPlus,Worksheet' This warning will become an error in a future release.
src\04_Clinical_and_Patient_Management\page\HMSRegistrationRoleCentre.Page.al(483,21): warning AL0729: The Property 'PromotedCategory' can only be used if the property 'PageType' is set with any of the values of: 'Card,Document,List,ListPlus,Worksheet' This warning will become an error in a future release.
src\04_Clinical_and_Patient_Management\page\HMSRegistrationRoleCentre.Page.al(492,21): warning AL0729: The Property 'Promoted' can only be used if the property 'PageType' is set with any of the values of: 'Card,Document,List,ListPlus,Worksheet' This warning will become an error in a future release.
src\04_Clinical_and_Patient_Management\page\HMSRegistrationRoleCentre.Page.al(493,21): warning AL0729: The Property 'PromotedCategory' can only be used if the property 'PageType' is set with any of the values of: 'Card,Document,List,ListPlus,Worksheet' This warning will become an error in a future release.
src\04_Clinical_and_Patient_Management\page\HMSRegistrationRoleCentre.Page.al(502,21): warning AL0729: The Property 'Promoted' can only be used if the property 'PageType' is set with any of the values of: 'Card,Document,List,ListPlus,Worksheet' This warning will become an error in a future release.
src\04_Clinical_and_Patient_Management\page\HMSRegistrationRoleCentre.Page.al(503,21): warning AL0729: The Property 'PromotedCategory' can only be used if the property 'PageType' is set with any of the values of: 'Card,Document,List,ListPlus,Worksheet' This warning will become an error in a future release.
src\04_Clinical_and_Patient_Management\page\HMSRegistrationRoleCentre.Page.al(512,21): warning AL0729: The Property 'Promoted' can only be used if the property 'PageType' is set with any of the values of: 'Card,Document,List,ListPlus,Worksheet' This warning will become an error in a future release.
src\04_Clinical_and_Patient_Management\page\HMSRegistrationRoleCentre.Page.al(513,21): warning AL0729: The Property 'PromotedCategory' can only be used if the property 'PageType' is set with any of the values of: 'Card,Document,List,ListPlus,Worksheet' This warning will become an error in a future release.
src\04_Clinical_and_Patient_Management\page\HMSRegistrationRoleCentre.Page.al(522,21): warning AL0729: The Property 'Promoted' can only be used if the property 'PageType' is set with any of the values of: 'Card,Document,List,ListPlus,Worksheet' This warning will become an error in a future release.
src\04_Clinical_and_Patient_Management\page\HMSRegistrationRoleCentre.Page.al(523,21): warning AL0729: The Property 'PromotedCategory' can only be used if the property 'PageType' is set with any of the values of: 'Card,Document,List,ListPlus,Worksheet' This warning will become an error in a future release.
src\04_Clinical_and_Patient_Management\page\HMSRegistrationRoleCentre.Page.al(532,21): warning AL0729: The Property 'Promoted' can only be used if the property 'PageType' is set with any of the values of: 'Card,Document,List,ListPlus,Worksheet' This warning will become an error in a future release.
src\04_Clinical_and_Patient_Management\page\HMSRegistrationRoleCentre.Page.al(533,21): warning AL0729: The Property 'PromotedCategory' can only be used if the property 'PageType' is set with any of the values of: 'Card,Document,List,ListPlus,Worksheet' This warning will become an error in a future release.
src\04_Clinical_and_Patient_Management\page\HMSRegistrationRoleCentre.Page.al(542,21): warning AL0729: The Property 'Promoted' can only be used if the property 'PageType' is set with any of the values of: 'Card,Document,List,ListPlus,Worksheet' This warning will become an error in a future release.
src\04_Clinical_and_Patient_Management\page\HMSRegistrationRoleCentre.Page.al(543,21): warning AL0729: The Property 'PromotedCategory' can only be used if the property 'PageType' is set with any of the values of: 'Card,Document,List,ListPlus,Worksheet' This warning will become an error in a future release.
src\04_Clinical_and_Patient_Management\page\HMSRegistrationRoleCentre.Page.al(552,21): warning AL0729: The Property 'Promoted' can only be used if the property 'PageType' is set with any of the values of: 'Card,Document,List,ListPlus,Worksheet' This warning will become an error in a future release.
src\04_Clinical_and_Patient_Management\page\HMSRegistrationRoleCentre.Page.al(553,21): warning AL0729: The Property 'PromotedCategory' can only be used if the property 'PageType' is set with any of the values of: 'Card,Document,List,ListPlus,Worksheet' This warning will become an error in a future release.
src\04_Clinical_and_Patient_Management\page\HMSRegistrationRoleCentre.Page.al(562,21): warning AL0729: The Property 'Promoted' can only be used if the property 'PageType' is set with any of the values of: 'Card,Document,List,ListPlus,Worksheet' This warning will become an error in a future release.
src\04_Clinical_and_Patient_Management\page\HMSRegistrationRoleCentre.Page.al(563,21): warning AL0729: The Property 'PromotedCategory' can only be used if the property 'PageType' is set with any of the values of: 'Card,Document,List,ListPlus,Worksheet' This warning will become an error in a future release.
src\04_Clinical_and_Patient_Management\page\HMSRegistrationRoleCentre.Page.al(684,25): warning AL0729: The Property 'Promoted' can only be used if the property 'PageType' is set with any of the values of: 'Card,Document,List,ListPlus,Worksheet' This warning will become an error in a future release.
src\04_Clinical_and_Patient_Management\page\HMSRegistrationRoleCentre.Page.al(685,25): warning AL0729: The Property 'PromotedIsBig' can only be used if the property 'PageType' is set with any of the values of: 'Card,Document,List,ListPlus,Worksheet' This warning will become an error in a future release.
src\04_Clinical_and_Patient_Management\page\HMSRegistrationRoleCentre.Page.al(694,25): warning AL0729: The Property 'Promoted' can only be used if the property 'PageType' is set with any of the values of: 'Card,Document,List,ListPlus,Worksheet' This warning will become an error in a future release.
src\04_Clinical_and_Patient_Management\page\HMSRegistrationRoleCentre.Page.al(695,25): warning AL0729: The Property 'PromotedIsBig' can only be used if the property 'PageType' is set with any of the values of: 'Card,Document,List,ListPlus,Worksheet' This warning will become an error in a future release.
src\04_Clinical_and_Patient_Management\page\HMSRegistrationRoleCentre.Page.al(704,25): warning AL0729: The Property 'Promoted' can only be used if the property 'PageType' is set with any of the values of: 'Card,Document,List,ListPlus,Worksheet' This warning will become an error in a future release.
src\04_Clinical_and_Patient_Management\page\HMSRegistrationRoleCentre.Page.al(705,25): warning AL0729: The Property 'PromotedIsBig' can only be used if the property 'PageType' is set with any of the values of: 'Card,Document,List,ListPlus,Worksheet' This warning will become an error in a future release.
src\04_Clinical_and_Patient_Management\page\HMSRegistrationRoleCentre.Page.al(727,25): warning AL0729: The Property 'Promoted' can only be used if the property 'PageType' is set with any of the values of: 'Card,Document,List,ListPlus,Worksheet' This warning will become an error in a future release.
src\04_Clinical_and_Patient_Management\page\HMSRegistrationRoleCentre.Page.al(728,25): warning AL0729: The Property 'PromotedIsBig' can only be used if the property 'PageType' is set with any of the values of: 'Card,Document,List,ListPlus,Worksheet' This warning will become an error in a future release.
src\04_Clinical_and_Patient_Management\page\HMSRegistrationRoleCentre.Page.al(744,25): warning AL0729: The Property 'Promoted' can only be used if the property 'PageType' is set with any of the values of: 'Card,Document,List,ListPlus,Worksheet' This warning will become an error in a future release.
src\04_Clinical_and_Patient_Management\page\HMSRegistrationRoleCentre.Page.al(745,25): warning AL0729: The Property 'PromotedIsBig' can only be used if the property 'PageType' is set with any of the values of: 'Card,Document,List,ListPlus,Worksheet' This warning will become an error in a future release.
src\04_Clinical_and_Patient_Management\page\HMSRegistrationRoleCentre.Page.al(754,25): warning AL0729: The Property 'Promoted' can only be used if the property 'PageType' is set with any of the values of: 'Card,Document,List,ListPlus,Worksheet' This warning will become an error in a future release.
src\04_Clinical_and_Patient_Management\page\HMSRegistrationRoleCentre.Page.al(755,25): warning AL0729: The Property 'PromotedIsBig' can only be used if the property 'PageType' is set with any of the values of: 'Card,Document,List,ListPlus,Worksheet' This warning will become an error in a future release.
src\04_Clinical_and_Patient_Management\page\HMSRegistrationRoleCentre.Page.al(764,25): warning AL0729: The Property 'Promoted' can only be used if the property 'PageType' is set with any of the values of: 'Card,Document,List,ListPlus,Worksheet' This warning will become an error in a future release.
src\04_Clinical_and_Patient_Management\page\HMSRegistrationRoleCentre.Page.al(765,25): warning AL0729: The Property 'PromotedIsBig' can only be used if the property 'PageType' is set with any of the values of: 'Card,Document,List,ListPlus,Worksheet' This warning will become an error in a future release.
src\04_Clinical_and_Patient_Management\page\HMSRegistrationRoleCentre.Page.al(774,25): warning AL0729: The Property 'Promoted' can only be used if the property 'PageType' is set with any of the values of: 'Card,Document,List,ListPlus,Worksheet' This warning will become an error in a future release.
src\04_Clinical_and_Patient_Management\page\HMSRegistrationRoleCentre.Page.al(775,25): warning AL0729: The Property 'PromotedIsBig' can only be used if the property 'PageType' is set with any of the values of: 'Card,Document,List,ListPlus,Worksheet' This warning will become an error in a future release.
src\04_Clinical_and_Patient_Management\page\HMSRegistrationRoleCentre.Page.al(784,25): warning AL0729: The Property 'Promoted' can only be used if the property 'PageType' is set with any of the values of: 'Card,Document,List,ListPlus,Worksheet' This warning will become an error in a future release.
src\04_Clinical_and_Patient_Management\page\HMSRegistrationRoleCentre.Page.al(785,25): warning AL0729: The Property 'PromotedIsBig' can only be used if the property 'PageType' is set with any of the values of: 'Card,Document,List,ListPlus,Worksheet' This warning will become an error in a future release.
src\04_Clinical_and_Patient_Management\page\HMSRegistrationRoleCentre.Page.al(794,25): warning AL0729: The Property 'Promoted' can only be used if the property 'PageType' is set with any of the values of: 'Card,Document,List,ListPlus,Worksheet' This warning will become an error in a future release.
src\04_Clinical_and_Patient_Management\page\HMSRegistrationRoleCentre.Page.al(795,25): warning AL0729: The Property 'PromotedIsBig' can only be used if the property 'PageType' is set with any of the values of: 'Card,Document,List,ListPlus,Worksheet' This warning will become an error in a future release.
src\04_Clinical_and_Patient_Management\page\HMSRegistrationRoleCentre.Page.al(804,25): warning AL0729: The Property 'Promoted' can only be used if the property 'PageType' is set with any of the values of: 'Card,Document,List,ListPlus,Worksheet' This warning will become an error in a future release.
src\04_Clinical_and_Patient_Management\page\HMSRegistrationRoleCentre.Page.al(805,25): warning AL0729: The Property 'PromotedIsBig' can only be used if the property 'PageType' is set with any of the values of: 'Card,Document,List,ListPlus,Worksheet' This warning will become an error in a future release.
src\04_Clinical_and_Patient_Management\page\HMSRegistrationRoleCentre.Page.al(814,25): warning AL0729: The Property 'Promoted' can only be used if the property 'PageType' is set with any of the values of: 'Card,Document,List,ListPlus,Worksheet' This warning will become an error in a future release.
src\04_Clinical_and_Patient_Management\page\HMSRegistrationRoleCentre.Page.al(815,25): warning AL0729: The Property 'PromotedIsBig' can only be used if the property 'PageType' is set with any of the values of: 'Card,Document,List,ListPlus,Worksheet' This warning will become an error in a future release.
src\04_Clinical_and_Patient_Management\page\HMSRegistrationRoleCentre.Page.al(824,25): warning AL0729: The Property 'Promoted' can only be used if the property 'PageType' is set with any of the values of: 'Card,Document,List,ListPlus,Worksheet' This warning will become an error in a future release.
src\04_Clinical_and_Patient_Management\page\HMSRegistrationRoleCentre.Page.al(825,25): warning AL0729: The Property 'PromotedIsBig' can only be used if the property 'PageType' is set with any of the values of: 'Card,Document,List,ListPlus,Worksheet' This warning will become an error in a future release.
src\04_Clinical_and_Patient_Management\page\HMSRegistrationRoleCentre.Page.al(834,25): warning AL0729: The Property 'Promoted' can only be used if the property 'PageType' is set with any of the values of: 'Card,Document,List,ListPlus,Worksheet' This warning will become an error in a future release.
src\04_Clinical_and_Patient_Management\page\HMSRegistrationRoleCentre.Page.al(835,25): warning AL0729: The Property 'PromotedIsBig' can only be used if the property 'PageType' is set with any of the values of: 'Card,Document,List,ListPlus,Worksheet' This warning will become an error in a future release.
src\04_Clinical_and_Patient_Management\page\HMSRegistrationRoleCentre.Page.al(844,25): warning AL0729: The Property 'Promoted' can only be used if the property 'PageType' is set with any of the values of: 'Card,Document,List,ListPlus,Worksheet' This warning will become an error in a future release.
src\04_Clinical_and_Patient_Management\page\HMSRegistrationRoleCentre.Page.al(845,25): warning AL0729: The Property 'PromotedIsBig' can only be used if the property 'PageType' is set with any of the values of: 'Card,Document,List,ListPlus,Worksheet' This warning will become an error in a future release.
src\04_Clinical_and_Patient_Management\page\HMSRegistrationRoleCentre.Page.al(854,25): warning AL0729: The Property 'Promoted' can only be used if the property 'PageType' is set with any of the values of: 'Card,Document,List,ListPlus,Worksheet' This warning will become an error in a future release.
src\04_Clinical_and_Patient_Management\page\HMSRegistrationRoleCentre.Page.al(855,25): warning AL0729: The Property 'PromotedIsBig' can only be used if the property 'PageType' is set with any of the values of: 'Card,Document,List,ListPlus,Worksheet' This warning will become an error in a future release.
src\04_Clinical_and_Patient_Management\page\HMSRegistrationRoleCentre.Page.al(864,25): warning AL0729: The Property 'Promoted' can only be used if the property 'PageType' is set with any of the values of: 'Card,Document,List,ListPlus,Worksheet' This warning will become an error in a future release.
src\04_Clinical_and_Patient_Management\page\HMSRegistrationRoleCentre.Page.al(865,25): warning AL0729: The Property 'PromotedIsBig' can only be used if the property 'PageType' is set with any of the values of: 'Card,Document,List,ListPlus,Worksheet' This warning will become an error in a future release.
src\04_Clinical_and_Patient_Management\page\HMSRegistrationRoleCentre.Page.al(880,21): warning AL0729: The Property 'Promoted' can only be used if the property 'PageType' is set with any of the values of: 'Card,Document,List,ListPlus,Worksheet' This warning will become an error in a future release.
src\04_Clinical_and_Patient_Management\page\HMSRegistrationRoleCentre.Page.al(889,21): warning AL0729: The Property 'Promoted' can only be used if the property 'PageType' is set with any of the values of: 'Card,Document,List,ListPlus,Worksheet' This warning will become an error in a future release.
src\04_Clinical_and_Patient_Management\page\HMSRegistrationRoleCentre.Page.al(899,21): warning AL0729: The Property 'Promoted' can only be used if the property 'PageType' is set with any of the values of: 'Card,Document,List,ListPlus,Worksheet' This warning will become an error in a future release.
src\04_Clinical_and_Patient_Management\page\HMSRegistrationRoleCentre.Page.al(909,21): warning AL0729: The Property 'Promoted' can only be used if the property 'PageType' is set with any of the values of: 'Card,Document,List,ListPlus,Worksheet' This warning will become an error in a future release.
src\04_Clinical_and_Patient_Management\page\HMSRegistrationRoleCentre.Page.al(925,21): warning AL0729: The Property 'Promoted' can only be used if the property 'PageType' is set with any of the values of: 'Card,Document,List,ListPlus,Worksheet' This warning will become an error in a future release.
src\04_Clinical_and_Patient_Management\page\HMSRegistrationRoleCentre.Page.al(934,21): warning AL0729: The Property 'Promoted' can only be used if the property 'PageType' is set with any of the values of: 'Card,Document,List,ListPlus,Worksheet' This warning will become an error in a future release.
src\04_Clinical_and_Patient_Management\page\HMSRegistrationRoleCentre.Page.al(1027,21): warning AL0729: The Property 'Promoted' can only be used if the property 'PageType' is set with any of the values of: 'Card,Document,List,ListPlus,Worksheet' This warning will become an error in a future release.
src\04_Clinical_and_Patient_Management\page\HMSRegistrationRoleCentre.Page.al(1050,21): warning AL0729: The Property 'Promoted' can only be used if the property 'PageType' is set with any of the values of: 'Card,Document,List,ListPlus,Worksheet' This warning will become an error in a future release.
src\04_Clinical_and_Patient_Management\page\HMSRegistrationRoleCentre.Page.al(1051,21): warning AL0729: The Property 'PromotedCategory' can only be used if the property 'PageType' is set with any of the values of: 'Card,Document,List,ListPlus,Worksheet' This warning will become an error in a future release.
src\04_Clinical_and_Patient_Management\page\HMSRegistrationRoleCentre.Page.al(1052,21): warning AL0729: The Property 'PromotedIsBig' can only be used if the property 'PageType' is set with any of the values of: 'Card,Document,List,ListPlus,Worksheet' This warning will become an error in a future release.
src\04_Clinical_and_Patient_Management\page\HMSRegistrationRoleCentre.Page.al(1076,21): warning AL0729: The Property 'Promoted' can only be used if the property 'PageType' is set with any of the values of: 'Card,Document,List,ListPlus,Worksheet' This warning will become an error in a future release.
src\04_Clinical_and_Patient_Management\page\HMSRegistrationRoleCentre.Page.al(1085,21): warning AL0729: The Property 'Promoted' can only be used if the property 'PageType' is set with any of the values of: 'Card,Document,List,ListPlus,Worksheet' This warning will become an error in a future release.
src\04_Clinical_and_Patient_Management\page\HMSRegistrationRoleCentre.Page.al(1094,21): warning AL0729: The Property 'Promoted' can only be used if the property 'PageType' is set with any of the values of: 'Card,Document,List,ListPlus,Worksheet' This warning will become an error in a future release.
src\04_Clinical_and_Patient_Management\page\HMSRegistrationRoleCentre.Page.al(1128,21): warning AL0729: The Property 'Promoted' can only be used if the property 'PageType' is set with any of the values of: 'Card,Document,List,ListPlus,Worksheet' This warning will become an error in a future release.
src\04_Clinical_and_Patient_Management\page\HMSRegistrationRoleCentre.Page.al(1137,21): warning AL0729: The Property 'Promoted' can only be used if the property 'PageType' is set with any of the values of: 'Card,Document,List,ListPlus,Worksheet' This warning will become an error in a future release.
src\04_Clinical_and_Patient_Management\page\HMSRegistrationRoleCentre.Page.al(1146,21): warning AL0729: The Property 'Promoted' can only be used if the property 'PageType' is set with any of the values of: 'Card,Document,List,ListPlus,Worksheet' This warning will become an error in a future release.
src\04_Clinical_and_Patient_Management\page\HMSRegistryRoleCentre.Page.al(65,25): warning AL0729: The Property 'Promoted' can only be used if the property 'PageType' is set with any of the values of: 'Card,Document,List,ListPlus,Worksheet' This warning will become an error in a future release.
src\04_Clinical_and_Patient_Management\page\HMSRegistryRoleCentre.Page.al(66,25): warning AL0729: The Property 'PromotedIsBig' can only be used if the property 'PageType' is set with any of the values of: 'Card,Document,List,ListPlus,Worksheet' This warning will become an error in a future release.
src\04_Clinical_and_Patient_Management\page\HMSRegistryRoleCentre.Page.al(75,25): warning AL0729: The Property 'Promoted' can only be used if the property 'PageType' is set with any of the values of: 'Card,Document,List,ListPlus,Worksheet' This warning will become an error in a future release.
src\04_Clinical_and_Patient_Management\page\HMSRegistryRoleCentre.Page.al(76,25): warning AL0729: The Property 'PromotedIsBig' can only be used if the property 'PageType' is set with any of the values of: 'Card,Document,List,ListPlus,Worksheet' This warning will become an error in a future release.
src\04_Clinical_and_Patient_Management\page\HMSRegistryRoleCentre.Page.al(85,25): warning AL0729: The Property 'Promoted' can only be used if the property 'PageType' is set with any of the values of: 'Card,Document,List,ListPlus,Worksheet' This warning will become an error in a future release.
src\04_Clinical_and_Patient_Management\page\HMSRegistryRoleCentre.Page.al(86,25): warning AL0729: The Property 'PromotedIsBig' can only be used if the property 'PageType' is set with any of the values of: 'Card,Document,List,ListPlus,Worksheet' This warning will become an error in a future release.
src\04_Clinical_and_Patient_Management\page\HMSTheatreRoleCentre.Page.al(65,25): warning AL0729: The Property 'Promoted' can only be used if the property 'PageType' is set with any of the values of: 'Card,Document,List,ListPlus,Worksheet' This warning will become an error in a future release.
src\04_Clinical_and_Patient_Management\page\HMSTheatreRoleCentre.Page.al(66,25): warning AL0729: The Property 'PromotedIsBig' can only be used if the property 'PageType' is set with any of the values of: 'Card,Document,List,ListPlus,Worksheet' This warning will become an error in a future release.
src\04_Clinical_and_Patient_Management\page\HMSTheatreRoleCentre.Page.al(75,25): warning AL0729: The Property 'Promoted' can only be used if the property 'PageType' is set with any of the values of: 'Card,Document,List,ListPlus,Worksheet' This warning will become an error in a future release.
src\04_Clinical_and_Patient_Management\page\HMSTheatreRoleCentre.Page.al(76,25): warning AL0729: The Property 'PromotedIsBig' can only be used if the property 'PageType' is set with any of the values of: 'Card,Document,List,ListPlus,Worksheet' This warning will become an error in a future release.
src\04_Clinical_and_Patient_Management\page\HMSTheatreRoleCentre.Page.al(85,25): warning AL0729: The Property 'Promoted' can only be used if the property 'PageType' is set with any of the values of: 'Card,Document,List,ListPlus,Worksheet' This warning will become an error in a future release.
src\04_Clinical_and_Patient_Management\page\HMSTheatreRoleCentre.Page.al(86,25): warning AL0729: The Property 'PromotedCategory' can only be used if the property 'PageType' is set with any of the values of: 'Card,Document,List,ListPlus,Worksheet' This warning will become an error in a future release.
src\04_Clinical_and_Patient_Management\page\HMSTheatreRoleCentre.Page.al(95,25): warning AL0729: The Property 'Promoted' can only be used if the property 'PageType' is set with any of the values of: 'Card,Document,List,ListPlus,Worksheet' This warning will become an error in a future release.
src\04_Clinical_and_Patient_Management\page\HMSTheatreRoleCentre.Page.al(96,25): warning AL0729: The Property 'PromotedCategory' can only be used if the property 'PageType' is set with any of the values of: 'Card,Document,List,ListPlus,Worksheet' This warning will become an error in a future release.
src\04_Clinical_and_Patient_Management\page\HMSTheatreRoleCentre.Page.al(105,25): warning AL0729: The Property 'Promoted' can only be used if the property 'PageType' is set with any of the values of: 'Card,Document,List,ListPlus,Worksheet' This warning will become an error in a future release.
src\04_Clinical_and_Patient_Management\page\HMSTheatreRoleCentre.Page.al(106,25): warning AL0729: The Property 'PromotedCategory' can only be used if the property 'PageType' is set with any of the values of: 'Card,Document,List,ListPlus,Worksheet' This warning will become an error in a future release.
src\04_Clinical_and_Patient_Management\page\HMSTheatreRoleCentre.Page.al(115,25): warning AL0729: The Property 'Promoted' can only be used if the property 'PageType' is set with any of the values of: 'Card,Document,List,ListPlus,Worksheet' This warning will become an error in a future release.
src\04_Clinical_and_Patient_Management\page\HMSTheatreRoleCentre.Page.al(116,25): warning AL0729: The Property 'PromotedCategory' can only be used if the property 'PageType' is set with any of the values of: 'Card,Document,List,ListPlus,Worksheet' This warning will become an error in a future release.
src\04_Clinical_and_Patient_Management\page\HMSTheatreRoleCentre.Page.al(125,25): warning AL0729: The Property 'Promoted' can only be used if the property 'PageType' is set with any of the values of: 'Card,Document,List,ListPlus,Worksheet' This warning will become an error in a future release.
src\04_Clinical_and_Patient_Management\page\HMSTheatreRoleCentre.Page.al(126,25): warning AL0729: The Property 'PromotedCategory' can only be used if the property 'PageType' is set with any of the values of: 'Card,Document,List,ListPlus,Worksheet' This warning will become an error in a future release.
src\04_Clinical_and_Patient_Management\page\HMSTheatreRoleCentre.Page.al(135,25): warning AL0729: The Property 'Promoted' can only be used if the property 'PageType' is set with any of the values of: 'Card,Document,List,ListPlus,Worksheet' This warning will become an error in a future release.
src\04_Clinical_and_Patient_Management\page\HMSTheatreRoleCentre.Page.al(136,25): warning AL0729: The Property 'PromotedCategory' can only be used if the property 'PageType' is set with any of the values of: 'Card,Document,List,ListPlus,Worksheet' This warning will become an error in a future release.
src\04_Clinical_and_Patient_Management\page\HMSTheatreRoleCentre.Page.al(145,25): warning AL0729: The Property 'Promoted' can only be used if the property 'PageType' is set with any of the values of: 'Card,Document,List,ListPlus,Worksheet' This warning will become an error in a future release.
src\04_Clinical_and_Patient_Management\page\HMSTheatreRoleCentre.Page.al(146,25): warning AL0729: The Property 'PromotedCategory' can only be used if the property 'PageType' is set with any of the values of: 'Card,Document,List,ListPlus,Worksheet' This warning will become an error in a future release.
src\04_Clinical_and_Patient_Management\page\HMSTheatreRoleCentre.Page.al(155,25): warning AL0729: The Property 'Promoted' can only be used if the property 'PageType' is set with any of the values of: 'Card,Document,List,ListPlus,Worksheet' This warning will become an error in a future release.
src\04_Clinical_and_Patient_Management\page\HMSTheatreRoleCentre.Page.al(156,25): warning AL0729: The Property 'PromotedCategory' can only be used if the property 'PageType' is set with any of the values of: 'Card,Document,List,ListPlus,Worksheet' This warning will become an error in a future release.
src\04_Clinical_and_Patient_Management\page\HMSTheatreRoleCentre.Page.al(165,25): warning AL0729: The Property 'Promoted' can only be used if the property 'PageType' is set with any of the values of: 'Card,Document,List,ListPlus,Worksheet' This warning will become an error in a future release.
src\04_Clinical_and_Patient_Management\page\HMSTheatreRoleCentre.Page.al(166,25): warning AL0729: The Property 'PromotedCategory' can only be used if the property 'PageType' is set with any of the values of: 'Card,Document,List,ListPlus,Worksheet' This warning will become an error in a future release.
src\04_Clinical_and_Patient_Management\page\HMSTheatreRoleCentre.Page.al(175,25): warning AL0729: The Property 'Promoted' can only be used if the property 'PageType' is set with any of the values of: 'Card,Document,List,ListPlus,Worksheet' This warning will become an error in a future release.
src\04_Clinical_and_Patient_Management\page\HMSTheatreRoleCentre.Page.al(176,25): warning AL0729: The Property 'PromotedCategory' can only be used if the property 'PageType' is set with any of the values of: 'Card,Document,List,ListPlus,Worksheet' This warning will become an error in a future release.
src\04_Clinical_and_Patient_Management\page\HMSTheatreRoleCentre.Page.al(185,25): warning AL0729: The Property 'Promoted' can only be used if the property 'PageType' is set with any of the values of: 'Card,Document,List,ListPlus,Worksheet' This warning will become an error in a future release.
src\04_Clinical_and_Patient_Management\page\HMSTheatreRoleCentre.Page.al(186,25): warning AL0729: The Property 'PromotedCategory' can only be used if the property 'PageType' is set with any of the values of: 'Card,Document,List,ListPlus,Worksheet' This warning will become an error in a future release.
src\04_Clinical_and_Patient_Management\page\HMSTheatreRoleCentre.Page.al(195,25): warning AL0729: The Property 'Promoted' can only be used if the property 'PageType' is set with any of the values of: 'Card,Document,List,ListPlus,Worksheet' This warning will become an error in a future release.
src\04_Clinical_and_Patient_Management\page\HMSTheatreRoleCentre.Page.al(196,25): warning AL0729: The Property 'PromotedCategory' can only be used if the property 'PageType' is set with any of the values of: 'Card,Document,List,ListPlus,Worksheet' This warning will become an error in a future release.
src\04_Clinical_and_Patient_Management\page\HMSTheatreRoleCentre.Page.al(205,25): warning AL0729: The Property 'Promoted' can only be used if the property 'PageType' is set with any of the values of: 'Card,Document,List,ListPlus,Worksheet' This warning will become an error in a future release.
src\04_Clinical_and_Patient_Management\page\HMSTheatreRoleCentre.Page.al(206,25): warning AL0729: The Property 'PromotedCategory' can only be used if the property 'PageType' is set with any of the values of: 'Card,Document,List,ListPlus,Worksheet' This warning will become an error in a future release.
src\04_Clinical_and_Patient_Management\page\HMSTheatreRoleCentre.Page.al(215,25): warning AL0729: The Property 'Promoted' can only be used if the property 'PageType' is set with any of the values of: 'Card,Document,List,ListPlus,Worksheet' This warning will become an error in a future release.
src\04_Clinical_and_Patient_Management\page\HMSTheatreRoleCentre.Page.al(216,25): warning AL0729: The Property 'PromotedCategory' can only be used if the property 'PageType' is set with any of the values of: 'Card,Document,List,ListPlus,Worksheet' This warning will become an error in a future release.
src\04_Clinical_and_Patient_Management\page\HMSTheatreRoleCentre.Page.al(225,25): warning AL0729: The Property 'Promoted' can only be used if the property 'PageType' is set with any of the values of: 'Card,Document,List,ListPlus,Worksheet' This warning will become an error in a future release.
src\04_Clinical_and_Patient_Management\page\HMSTheatreRoleCentre.Page.al(226,25): warning AL0729: The Property 'PromotedCategory' can only be used if the property 'PageType' is set with any of the values of: 'Card,Document,List,ListPlus,Worksheet' This warning will become an error in a future release.
src\04_Clinical_and_Patient_Management\page\HMSTheatreRoleCentre.Page.al(235,25): warning AL0729: The Property 'Promoted' can only be used if the property 'PageType' is set with any of the values of: 'Card,Document,List,ListPlus,Worksheet' This warning will become an error in a future release.
src\04_Clinical_and_Patient_Management\page\HMSTheatreRoleCentre.Page.al(236,25): warning AL0729: The Property 'PromotedCategory' can only be used if the property 'PageType' is set with any of the values of: 'Card,Document,List,ListPlus,Worksheet' This warning will become an error in a future release.
src\04_Clinical_and_Patient_Management\page\HMSTheatreRoleCentre.Page.al(245,25): warning AL0729: The Property 'Promoted' can only be used if the property 'PageType' is set with any of the values of: 'Card,Document,List,ListPlus,Worksheet' This warning will become an error in a future release.
src\04_Clinical_and_Patient_Management\page\HMSTheatreRoleCentre.Page.al(246,25): warning AL0729: The Property 'PromotedCategory' can only be used if the property 'PageType' is set with any of the values of: 'Card,Document,List,ListPlus,Worksheet' This warning will become an error in a future release.
src\04_Clinical_and_Patient_Management\page\HMSTheatreRoleCentre.Page.al(255,25): warning AL0729: The Property 'Promoted' can only be used if the property 'PageType' is set with any of the values of: 'Card,Document,List,ListPlus,Worksheet' This warning will become an error in a future release.
src\04_Clinical_and_Patient_Management\page\HMSTheatreRoleCentre.Page.al(256,25): warning AL0729: The Property 'PromotedCategory' can only be used if the property 'PageType' is set with any of the values of: 'Card,Document,List,ListPlus,Worksheet' This warning will become an error in a future release.
src\04_Clinical_and_Patient_Management\page\HMSTheatreRoleCentre.Page.al(265,25): warning AL0729: The Property 'Promoted' can only be used if the property 'PageType' is set with any of the values of: 'Card,Document,List,ListPlus,Worksheet' This warning will become an error in a future release.
src\04_Clinical_and_Patient_Management\page\HMSTheatreRoleCentre.Page.al(266,25): warning AL0729: The Property 'PromotedCategory' can only be used if the property 'PageType' is set with any of the values of: 'Card,Document,List,ListPlus,Worksheet' This warning will become an error in a future release.
src\04_Clinical_and_Patient_Management\page\HMSTheatreRoleCentre.Page.al(275,25): warning AL0729: The Property 'Promoted' can only be used if the property 'PageType' is set with any of the values of: 'Card,Document,List,ListPlus,Worksheet' This warning will become an error in a future release.
src\04_Clinical_and_Patient_Management\page\HMSTheatreRoleCentre.Page.al(276,25): warning AL0729: The Property 'PromotedCategory' can only be used if the property 'PageType' is set with any of the values of: 'Card,Document,List,ListPlus,Worksheet' This warning will become an error in a future release.
src\04_Clinical_and_Patient_Management\page\HMSTheatreRoleCentre.Page.al(285,25): warning AL0729: The Property 'Promoted' can only be used if the property 'PageType' is set with any of the values of: 'Card,Document,List,ListPlus,Worksheet' This warning will become an error in a future release.
src\04_Clinical_and_Patient_Management\page\HMSTheatreRoleCentre.Page.al(286,25): warning AL0729: The Property 'PromotedCategory' can only be used if the property 'PageType' is set with any of the values of: 'Card,Document,List,ListPlus,Worksheet' This warning will become an error in a future release.
src\04_Clinical_and_Patient_Management\page\HMSTheatreRoleCentre.Page.al(295,25): warning AL0729: The Property 'Promoted' can only be used if the property 'PageType' is set with any of the values of: 'Card,Document,List,ListPlus,Worksheet' This warning will become an error in a future release.
src\04_Clinical_and_Patient_Management\page\HMSTheatreRoleCentre.Page.al(296,25): warning AL0729: The Property 'PromotedCategory' can only be used if the property 'PageType' is set with any of the values of: 'Card,Document,List,ListPlus,Worksheet' This warning will become an error in a future release.
src\04_Clinical_and_Patient_Management\page\HMSTheatreRoleCentre.Page.al(311,21): warning AL0729: The Property 'Promoted' can only be used if the property 'PageType' is set with any of the values of: 'Card,Document,List,ListPlus,Worksheet' This warning will become an error in a future release.
src\04_Clinical_and_Patient_Management\page\HMSTheatreRoleCentre.Page.al(325,21): warning AL0729: The Property 'Promoted' can only be used if the property 'PageType' is set with any of the values of: 'Card,Document,List,ListPlus,Worksheet' This warning will become an error in a future release.
src\04_Clinical_and_Patient_Management\page\HMSTheatreRoleCentre.Page.al(334,21): warning AL0729: The Property 'Promoted' can only be used if the property 'PageType' is set with any of the values of: 'Card,Document,List,ListPlus,Worksheet' This warning will become an error in a future release.
src\04_Clinical_and_Patient_Management\page\HMSTheatreRoleCentre.Page.al(369,21): warning AL0729: The Property 'Promoted' can only be used if the property 'PageType' is set with any of the values of: 'Card,Document,List,ListPlus,Worksheet' This warning will become an error in a future release.
src\04_Clinical_and_Patient_Management\page\HMSTheatreRoleCentre.Page.al(370,21): warning AL0729: The Property 'PromotedCategory' can only be used if the property 'PageType' is set with any of the values of: 'Card,Document,List,ListPlus,Worksheet' This warning will become an error in a future release.
src\04_Clinical_and_Patient_Management\page\HMSTheatreRoleCentre.Page.al(371,21): warning AL0729: The Property 'PromotedIsBig' can only be used if the property 'PageType' is set with any of the values of: 'Card,Document,List,ListPlus,Worksheet' This warning will become an error in a future release.
src\04_Clinical_and_Patient_Management\page\HMSTheatreRoleCentre.Page.al(380,21): warning AL0729: The Property 'Promoted' can only be used if the property 'PageType' is set with any of the values of: 'Card,Document,List,ListPlus,Worksheet' This warning will become an error in a future release.
src\04_Clinical_and_Patient_Management\page\HMSTherapyList.Page.al(91,49): warning AL0604: Use of implicit 'with' will be removed in the future. Qualify with 'Rec'. This warning will become an error in a future release.
src\02_Finance_and_GL\page\FundsManagementRoleCenter.Page.al(554,21): warning AL0729: The Property 'Promoted' can only be used if the property 'PageType' is set with any of the values of: 'Card,Document,List,ListPlus,Worksheet' This warning will become an error in a future release.
src\02_Finance_and_GL\page\FundsManagementRoleCenter.Page.al(579,21): warning AL0729: The Property 'Promoted' can only be used if the property 'PageType' is set with any of the values of: 'Card,Document,List,ListPlus,Worksheet' This warning will become an error in a future release.
src\02_Finance_and_GL\page\FundsManagementRoleCenter.Page.al(596,21): warning AL0729: The Property 'Promoted' can only be used if the property 'PageType' is set with any of the values of: 'Card,Document,List,ListPlus,Worksheet' This warning will become an error in a future release.
src\02_Finance_and_GL\page\FundsManagementRoleCenter.Page.al(605,21): warning AL0729: The Property 'Promoted' can only be used if the property 'PageType' is set with any of the values of: 'Card,Document,List,ListPlus,Worksheet' This warning will become an error in a future release.
src\02_Finance_and_GL\page\FundsManagementRoleCenter.Page.al(614,21): warning AL0729: The Property 'Promoted' can only be used if the property 'PageType' is set with any of the values of: 'Card,Document,List,ListPlus,Worksheet' This warning will become an error in a future release.
src\02_Finance_and_GL\page\FundsManagementRoleCenter.Page.al(623,21): warning AL0729: The Property 'Promoted' can only be used if the property 'PageType' is set with any of the values of: 'Card,Document,List,ListPlus,Worksheet' This warning will become an error in a future release.
src\02_Finance_and_GL\page\FundsManagementRoleCenter.Page.al(675,21): warning AL0729: The Property 'Promoted' can only be used if the property 'PageType' is set with any of the values of: 'Card,Document,List,ListPlus,Worksheet' This warning will become an error in a future release.
src\02_Finance_and_GL\page\FundsManagementRoleCenter.Page.al(687,21): warning AL0729: The Property 'Promoted' can only be used if the property 'PageType' is set with any of the values of: 'Card,Document,List,ListPlus,Worksheet' This warning will become an error in a future release.
src\02_Finance_and_GL\page\FundsManagementRoleCenter.Page.al(699,21): warning AL0729: The Property 'Promoted' can only be used if the property 'PageType' is set with any of the values of: 'Card,Document,List,ListPlus,Worksheet' This warning will become an error in a future release.
src\02_Finance_and_GL\page\FundsManagementRoleCenter.Page.al(711,21): warning AL0729: The Property 'Promoted' can only be used if the property 'PageType' is set with any of the values of: 'Card,Document,List,ListPlus,Worksheet' This warning will become an error in a future release.
src\02_Finance_and_GL\page\FundsManagementRoleCenter.Page.al(721,21): warning AL0729: The Property 'Promoted' can only be used if the property 'PageType' is set with any of the values of: 'Card,Document,List,ListPlus,Worksheet' This warning will become an error in a future release.
src\02_Finance_and_GL\page\FundsManagementRoleCenter.Page.al(733,21): warning AL0729: The Property 'Promoted' can only be used if the property 'PageType' is set with any of the values of: 'Card,Document,List,ListPlus,Worksheet' This warning will become an error in a future release.
src\02_Finance_and_GL\page\FundsManagementRoleCenter.Page.al(745,21): warning AL0729: The Property 'Promoted' can only be used if the property 'PageType' is set with any of the values of: 'Card,Document,List,ListPlus,Worksheet' This warning will become an error in a future release.
src\02_Finance_and_GL\page\FundsManagementRoleCenter.Page.al(758,21): warning AL0729: The Property 'Promoted' can only be used if the property 'PageType' is set with any of the values of: 'Card,Document,List,ListPlus,Worksheet' This warning will become an error in a future release.
src\02_Finance_and_GL\page\FundsManagementRoleCenter.Page.al(770,21): warning AL0729: The Property 'Promoted' can only be used if the property 'PageType' is set with any of the values of: 'Card,Document,List,ListPlus,Worksheet' This warning will become an error in a future release.
src\02_Finance_and_GL\page\FundsManagementRoleCenter.Page.al(782,21): warning AL0729: The Property 'Promoted' can only be used if the property 'PageType' is set with any of the values of: 'Card,Document,List,ListPlus,Worksheet' This warning will become an error in a future release.
src\02_Finance_and_GL\page\FundsManagementRoleCenter.Page.al(794,21): warning AL0729: The Property 'Promoted' can only be used if the property 'PageType' is set with any of the values of: 'Card,Document,List,ListPlus,Worksheet' This warning will become an error in a future release.
src\02_Finance_and_GL\page\FundsManagementRoleCenter.Page.al(934,21): warning AL0729: The Property 'Promoted' can only be used if the property 'PageType' is set with any of the values of: 'Card,Document,List,ListPlus,Worksheet' This warning will become an error in a future release.
src\02_Finance_and_GL\page\FundsManagementRoleCenter.Page.al(947,21): warning AL0729: The Property 'Promoted' can only be used if the property 'PageType' is set with any of the values of: 'Card,Document,List,ListPlus,Worksheet' This warning will become an error in a future release.
src\02_Finance_and_GL\page\FundsManagementRoleCenter.Page.al(962,21): warning AL0729: The Property 'Promoted' can only be used if the property 'PageType' is set with any of the values of: 'Card,Document,List,ListPlus,Worksheet' This warning will become an error in a future release.
src\02_Finance_and_GL\page\FundsManagementRoleCenter.Page.al(974,21): warning AL0729: The Property 'Promoted' can only be used if the property 'PageType' is set with any of the values of: 'Card,Document,List,ListPlus,Worksheet' This warning will become an error in a future release.
src\02_Finance_and_GL\page\FundsManagementRoleCenter.Page.al(986,21): warning AL0729: The Property 'Promoted' can only be used if the property 'PageType' is set with any of the values of: 'Card,Document,List,ListPlus,Worksheet' This warning will become an error in a future release.
src\02_Finance_and_GL\page\FundsManagementRoleCenter.Page.al(999,21): warning AL0729: The Property 'Promoted' can only be used if the property 'PageType' is set with any of the values of: 'Card,Document,List,ListPlus,Worksheet' This warning will become an error in a future release.
src\02_Finance_and_GL\page\FundsManagementRoleCenter.Page.al(1011,21): warning AL0729: The Property 'Promoted' can only be used if the property 'PageType' is set with any of the values of: 'Card,Document,List,ListPlus,Worksheet' This warning will become an error in a future release.
src\04_Clinical_and_Patient_Management\page\HMSTreatmentFormAdmission.Page.al(41,17): warning AL0729: The Property 'Promoted' can only be used if the property 'PageType' is set with any of the values of: 'Card,Document,List,ListPlus,Worksheet' This warning will become an error in a future release.
src\04_Clinical_and_Patient_Management\page\HMSTreatmentFormAdmission.Page.al(42,17): warning AL0729: The Property 'PromotedCategory' can only be used if the property 'PageType' is set with any of the values of: 'Card,Document,List,ListPlus,Worksheet' This warning will become an error in a future release.
src\04_Clinical_and_Patient_Management\page\HMSTreatmentFormDrug.Page.al(62,17): warning AL0729: The Property 'Promoted' can only be used if the property 'PageType' is set with any of the values of: 'Card,Document,List,ListPlus,Worksheet' This warning will become an error in a future release.
src\04_Clinical_and_Patient_Management\page\HMSTreatmentFormDrug.Page.al(63,17): warning AL0729: The Property 'PromotedCategory' can only be used if the property 'PageType' is set with any of the values of: 'Card,Document,List,ListPlus,Worksheet' This warning will become an error in a future release.
src\05_Inventory_and_Procurement\page\PurchaseOrderList.Page.al(330,29): warning AL0432: Method 'OpenPurchaseOrderStatistics' is marked for removal. Reason: The statistics action will be replaced with the PurchaseOrderStatistics action. The new action uses RunObject and does not run the action trigger. Use a page extension to modify the behaviour.. Tag: 26.0.
src\04_Clinical_and_Patient_Management\page\HMSTreatmentFormInjection.Page.al(60,17): warning AL0729: The Property 'Promoted' can only be used if the property 'PageType' is set with any of the values of: 'Card,Document,List,ListPlus,Worksheet' This warning will become an error in a future release.
src\04_Clinical_and_Patient_Management\page\HMSTreatmentFormInjection.Page.al(61,17): warning AL0729: The Property 'PromotedCategory' can only be used if the property 'PageType' is set with any of the values of: 'Card,Document,List,ListPlus,Worksheet' This warning will become an error in a future release.
src\04_Clinical_and_Patient_Management\page\HMSTreatmentFormLaboratory.Page.al(44,17): warning AL0729: The Property 'Promoted' can only be used if the property 'PageType' is set with any of the values of: 'Card,Document,List,ListPlus,Worksheet' This warning will become an error in a future release.
src\04_Clinical_and_Patient_Management\page\HMSTreatmentFormLaboratory.Page.al(45,17): warning AL0729: The Property 'PromotedCategory' can only be used if the property 'PageType' is set with any of the values of: 'Card,Document,List,ListPlus,Worksheet' This warning will become an error in a future release.
src\04_Clinical_and_Patient_Management\page\HMSTreatmentFormRadiology.Page.al(41,17): warning AL0729: The Property 'Promoted' can only be used if the property 'PageType' is set with any of the values of: 'Card,Document,List,ListPlus,Worksheet' This warning will become an error in a future release.
src\04_Clinical_and_Patient_Management\page\HMSTreatmentFormRadiology.Page.al(42,17): warning AL0729: The Property 'PromotedCategory' can only be used if the property 'PageType' is set with any of the values of: 'Card,Document,List,ListPlus,Worksheet' This warning will become an error in a future release.
src\04_Clinical_and_Patient_Management\page\HMSTreatmentFormReferral.Page.al(54,17): warning AL0729: The Property 'Promoted' can only be used if the property 'PageType' is set with any of the values of: 'Card,Document,List,ListPlus,Worksheet' This warning will become an error in a future release.
src\04_Clinical_and_Patient_Management\page\HMSTreatmentFormReferral.Page.al(55,17): warning AL0729: The Property 'PromotedCategory' can only be used if the property 'PageType' is set with any of the values of: 'Card,Document,List,ListPlus,Worksheet' This warning will become an error in a future release.
src\04_Clinical_and_Patient_Management\page\HMSTriageRoleCentre.Page.al(86,25): warning AL0729: The Property 'Promoted' can only be used if the property 'PageType' is set with any of the values of: 'Card,Document,List,ListPlus,Worksheet' This warning will become an error in a future release.
src\04_Clinical_and_Patient_Management\page\HMSTriageRoleCentre.Page.al(87,25): warning AL0729: The Property 'PromotedIsBig' can only be used if the property 'PageType' is set with any of the values of: 'Card,Document,List,ListPlus,Worksheet' This warning will become an error in a future release.
src\04_Clinical_and_Patient_Management\page\HMSTriageRoleCentre.Page.al(96,25): warning AL0729: The Property 'Promoted' can only be used if the property 'PageType' is set with any of the values of: 'Card,Document,List,ListPlus,Worksheet' This warning will become an error in a future release.
src\04_Clinical_and_Patient_Management\page\HMSTriageRoleCentre.Page.al(97,25): warning AL0729: The Property 'PromotedIsBig' can only be used if the property 'PageType' is set with any of the values of: 'Card,Document,List,ListPlus,Worksheet' This warning will become an error in a future release.
src\04_Clinical_and_Patient_Management\page\HMSTriageRoleCentre.Page.al(106,25): warning AL0729: The Property 'Promoted' can only be used if the property 'PageType' is set with any of the values of: 'Card,Document,List,ListPlus,Worksheet' This warning will become an error in a future release.
src\04_Clinical_and_Patient_Management\page\HMSTriageRoleCentre.Page.al(107,25): warning AL0729: The Property 'PromotedIsBig' can only be used if the property 'PageType' is set with any of the values of: 'Card,Document,List,ListPlus,Worksheet' This warning will become an error in a future release.
src\04_Clinical_and_Patient_Management\page\HMSTriageRoleCentre.Page.al(116,25): warning AL0729: The Property 'Promoted' can only be used if the property 'PageType' is set with any of the values of: 'Card,Document,List,ListPlus,Worksheet' This warning will become an error in a future release.
src\04_Clinical_and_Patient_Management\page\HMSTriageRoleCentre.Page.al(117,25): warning AL0729: The Property 'PromotedIsBig' can only be used if the property 'PageType' is set with any of the values of: 'Card,Document,List,ListPlus,Worksheet' This warning will become an error in a future release.
src\04_Clinical_and_Patient_Management\page\HMSTriageRoleCentre.Page.al(126,25): warning AL0729: The Property 'Promoted' can only be used if the property 'PageType' is set with any of the values of: 'Card,Document,List,ListPlus,Worksheet' This warning will become an error in a future release.
src\04_Clinical_and_Patient_Management\page\HMSTriageRoleCentre.Page.al(127,25): warning AL0729: The Property 'PromotedIsBig' can only be used if the property 'PageType' is set with any of the values of: 'Card,Document,List,ListPlus,Worksheet' This warning will become an error in a future release.
src\04_Clinical_and_Patient_Management\page\HMSTriageRoleCentre.Page.al(136,25): warning AL0729: The Property 'Promoted' can only be used if the property 'PageType' is set with any of the values of: 'Card,Document,List,ListPlus,Worksheet' This warning will become an error in a future release.
src\04_Clinical_and_Patient_Management\page\HMSTriageRoleCentre.Page.al(137,25): warning AL0729: The Property 'PromotedIsBig' can only be used if the property 'PageType' is set with any of the values of: 'Card,Document,List,ListPlus,Worksheet' This warning will become an error in a future release.
src\04_Clinical_and_Patient_Management\page\HMSTriageRoleCentre.Page.al(146,25): warning AL0729: The Property 'Promoted' can only be used if the property 'PageType' is set with any of the values of: 'Card,Document,List,ListPlus,Worksheet' This warning will become an error in a future release.
src\04_Clinical_and_Patient_Management\page\HMSTriageRoleCentre.Page.al(147,25): warning AL0729: The Property 'PromotedIsBig' can only be used if the property 'PageType' is set with any of the values of: 'Card,Document,List,ListPlus,Worksheet' This warning will become an error in a future release.
src\04_Clinical_and_Patient_Management\page\HMSTriageRoleCentre.Page.al(156,25): warning AL0729: The Property 'Promoted' can only be used if the property 'PageType' is set with any of the values of: 'Card,Document,List,ListPlus,Worksheet' This warning will become an error in a future release.
src\04_Clinical_and_Patient_Management\page\HMSTriageRoleCentre.Page.al(157,25): warning AL0729: The Property 'PromotedIsBig' can only be used if the property 'PageType' is set with any of the values of: 'Card,Document,List,ListPlus,Worksheet' This warning will become an error in a future release.
src\04_Clinical_and_Patient_Management\page\HMSTriageRoleCentre.Page.al(166,25): warning AL0729: The Property 'Promoted' can only be used if the property 'PageType' is set with any of the values of: 'Card,Document,List,ListPlus,Worksheet' This warning will become an error in a future release.
src\04_Clinical_and_Patient_Management\page\HMSTriageRoleCentre.Page.al(167,25): warning AL0729: The Property 'PromotedIsBig' can only be used if the property 'PageType' is set with any of the values of: 'Card,Document,List,ListPlus,Worksheet' This warning will become an error in a future release.
src\04_Clinical_and_Patient_Management\page\HMSTriageRoleCentre.Page.al(176,25): warning AL0729: The Property 'Promoted' can only be used if the property 'PageType' is set with any of the values of: 'Card,Document,List,ListPlus,Worksheet' This warning will become an error in a future release.
src\04_Clinical_and_Patient_Management\page\HMSTriageRoleCentre.Page.al(177,25): warning AL0729: The Property 'PromotedIsBig' can only be used if the property 'PageType' is set with any of the values of: 'Card,Document,List,ListPlus,Worksheet' This warning will become an error in a future release.
src\04_Clinical_and_Patient_Management\page\HMSTriageRoleCentre.Page.al(186,25): warning AL0729: The Property 'Promoted' can only be used if the property 'PageType' is set with any of the values of: 'Card,Document,List,ListPlus,Worksheet' This warning will become an error in a future release.
src\04_Clinical_and_Patient_Management\page\HMSTriageRoleCentre.Page.al(187,25): warning AL0729: The Property 'PromotedIsBig' can only be used if the property 'PageType' is set with any of the values of: 'Card,Document,List,ListPlus,Worksheet' This warning will become an error in a future release.
src\04_Clinical_and_Patient_Management\page\HMSTriageRoleCentre.Page.al(196,25): warning AL0729: The Property 'Promoted' can only be used if the property 'PageType' is set with any of the values of: 'Card,Document,List,ListPlus,Worksheet' This warning will become an error in a future release.
src\04_Clinical_and_Patient_Management\page\HMSTriageRoleCentre.Page.al(197,25): warning AL0729: The Property 'PromotedIsBig' can only be used if the property 'PageType' is set with any of the values of: 'Card,Document,List,ListPlus,Worksheet' This warning will become an error in a future release.
src\04_Clinical_and_Patient_Management\page\HMSTriageRoleCentre.Page.al(206,25): warning AL0729: The Property 'Promoted' can only be used if the property 'PageType' is set with any of the values of: 'Card,Document,List,ListPlus,Worksheet' This warning will become an error in a future release.
src\04_Clinical_and_Patient_Management\page\HMSTriageRoleCentre.Page.al(207,25): warning AL0729: The Property 'PromotedIsBig' can only be used if the property 'PageType' is set with any of the values of: 'Card,Document,List,ListPlus,Worksheet' This warning will become an error in a future release.
src\04_Clinical_and_Patient_Management\page\HMSTriageRoleCentre.Page.al(216,25): warning AL0729: The Property 'Promoted' can only be used if the property 'PageType' is set with any of the values of: 'Card,Document,List,ListPlus,Worksheet' This warning will become an error in a future release.
src\04_Clinical_and_Patient_Management\page\HMSTriageRoleCentre.Page.al(217,25): warning AL0729: The Property 'PromotedIsBig' can only be used if the property 'PageType' is set with any of the values of: 'Card,Document,List,ListPlus,Worksheet' This warning will become an error in a future release.
src\04_Clinical_and_Patient_Management\page\HMSTriageRoleCentre.Page.al(242,25): warning AL0729: The Property 'Promoted' can only be used if the property 'PageType' is set with any of the values of: 'Card,Document,List,ListPlus,Worksheet' This warning will become an error in a future release.
src\04_Clinical_and_Patient_Management\page\HMSTriageRoleCentre.Page.al(243,25): warning AL0729: The Property 'PromotedIsBig' can only be used if the property 'PageType' is set with any of the values of: 'Card,Document,List,ListPlus,Worksheet' This warning will become an error in a future release.
src\04_Clinical_and_Patient_Management\page\HMSTriageRoleCentre.Page.al(252,25): warning AL0729: The Property 'Promoted' can only be used if the property 'PageType' is set with any of the values of: 'Card,Document,List,ListPlus,Worksheet' This warning will become an error in a future release.
src\04_Clinical_and_Patient_Management\page\HMSTriageRoleCentre.Page.al(253,25): warning AL0729: The Property 'PromotedIsBig' can only be used if the property 'PageType' is set with any of the values of: 'Card,Document,List,ListPlus,Worksheet' This warning will become an error in a future release.
src\04_Clinical_and_Patient_Management\page\HMSTriageRoleCentre.Page.al(262,25): warning AL0729: The Property 'Promoted' can only be used if the property 'PageType' is set with any of the values of: 'Card,Document,List,ListPlus,Worksheet' This warning will become an error in a future release.
src\04_Clinical_and_Patient_Management\page\HMSTriageRoleCentre.Page.al(263,25): warning AL0729: The Property 'PromotedCategory' can only be used if the property 'PageType' is set with any of the values of: 'Card,Document,List,ListPlus,Worksheet' This warning will become an error in a future release.
src\04_Clinical_and_Patient_Management\page\HMSTriageRoleCentre.Page.al(272,25): warning AL0729: The Property 'Promoted' can only be used if the property 'PageType' is set with any of the values of: 'Card,Document,List,ListPlus,Worksheet' This warning will become an error in a future release.
src\04_Clinical_and_Patient_Management\page\HMSTriageRoleCentre.Page.al(273,25): warning AL0729: The Property 'PromotedCategory' can only be used if the property 'PageType' is set with any of the values of: 'Card,Document,List,ListPlus,Worksheet' This warning will become an error in a future release.
src\04_Clinical_and_Patient_Management\page\HMSTriageRoleCentre.Page.al(282,25): warning AL0729: The Property 'Promoted' can only be used if the property 'PageType' is set with any of the values of: 'Card,Document,List,ListPlus,Worksheet' This warning will become an error in a future release.
src\04_Clinical_and_Patient_Management\page\HMSTriageRoleCentre.Page.al(283,25): warning AL0729: The Property 'PromotedCategory' can only be used if the property 'PageType' is set with any of the values of: 'Card,Document,List,ListPlus,Worksheet' This warning will become an error in a future release.
src\04_Clinical_and_Patient_Management\page\HMSTriageRoleCentre.Page.al(292,25): warning AL0729: The Property 'Promoted' can only be used if the property 'PageType' is set with any of the values of: 'Card,Document,List,ListPlus,Worksheet' This warning will become an error in a future release.
src\04_Clinical_and_Patient_Management\page\HMSTriageRoleCentre.Page.al(293,25): warning AL0729: The Property 'PromotedCategory' can only be used if the property 'PageType' is set with any of the values of: 'Card,Document,List,ListPlus,Worksheet' This warning will become an error in a future release.
src\04_Clinical_and_Patient_Management\page\HMSTriageRoleCentre.Page.al(302,25): warning AL0729: The Property 'Promoted' can only be used if the property 'PageType' is set with any of the values of: 'Card,Document,List,ListPlus,Worksheet' This warning will become an error in a future release.
src\04_Clinical_and_Patient_Management\page\HMSTriageRoleCentre.Page.al(303,25): warning AL0729: The Property 'PromotedCategory' can only be used if the property 'PageType' is set with any of the values of: 'Card,Document,List,ListPlus,Worksheet' This warning will become an error in a future release.
src\04_Clinical_and_Patient_Management\page\HMSTriageRoleCentre.Page.al(312,25): warning AL0729: The Property 'Promoted' can only be used if the property 'PageType' is set with any of the values of: 'Card,Document,List,ListPlus,Worksheet' This warning will become an error in a future release.
src\04_Clinical_and_Patient_Management\page\HMSTriageRoleCentre.Page.al(313,25): warning AL0729: The Property 'PromotedCategory' can only be used if the property 'PageType' is set with any of the values of: 'Card,Document,List,ListPlus,Worksheet' This warning will become an error in a future release.
src\04_Clinical_and_Patient_Management\page\HMSTriageRoleCentre.Page.al(322,25): warning AL0729: The Property 'Promoted' can only be used if the property 'PageType' is set with any of the values of: 'Card,Document,List,ListPlus,Worksheet' This warning will become an error in a future release.
src\04_Clinical_and_Patient_Management\page\HMSTriageRoleCentre.Page.al(323,25): warning AL0729: The Property 'PromotedCategory' can only be used if the property 'PageType' is set with any of the values of: 'Card,Document,List,ListPlus,Worksheet' This warning will become an error in a future release.
src\04_Clinical_and_Patient_Management\page\HMSTriageRoleCentre.Page.al(332,25): warning AL0729: The Property 'Promoted' can only be used if the property 'PageType' is set with any of the values of: 'Card,Document,List,ListPlus,Worksheet' This warning will become an error in a future release.
src\04_Clinical_and_Patient_Management\page\HMSTriageRoleCentre.Page.al(333,25): warning AL0729: The Property 'PromotedCategory' can only be used if the property 'PageType' is set with any of the values of: 'Card,Document,List,ListPlus,Worksheet' This warning will become an error in a future release.
src\04_Clinical_and_Patient_Management\page\HMSTriageRoleCentre.Page.al(342,25): warning AL0729: The Property 'Promoted' can only be used if the property 'PageType' is set with any of the values of: 'Card,Document,List,ListPlus,Worksheet' This warning will become an error in a future release.
src\04_Clinical_and_Patient_Management\page\HMSTriageRoleCentre.Page.al(343,25): warning AL0729: The Property 'PromotedCategory' can only be used if the property 'PageType' is set with any of the values of: 'Card,Document,List,ListPlus,Worksheet' This warning will become an error in a future release.
src\04_Clinical_and_Patient_Management\page\HMSTriageRoleCentre.Page.al(352,25): warning AL0729: The Property 'Promoted' can only be used if the property 'PageType' is set with any of the values of: 'Card,Document,List,ListPlus,Worksheet' This warning will become an error in a future release.
src\04_Clinical_and_Patient_Management\page\HMSTriageRoleCentre.Page.al(353,25): warning AL0729: The Property 'PromotedCategory' can only be used if the property 'PageType' is set with any of the values of: 'Card,Document,List,ListPlus,Worksheet' This warning will become an error in a future release.
src\04_Clinical_and_Patient_Management\page\HMSTriageRoleCentre.Page.al(362,25): warning AL0729: The Property 'Promoted' can only be used if the property 'PageType' is set with any of the values of: 'Card,Document,List,ListPlus,Worksheet' This warning will become an error in a future release.
src\04_Clinical_and_Patient_Management\page\HMSTriageRoleCentre.Page.al(363,25): warning AL0729: The Property 'PromotedCategory' can only be used if the property 'PageType' is set with any of the values of: 'Card,Document,List,ListPlus,Worksheet' This warning will become an error in a future release.
src\04_Clinical_and_Patient_Management\page\HMSTriageRoleCentre.Page.al(372,25): warning AL0729: The Property 'Promoted' can only be used if the property 'PageType' is set with any of the values of: 'Card,Document,List,ListPlus,Worksheet' This warning will become an error in a future release.
src\04_Clinical_and_Patient_Management\page\HMSTriageRoleCentre.Page.al(373,25): warning AL0729: The Property 'PromotedCategory' can only be used if the property 'PageType' is set with any of the values of: 'Card,Document,List,ListPlus,Worksheet' This warning will become an error in a future release.
src\04_Clinical_and_Patient_Management\page\HMSTriageRoleCentre.Page.al(382,25): warning AL0729: The Property 'Promoted' can only be used if the property 'PageType' is set with any of the values of: 'Card,Document,List,ListPlus,Worksheet' This warning will become an error in a future release.
src\04_Clinical_and_Patient_Management\page\HMSTriageRoleCentre.Page.al(383,25): warning AL0729: The Property 'PromotedCategory' can only be used if the property 'PageType' is set with any of the values of: 'Card,Document,List,ListPlus,Worksheet' This warning will become an error in a future release.
src\04_Clinical_and_Patient_Management\page\HMSTriageRoleCentre.Page.al(392,25): warning AL0729: The Property 'Promoted' can only be used if the property 'PageType' is set with any of the values of: 'Card,Document,List,ListPlus,Worksheet' This warning will become an error in a future release.
src\04_Clinical_and_Patient_Management\page\HMSTriageRoleCentre.Page.al(393,25): warning AL0729: The Property 'PromotedCategory' can only be used if the property 'PageType' is set with any of the values of: 'Card,Document,List,ListPlus,Worksheet' This warning will become an error in a future release.
src\04_Clinical_and_Patient_Management\page\HMSTriageRoleCentre.Page.al(402,25): warning AL0729: The Property 'Promoted' can only be used if the property 'PageType' is set with any of the values of: 'Card,Document,List,ListPlus,Worksheet' This warning will become an error in a future release.
src\04_Clinical_and_Patient_Management\page\HMSTriageRoleCentre.Page.al(403,25): warning AL0729: The Property 'PromotedCategory' can only be used if the property 'PageType' is set with any of the values of: 'Card,Document,List,ListPlus,Worksheet' This warning will become an error in a future release.
src\04_Clinical_and_Patient_Management\page\HMSTriageRoleCentre.Page.al(412,25): warning AL0729: The Property 'Promoted' can only be used if the property 'PageType' is set with any of the values of: 'Card,Document,List,ListPlus,Worksheet' This warning will become an error in a future release.
src\04_Clinical_and_Patient_Management\page\HMSTriageRoleCentre.Page.al(413,25): warning AL0729: The Property 'PromotedCategory' can only be used if the property 'PageType' is set with any of the values of: 'Card,Document,List,ListPlus,Worksheet' This warning will become an error in a future release.
src\04_Clinical_and_Patient_Management\page\HMSTriageRoleCentre.Page.al(422,25): warning AL0729: The Property 'Promoted' can only be used if the property 'PageType' is set with any of the values of: 'Card,Document,List,ListPlus,Worksheet' This warning will become an error in a future release.
src\04_Clinical_and_Patient_Management\page\HMSTriageRoleCentre.Page.al(423,25): warning AL0729: The Property 'PromotedCategory' can only be used if the property 'PageType' is set with any of the values of: 'Card,Document,List,ListPlus,Worksheet' This warning will become an error in a future release.
src\04_Clinical_and_Patient_Management\page\HMSTriageRoleCentre.Page.al(432,25): warning AL0729: The Property 'Promoted' can only be used if the property 'PageType' is set with any of the values of: 'Card,Document,List,ListPlus,Worksheet' This warning will become an error in a future release.
src\04_Clinical_and_Patient_Management\page\HMSTriageRoleCentre.Page.al(433,25): warning AL0729: The Property 'PromotedCategory' can only be used if the property 'PageType' is set with any of the values of: 'Card,Document,List,ListPlus,Worksheet' This warning will become an error in a future release.
src\04_Clinical_and_Patient_Management\page\HMSTriageRoleCentre.Page.al(442,25): warning AL0729: The Property 'Promoted' can only be used if the property 'PageType' is set with any of the values of: 'Card,Document,List,ListPlus,Worksheet' This warning will become an error in a future release.
src\04_Clinical_and_Patient_Management\page\HMSTriageRoleCentre.Page.al(443,25): warning AL0729: The Property 'PromotedCategory' can only be used if the property 'PageType' is set with any of the values of: 'Card,Document,List,ListPlus,Worksheet' This warning will become an error in a future release.
src\04_Clinical_and_Patient_Management\page\HMSTriageRoleCentre.Page.al(452,25): warning AL0729: The Property 'Promoted' can only be used if the property 'PageType' is set with any of the values of: 'Card,Document,List,ListPlus,Worksheet' This warning will become an error in a future release.
src\04_Clinical_and_Patient_Management\page\HMSTriageRoleCentre.Page.al(453,25): warning AL0729: The Property 'PromotedCategory' can only be used if the property 'PageType' is set with any of the values of: 'Card,Document,List,ListPlus,Worksheet' This warning will become an error in a future release.
src\04_Clinical_and_Patient_Management\page\HMSTriageRoleCentre.Page.al(462,25): warning AL0729: The Property 'Promoted' can only be used if the property 'PageType' is set with any of the values of: 'Card,Document,List,ListPlus,Worksheet' This warning will become an error in a future release.
src\04_Clinical_and_Patient_Management\page\HMSTriageRoleCentre.Page.al(463,25): warning AL0729: The Property 'PromotedCategory' can only be used if the property 'PageType' is set with any of the values of: 'Card,Document,List,ListPlus,Worksheet' This warning will become an error in a future release.
src\04_Clinical_and_Patient_Management\page\HMSTriageRoleCentre.Page.al(472,25): warning AL0729: The Property 'Promoted' can only be used if the property 'PageType' is set with any of the values of: 'Card,Document,List,ListPlus,Worksheet' This warning will become an error in a future release.
src\04_Clinical_and_Patient_Management\page\HMSTriageRoleCentre.Page.al(473,25): warning AL0729: The Property 'PromotedCategory' can only be used if the property 'PageType' is set with any of the values of: 'Card,Document,List,ListPlus,Worksheet' This warning will become an error in a future release.
src\04_Clinical_and_Patient_Management\page\HMSTriageRoleCentre.Page.al(482,25): warning AL0729: The Property 'Promoted' can only be used if the property 'PageType' is set with any of the values of: 'Card,Document,List,ListPlus,Worksheet' This warning will become an error in a future release.
src\04_Clinical_and_Patient_Management\page\HMSTriageRoleCentre.Page.al(483,25): warning AL0729: The Property 'PromotedCategory' can only be used if the property 'PageType' is set with any of the values of: 'Card,Document,List,ListPlus,Worksheet' This warning will become an error in a future release.
src\04_Clinical_and_Patient_Management\page\HMSTriageRoleCentre.Page.al(500,21): warning AL0729: The Property 'Promoted' can only be used if the property 'PageType' is set with any of the values of: 'Card,Document,List,ListPlus,Worksheet' This warning will become an error in a future release.
src\04_Clinical_and_Patient_Management\page\HMSTriageWaitingList.Page.al(54,9): warning AL0604: Use of implicit 'with' will be removed in the future. Qualify with 'Rec'. This warning will become an error in a future release.
src\04_Clinical_and_Patient_Management\page\HMSTriageWaitingList.Page.al(57,17): warning AL0604: Use of implicit 'with' will be removed in the future. Qualify with 'Rec'. This warning will become an error in a future release.
src\04_Clinical_and_Patient_Management\page\HMSTriageWaitingList.Page.al(62,58): warning AL0604: Use of implicit 'with' will be removed in the future. Qualify with 'Rec'. This warning will become an error in a future release.
src\04_Clinical_and_Patient_Management\page\HMSTreatmentFormReview.Page.al(55,17): warning AL0729: The Property 'Promoted' can only be used if the property 'PageType' is set with any of the values of: 'Card,Document,List,ListPlus,Worksheet' This warning will become an error in a future release.
src\04_Clinical_and_Patient_Management\page\HMSTreatmentFormReview.Page.al(56,17): warning AL0729: The Property 'PromotedCategory' can only be used if the property 'PageType' is set with any of the values of: 'Card,Document,List,ListPlus,Worksheet' This warning will become an error in a future release.
src\02_Finance_and_GL\page\PaymentHeader.Page.al(921,46): warning AL0603: An implicit conversion is being performed from a value of type 'Option' to a value of type 'Enum Microsoft.Finance.GeneralLedger.Journal."Gen. Journal Account Type"'. This conversion can lead to unexpected runtime issues.
src\05_Inventory_and_Procurement\page\StoreRequisition.Page.al(246,95): warning AL0603: An implicit conversion is being performed from a value of type 'Option' to a value of type 'Enum System.Automation."Approval Document Type"'. This conversion can lead to unexpected runtime issues.
src\04_Clinical_and_Patient_Management\report\HMSShiftReport.Report.al(159,46): warning AL0603: An implicit conversion is being performed from a value of type 'Enum "Payment Modes"' to a value of type 'Option'. This conversion can lead to unexpected runtime issues.
src\02_Finance_and_GL\page\PaymentHeader.Page.al(1151,46): warning AL0603: An implicit conversion is being performed from a value of type 'Option' to a value of type 'Enum Microsoft.Finance.GeneralLedger.Journal."Gen. Journal Account Type"'. This conversion can lead to unexpected runtime issues.
src\02_Finance_and_GL\page\PaymentHeader.Page.al(1209,54): warning AL0603: An implicit conversion is being performed from a value of type 'Option' to a value of type 'Enum Microsoft.Finance.GeneralLedger.Journal."Gen. Journal Account Type"'. This conversion can lead to unexpected runtime issues.
src\02_Finance_and_GL\page\PaymentHeader.Page.al(1261,50): warning AL0603: An implicit conversion is being performed from a value of type 'Option' to a value of type 'Enum Microsoft.Finance.GeneralLedger.Journal."Gen. Journal Account Type"'. This conversion can lead to unexpected runtime issues.
src\02_Finance_and_GL\page\PaymentHeader.Page.al(1314,50): warning AL0603: An implicit conversion is being performed from a value of type 'Option' to a value of type 'Enum Microsoft.Finance.GeneralLedger.Journal."Gen. Journal Account Type"'. This conversion can lead to unexpected runtime issues.
src\02_Finance_and_GL\page\PaymentHeader.Page.al(1365,50): warning AL0603: An implicit conversion is being performed from a value of type 'Option' to a value of type 'Enum Microsoft.Finance.GeneralLedger.Journal."Gen. Journal Account Type"'. This conversion can lead to unexpected runtime issues.
src\02_Finance_and_GL\page\PaymentHeader.Page.al(1420,50): warning AL0603: An implicit conversion is being performed from a value of type 'Option' to a value of type 'Enum Microsoft.Finance.GeneralLedger.Journal."Gen. Journal Account Type"'. This conversion can lead to unexpected runtime issues.
src\02_Finance_and_GL\page\PaymentHeader.Page.al(1474,50): warning AL0603: An implicit conversion is being performed from a value of type 'Option' to a value of type 'Enum Microsoft.Finance.GeneralLedger.Journal."Gen. Journal Account Type"'. This conversion can lead to unexpected runtime issues.
src\02_Finance_and_GL\page\PaymentHeader.Page.al(1522,46): warning AL0603: An implicit conversion is being performed from a value of type 'Option' to a value of type 'Enum Microsoft.Finance.GeneralLedger.Journal."Gen. Journal Account Type"'. This conversion can lead to unexpected runtime issues.
src\02_Finance_and_GL\page\PaymentHeader.Page.al(1569,46): warning AL0603: An implicit conversion is being performed from a value of type 'Option' to a value of type 'Enum Microsoft.Finance.GeneralLedger.Journal."Gen. Journal Account Type"'. This conversion can lead to unexpected runtime issues.
src\02_Finance_and_GL\page\PaymentHeader.Page.al(1622,46): warning AL0603: An implicit conversion is being performed from a value of type 'Option' to a value of type 'Enum Microsoft.Finance.GeneralLedger.Journal."Gen. Journal Account Type"'. This conversion can lead to unexpected runtime issues.
src\02_Finance_and_GL\page\PaymentHeaderApproved.Page.al(998,46): warning AL0603: An implicit conversion is being performed from a value of type 'Option' to a value of type 'Enum Microsoft.Finance.GeneralLedger.Journal."Gen. Journal Account Type"'. This conversion can lead to unexpected runtime issues.
src\04_Clinical_and_Patient_Management\table\HMSAdmissionDrugPrescribe.Table.al(24,30): warning AL0603: An implicit conversion is being performed from a value of type 'Option' to a value of type 'Enum "Drug Routes"'. This conversion can lead to unexpected runtime issues.
src\05_Inventory_and_Procurement\report\ConsolidatedProcurementPlan.Report.al(47,17): warning AL0667: 'CreateTotals' is being deprecated in the versions: '1.0' or greater.  This warning will become an error in a future release.
src\02_Finance_and_GL\page\PaymentHeaderApproved.Page.al(1309,46): warning AL0603: An implicit conversion is being performed from a value of type 'Option' to a value of type 'Enum Microsoft.Finance.GeneralLedger.Journal."Gen. Journal Account Type"'. This conversion can lead to unexpected runtime issues.
src\02_Finance_and_GL\page\PaymentHeaderApproved.Page.al(1419,50): warning AL0603: An implicit conversion is being performed from a value of type 'Option' to a value of type 'Enum Microsoft.Finance.GeneralLedger.Journal."Gen. Journal Account Type"'. This conversion can lead to unexpected runtime issues.
src\02_Finance_and_GL\page\PaymentHeaderApproved.Page.al(1523,50): warning AL0603: An implicit conversion is being performed from a value of type 'Option' to a value of type 'Enum Microsoft.Finance.GeneralLedger.Journal."Gen. Journal Account Type"'. This conversion can lead to unexpected runtime issues.
src\02_Finance_and_GL\page\PaymentHeaderApproved.Page.al(1600,55): warning AL0603: An implicit conversion is being performed from a value of type 'Option' to a value of type 'Enum Microsoft.Finance.GeneralLedger.Journal."Gen. Journal Account Type"'. This conversion can lead to unexpected runtime issues.
src\02_Finance_and_GL\page\PaymentHeaderApproved.Page.al(1681,46): warning AL0603: An implicit conversion is being performed from a value of type 'Option' to a value of type 'Enum Microsoft.Finance.GeneralLedger.Journal."Gen. Journal Account Type"'. This conversion can lead to unexpected runtime issues.
src\02_Finance_and_GL\page\PaymentHeaderApproved.Page.al(1728,46): warning AL0603: An implicit conversion is being performed from a value of type 'Option' to a value of type 'Enum Microsoft.Finance.GeneralLedger.Journal."Gen. Journal Account Type"'. This conversion can lead to unexpected runtime issues.
src\02_Finance_and_GL\page\PaymentHeaderApproved.Page.al(1781,46): warning AL0603: An implicit conversion is being performed from a value of type 'Option' to a value of type 'Enum Microsoft.Finance.GeneralLedger.Journal."Gen. Journal Account Type"'. This conversion can lead to unexpected runtime issues.
src\02_Finance_and_GL\page\PaymentHeaderWindow.Page.al(659,46): warning AL0603: An implicit conversion is being performed from a value of type 'Option' to a value of type 'Enum Microsoft.Finance.GeneralLedger.Journal."Gen. Journal Account Type"'. This conversion can lead to unexpected runtime issues.
src\04_Clinical_and_Patient_Management\table\HMSObservationDressings.Table.al(12,22): warning AL0717: The property 'CalcFormula' is required for the field 'Description' in Table 'HMS Observation Dressings' because the field's property 'FieldClass' is set to 'FlowField'.
src\04_Clinical_and_Patient_Management\page\HMSAppointmentLists.Page.al(92,25): warning AL0604: Use of implicit 'with' will be removed in the future. Qualify with 'Rec'. This warning will become an error in a future release.
src\04_Clinical_and_Patient_Management\page\HMSAppointmentLists.Page.al(92,42): warning AL0604: Use of implicit 'with' will be removed in the future. Qualify with 'Rec'. This warning will become an error in a future release.
src\04_Clinical_and_Patient_Management\page\HMSAppointmentLists.Page.al(93,25): warning AL0604: Use of implicit 'with' will be removed in the future. Qualify with 'Rec'. This warning will become an error in a future release.
src\04_Clinical_and_Patient_Management\page\HMSAppointmentLists.Page.al(94,25): warning AL0604: Use of implicit 'with' will be removed in the future. Qualify with 'Rec'. This warning will become an error in a future release.
src\04_Clinical_and_Patient_Management\page\HMSAppointmentLists.Page.al(94,44): warning AL0604: Use of implicit 'with' will be removed in the future. Qualify with 'Rec'. This warning will become an error in a future release.
src\04_Clinical_and_Patient_Management\page\HMSAppointmentLists.Page.al(95,25): warning AL0604: Use of implicit 'with' will be removed in the future. Qualify with 'Rec'. This warning will become an error in a future release.
src\04_Clinical_and_Patient_Management\page\HMSAppointmentLists.Page.al(106,25): warning AL0604: Use of implicit 'with' will be removed in the future. Qualify with 'Rec'. This warning will become an error in a future release.
src\04_Clinical_and_Patient_Management\page\HMSAppointmentLists.Page.al(106,42): warning AL0604: Use of implicit 'with' will be removed in the future. Qualify with 'Rec'. This warning will become an error in a future release.
src\04_Clinical_and_Patient_Management\page\HMSAppointmentLists.Page.al(107,25): warning AL0604: Use of implicit 'with' will be removed in the future. Qualify with 'Rec'. This warning will become an error in a future release.
src\04_Clinical_and_Patient_Management\page\HMSAppointmentLists.Page.al(108,25): warning AL0604: Use of implicit 'with' will be removed in the future. Qualify with 'Rec'. This warning will become an error in a future release.
src\04_Clinical_and_Patient_Management\page\HMSAppointmentLists.Page.al(108,44): warning AL0604: Use of implicit 'with' will be removed in the future. Qualify with 'Rec'. This warning will become an error in a future release.
src\04_Clinical_and_Patient_Management\page\HMSAppointmentLists.Page.al(109,25): warning AL0604: Use of implicit 'with' will be removed in the future. Qualify with 'Rec'. This warning will become an error in a future release.
src\04_Clinical_and_Patient_Management\page\HMSAppointmentLists.Page.al(125,17): warning AL0604: Use of implicit 'with' will be removed in the future. Qualify with 'Rec'. This warning will become an error in a future release.
src\04_Clinical_and_Patient_Management\page\HMSAppointmentLists.Page.al(132,55): warning AL0604: Use of implicit 'with' will be removed in the future. Qualify with 'Rec'. This warning will become an error in a future release.
src\04_Clinical_and_Patient_Management\page\HMSAppointmentLists.Page.al(166,29): warning AL0604: Use of implicit 'with' will be removed in the future. Qualify with 'Rec'. This warning will become an error in a future release.
src\04_Clinical_and_Patient_Management\page\HMSAppointmentLists.Page.al(166,12): warning AL0604: Use of implicit 'with' will be removed in the future. Qualify with 'Rec'. This warning will become an error in a future release.
src\04_Clinical_and_Patient_Management\page\HMSAppointmentLists.Page.al(253,53): warning AL0604: Use of implicit 'with' will be removed in the future. Qualify with 'Rec'. This warning will become an error in a future release.
src\04_Clinical_and_Patient_Management\page\HMSAppointmentLists.Page.al(255,9): warning AL0604: Use of implicit 'with' will be removed in the future. Qualify with 'Rec'. This warning will become an error in a future release.
src\04_Clinical_and_Patient_Management\page\HMSAppointmentLists.Page.al(255,22): warning AL0604: Use of implicit 'with' will be removed in the future. Qualify with 'Rec'. This warning will become an error in a future release.
src\04_Clinical_and_Patient_Management\page\HMSAppointmentLists.Page.al(255,37): warning AL0604: Use of implicit 'with' will be removed in the future. Qualify with 'Rec'. This warning will become an error in a future release.
src\04_Clinical_and_Patient_Management\page\HMSAppointmentLists.Page.al(255,52): warning AL0604: Use of implicit 'with' will be removed in the future. Qualify with 'Rec'. This warning will become an error in a future release.
src\04_Clinical_and_Patient_Management\page\HMSAppointmentLists.Page.al(255,68): warning AL0604: Use of implicit 'with' will be removed in the future. Qualify with 'Rec'. This warning will become an error in a future release.
src\04_Clinical_and_Patient_Management\page\HMSAppointmentLists.Page.al(257,9): warning AL0604: Use of implicit 'with' will be removed in the future. Qualify with 'Rec'. This warning will become an error in a future release.
src\04_Clinical_and_Patient_Management\page\HMSAppointmentLists.Page.al(257,23): warning AL0604: Use of implicit 'with' will be removed in the future. Qualify with 'Rec'. This warning will become an error in a future release.
src\04_Clinical_and_Patient_Management\page\HMSAppointmentLists.Page.al(258,29): warning AL0604: Use of implicit 'with' will be removed in the future. Qualify with 'Rec'. This warning will become an error in a future release.
src\04_Clinical_and_Patient_Management\page\HMSBillingRoleCentre.Page.al(166,21): warning AL0729: The Property 'Promoted' can only be used if the property 'PageType' is set with any of the values of: 'Card,Document,List,ListPlus,Worksheet' This warning will become an error in a future release.
src\04_Clinical_and_Patient_Management\page\HMSBillingRoleCentre.Page.al(167,21): warning AL0729: The Property 'PromotedCategory' can only be used if the property 'PageType' is set with any of the values of: 'Card,Document,List,ListPlus,Worksheet' This warning will become an error in a future release.
src\04_Clinical_and_Patient_Management\page\HMSBillingRoleCentre.Page.al(168,21): warning AL0729: The Property 'PromotedIsBig' can only be used if the property 'PageType' is set with any of the values of: 'Card,Document,List,ListPlus,Worksheet' This warning will become an error in a future release.
src\04_Clinical_and_Patient_Management\page\HMSBillingRoleCentre.Page.al(177,21): warning AL0729: The Property 'Promoted' can only be used if the property 'PageType' is set with any of the values of: 'Card,Document,List,ListPlus,Worksheet' This warning will become an error in a future release.
src\04_Clinical_and_Patient_Management\page\HMSBillingRoleCentre.Page.al(178,21): warning AL0729: The Property 'PromotedCategory' can only be used if the property 'PageType' is set with any of the values of: 'Card,Document,List,ListPlus,Worksheet' This warning will become an error in a future release.
src\04_Clinical_and_Patient_Management\page\HMSBillingRoleCentre.Page.al(192,21): warning AL0729: The Property 'Promoted' can only be used if the property 'PageType' is set with any of the values of: 'Card,Document,List,ListPlus,Worksheet' This warning will become an error in a future release.
src\04_Clinical_and_Patient_Management\page\HMSBillingRoleCentre.Page.al(193,21): warning AL0729: The Property 'PromotedCategory' can only be used if the property 'PageType' is set with any of the values of: 'Card,Document,List,ListPlus,Worksheet' This warning will become an error in a future release.
src\04_Clinical_and_Patient_Management\page\HMSBillingRoleCentre.Page.al(202,21): warning AL0729: The Property 'Promoted' can only be used if the property 'PageType' is set with any of the values of: 'Card,Document,List,ListPlus,Worksheet' This warning will become an error in a future release.
src\04_Clinical_and_Patient_Management\page\HMSBillingRoleCentre.Page.al(211,21): warning AL0729: The Property 'Promoted' can only be used if the property 'PageType' is set with any of the values of: 'Card,Document,List,ListPlus,Worksheet' This warning will become an error in a future release.
src\04_Clinical_and_Patient_Management\page\HMSBillingRoleCentre.Page.al(212,21): warning AL0729: The Property 'PromotedCategory' can only be used if the property 'PageType' is set with any of the values of: 'Card,Document,List,ListPlus,Worksheet' This warning will become an error in a future release.
src\04_Clinical_and_Patient_Management\page\HMSBillingRoleCentre.Page.al(225,21): warning AL0729: The Property 'Promoted' can only be used if the property 'PageType' is set with any of the values of: 'Card,Document,List,ListPlus,Worksheet' This warning will become an error in a future release.
src\04_Clinical_and_Patient_Management\page\HMSBillingRoleCentre.Page.al(226,21): warning AL0729: The Property 'PromotedIsBig' can only be used if the property 'PageType' is set with any of the values of: 'Card,Document,List,ListPlus,Worksheet' This warning will become an error in a future release.
src\04_Clinical_and_Patient_Management\page\HMSBillingRoleCentre.Page.al(235,21): warning AL0729: The Property 'Promoted' can only be used if the property 'PageType' is set with any of the values of: 'Card,Document,List,ListPlus,Worksheet' This warning will become an error in a future release.
src\04_Clinical_and_Patient_Management\page\HMSBillingRoleCentre.Page.al(236,21): warning AL0729: The Property 'PromotedIsBig' can only be used if the property 'PageType' is set with any of the values of: 'Card,Document,List,ListPlus,Worksheet' This warning will become an error in a future release.
src\04_Clinical_and_Patient_Management\page\HMSBillingRoleCentre.Page.al(253,25): warning AL0729: The Property 'Promoted' can only be used if the property 'PageType' is set with any of the values of: 'Card,Document,List,ListPlus,Worksheet' This warning will become an error in a future release.
src\04_Clinical_and_Patient_Management\page\HMSBillingRoleCentre.Page.al(254,25): warning AL0729: The Property 'PromotedIsBig' can only be used if the property 'PageType' is set with any of the values of: 'Card,Document,List,ListPlus,Worksheet' This warning will become an error in a future release.
src\04_Clinical_and_Patient_Management\page\HMSBillingRoleCentre.Page.al(276,25): warning AL0729: The Property 'Promoted' can only be used if the property 'PageType' is set with any of the values of: 'Card,Document,List,ListPlus,Worksheet' This warning will become an error in a future release.
src\04_Clinical_and_Patient_Management\page\HMSBillingRoleCentre.Page.al(277,25): warning AL0729: The Property 'PromotedIsBig' can only be used if the property 'PageType' is set with any of the values of: 'Card,Document,List,ListPlus,Worksheet' This warning will become an error in a future release.
src\04_Clinical_and_Patient_Management\page\HMSBillingRoleCentre.Page.al(293,25): warning AL0729: The Property 'Promoted' can only be used if the property 'PageType' is set with any of the values of: 'Card,Document,List,ListPlus,Worksheet' This warning will become an error in a future release.
src\04_Clinical_and_Patient_Management\page\HMSBillingRoleCentre.Page.al(294,25): warning AL0729: The Property 'PromotedIsBig' can only be used if the property 'PageType' is set with any of the values of: 'Card,Document,List,ListPlus,Worksheet' This warning will become an error in a future release.
src\04_Clinical_and_Patient_Management\page\HMSBillingRoleCentre.Page.al(303,25): warning AL0729: The Property 'Promoted' can only be used if the property 'PageType' is set with any of the values of: 'Card,Document,List,ListPlus,Worksheet' This warning will become an error in a future release.
src\04_Clinical_and_Patient_Management\page\HMSBillingRoleCentre.Page.al(304,25): warning AL0729: The Property 'PromotedIsBig' can only be used if the property 'PageType' is set with any of the values of: 'Card,Document,List,ListPlus,Worksheet' This warning will become an error in a future release.
src\04_Clinical_and_Patient_Management\page\HMSBillingRoleCentre.Page.al(313,25): warning AL0729: The Property 'Promoted' can only be used if the property 'PageType' is set with any of the values of: 'Card,Document,List,ListPlus,Worksheet' This warning will become an error in a future release.
src\04_Clinical_and_Patient_Management\page\HMSBillingRoleCentre.Page.al(314,25): warning AL0729: The Property 'PromotedIsBig' can only be used if the property 'PageType' is set with any of the values of: 'Card,Document,List,ListPlus,Worksheet' This warning will become an error in a future release.
src\04_Clinical_and_Patient_Management\page\HMSBillingRoleCentre.Page.al(323,25): warning AL0729: The Property 'Promoted' can only be used if the property 'PageType' is set with any of the values of: 'Card,Document,List,ListPlus,Worksheet' This warning will become an error in a future release.
src\04_Clinical_and_Patient_Management\page\HMSBillingRoleCentre.Page.al(324,25): warning AL0729: The Property 'PromotedIsBig' can only be used if the property 'PageType' is set with any of the values of: 'Card,Document,List,ListPlus,Worksheet' This warning will become an error in a future release.
src\04_Clinical_and_Patient_Management\page\HMSBillingRoleCentre.Page.al(333,25): warning AL0729: The Property 'Promoted' can only be used if the property 'PageType' is set with any of the values of: 'Card,Document,List,ListPlus,Worksheet' This warning will become an error in a future release.
src\04_Clinical_and_Patient_Management\page\HMSBillingRoleCentre.Page.al(334,25): warning AL0729: The Property 'PromotedIsBig' can only be used if the property 'PageType' is set with any of the values of: 'Card,Document,List,ListPlus,Worksheet' This warning will become an error in a future release.
src\04_Clinical_and_Patient_Management\page\HMSBillingRoleCentre.Page.al(343,25): warning AL0729: The Property 'Promoted' can only be used if the property 'PageType' is set with any of the values of: 'Card,Document,List,ListPlus,Worksheet' This warning will become an error in a future release.
src\04_Clinical_and_Patient_Management\page\HMSBillingRoleCentre.Page.al(344,25): warning AL0729: The Property 'PromotedIsBig' can only be used if the property 'PageType' is set with any of the values of: 'Card,Document,List,ListPlus,Worksheet' This warning will become an error in a future release.
src\04_Clinical_and_Patient_Management\page\HMSBillingRoleCentre.Page.al(353,25): warning AL0729: The Property 'Promoted' can only be used if the property 'PageType' is set with any of the values of: 'Card,Document,List,ListPlus,Worksheet' This warning will become an error in a future release.
src\04_Clinical_and_Patient_Management\page\HMSBillingRoleCentre.Page.al(354,25): warning AL0729: The Property 'PromotedIsBig' can only be used if the property 'PageType' is set with any of the values of: 'Card,Document,List,ListPlus,Worksheet' This warning will become an error in a future release.
src\04_Clinical_and_Patient_Management\page\HMSBillingRoleCentre.Page.al(363,25): warning AL0729: The Property 'Promoted' can only be used if the property 'PageType' is set with any of the values of: 'Card,Document,List,ListPlus,Worksheet' This warning will become an error in a future release.
src\04_Clinical_and_Patient_Management\page\HMSBillingRoleCentre.Page.al(364,25): warning AL0729: The Property 'PromotedIsBig' can only be used if the property 'PageType' is set with any of the values of: 'Card,Document,List,ListPlus,Worksheet' This warning will become an error in a future release.
src\04_Clinical_and_Patient_Management\page\HMSBillingRoleCentre.Page.al(373,25): warning AL0729: The Property 'Promoted' can only be used if the property 'PageType' is set with any of the values of: 'Card,Document,List,ListPlus,Worksheet' This warning will become an error in a future release.
src\04_Clinical_and_Patient_Management\page\HMSBillingRoleCentre.Page.al(374,25): warning AL0729: The Property 'PromotedIsBig' can only be used if the property 'PageType' is set with any of the values of: 'Card,Document,List,ListPlus,Worksheet' This warning will become an error in a future release.
src\04_Clinical_and_Patient_Management\page\HMSBillingRoleCentre.Page.al(383,25): warning AL0729: The Property 'Promoted' can only be used if the property 'PageType' is set with any of the values of: 'Card,Document,List,ListPlus,Worksheet' This warning will become an error in a future release.
src\04_Clinical_and_Patient_Management\page\HMSBillingRoleCentre.Page.al(384,25): warning AL0729: The Property 'PromotedIsBig' can only be used if the property 'PageType' is set with any of the values of: 'Card,Document,List,ListPlus,Worksheet' This warning will become an error in a future release.
src\04_Clinical_and_Patient_Management\page\HMSBillingRoleCentre.Page.al(393,25): warning AL0729: The Property 'Promoted' can only be used if the property 'PageType' is set with any of the values of: 'Card,Document,List,ListPlus,Worksheet' This warning will become an error in a future release.
src\04_Clinical_and_Patient_Management\page\HMSBillingRoleCentre.Page.al(394,25): warning AL0729: The Property 'PromotedIsBig' can only be used if the property 'PageType' is set with any of the values of: 'Card,Document,List,ListPlus,Worksheet' This warning will become an error in a future release.
src\04_Clinical_and_Patient_Management\page\HMSBillingRoleCentre.Page.al(403,25): warning AL0729: The Property 'Promoted' can only be used if the property 'PageType' is set with any of the values of: 'Card,Document,List,ListPlus,Worksheet' This warning will become an error in a future release.
src\04_Clinical_and_Patient_Management\page\HMSBillingRoleCentre.Page.al(404,25): warning AL0729: The Property 'PromotedIsBig' can only be used if the property 'PageType' is set with any of the values of: 'Card,Document,List,ListPlus,Worksheet' This warning will become an error in a future release.
src\04_Clinical_and_Patient_Management\page\HMSBillingRoleCentre.Page.al(434,21): warning AL0729: The Property 'Promoted' can only be used if the property 'PageType' is set with any of the values of: 'Card,Document,List,ListPlus,Worksheet' This warning will become an error in a future release.
src\04_Clinical_and_Patient_Management\page\HMSBillingRoleCentre.Page.al(435,21): warning AL0729: The Property 'PromotedIsBig' can only be used if the property 'PageType' is set with any of the values of: 'Card,Document,List,ListPlus,Worksheet' This warning will become an error in a future release.
src\04_Clinical_and_Patient_Management\page\HMSBillingRoleCentre.Page.al(444,21): warning AL0729: The Property 'Promoted' can only be used if the property 'PageType' is set with any of the values of: 'Card,Document,List,ListPlus,Worksheet' This warning will become an error in a future release.
src\04_Clinical_and_Patient_Management\page\HMSBillingRoleCentre.Page.al(445,21): warning AL0729: The Property 'PromotedCategory' can only be used if the property 'PageType' is set with any of the values of: 'Card,Document,List,ListPlus,Worksheet' This warning will become an error in a future release.
src\04_Clinical_and_Patient_Management\page\HMSBillingRoleCentre.Page.al(454,21): warning AL0729: The Property 'Promoted' can only be used if the property 'PageType' is set with any of the values of: 'Card,Document,List,ListPlus,Worksheet' This warning will become an error in a future release.
src\04_Clinical_and_Patient_Management\page\HMSBillingRoleCentre.Page.al(455,21): warning AL0729: The Property 'PromotedCategory' can only be used if the property 'PageType' is set with any of the values of: 'Card,Document,List,ListPlus,Worksheet' This warning will become an error in a future release.
src\04_Clinical_and_Patient_Management\page\HMSBillingRoleCentre.Page.al(464,21): warning AL0729: The Property 'Promoted' can only be used if the property 'PageType' is set with any of the values of: 'Card,Document,List,ListPlus,Worksheet' This warning will become an error in a future release.
src\04_Clinical_and_Patient_Management\page\HMSBillingRoleCentre.Page.al(465,21): warning AL0729: The Property 'PromotedCategory' can only be used if the property 'PageType' is set with any of the values of: 'Card,Document,List,ListPlus,Worksheet' This warning will become an error in a future release.
src\04_Clinical_and_Patient_Management\page\HMSBillingRoleCentre.Page.al(474,21): warning AL0729: The Property 'Promoted' can only be used if the property 'PageType' is set with any of the values of: 'Card,Document,List,ListPlus,Worksheet' This warning will become an error in a future release.
src\04_Clinical_and_Patient_Management\page\HMSBillingRoleCentre.Page.al(475,21): warning AL0729: The Property 'PromotedCategory' can only be used if the property 'PageType' is set with any of the values of: 'Card,Document,List,ListPlus,Worksheet' This warning will become an error in a future release.
src\04_Clinical_and_Patient_Management\page\HMSBillingRoleCentre.Page.al(484,21): warning AL0729: The Property 'Promoted' can only be used if the property 'PageType' is set with any of the values of: 'Card,Document,List,ListPlus,Worksheet' This warning will become an error in a future release.
src\04_Clinical_and_Patient_Management\page\HMSBillingRoleCentre.Page.al(485,21): warning AL0729: The Property 'PromotedCategory' can only be used if the property 'PageType' is set with any of the values of: 'Card,Document,List,ListPlus,Worksheet' This warning will become an error in a future release.
src\04_Clinical_and_Patient_Management\page\HMSBillingRoleCentre.Page.al(494,21): warning AL0729: The Property 'Promoted' can only be used if the property 'PageType' is set with any of the values of: 'Card,Document,List,ListPlus,Worksheet' This warning will become an error in a future release.
src\04_Clinical_and_Patient_Management\page\HMSBillingRoleCentre.Page.al(495,21): warning AL0729: The Property 'PromotedCategory' can only be used if the property 'PageType' is set with any of the values of: 'Card,Document,List,ListPlus,Worksheet' This warning will become an error in a future release.
src\04_Clinical_and_Patient_Management\page\HMSBillingRoleCentre.Page.al(504,21): warning AL0729: The Property 'Promoted' can only be used if the property 'PageType' is set with any of the values of: 'Card,Document,List,ListPlus,Worksheet' This warning will become an error in a future release.
src\04_Clinical_and_Patient_Management\page\HMSBillingRoleCentre.Page.al(505,21): warning AL0729: The Property 'PromotedCategory' can only be used if the property 'PageType' is set with any of the values of: 'Card,Document,List,ListPlus,Worksheet' This warning will become an error in a future release.
src\04_Clinical_and_Patient_Management\page\HMSBillingRoleCentre.Page.al(514,21): warning AL0729: The Property 'Promoted' can only be used if the property 'PageType' is set with any of the values of: 'Card,Document,List,ListPlus,Worksheet' This warning will become an error in a future release.
src\04_Clinical_and_Patient_Management\page\HMSBillingRoleCentre.Page.al(515,21): warning AL0729: The Property 'PromotedCategory' can only be used if the property 'PageType' is set with any of the values of: 'Card,Document,List,ListPlus,Worksheet' This warning will become an error in a future release.
src\04_Clinical_and_Patient_Management\page\HMSBillingRoleCentre.Page.al(524,21): warning AL0729: The Property 'Promoted' can only be used if the property 'PageType' is set with any of the values of: 'Card,Document,List,ListPlus,Worksheet' This warning will become an error in a future release.
src\04_Clinical_and_Patient_Management\page\HMSBillingRoleCentre.Page.al(525,21): warning AL0729: The Property 'PromotedCategory' can only be used if the property 'PageType' is set with any of the values of: 'Card,Document,List,ListPlus,Worksheet' This warning will become an error in a future release.
src\04_Clinical_and_Patient_Management\page\HMSBillingRoleCentre.Page.al(534,21): warning AL0729: The Property 'Promoted' can only be used if the property 'PageType' is set with any of the values of: 'Card,Document,List,ListPlus,Worksheet' This warning will become an error in a future release.
src\04_Clinical_and_Patient_Management\page\HMSBillingRoleCentre.Page.al(535,21): warning AL0729: The Property 'PromotedCategory' can only be used if the property 'PageType' is set with any of the values of: 'Card,Document,List,ListPlus,Worksheet' This warning will become an error in a future release.
src\04_Clinical_and_Patient_Management\page\HMSBillingRoleCentre.Page.al(544,21): warning AL0729: The Property 'Promoted' can only be used if the property 'PageType' is set with any of the values of: 'Card,Document,List,ListPlus,Worksheet' This warning will become an error in a future release.
src\04_Clinical_and_Patient_Management\page\HMSBillingRoleCentre.Page.al(545,21): warning AL0729: The Property 'PromotedCategory' can only be used if the property 'PageType' is set with any of the values of: 'Card,Document,List,ListPlus,Worksheet' This warning will become an error in a future release.
src\04_Clinical_and_Patient_Management\page\HMSBillingRoleCentre.Page.al(554,21): warning AL0729: The Property 'Promoted' can only be used if the property 'PageType' is set with any of the values of: 'Card,Document,List,ListPlus,Worksheet' This warning will become an error in a future release.
src\04_Clinical_and_Patient_Management\page\HMSBillingRoleCentre.Page.al(555,21): warning AL0729: The Property 'PromotedCategory' can only be used if the property 'PageType' is set with any of the values of: 'Card,Document,List,ListPlus,Worksheet' This warning will become an error in a future release.
src\04_Clinical_and_Patient_Management\page\HMSBillingRoleCentre.Page.al(564,21): warning AL0729: The Property 'Promoted' can only be used if the property 'PageType' is set with any of the values of: 'Card,Document,List,ListPlus,Worksheet' This warning will become an error in a future release.
src\04_Clinical_and_Patient_Management\page\HMSBillingRoleCentre.Page.al(565,21): warning AL0729: The Property 'PromotedCategory' can only be used if the property 'PageType' is set with any of the values of: 'Card,Document,List,ListPlus,Worksheet' This warning will become an error in a future release.
src\04_Clinical_and_Patient_Management\page\HMSBillingRoleCentre.Page.al(574,21): warning AL0729: The Property 'Promoted' can only be used if the property 'PageType' is set with any of the values of: 'Card,Document,List,ListPlus,Worksheet' This warning will become an error in a future release.
src\04_Clinical_and_Patient_Management\page\HMSBillingRoleCentre.Page.al(575,21): warning AL0729: The Property 'PromotedCategory' can only be used if the property 'PageType' is set with any of the values of: 'Card,Document,List,ListPlus,Worksheet' This warning will become an error in a future release.
src\04_Clinical_and_Patient_Management\page\HMSBillingRoleCentre.Page.al(584,21): warning AL0729: The Property 'Promoted' can only be used if the property 'PageType' is set with any of the values of: 'Card,Document,List,ListPlus,Worksheet' This warning will become an error in a future release.
src\04_Clinical_and_Patient_Management\page\HMSBillingRoleCentre.Page.al(585,21): warning AL0729: The Property 'PromotedCategory' can only be used if the property 'PageType' is set with any of the values of: 'Card,Document,List,ListPlus,Worksheet' This warning will become an error in a future release.
src\04_Clinical_and_Patient_Management\page\HMSBillingRoleCentre.Page.al(594,21): warning AL0729: The Property 'Promoted' can only be used if the property 'PageType' is set with any of the values of: 'Card,Document,List,ListPlus,Worksheet' This warning will become an error in a future release.
src\04_Clinical_and_Patient_Management\page\HMSBillingRoleCentre.Page.al(595,21): warning AL0729: The Property 'PromotedCategory' can only be used if the property 'PageType' is set with any of the values of: 'Card,Document,List,ListPlus,Worksheet' This warning will become an error in a future release.
src\04_Clinical_and_Patient_Management\page\HMSBillingRoleCentre.Page.al(604,21): warning AL0729: The Property 'Promoted' can only be used if the property 'PageType' is set with any of the values of: 'Card,Document,List,ListPlus,Worksheet' This warning will become an error in a future release.
src\04_Clinical_and_Patient_Management\page\HMSBillingRoleCentre.Page.al(605,21): warning AL0729: The Property 'PromotedCategory' can only be used if the property 'PageType' is set with any of the values of: 'Card,Document,List,ListPlus,Worksheet' This warning will become an error in a future release.
src\04_Clinical_and_Patient_Management\page\HMSBillingRoleCentre.Page.al(614,21): warning AL0729: The Property 'Promoted' can only be used if the property 'PageType' is set with any of the values of: 'Card,Document,List,ListPlus,Worksheet' This warning will become an error in a future release.
src\04_Clinical_and_Patient_Management\page\HMSBillingRoleCentre.Page.al(615,21): warning AL0729: The Property 'PromotedCategory' can only be used if the property 'PageType' is set with any of the values of: 'Card,Document,List,ListPlus,Worksheet' This warning will become an error in a future release.
src\04_Clinical_and_Patient_Management\page\HMSBillingRoleCentre.Page.al(624,21): warning AL0729: The Property 'Promoted' can only be used if the property 'PageType' is set with any of the values of: 'Card,Document,List,ListPlus,Worksheet' This warning will become an error in a future release.
src\04_Clinical_and_Patient_Management\page\HMSBillingRoleCentre.Page.al(625,21): warning AL0729: The Property 'PromotedCategory' can only be used if the property 'PageType' is set with any of the values of: 'Card,Document,List,ListPlus,Worksheet' This warning will become an error in a future release.
src\04_Clinical_and_Patient_Management\page\HMSBillingRoleCentre.Page.al(634,21): warning AL0729: The Property 'Promoted' can only be used if the property 'PageType' is set with any of the values of: 'Card,Document,List,ListPlus,Worksheet' This warning will become an error in a future release.
src\04_Clinical_and_Patient_Management\page\HMSBillingRoleCentre.Page.al(635,21): warning AL0729: The Property 'PromotedCategory' can only be used if the property 'PageType' is set with any of the values of: 'Card,Document,List,ListPlus,Worksheet' This warning will become an error in a future release.
src\04_Clinical_and_Patient_Management\page\HMSBillingRoleCentre.Page.al(644,21): warning AL0729: The Property 'Promoted' can only be used if the property 'PageType' is set with any of the values of: 'Card,Document,List,ListPlus,Worksheet' This warning will become an error in a future release.
src\04_Clinical_and_Patient_Management\page\HMSBillingRoleCentre.Page.al(645,21): warning AL0729: The Property 'PromotedCategory' can only be used if the property 'PageType' is set with any of the values of: 'Card,Document,List,ListPlus,Worksheet' This warning will become an error in a future release.
src\04_Clinical_and_Patient_Management\page\HMSBillingRoleCentre.Page.al(654,21): warning AL0729: The Property 'Promoted' can only be used if the property 'PageType' is set with any of the values of: 'Card,Document,List,ListPlus,Worksheet' This warning will become an error in a future release.
src\04_Clinical_and_Patient_Management\page\HMSBillingRoleCentre.Page.al(655,21): warning AL0729: The Property 'PromotedCategory' can only be used if the property 'PageType' is set with any of the values of: 'Card,Document,List,ListPlus,Worksheet' This warning will become an error in a future release.
src\04_Clinical_and_Patient_Management\page\HMSBillingRoleCentre.Page.al(664,21): warning AL0729: The Property 'Promoted' can only be used if the property 'PageType' is set with any of the values of: 'Card,Document,List,ListPlus,Worksheet' This warning will become an error in a future release.
src\04_Clinical_and_Patient_Management\page\HMSBillingRoleCentre.Page.al(665,21): warning AL0729: The Property 'PromotedCategory' can only be used if the property 'PageType' is set with any of the values of: 'Card,Document,List,ListPlus,Worksheet' This warning will become an error in a future release.
src\04_Clinical_and_Patient_Management\page\HMSBillingRoleCentre.Page.al(674,21): warning AL0729: The Property 'Promoted' can only be used if the property 'PageType' is set with any of the values of: 'Card,Document,List,ListPlus,Worksheet' This warning will become an error in a future release.
src\04_Clinical_and_Patient_Management\page\HMSBillingRoleCentre.Page.al(675,21): warning AL0729: The Property 'PromotedCategory' can only be used if the property 'PageType' is set with any of the values of: 'Card,Document,List,ListPlus,Worksheet' This warning will become an error in a future release.
src\04_Clinical_and_Patient_Management\page\HMSBillingRoleCentre.Page.al(684,21): warning AL0729: The Property 'Promoted' can only be used if the property 'PageType' is set with any of the values of: 'Card,Document,List,ListPlus,Worksheet' This warning will become an error in a future release.
src\04_Clinical_and_Patient_Management\page\HMSBillingRoleCentre.Page.al(685,21): warning AL0729: The Property 'PromotedCategory' can only be used if the property 'PageType' is set with any of the values of: 'Card,Document,List,ListPlus,Worksheet' This warning will become an error in a future release.
src\04_Clinical_and_Patient_Management\page\HMSBillingRoleCentre.Page.al(694,21): warning AL0729: The Property 'Promoted' can only be used if the property 'PageType' is set with any of the values of: 'Card,Document,List,ListPlus,Worksheet' This warning will become an error in a future release.
src\04_Clinical_and_Patient_Management\page\HMSBillingRoleCentre.Page.al(695,21): warning AL0729: The Property 'PromotedCategory' can only be used if the property 'PageType' is set with any of the values of: 'Card,Document,List,ListPlus,Worksheet' This warning will become an error in a future release.
src\04_Clinical_and_Patient_Management\page\HMSBillingRoleCentre.Page.al(710,21): warning AL0729: The Property 'Promoted' can only be used if the property 'PageType' is set with any of the values of: 'Card,Document,List,ListPlus,Worksheet' This warning will become an error in a future release.
src\04_Clinical_and_Patient_Management\page\HMSBillingRoleCentre.Page.al(724,21): warning AL0729: The Property 'Promoted' can only be used if the property 'PageType' is set with any of the values of: 'Card,Document,List,ListPlus,Worksheet' This warning will become an error in a future release.
src\04_Clinical_and_Patient_Management\page\HMSBillingRoleCentre.Page.al(733,21): warning AL0729: The Property 'Promoted' can only be used if the property 'PageType' is set with any of the values of: 'Card,Document,List,ListPlus,Worksheet' This warning will become an error in a future release.
src\04_Clinical_and_Patient_Management\page\HMSBillingRoleCentre.Page.al(742,21): warning AL0729: The Property 'Promoted' can only be used if the property 'PageType' is set with any of the values of: 'Card,Document,List,ListPlus,Worksheet' This warning will become an error in a future release.
src\04_Clinical_and_Patient_Management\page\HMSBillingRoleCentre.Page.al(784,21): warning AL0729: The Property 'Promoted' can only be used if the property 'PageType' is set with any of the values of: 'Card,Document,List,ListPlus,Worksheet' This warning will become an error in a future release.
src\04_Clinical_and_Patient_Management\page\HMSBillingRoleCentre.Page.al(785,21): warning AL0729: The Property 'PromotedCategory' can only be used if the property 'PageType' is set with any of the values of: 'Card,Document,List,ListPlus,Worksheet' This warning will become an error in a future release.
src\04_Clinical_and_Patient_Management\page\HMSBillingRoleCentre.Page.al(786,21): warning AL0729: The Property 'PromotedIsBig' can only be used if the property 'PageType' is set with any of the values of: 'Card,Document,List,ListPlus,Worksheet' This warning will become an error in a future release.
src\04_Clinical_and_Patient_Management\page\HMSBillingRoleCentre.Page.al(795,21): warning AL0729: The Property 'Promoted' can only be used if the property 'PageType' is set with any of the values of: 'Card,Document,List,ListPlus,Worksheet' This warning will become an error in a future release.
src\04_Clinical_and_Patient_Management\page\HMSBillingRoleCentre.Page.al(879,21): warning AL0729: The Property 'Promoted' can only be used if the property 'PageType' is set with any of the values of: 'Card,Document,List,ListPlus,Worksheet' This warning will become an error in a future release.
src\04_Clinical_and_Patient_Management\page\HMSBillingRoleCentre.Page.al(880,21): warning AL0729: The Property 'PromotedCategory' can only be used if the property 'PageType' is set with any of the values of: 'Card,Document,List,ListPlus,Worksheet' This warning will become an error in a future release.
src\04_Clinical_and_Patient_Management\page\HMSBillingRoleCentre.Page.al(881,21): warning AL0729: The Property 'PromotedIsBig' can only be used if the property 'PageType' is set with any of the values of: 'Card,Document,List,ListPlus,Worksheet' This warning will become an error in a future release.
src\04_Clinical_and_Patient_Management\page\HMSBillingRoleCentre.Page.al(890,21): warning AL0729: The Property 'Promoted' can only be used if the property 'PageType' is set with any of the values of: 'Card,Document,List,ListPlus,Worksheet' This warning will become an error in a future release.
src\04_Clinical_and_Patient_Management\page\HMSBillingRoleCentre.Page.al(899,21): warning AL0729: The Property 'Promoted' can only be used if the property 'PageType' is set with any of the values of: 'Card,Document,List,ListPlus,Worksheet' This warning will become an error in a future release.
src\04_Clinical_and_Patient_Management\page\HMSBillingRoleCentre.Page.al(913,21): warning AL0729: The Property 'Promoted' can only be used if the property 'PageType' is set with any of the values of: 'Card,Document,List,ListPlus,Worksheet' This warning will become an error in a future release.
src\04_Clinical_and_Patient_Management\page\HMSBillingRoleCentre.Page.al(914,21): warning AL0729: The Property 'PromotedCategory' can only be used if the property 'PageType' is set with any of the values of: 'Card,Document,List,ListPlus,Worksheet' This warning will become an error in a future release.
src\04_Clinical_and_Patient_Management\page\HMSBillingRoleCentre.Page.al(915,21): warning AL0729: The Property 'PromotedIsBig' can only be used if the property 'PageType' is set with any of the values of: 'Card,Document,List,ListPlus,Worksheet' This warning will become an error in a future release.
src\04_Clinical_and_Patient_Management\page\HMSBillingRoleCentre.Page.al(924,21): warning AL0729: The Property 'Promoted' can only be used if the property 'PageType' is set with any of the values of: 'Card,Document,List,ListPlus,Worksheet' This warning will become an error in a future release.
src\04_Clinical_and_Patient_Management\page\HMSBillingRoleCentre.Page.al(952,21): warning AL0729: The Property 'Promoted' can only be used if the property 'PageType' is set with any of the values of: 'Card,Document,List,ListPlus,Worksheet' This warning will become an error in a future release.
src\04_Clinical_and_Patient_Management\page\HMSBillingRoleCentre.Page.al(974,21): warning AL0729: The Property 'Promoted' can only be used if the property 'PageType' is set with any of the values of: 'Card,Document,List,ListPlus,Worksheet' This warning will become an error in a future release.
src\04_Clinical_and_Patient_Management\page\HMSBillingRoleCentre.Page.al(975,21): warning AL0729: The Property 'PromotedCategory' can only be used if the property 'PageType' is set with any of the values of: 'Card,Document,List,ListPlus,Worksheet' This warning will become an error in a future release.
src\04_Clinical_and_Patient_Management\page\HMSBillingRoleCentre.Page.al(976,21): warning AL0729: The Property 'PromotedIsBig' can only be used if the property 'PageType' is set with any of the values of: 'Card,Document,List,ListPlus,Worksheet' This warning will become an error in a future release.
src\04_Clinical_and_Patient_Management\page\HMSBillingRoleCentre.Page.al(985,21): warning AL0729: The Property 'Promoted' can only be used if the property 'PageType' is set with any of the values of: 'Card,Document,List,ListPlus,Worksheet' This warning will become an error in a future release.
src\04_Clinical_and_Patient_Management\page\HMSBillingRoleCentre.Page.al(1006,21): warning AL0729: The Property 'Promoted' can only be used if the property 'PageType' is set with any of the values of: 'Card,Document,List,ListPlus,Worksheet' This warning will become an error in a future release.
src\04_Clinical_and_Patient_Management\page\HMSBillingRoleCentre.Page.al(1007,21): warning AL0729: The Property 'PromotedCategory' can only be used if the property 'PageType' is set with any of the values of: 'Card,Document,List,ListPlus,Worksheet' This warning will become an error in a future release.
src\04_Clinical_and_Patient_Management\page\HMSBillingRoleCentre.Page.al(1008,21): warning AL0729: The Property 'PromotedIsBig' can only be used if the property 'PageType' is set with any of the values of: 'Card,Document,List,ListPlus,Worksheet' This warning will become an error in a future release.
src\04_Clinical_and_Patient_Management\page\HMSBillingRoleCentre.Page.al(1017,21): warning AL0729: The Property 'Promoted' can only be used if the property 'PageType' is set with any of the values of: 'Card,Document,List,ListPlus,Worksheet' This warning will become an error in a future release.
src\04_Clinical_and_Patient_Management\page\HMSBillingRoleCentre.Page.al(1031,21): warning AL0729: The Property 'Promoted' can only be used if the property 'PageType' is set with any of the values of: 'Card,Document,List,ListPlus,Worksheet' This warning will become an error in a future release.
src\04_Clinical_and_Patient_Management\page\HMSBillingRoleCentre.Page.al(1032,21): warning AL0729: The Property 'PromotedCategory' can only be used if the property 'PageType' is set with any of the values of: 'Card,Document,List,ListPlus,Worksheet' This warning will become an error in a future release.
src\04_Clinical_and_Patient_Management\page\HMSBillingRoleCentre.Page.al(1033,21): warning AL0729: The Property 'PromotedIsBig' can only be used if the property 'PageType' is set with any of the values of: 'Card,Document,List,ListPlus,Worksheet' This warning will become an error in a future release.
src\04_Clinical_and_Patient_Management\page\HMSBillingRoleCentre.Page.al(1042,21): warning AL0729: The Property 'Promoted' can only be used if the property 'PageType' is set with any of the values of: 'Card,Document,List,ListPlus,Worksheet' This warning will become an error in a future release.
src\04_Clinical_and_Patient_Management\page\HMSBillingRoleCentre.Page.al(1056,21): warning AL0729: The Property 'Promoted' can only be used if the property 'PageType' is set with any of the values of: 'Card,Document,List,ListPlus,Worksheet' This warning will become an error in a future release.
src\04_Clinical_and_Patient_Management\page\HMSCashActivePatients.Page.al(164,39): warning AL0604: Use of implicit 'with' will be removed in the future. Qualify with 'Rec'. This warning will become an error in a future release.
src\04_Clinical_and_Patient_Management\page\HMSCashActivePatients.Page.al(164,54): warning AL0604: Use of implicit 'with' will be removed in the future. Qualify with 'Rec'. This warning will become an error in a future release.
src\04_Clinical_and_Patient_Management\page\HMSCashActivePatients.Page.al(205,37): warning AL0604: Use of implicit 'with' will be removed in the future. Qualify with 'Rec'. This warning will become an error in a future release.
src\04_Clinical_and_Patient_Management\page\HMSCashActivePatients.Page.al(212,49): warning AL0604: Use of implicit 'with' will be removed in the future. Qualify with 'Rec'. This warning will become an error in a future release.
src\04_Clinical_and_Patient_Management\page\HMSCashActivePatients.Page.al(254,81): warning AL0604: Use of implicit 'with' will be removed in the future. Qualify with 'Rec'. This warning will become an error in a future release.
src\04_Clinical_and_Patient_Management\page\HMSCashActivePatients.Page.al(270,77): warning AL0604: Use of implicit 'with' will be removed in the future. Qualify with 'Rec'. This warning will become an error in a future release.
src\04_Clinical_and_Patient_Management\page\HMSCashActivePatients.Page.al(294,77): warning AL0604: Use of implicit 'with' will be removed in the future. Qualify with 'Rec'. This warning will become an error in a future release.
src\04_Clinical_and_Patient_Management\page\HMSCashActivePatients.Page.al(327,64): warning AL0604: Use of implicit 'with' will be removed in the future. Qualify with 'Rec'. This warning will become an error in a future release.
src\04_Clinical_and_Patient_Management\page\HMSCashActivePatients.Page.al(339,64): warning AL0604: Use of implicit 'with' will be removed in the future. Qualify with 'Rec'. This warning will become an error in a future release.
src\04_Clinical_and_Patient_Management\page\HMSCashActivePatients.Page.al(351,64): warning AL0604: Use of implicit 'with' will be removed in the future. Qualify with 'Rec'. This warning will become an error in a future release.
src\04_Clinical_and_Patient_Management\page\HMSCashActivePatients.Page.al(381,21): warning AL0604: Use of implicit 'with' will be removed in the future. Qualify with 'Rec'. This warning will become an error in a future release.
src\04_Clinical_and_Patient_Management\page\HMSCashActivePatients.Page.al(382,21): warning AL0604: Use of implicit 'with' will be removed in the future. Qualify with 'Rec'. This warning will become an error in a future release.
src\04_Clinical_and_Patient_Management\page\HMSCashActivePatients.Page.al(398,82): warning AL0604: Use of implicit 'with' will be removed in the future. Qualify with 'Rec'. This warning will become an error in a future release.
src\04_Clinical_and_Patient_Management\page\HMSCashActivePatients.Page.al(399,79): warning AL0604: Use of implicit 'with' will be removed in the future. Qualify with 'Rec'. This warning will become an error in a future release.
src\04_Clinical_and_Patient_Management\page\HMSCashActivePatients.Page.al(405,81): warning AL0604: Use of implicit 'with' will be removed in the future. Qualify with 'Rec'. This warning will become an error in a future release.
src\04_Clinical_and_Patient_Management\page\HMSCashActivePatients.Page.al(409,25): warning AL0604: Use of implicit 'with' will be removed in the future. Qualify with 'Rec'. This warning will become an error in a future release.
src\04_Clinical_and_Patient_Management\page\HMSCashActivePatients.Page.al(410,25): warning AL0604: Use of implicit 'with' will be removed in the future. Qualify with 'Rec'. This warning will become an error in a future release.
src\04_Clinical_and_Patient_Management\page\HMSCashActivePatients.Page.al(412,25): warning AL0604: Use of implicit 'with' will be removed in the future. Qualify with 'Rec'. This warning will become an error in a future release.
src\04_Clinical_and_Patient_Management\page\HMSCashActivePatients.Page.al(413,25): warning AL0604: Use of implicit 'with' will be removed in the future. Qualify with 'Rec'. This warning will become an error in a future release.
src\04_Clinical_and_Patient_Management\page\HMSCashActivePatients.Page.al(442,24): warning AL0604: Use of implicit 'with' will be removed in the future. Qualify with 'Rec'. This warning will become an error in a future release.
src\04_Clinical_and_Patient_Management\page\HMSCashActivePatients.Page.al(529,58): warning AL0604: Use of implicit 'with' will be removed in the future. Qualify with 'Rec'. This warning will become an error in a future release.
src\04_Clinical_and_Patient_Management\page\HMSCashActivePatients.Page.al(534,55): warning AL0604: Use of implicit 'with' will be removed in the future. Qualify with 'Rec'. This warning will become an error in a future release.
src\04_Clinical_and_Patient_Management\page\HMSCashActivePatients.Page.al(538,50): warning AL0604: Use of implicit 'with' will be removed in the future. Qualify with 'Rec'. This warning will become an error in a future release.
src\04_Clinical_and_Patient_Management\page\HMSCashActivePatients.Page.al(559,82): warning AL0604: Use of implicit 'with' will be removed in the future. Qualify with 'Rec'. This warning will become an error in a future release.
src\04_Clinical_and_Patient_Management\page\HMSCashActivePatients.Page.al(560,79): warning AL0604: Use of implicit 'with' will be removed in the future. Qualify with 'Rec'. This warning will become an error in a future release.
src\04_Clinical_and_Patient_Management\page\HMSCashActivePatients.Page.al(575,17): warning AL0604: Use of implicit 'with' will be removed in the future. Qualify with 'Rec'. This warning will become an error in a future release.
src\04_Clinical_and_Patient_Management\table\HMSSchemePlanItems.Table.al(21,25): warning AL0603: An implicit conversion is being performed from a value of type 'Enum Microsoft.Inventory.Item."Item Type"' to a value of type 'Option'. This conversion can lead to unexpected runtime issues.
src\04_Clinical_and_Patient_Management\table\HMSSchemePlanItems.Table.al(29,47): warning AL0603: An implicit conversion is being performed from a value of type 'Enum Microsoft.Inventory.Item."Item Price Profit Calculation"' to a value of type 'Option'. This conversion can lead to unexpected runtime issues.
src\04_Clinical_and_Patient_Management\page\HMSCashActivePatients.Page.al(608,29): warning AL0604: Use of implicit 'with' will be removed in the future. Qualify with 'Rec'. This warning will become an error in a future release.
src\04_Clinical_and_Patient_Management\page\HMSCashActivePatients.Page.al(608,12): warning AL0604: Use of implicit 'with' will be removed in the future. Qualify with 'Rec'. This warning will become an error in a future release.
src\04_Clinical_and_Patient_Management\page\HMSCashActivePatients.Page.al(609,26): warning AL0604: Use of implicit 'with' will be removed in the future. Qualify with 'Rec'. This warning will become an error in a future release.
src\04_Clinical_and_Patient_Management\page\HMSCashActivePatients.Page.al(620,36): warning AL0604: Use of implicit 'with' will be removed in the future. Qualify with 'Rec'. This warning will become an error in a future release.
src\04_Clinical_and_Patient_Management\page\HMSCashActivePatients.Page.al(636,71): warning AL0604: Use of implicit 'with' will be removed in the future. Qualify with 'Rec'. This warning will become an error in a future release.
src\04_Clinical_and_Patient_Management\page\HMSCashActivePatients.Page.al(689,56): warning AL0604: Use of implicit 'with' will be removed in the future. Qualify with 'Rec'. This warning will become an error in a future release.
src\04_Clinical_and_Patient_Management\page\HMSCashActivePatients.Page.al(701,48): warning AL0604: Use of implicit 'with' will be removed in the future. Qualify with 'Rec'. This warning will become an error in a future release.
src\04_Clinical_and_Patient_Management\page\HMSCashActivePatients.Page.al(713,79): warning AL0604: Use of implicit 'with' will be removed in the future. Qualify with 'Rec'. This warning will become an error in a future release.
src\04_Clinical_and_Patient_Management\table\HMSSchemePlanItems.Table.al(177,17): warning AL0603: An implicit conversion is being performed from a value of type 'Enum Microsoft.Inventory.Item."Item Type"' to a value of type 'Option'. This conversion can lead to unexpected runtime issues.
src\04_Clinical_and_Patient_Management\table\HMSSchemePlanItems.Table.al(185,39): warning AL0603: An implicit conversion is being performed from a value of type 'Enum Microsoft.Inventory.Item."Item Price Profit Calculation"' to a value of type 'Option'. This conversion can lead to unexpected runtime issues.
src\04_Clinical_and_Patient_Management\table\HMSSchemePlanServices.Table.al(15,41): warning AL0603: An implicit conversion is being performed from a value of type 'Enum "Charges Applicable Section"' to a value of type 'Option'. This conversion can lead to unexpected runtime issues.
src\04_Clinical_and_Patient_Management\page\HMSCorporatependingInvoice.Page.al(164,39): warning AL0604: Use of implicit 'with' will be removed in the future. Qualify with 'Rec'. This warning will become an error in a future release.
src\04_Clinical_and_Patient_Management\page\HMSCorporatependingInvoice.Page.al(164,54): warning AL0604: Use of implicit 'with' will be removed in the future. Qualify with 'Rec'. This warning will become an error in a future release.
src\04_Clinical_and_Patient_Management\table\HMSPharmacyLine.Table.al(60,30): warning AL0603: An implicit conversion is being performed from a value of type 'Option' to a value of type 'Enum "Drug Routes"'. This conversion can lead to unexpected runtime issues.
src\04_Clinical_and_Patient_Management\page\HMSCorporatependingInvoice.Page.al(205,37): warning AL0604: Use of implicit 'with' will be removed in the future. Qualify with 'Rec'. This warning will become an error in a future release.
src\04_Clinical_and_Patient_Management\page\HMSCorporatependingInvoice.Page.al(212,49): warning AL0604: Use of implicit 'with' will be removed in the future. Qualify with 'Rec'. This warning will become an error in a future release.
src\04_Clinical_and_Patient_Management\page\HMSCorporatependingInvoice.Page.al(254,81): warning AL0604: Use of implicit 'with' will be removed in the future. Qualify with 'Rec'. This warning will become an error in a future release.
src\04_Clinical_and_Patient_Management\page\HMSCorporatependingInvoice.Page.al(270,77): warning AL0604: Use of implicit 'with' will be removed in the future. Qualify with 'Rec'. This warning will become an error in a future release.
src\04_Clinical_and_Patient_Management\page\HMSCorporatependingInvoice.Page.al(294,77): warning AL0604: Use of implicit 'with' will be removed in the future. Qualify with 'Rec'. This warning will become an error in a future release.
src\05_Inventory_and_Procurement\table\Item2.Table.al(1242,22): warning AL0717: The property 'CalcFormula' is required for the field 'Qty on Request' in Table 'Item2' because the field's property 'FieldClass' is set to 'FlowField'.
src\04_Clinical_and_Patient_Management\page\HMSCorporatependingInvoice.Page.al(327,64): warning AL0604: Use of implicit 'with' will be removed in the future. Qualify with 'Rec'. This warning will become an error in a future release.
src\04_Clinical_and_Patient_Management\page\HMSCorporatependingInvoice.Page.al(339,64): warning AL0604: Use of implicit 'with' will be removed in the future. Qualify with 'Rec'. This warning will become an error in a future release.
src\04_Clinical_and_Patient_Management\page\HMSCorporatependingInvoice.Page.al(351,64): warning AL0604: Use of implicit 'with' will be removed in the future. Qualify with 'Rec'. This warning will become an error in a future release.
src\02_Finance_and_GL\page\PaymentHeaderWindow.Page.al(974,46): warning AL0603: An implicit conversion is being performed from a value of type 'Option' to a value of type 'Enum Microsoft.Finance.GeneralLedger.Journal."Gen. Journal Account Type"'. This conversion can lead to unexpected runtime issues.
src\02_Finance_and_GL\page\PaymentHeaderWindow.Page.al(1085,50): warning AL0603: An implicit conversion is being performed from a value of type 'Option' to a value of type 'Enum Microsoft.Finance.GeneralLedger.Journal."Gen. Journal Account Type"'. This conversion can lead to unexpected runtime issues.
src\02_Finance_and_GL\page\PaymentHeaderWindow.Page.al(1190,50): warning AL0603: An implicit conversion is being performed from a value of type 'Option' to a value of type 'Enum Microsoft.Finance.GeneralLedger.Journal."Gen. Journal Account Type"'. This conversion can lead to unexpected runtime issues.
src\02_Finance_and_GL\page\PaymentHeaderWindow.Page.al(1267,55): warning AL0603: An implicit conversion is being performed from a value of type 'Option' to a value of type 'Enum Microsoft.Finance.GeneralLedger.Journal."Gen. Journal Account Type"'. This conversion can lead to unexpected runtime issues.
src\02_Finance_and_GL\page\PaymentHeaderWindow.Page.al(1348,46): warning AL0603: An implicit conversion is being performed from a value of type 'Option' to a value of type 'Enum Microsoft.Finance.GeneralLedger.Journal."Gen. Journal Account Type"'. This conversion can lead to unexpected runtime issues.
src\02_Finance_and_GL\page\PaymentHeaderWindow.Page.al(1395,46): warning AL0603: An implicit conversion is being performed from a value of type 'Option' to a value of type 'Enum Microsoft.Finance.GeneralLedger.Journal."Gen. Journal Account Type"'. This conversion can lead to unexpected runtime issues.
src\02_Finance_and_GL\page\PaymentHeaderWindow.Page.al(1448,46): warning AL0603: An implicit conversion is being performed from a value of type 'Option' to a value of type 'Enum Microsoft.Finance.GeneralLedger.Journal."Gen. Journal Account Type"'. This conversion can lead to unexpected runtime issues.
src\04_Clinical_and_Patient_Management\page\HMSCorporatependingInvoice.Page.al(365,21): warning AL0604: Use of implicit 'with' will be removed in the future. Qualify with 'Rec'. This warning will become an error in a future release.
src\04_Clinical_and_Patient_Management\page\HMSCorporatependingInvoice.Page.al(366,21): warning AL0604: Use of implicit 'with' will be removed in the future. Qualify with 'Rec'. This warning will become an error in a future release.
src\04_Clinical_and_Patient_Management\page\HMSCorporatependingInvoice.Page.al(370,82): warning AL0604: Use of implicit 'with' will be removed in the future. Qualify with 'Rec'. This warning will become an error in a future release.
src\04_Clinical_and_Patient_Management\page\HMSCorporatependingInvoice.Page.al(371,79): warning AL0604: Use of implicit 'with' will be removed in the future. Qualify with 'Rec'. This warning will become an error in a future release.
src\04_Clinical_and_Patient_Management\page\HMSCorporatependingInvoice.Page.al(414,24): warning AL0604: Use of implicit 'with' will be removed in the future. Qualify with 'Rec'. This warning will become an error in a future release.
src\04_Clinical_and_Patient_Management\page\HMSCorporatependingInvoice.Page.al(501,58): warning AL0604: Use of implicit 'with' will be removed in the future. Qualify with 'Rec'. This warning will become an error in a future release.
src\04_Clinical_and_Patient_Management\page\HMSCorporatependingInvoice.Page.al(506,55): warning AL0604: Use of implicit 'with' will be removed in the future. Qualify with 'Rec'. This warning will become an error in a future release.
src\04_Clinical_and_Patient_Management\page\HMSCorporatependingInvoice.Page.al(510,50): warning AL0604: Use of implicit 'with' will be removed in the future. Qualify with 'Rec'. This warning will become an error in a future release.
src\04_Clinical_and_Patient_Management\page\HMSCorporatependingInvoice.Page.al(531,82): warning AL0604: Use of implicit 'with' will be removed in the future. Qualify with 'Rec'. This warning will become an error in a future release.
src\04_Clinical_and_Patient_Management\page\HMSCorporatependingInvoice.Page.al(532,79): warning AL0604: Use of implicit 'with' will be removed in the future. Qualify with 'Rec'. This warning will become an error in a future release.
src\04_Clinical_and_Patient_Management\table\HMSTreatmentFormDrug.Table.al(21,30): warning AL0603: An implicit conversion is being performed from a value of type 'Option' to a value of type 'Enum "Drug Routes"'. This conversion can lead to unexpected runtime issues.
src\04_Clinical_and_Patient_Management\page\HMSCorporatependingInvoice.Page.al(547,17): warning AL0604: Use of implicit 'with' will be removed in the future. Qualify with 'Rec'. This warning will become an error in a future release.
src\03_Human_Resources_and_Payroll\page\PayrollRecRoleCenter1.Page.al(349,21): warning AL0729: The Property 'Promoted' can only be used if the property 'PageType' is set with any of the values of: 'Card,Document,List,ListPlus,Worksheet' This warning will become an error in a future release.
src\03_Human_Resources_and_Payroll\page\PayrollRecRoleCenter1.Page.al(364,21): warning AL0729: The Property 'Promoted' can only be used if the property 'PageType' is set with any of the values of: 'Card,Document,List,ListPlus,Worksheet' This warning will become an error in a future release.
src\03_Human_Resources_and_Payroll\page\PayrollRecRoleCenter1.Page.al(381,21): warning AL0729: The Property 'Promoted' can only be used if the property 'PageType' is set with any of the values of: 'Card,Document,List,ListPlus,Worksheet' This warning will become an error in a future release.
src\03_Human_Resources_and_Payroll\page\PayrollRecRoleCenter1.Page.al(390,21): warning AL0729: The Property 'Promoted' can only be used if the property 'PageType' is set with any of the values of: 'Card,Document,List,ListPlus,Worksheet' This warning will become an error in a future release.
src\03_Human_Resources_and_Payroll\page\PayrollRecRoleCenter1.Page.al(481,21): warning AL0729: The Property 'Promoted' can only be used if the property 'PageType' is set with any of the values of: 'Card,Document,List,ListPlus,Worksheet' This warning will become an error in a future release.
src\03_Human_Resources_and_Payroll\page\PayrollRecRoleCenter1.Page.al(482,21): warning AL0729: The Property 'PromotedIsBig' can only be used if the property 'PageType' is set with any of the values of: 'Card,Document,List,ListPlus,Worksheet' This warning will become an error in a future release.
src\04_Clinical_and_Patient_Management\page\HMSCorporatependingInvoice.Page.al(583,29): warning AL0604: Use of implicit 'with' will be removed in the future. Qualify with 'Rec'. This warning will become an error in a future release.
src\04_Clinical_and_Patient_Management\page\HMSCorporatependingInvoice.Page.al(583,12): warning AL0604: Use of implicit 'with' will be removed in the future. Qualify with 'Rec'. This warning will become an error in a future release.
src\04_Clinical_and_Patient_Management\page\HMSCorporatependingInvoice.Page.al(584,26): warning AL0604: Use of implicit 'with' will be removed in the future. Qualify with 'Rec'. This warning will become an error in a future release.
src\04_Clinical_and_Patient_Management\page\HMSCorporatependingInvoice.Page.al(595,36): warning AL0604: Use of implicit 'with' will be removed in the future. Qualify with 'Rec'. This warning will become an error in a future release.
src\04_Clinical_and_Patient_Management\page\HMSCorporatependingInvoice.Page.al(611,71): warning AL0604: Use of implicit 'with' will be removed in the future. Qualify with 'Rec'. This warning will become an error in a future release.
src\04_Clinical_and_Patient_Management\page\HMSCorporatependingInvoice.Page.al(664,56): warning AL0604: Use of implicit 'with' will be removed in the future. Qualify with 'Rec'. This warning will become an error in a future release.
src\04_Clinical_and_Patient_Management\page\HMSCorporatependingInvoice.Page.al(676,48): warning AL0604: Use of implicit 'with' will be removed in the future. Qualify with 'Rec'. This warning will become an error in a future release.
src\04_Clinical_and_Patient_Management\page\HMSCorporatependingInvoice.Page.al(688,79): warning AL0604: Use of implicit 'with' will be removed in the future. Qualify with 'Rec'. This warning will become an error in a future release.
src\06_Portal_and_Integrations\page\ImprestLists.Page.al(55,86): warning AL0603: An implicit conversion is being performed from a value of type 'Option' to a value of type 'Enum System.Automation."Approval Document Type"'. This conversion can lead to unexpected runtime issues.
src\05_Inventory_and_Procurement\tableextension\PurchaseHeaderExt.TableExt.al(114,43): warning AL0603: An implicit conversion is being performed from a value of type 'Option' to a value of type 'Enum Microsoft.Purchases.Document."Purchase Line Type"'. This conversion can lead to unexpected runtime issues.
src\05_Inventory_and_Procurement\tableextension\PurchaseHeaderExt.TableExt.al(379,34): warning AL0603: An implicit conversion is being performed from a value of type 'Option' to a value of type 'Enum Microsoft.Purchases.Document."Purchase Line Type"'. This conversion can lead to unexpected runtime issues.
src\03_Human_Resources_and_Payroll\page\PostedStaffClaims.Page.al(210,91): warning AL0603: An implicit conversion is being performed from a value of type 'Option' to a value of type 'Enum System.Automation."Approval Document Type"'. This conversion can lead to unexpected runtime issues.
src\05_Inventory_and_Procurement\tableextension\PurchaseLineExt.TableExt.al(98,13): warning AL0600: The property 'OptionCaption' can only be set on elements of type Option. This warning will become an error in a future release.
src\05_Inventory_and_Procurement\tableextension\PurchaseLineExt.TableExt.al(1017,22): warning AL0717: The property 'CalcFormula' is required for the field 'Project Code' in TableExtension 'Purchase Line Ext' because the field's property 'FieldClass' is set to 'FlowField'.
src\05_Inventory_and_Procurement\tableextension\PurchaseLineExt.TableExt.al(1058,22): warning AL0717: The property 'CalcFormula' is required for the field 'Request for Quote No.' in TableExtension 'Purchase Line Ext' because the field's property 'FieldClass' is set to 'FlowField'.
src\05_Inventory_and_Procurement\table\Vendor2.Table.al(367,22): warning AL0717: The property 'CalcFormula' is required for the field 'Payments (LCY)' in Table 'Vendor2' because the field's property 'FieldClass' is set to 'FlowField'.
src\05_Inventory_and_Procurement\table\Vendor2.Table.al(905,22): warning AL0717: The property 'CalcFormula' is required for the field 'Pay-to No. of Return Orders' in Table 'Vendor2' because the field's property 'FieldClass' is set to 'FlowField'.
src\05_Inventory_and_Procurement\table\Vendor2.Table.al(912,22): warning AL0717: The property 'CalcFormula' is required for the field 'Pay-to No. of Credit Memos' in Table 'Vendor2' because the field's property 'FieldClass' is set to 'FlowField'.
src\05_Inventory_and_Procurement\table\Vendor2.Table.al(955,22): warning AL0717: The property 'CalcFormula' is required for the field 'No. of Blanket Orders' in Table 'Vendor2' because the field's property 'FieldClass' is set to 'FlowField'.
src\05_Inventory_and_Procurement\table\Vendor2.Table.al(977,22): warning AL0717: The property 'CalcFormula' is required for the field 'No. of Return Orders' in Table 'Vendor2' because the field's property 'FieldClass' is set to 'FlowField'.
src\05_Inventory_and_Procurement\table\Vendor2.Table.al(984,22): warning AL0717: The property 'CalcFormula' is required for the field 'No. of Credit Memos' in Table 'Vendor2' because the field's property 'FieldClass' is set to 'FlowField'.
src\05_Inventory_and_Procurement\table\Vendor2.Table.al(1006,22): warning AL0717: The property 'CalcFormula' is required for the field 'Pay-to No. of Blanket Orders' in Table 'Vendor2' because the field's property 'FieldClass' is set to 'FlowField'.
src\04_Clinical_and_Patient_Management\page\HMSDoctorWaitingList.Page.al(59,9): warning AL0604: Use of implicit 'with' will be removed in the future. Qualify with 'Rec'. This warning will become an error in a future release.
src\04_Clinical_and_Patient_Management\page\HMSDoctorWaitingList.Page.al(62,17): warning AL0604: Use of implicit 'with' will be removed in the future. Qualify with 'Rec'. This warning will become an error in a future release.
src\04_Clinical_and_Patient_Management\page\HMSDoctorWaitingList.Page.al(68,58): warning AL0604: Use of implicit 'with' will be removed in the future. Qualify with 'Rec'. This warning will become an error in a future release.
src\03_Human_Resources_and_Payroll\page\PRFLines.Page.al(114,56): warning AL0603: An implicit conversion is being performed from a value of type 'Enum Microsoft.Purchases.Document."Purchase Document Type"' to a value of type 'Option'. This conversion can lead to unexpected runtime issues.
src\03_Human_Resources_and_Payroll\page\PRFLines.Page.al(117,45): warning AL0603: An implicit conversion is being performed from a value of type 'Enum Microsoft.Purchases.Document."Purchase Line Type"' to a value of type 'Option'. This conversion can lead to unexpected runtime issues.
src\04_Clinical_and_Patient_Management\page\HMSHospitalRoleCentre1.Page.al(188,21): warning AL0729: The Property 'Promoted' can only be used if the property 'PageType' is set with any of the values of: 'Card,Document,List,ListPlus,Worksheet' This warning will become an error in a future release.
src\04_Clinical_and_Patient_Management\page\HMSHospitalRoleCentre1.Page.al(189,21): warning AL0729: The Property 'PromotedCategory' can only be used if the property 'PageType' is set with any of the values of: 'Card,Document,List,ListPlus,Worksheet' This warning will become an error in a future release.
src\04_Clinical_and_Patient_Management\page\HMSHospitalRoleCentre1.Page.al(190,21): warning AL0729: The Property 'PromotedIsBig' can only be used if the property 'PageType' is set with any of the values of: 'Card,Document,List,ListPlus,Worksheet' This warning will become an error in a future release.
src\04_Clinical_and_Patient_Management\page\HMSHospitalRoleCentre1.Page.al(199,21): warning AL0729: The Property 'Promoted' can only be used if the property 'PageType' is set with any of the values of: 'Card,Document,List,ListPlus,Worksheet' This warning will become an error in a future release.
src\04_Clinical_and_Patient_Management\page\HMSHospitalRoleCentre1.Page.al(200,21): warning AL0729: The Property 'PromotedCategory' can only be used if the property 'PageType' is set with any of the values of: 'Card,Document,List,ListPlus,Worksheet' This warning will become an error in a future release.
src\04_Clinical_and_Patient_Management\page\HMSHospitalRoleCentre1.Page.al(201,21): warning AL0729: The Property 'PromotedIsBig' can only be used if the property 'PageType' is set with any of the values of: 'Card,Document,List,ListPlus,Worksheet' This warning will become an error in a future release.
src\04_Clinical_and_Patient_Management\page\HMSHospitalRoleCentre1.Page.al(210,21): warning AL0729: The Property 'Promoted' can only be used if the property 'PageType' is set with any of the values of: 'Card,Document,List,ListPlus,Worksheet' This warning will become an error in a future release.
src\04_Clinical_and_Patient_Management\page\HMSHospitalRoleCentre1.Page.al(211,21): warning AL0729: The Property 'PromotedCategory' can only be used if the property 'PageType' is set with any of the values of: 'Card,Document,List,ListPlus,Worksheet' This warning will become an error in a future release.
src\04_Clinical_and_Patient_Management\page\HMSHospitalRoleCentre1.Page.al(212,21): warning AL0729: The Property 'PromotedIsBig' can only be used if the property 'PageType' is set with any of the values of: 'Card,Document,List,ListPlus,Worksheet' This warning will become an error in a future release.
src\04_Clinical_and_Patient_Management\page\HMSHospitalRoleCentre1.Page.al(226,21): warning AL0729: The Property 'Promoted' can only be used if the property 'PageType' is set with any of the values of: 'Card,Document,List,ListPlus,Worksheet' This warning will become an error in a future release.
src\04_Clinical_and_Patient_Management\page\HMSHospitalRoleCentre1.Page.al(227,21): warning AL0729: The Property 'PromotedCategory' can only be used if the property 'PageType' is set with any of the values of: 'Card,Document,List,ListPlus,Worksheet' This warning will become an error in a future release.
src\04_Clinical_and_Patient_Management\page\HMSHospitalRoleCentre1.Page.al(236,21): warning AL0729: The Property 'Promoted' can only be used if the property 'PageType' is set with any of the values of: 'Card,Document,List,ListPlus,Worksheet' This warning will become an error in a future release.
src\04_Clinical_and_Patient_Management\page\HMSHospitalRoleCentre1.Page.al(245,21): warning AL0729: The Property 'Promoted' can only be used if the property 'PageType' is set with any of the values of: 'Card,Document,List,ListPlus,Worksheet' This warning will become an error in a future release.
src\04_Clinical_and_Patient_Management\page\HMSHospitalRoleCentre1.Page.al(246,21): warning AL0729: The Property 'PromotedCategory' can only be used if the property 'PageType' is set with any of the values of: 'Card,Document,List,ListPlus,Worksheet' This warning will become an error in a future release.
src\04_Clinical_and_Patient_Management\page\HMSHospitalRoleCentre1.Page.al(259,21): warning AL0729: The Property 'Promoted' can only be used if the property 'PageType' is set with any of the values of: 'Card,Document,List,ListPlus,Worksheet' This warning will become an error in a future release.
src\04_Clinical_and_Patient_Management\page\HMSHospitalRoleCentre1.Page.al(260,21): warning AL0729: The Property 'PromotedIsBig' can only be used if the property 'PageType' is set with any of the values of: 'Card,Document,List,ListPlus,Worksheet' This warning will become an error in a future release.
src\04_Clinical_and_Patient_Management\page\HMSHospitalRoleCentre1.Page.al(269,21): warning AL0729: The Property 'Promoted' can only be used if the property 'PageType' is set with any of the values of: 'Card,Document,List,ListPlus,Worksheet' This warning will become an error in a future release.
src\04_Clinical_and_Patient_Management\page\HMSHospitalRoleCentre1.Page.al(270,21): warning AL0729: The Property 'PromotedIsBig' can only be used if the property 'PageType' is set with any of the values of: 'Card,Document,List,ListPlus,Worksheet' This warning will become an error in a future release.
src\04_Clinical_and_Patient_Management\page\HMSHospitalRoleCentre1.Page.al(295,29): warning AL0729: The Property 'Promoted' can only be used if the property 'PageType' is set with any of the values of: 'Card,Document,List,ListPlus,Worksheet' This warning will become an error in a future release.
src\04_Clinical_and_Patient_Management\page\HMSHospitalRoleCentre1.Page.al(296,29): warning AL0729: The Property 'PromotedIsBig' can only be used if the property 'PageType' is set with any of the values of: 'Card,Document,List,ListPlus,Worksheet' This warning will become an error in a future release.
src\04_Clinical_and_Patient_Management\page\HMSHospitalRoleCentre1.Page.al(305,29): warning AL0729: The Property 'Promoted' can only be used if the property 'PageType' is set with any of the values of: 'Card,Document,List,ListPlus,Worksheet' This warning will become an error in a future release.
src\04_Clinical_and_Patient_Management\page\HMSHospitalRoleCentre1.Page.al(306,29): warning AL0729: The Property 'PromotedIsBig' can only be used if the property 'PageType' is set with any of the values of: 'Card,Document,List,ListPlus,Worksheet' This warning will become an error in a future release.
src\04_Clinical_and_Patient_Management\page\HMSHospitalRoleCentre1.Page.al(315,29): warning AL0729: The Property 'Promoted' can only be used if the property 'PageType' is set with any of the values of: 'Card,Document,List,ListPlus,Worksheet' This warning will become an error in a future release.
src\04_Clinical_and_Patient_Management\page\HMSHospitalRoleCentre1.Page.al(316,29): warning AL0729: The Property 'PromotedIsBig' can only be used if the property 'PageType' is set with any of the values of: 'Card,Document,List,ListPlus,Worksheet' This warning will become an error in a future release.
src\04_Clinical_and_Patient_Management\page\HMSHospitalRoleCentre1.Page.al(325,29): warning AL0729: The Property 'Promoted' can only be used if the property 'PageType' is set with any of the values of: 'Card,Document,List,ListPlus,Worksheet' This warning will become an error in a future release.
src\04_Clinical_and_Patient_Management\page\HMSHospitalRoleCentre1.Page.al(326,29): warning AL0729: The Property 'PromotedIsBig' can only be used if the property 'PageType' is set with any of the values of: 'Card,Document,List,ListPlus,Worksheet' This warning will become an error in a future release.
src\04_Clinical_and_Patient_Management\page\HMSHospitalRoleCentre1.Page.al(335,29): warning AL0729: The Property 'Promoted' can only be used if the property 'PageType' is set with any of the values of: 'Card,Document,List,ListPlus,Worksheet' This warning will become an error in a future release.
src\04_Clinical_and_Patient_Management\page\HMSHospitalRoleCentre1.Page.al(336,29): warning AL0729: The Property 'PromotedIsBig' can only be used if the property 'PageType' is set with any of the values of: 'Card,Document,List,ListPlus,Worksheet' This warning will become an error in a future release.
src\04_Clinical_and_Patient_Management\page\HMSHospitalRoleCentre1.Page.al(345,29): warning AL0729: The Property 'Promoted' can only be used if the property 'PageType' is set with any of the values of: 'Card,Document,List,ListPlus,Worksheet' This warning will become an error in a future release.
src\04_Clinical_and_Patient_Management\page\HMSHospitalRoleCentre1.Page.al(346,29): warning AL0729: The Property 'PromotedIsBig' can only be used if the property 'PageType' is set with any of the values of: 'Card,Document,List,ListPlus,Worksheet' This warning will become an error in a future release.
src\04_Clinical_and_Patient_Management\page\HMSHospitalRoleCentre1.Page.al(356,25): warning AL0729: The Property 'Promoted' can only be used if the property 'PageType' is set with any of the values of: 'Card,Document,List,ListPlus,Worksheet' This warning will become an error in a future release.
src\04_Clinical_and_Patient_Management\page\HMSHospitalRoleCentre1.Page.al(357,25): warning AL0729: The Property 'PromotedIsBig' can only be used if the property 'PageType' is set with any of the values of: 'Card,Document,List,ListPlus,Worksheet' This warning will become an error in a future release.
src\04_Clinical_and_Patient_Management\page\HMSHospitalRoleCentre1.Page.al(367,25): warning AL0729: The Property 'Promoted' can only be used if the property 'PageType' is set with any of the values of: 'Card,Document,List,ListPlus,Worksheet' This warning will become an error in a future release.
src\04_Clinical_and_Patient_Management\page\HMSHospitalRoleCentre1.Page.al(368,25): warning AL0729: The Property 'PromotedIsBig' can only be used if the property 'PageType' is set with any of the values of: 'Card,Document,List,ListPlus,Worksheet' This warning will become an error in a future release.
src\04_Clinical_and_Patient_Management\page\HMSHospitalRoleCentre1.Page.al(377,25): warning AL0729: The Property 'Promoted' can only be used if the property 'PageType' is set with any of the values of: 'Card,Document,List,ListPlus,Worksheet' This warning will become an error in a future release.
src\04_Clinical_and_Patient_Management\page\HMSHospitalRoleCentre1.Page.al(378,25): warning AL0729: The Property 'PromotedIsBig' can only be used if the property 'PageType' is set with any of the values of: 'Card,Document,List,ListPlus,Worksheet' This warning will become an error in a future release.
src\04_Clinical_and_Patient_Management\page\HMSHospitalRoleCentre1.Page.al(387,25): warning AL0729: The Property 'Promoted' can only be used if the property 'PageType' is set with any of the values of: 'Card,Document,List,ListPlus,Worksheet' This warning will become an error in a future release.
src\04_Clinical_and_Patient_Management\page\HMSHospitalRoleCentre1.Page.al(388,25): warning AL0729: The Property 'PromotedIsBig' can only be used if the property 'PageType' is set with any of the values of: 'Card,Document,List,ListPlus,Worksheet' This warning will become an error in a future release.
src\04_Clinical_and_Patient_Management\page\HMSHospitalRoleCentre1.Page.al(396,25): warning AL0729: The Property 'Promoted' can only be used if the property 'PageType' is set with any of the values of: 'Card,Document,List,ListPlus,Worksheet' This warning will become an error in a future release.
src\04_Clinical_and_Patient_Management\page\HMSHospitalRoleCentre1.Page.al(397,25): warning AL0729: The Property 'PromotedIsBig' can only be used if the property 'PageType' is set with any of the values of: 'Card,Document,List,ListPlus,Worksheet' This warning will become an error in a future release.
src\04_Clinical_and_Patient_Management\page\HMSHospitalRoleCentre1.Page.al(407,25): warning AL0729: The Property 'Promoted' can only be used if the property 'PageType' is set with any of the values of: 'Card,Document,List,ListPlus,Worksheet' This warning will become an error in a future release.
src\04_Clinical_and_Patient_Management\page\HMSHospitalRoleCentre1.Page.al(408,25): warning AL0729: The Property 'PromotedIsBig' can only be used if the property 'PageType' is set with any of the values of: 'Card,Document,List,ListPlus,Worksheet' This warning will become an error in a future release.
src\04_Clinical_and_Patient_Management\page\HMSHospitalRoleCentre1.Page.al(417,25): warning AL0729: The Property 'Promoted' can only be used if the property 'PageType' is set with any of the values of: 'Card,Document,List,ListPlus,Worksheet' This warning will become an error in a future release.
src\04_Clinical_and_Patient_Management\page\HMSHospitalRoleCentre1.Page.al(418,25): warning AL0729: The Property 'PromotedIsBig' can only be used if the property 'PageType' is set with any of the values of: 'Card,Document,List,ListPlus,Worksheet' This warning will become an error in a future release.
src\04_Clinical_and_Patient_Management\page\HMSHospitalRoleCentre1.Page.al(440,29): warning AL0729: The Property 'Promoted' can only be used if the property 'PageType' is set with any of the values of: 'Card,Document,List,ListPlus,Worksheet' This warning will become an error in a future release.
src\04_Clinical_and_Patient_Management\page\HMSHospitalRoleCentre1.Page.al(441,29): warning AL0729: The Property 'PromotedIsBig' can only be used if the property 'PageType' is set with any of the values of: 'Card,Document,List,ListPlus,Worksheet' This warning will become an error in a future release.
src\04_Clinical_and_Patient_Management\page\HMSHospitalRoleCentre1.Page.al(450,29): warning AL0729: The Property 'Promoted' can only be used if the property 'PageType' is set with any of the values of: 'Card,Document,List,ListPlus,Worksheet' This warning will become an error in a future release.
src\04_Clinical_and_Patient_Management\page\HMSHospitalRoleCentre1.Page.al(451,29): warning AL0729: The Property 'PromotedIsBig' can only be used if the property 'PageType' is set with any of the values of: 'Card,Document,List,ListPlus,Worksheet' This warning will become an error in a future release.
src\04_Clinical_and_Patient_Management\page\HMSHospitalRoleCentre1.Page.al(460,29): warning AL0729: The Property 'Promoted' can only be used if the property 'PageType' is set with any of the values of: 'Card,Document,List,ListPlus,Worksheet' This warning will become an error in a future release.
src\04_Clinical_and_Patient_Management\page\HMSHospitalRoleCentre1.Page.al(461,29): warning AL0729: The Property 'PromotedIsBig' can only be used if the property 'PageType' is set with any of the values of: 'Card,Document,List,ListPlus,Worksheet' This warning will become an error in a future release.
src\04_Clinical_and_Patient_Management\page\HMSHospitalRoleCentre1.Page.al(470,29): warning AL0729: The Property 'Promoted' can only be used if the property 'PageType' is set with any of the values of: 'Card,Document,List,ListPlus,Worksheet' This warning will become an error in a future release.
src\04_Clinical_and_Patient_Management\page\HMSHospitalRoleCentre1.Page.al(471,29): warning AL0729: The Property 'PromotedIsBig' can only be used if the property 'PageType' is set with any of the values of: 'Card,Document,List,ListPlus,Worksheet' This warning will become an error in a future release.
src\04_Clinical_and_Patient_Management\page\HMSHospitalRoleCentre1.Page.al(480,29): warning AL0729: The Property 'Promoted' can only be used if the property 'PageType' is set with any of the values of: 'Card,Document,List,ListPlus,Worksheet' This warning will become an error in a future release.
src\04_Clinical_and_Patient_Management\page\HMSHospitalRoleCentre1.Page.al(481,29): warning AL0729: The Property 'PromotedIsBig' can only be used if the property 'PageType' is set with any of the values of: 'Card,Document,List,ListPlus,Worksheet' This warning will become an error in a future release.
src\04_Clinical_and_Patient_Management\page\HMSHospitalRoleCentre1.Page.al(490,29): warning AL0729: The Property 'Promoted' can only be used if the property 'PageType' is set with any of the values of: 'Card,Document,List,ListPlus,Worksheet' This warning will become an error in a future release.
src\04_Clinical_and_Patient_Management\page\HMSHospitalRoleCentre1.Page.al(491,29): warning AL0729: The Property 'PromotedIsBig' can only be used if the property 'PageType' is set with any of the values of: 'Card,Document,List,ListPlus,Worksheet' This warning will become an error in a future release.
src\04_Clinical_and_Patient_Management\page\HMSHospitalRoleCentre1.Page.al(500,29): warning AL0729: The Property 'Promoted' can only be used if the property 'PageType' is set with any of the values of: 'Card,Document,List,ListPlus,Worksheet' This warning will become an error in a future release.
src\04_Clinical_and_Patient_Management\page\HMSHospitalRoleCentre1.Page.al(501,29): warning AL0729: The Property 'PromotedIsBig' can only be used if the property 'PageType' is set with any of the values of: 'Card,Document,List,ListPlus,Worksheet' This warning will become an error in a future release.
src\04_Clinical_and_Patient_Management\page\HMSHospitalRoleCentre1.Page.al(515,29): warning AL0729: The Property 'Promoted' can only be used if the property 'PageType' is set with any of the values of: 'Card,Document,List,ListPlus,Worksheet' This warning will become an error in a future release.
src\04_Clinical_and_Patient_Management\page\HMSHospitalRoleCentre1.Page.al(516,29): warning AL0729: The Property 'PromotedIsBig' can only be used if the property 'PageType' is set with any of the values of: 'Card,Document,List,ListPlus,Worksheet' This warning will become an error in a future release.
src\04_Clinical_and_Patient_Management\page\HMSHospitalRoleCentre1.Page.al(525,29): warning AL0729: The Property 'Promoted' can only be used if the property 'PageType' is set with any of the values of: 'Card,Document,List,ListPlus,Worksheet' This warning will become an error in a future release.
src\04_Clinical_and_Patient_Management\page\HMSHospitalRoleCentre1.Page.al(526,29): warning AL0729: The Property 'PromotedIsBig' can only be used if the property 'PageType' is set with any of the values of: 'Card,Document,List,ListPlus,Worksheet' This warning will become an error in a future release.
src\04_Clinical_and_Patient_Management\page\HMSHospitalRoleCentre1.Page.al(535,29): warning AL0729: The Property 'Promoted' can only be used if the property 'PageType' is set with any of the values of: 'Card,Document,List,ListPlus,Worksheet' This warning will become an error in a future release.
src\04_Clinical_and_Patient_Management\page\HMSHospitalRoleCentre1.Page.al(536,29): warning AL0729: The Property 'PromotedIsBig' can only be used if the property 'PageType' is set with any of the values of: 'Card,Document,List,ListPlus,Worksheet' This warning will become an error in a future release.
src\04_Clinical_and_Patient_Management\page\HMSHospitalRoleCentre1.Page.al(549,25): warning AL0729: The Property 'Promoted' can only be used if the property 'PageType' is set with any of the values of: 'Card,Document,List,ListPlus,Worksheet' This warning will become an error in a future release.
src\04_Clinical_and_Patient_Management\page\HMSHospitalRoleCentre1.Page.al(550,25): warning AL0729: The Property 'PromotedIsBig' can only be used if the property 'PageType' is set with any of the values of: 'Card,Document,List,ListPlus,Worksheet' This warning will become an error in a future release.
src\04_Clinical_and_Patient_Management\page\HMSHospitalRoleCentre1.Page.al(559,25): warning AL0729: The Property 'Promoted' can only be used if the property 'PageType' is set with any of the values of: 'Card,Document,List,ListPlus,Worksheet' This warning will become an error in a future release.
src\04_Clinical_and_Patient_Management\page\HMSHospitalRoleCentre1.Page.al(560,25): warning AL0729: The Property 'PromotedIsBig' can only be used if the property 'PageType' is set with any of the values of: 'Card,Document,List,ListPlus,Worksheet' This warning will become an error in a future release.
src\04_Clinical_and_Patient_Management\page\HMSHospitalRoleCentre1.Page.al(650,21): warning AL0729: The Property 'Promoted' can only be used if the property 'PageType' is set with any of the values of: 'Card,Document,List,ListPlus,Worksheet' This warning will become an error in a future release.
src\04_Clinical_and_Patient_Management\page\HMSHospitalRoleCentre1.Page.al(660,21): warning AL0729: The Property 'Promoted' can only be used if the property 'PageType' is set with any of the values of: 'Card,Document,List,ListPlus,Worksheet' This warning will become an error in a future release.
src\04_Clinical_and_Patient_Management\page\HMSHospitalRoleCentre1.Page.al(675,21): warning AL0729: The Property 'Promoted' can only be used if the property 'PageType' is set with any of the values of: 'Card,Document,List,ListPlus,Worksheet' This warning will become an error in a future release.
src\04_Clinical_and_Patient_Management\page\HMSHospitalRoleCentre1.Page.al(684,21): warning AL0729: The Property 'Promoted' can only be used if the property 'PageType' is set with any of the values of: 'Card,Document,List,ListPlus,Worksheet' This warning will become an error in a future release.
src\04_Clinical_and_Patient_Management\page\HMSHospitalRoleCentre1.Page.al(693,21): warning AL0729: The Property 'Promoted' can only be used if the property 'PageType' is set with any of the values of: 'Card,Document,List,ListPlus,Worksheet' This warning will become an error in a future release.
src\04_Clinical_and_Patient_Management\page\HMSHospitalRoleCentre1.Page.al(751,21): warning AL0729: The Property 'Promoted' can only be used if the property 'PageType' is set with any of the values of: 'Card,Document,List,ListPlus,Worksheet' This warning will become an error in a future release.
src\04_Clinical_and_Patient_Management\page\HMSHospitalRoleCentre1.Page.al(752,21): warning AL0729: The Property 'PromotedCategory' can only be used if the property 'PageType' is set with any of the values of: 'Card,Document,List,ListPlus,Worksheet' This warning will become an error in a future release.
src\04_Clinical_and_Patient_Management\page\HMSHospitalRoleCentre1.Page.al(753,21): warning AL0729: The Property 'PromotedIsBig' can only be used if the property 'PageType' is set with any of the values of: 'Card,Document,List,ListPlus,Worksheet' This warning will become an error in a future release.
src\04_Clinical_and_Patient_Management\page\HMSHospitalRoleCentre1.Page.al(762,21): warning AL0729: The Property 'Promoted' can only be used if the property 'PageType' is set with any of the values of: 'Card,Document,List,ListPlus,Worksheet' This warning will become an error in a future release.
src\04_Clinical_and_Patient_Management\page\HMSHospitalRoleCentre1.Page.al(763,21): warning AL0729: The Property 'PromotedCategory' can only be used if the property 'PageType' is set with any of the values of: 'Card,Document,List,ListPlus,Worksheet' This warning will become an error in a future release.
src\04_Clinical_and_Patient_Management\page\HMSHospitalRoleCentre1.Page.al(764,21): warning AL0729: The Property 'PromotedIsBig' can only be used if the property 'PageType' is set with any of the values of: 'Card,Document,List,ListPlus,Worksheet' This warning will become an error in a future release.
src\04_Clinical_and_Patient_Management\page\HMSHospitalRoleCentre1.Page.al(773,21): warning AL0729: The Property 'Promoted' can only be used if the property 'PageType' is set with any of the values of: 'Card,Document,List,ListPlus,Worksheet' This warning will become an error in a future release.
src\04_Clinical_and_Patient_Management\page\HMSHospitalRoleCentre1.Page.al(774,21): warning AL0729: The Property 'PromotedCategory' can only be used if the property 'PageType' is set with any of the values of: 'Card,Document,List,ListPlus,Worksheet' This warning will become an error in a future release.
src\04_Clinical_and_Patient_Management\page\HMSHospitalRoleCentre1.Page.al(775,21): warning AL0729: The Property 'PromotedIsBig' can only be used if the property 'PageType' is set with any of the values of: 'Card,Document,List,ListPlus,Worksheet' This warning will become an error in a future release.
src\04_Clinical_and_Patient_Management\page\HMSHospitalRoleCentre1.Page.al(784,21): warning AL0729: The Property 'Promoted' can only be used if the property 'PageType' is set with any of the values of: 'Card,Document,List,ListPlus,Worksheet' This warning will become an error in a future release.
src\04_Clinical_and_Patient_Management\page\HMSHospitalRoleCentre1.Page.al(819,21): warning AL0729: The Property 'Promoted' can only be used if the property 'PageType' is set with any of the values of: 'Card,Document,List,ListPlus,Worksheet' This warning will become an error in a future release.
src\04_Clinical_and_Patient_Management\page\HMSHospitalRoleCentre1.Page.al(820,21): warning AL0729: The Property 'PromotedCategory' can only be used if the property 'PageType' is set with any of the values of: 'Card,Document,List,ListPlus,Worksheet' This warning will become an error in a future release.
src\04_Clinical_and_Patient_Management\page\HMSHospitalRoleCentre1.Page.al(821,21): warning AL0729: The Property 'PromotedIsBig' can only be used if the property 'PageType' is set with any of the values of: 'Card,Document,List,ListPlus,Worksheet' This warning will become an error in a future release.
src\04_Clinical_and_Patient_Management\page\HMSHospitalRoleCentre1.Page.al(830,21): warning AL0729: The Property 'Promoted' can only be used if the property 'PageType' is set with any of the values of: 'Card,Document,List,ListPlus,Worksheet' This warning will become an error in a future release.
src\04_Clinical_and_Patient_Management\page\HMSHospitalRoleCentre1.Page.al(839,21): warning AL0729: The Property 'Promoted' can only be used if the property 'PageType' is set with any of the values of: 'Card,Document,List,ListPlus,Worksheet' This warning will become an error in a future release.
src\04_Clinical_and_Patient_Management\page\HMSHospitalRoleCentre1.Page.al(853,21): warning AL0729: The Property 'Promoted' can only be used if the property 'PageType' is set with any of the values of: 'Card,Document,List,ListPlus,Worksheet' This warning will become an error in a future release.
src\04_Clinical_and_Patient_Management\page\HMSHospitalRoleCentre1.Page.al(854,21): warning AL0729: The Property 'PromotedCategory' can only be used if the property 'PageType' is set with any of the values of: 'Card,Document,List,ListPlus,Worksheet' This warning will become an error in a future release.
src\04_Clinical_and_Patient_Management\page\HMSHospitalRoleCentre1.Page.al(855,21): warning AL0729: The Property 'PromotedIsBig' can only be used if the property 'PageType' is set with any of the values of: 'Card,Document,List,ListPlus,Worksheet' This warning will become an error in a future release.
src\04_Clinical_and_Patient_Management\page\HMSHospitalRoleCentre1.Page.al(864,21): warning AL0729: The Property 'Promoted' can only be used if the property 'PageType' is set with any of the values of: 'Card,Document,List,ListPlus,Worksheet' This warning will become an error in a future release.
src\04_Clinical_and_Patient_Management\page\HMSHospitalRoleCentre1.Page.al(883,25): warning AL0729: The Property 'Promoted' can only be used if the property 'PageType' is set with any of the values of: 'Card,Document,List,ListPlus,Worksheet' This warning will become an error in a future release.
src\04_Clinical_and_Patient_Management\page\HMSHospitalRoleCentre1.Page.al(884,25): warning AL0729: The Property 'PromotedIsBig' can only be used if the property 'PageType' is set with any of the values of: 'Card,Document,List,ListPlus,Worksheet' This warning will become an error in a future release.
src\04_Clinical_and_Patient_Management\page\HMSHospitalRoleCentre1.Page.al(963,21): warning AL0729: The Property 'Promoted' can only be used if the property 'PageType' is set with any of the values of: 'Card,Document,List,ListPlus,Worksheet' This warning will become an error in a future release.
src\04_Clinical_and_Patient_Management\page\HMSHospitalRoleCentre1.Page.al(985,21): warning AL0729: The Property 'Promoted' can only be used if the property 'PageType' is set with any of the values of: 'Card,Document,List,ListPlus,Worksheet' This warning will become an error in a future release.
src\04_Clinical_and_Patient_Management\page\HMSHospitalRoleCentre1.Page.al(986,21): warning AL0729: The Property 'PromotedCategory' can only be used if the property 'PageType' is set with any of the values of: 'Card,Document,List,ListPlus,Worksheet' This warning will become an error in a future release.
src\04_Clinical_and_Patient_Management\page\HMSHospitalRoleCentre1.Page.al(987,21): warning AL0729: The Property 'PromotedIsBig' can only be used if the property 'PageType' is set with any of the values of: 'Card,Document,List,ListPlus,Worksheet' This warning will become an error in a future release.
src\04_Clinical_and_Patient_Management\page\HMSHospitalRoleCentre1.Page.al(996,21): warning AL0729: The Property 'Promoted' can only be used if the property 'PageType' is set with any of the values of: 'Card,Document,List,ListPlus,Worksheet' This warning will become an error in a future release.
src\04_Clinical_and_Patient_Management\page\HMSHospitalRoleCentre1.Page.al(1017,21): warning AL0729: The Property 'Promoted' can only be used if the property 'PageType' is set with any of the values of: 'Card,Document,List,ListPlus,Worksheet' This warning will become an error in a future release.
src\04_Clinical_and_Patient_Management\page\HMSHospitalRoleCentre1.Page.al(1018,21): warning AL0729: The Property 'PromotedCategory' can only be used if the property 'PageType' is set with any of the values of: 'Card,Document,List,ListPlus,Worksheet' This warning will become an error in a future release.
src\04_Clinical_and_Patient_Management\page\HMSHospitalRoleCentre1.Page.al(1019,21): warning AL0729: The Property 'PromotedIsBig' can only be used if the property 'PageType' is set with any of the values of: 'Card,Document,List,ListPlus,Worksheet' This warning will become an error in a future release.
src\04_Clinical_and_Patient_Management\page\HMSHospitalRoleCentre1.Page.al(1028,21): warning AL0729: The Property 'Promoted' can only be used if the property 'PageType' is set with any of the values of: 'Card,Document,List,ListPlus,Worksheet' This warning will become an error in a future release.
src\04_Clinical_and_Patient_Management\page\HMSHospitalRoleCentre1.Page.al(1043,21): warning AL0729: The Property 'Promoted' can only be used if the property 'PageType' is set with any of the values of: 'Card,Document,List,ListPlus,Worksheet' This warning will become an error in a future release.
src\04_Clinical_and_Patient_Management\page\HMSHospitalRoleCentre1.Page.al(1251,21): warning AL0729: The Property 'Promoted' can only be used if the property 'PageType' is set with any of the values of: 'Card,Document,List,ListPlus,Worksheet' This warning will become an error in a future release.
src\04_Clinical_and_Patient_Management\page\HMSHospitalRoleCentre1.Page.al(1252,21): warning AL0729: The Property 'PromotedCategory' can only be used if the property 'PageType' is set with any of the values of: 'Card,Document,List,ListPlus,Worksheet' This warning will become an error in a future release.
src\04_Clinical_and_Patient_Management\page\HMSHospitalRoleCentre1.Page.al(1261,21): warning AL0729: The Property 'Promoted' can only be used if the property 'PageType' is set with any of the values of: 'Card,Document,List,ListPlus,Worksheet' This warning will become an error in a future release.
src\04_Clinical_and_Patient_Management\page\HMSHospitalRoleCentre1.Page.al(1262,21): warning AL0729: The Property 'PromotedCategory' can only be used if the property 'PageType' is set with any of the values of: 'Card,Document,List,ListPlus,Worksheet' This warning will become an error in a future release.
src\04_Clinical_and_Patient_Management\page\HMSHospitalRoleCentre1.Page.al(1271,21): warning AL0729: The Property 'Promoted' can only be used if the property 'PageType' is set with any of the values of: 'Card,Document,List,ListPlus,Worksheet' This warning will become an error in a future release.
src\04_Clinical_and_Patient_Management\page\HMSHospitalRoleCentre1.Page.al(1272,21): warning AL0729: The Property 'PromotedCategory' can only be used if the property 'PageType' is set with any of the values of: 'Card,Document,List,ListPlus,Worksheet' This warning will become an error in a future release.
src\04_Clinical_and_Patient_Management\page\HMSHospitalRoleCentre1.Page.al(1281,21): warning AL0729: The Property 'Promoted' can only be used if the property 'PageType' is set with any of the values of: 'Card,Document,List,ListPlus,Worksheet' This warning will become an error in a future release.
src\04_Clinical_and_Patient_Management\page\HMSHospitalRoleCentre1.Page.al(1282,21): warning AL0729: The Property 'PromotedCategory' can only be used if the property 'PageType' is set with any of the values of: 'Card,Document,List,ListPlus,Worksheet' This warning will become an error in a future release.
src\04_Clinical_and_Patient_Management\page\HMSHospitalRoleCentre1.Page.al(1291,21): warning AL0729: The Property 'Promoted' can only be used if the property 'PageType' is set with any of the values of: 'Card,Document,List,ListPlus,Worksheet' This warning will become an error in a future release.
src\04_Clinical_and_Patient_Management\page\HMSHospitalRoleCentre1.Page.al(1292,21): warning AL0729: The Property 'PromotedCategory' can only be used if the property 'PageType' is set with any of the values of: 'Card,Document,List,ListPlus,Worksheet' This warning will become an error in a future release.
src\04_Clinical_and_Patient_Management\page\HMSHospitalRoleCentre1.Page.al(1301,21): warning AL0729: The Property 'Promoted' can only be used if the property 'PageType' is set with any of the values of: 'Card,Document,List,ListPlus,Worksheet' This warning will become an error in a future release.
src\04_Clinical_and_Patient_Management\page\HMSHospitalRoleCentre1.Page.al(1302,21): warning AL0729: The Property 'PromotedCategory' can only be used if the property 'PageType' is set with any of the values of: 'Card,Document,List,ListPlus,Worksheet' This warning will become an error in a future release.
src\04_Clinical_and_Patient_Management\page\HMSHospitalRoleCentre1.Page.al(1311,21): warning AL0729: The Property 'Promoted' can only be used if the property 'PageType' is set with any of the values of: 'Card,Document,List,ListPlus,Worksheet' This warning will become an error in a future release.
src\04_Clinical_and_Patient_Management\page\HMSHospitalRoleCentre1.Page.al(1312,21): warning AL0729: The Property 'PromotedCategory' can only be used if the property 'PageType' is set with any of the values of: 'Card,Document,List,ListPlus,Worksheet' This warning will become an error in a future release.
src\04_Clinical_and_Patient_Management\page\HMSHospitalRoleCentre1.Page.al(1321,21): warning AL0729: The Property 'Promoted' can only be used if the property 'PageType' is set with any of the values of: 'Card,Document,List,ListPlus,Worksheet' This warning will become an error in a future release.
src\04_Clinical_and_Patient_Management\page\HMSHospitalRoleCentre1.Page.al(1322,21): warning AL0729: The Property 'PromotedCategory' can only be used if the property 'PageType' is set with any of the values of: 'Card,Document,List,ListPlus,Worksheet' This warning will become an error in a future release.
src\04_Clinical_and_Patient_Management\page\HMSHospitalRoleCentre1.Page.al(1331,21): warning AL0729: The Property 'Promoted' can only be used if the property 'PageType' is set with any of the values of: 'Card,Document,List,ListPlus,Worksheet' This warning will become an error in a future release.
src\04_Clinical_and_Patient_Management\page\HMSHospitalRoleCentre1.Page.al(1332,21): warning AL0729: The Property 'PromotedCategory' can only be used if the property 'PageType' is set with any of the values of: 'Card,Document,List,ListPlus,Worksheet' This warning will become an error in a future release.
src\04_Clinical_and_Patient_Management\page\HMSHospitalRoleCentre1.Page.al(1341,21): warning AL0729: The Property 'Promoted' can only be used if the property 'PageType' is set with any of the values of: 'Card,Document,List,ListPlus,Worksheet' This warning will become an error in a future release.
src\04_Clinical_and_Patient_Management\page\HMSHospitalRoleCentre1.Page.al(1342,21): warning AL0729: The Property 'PromotedCategory' can only be used if the property 'PageType' is set with any of the values of: 'Card,Document,List,ListPlus,Worksheet' This warning will become an error in a future release.
src\04_Clinical_and_Patient_Management\page\HMSHospitalRoleCentre1.Page.al(1352,21): warning AL0729: The Property 'Promoted' can only be used if the property 'PageType' is set with any of the values of: 'Card,Document,List,ListPlus,Worksheet' This warning will become an error in a future release.
src\04_Clinical_and_Patient_Management\page\HMSHospitalRoleCentre1.Page.al(1353,21): warning AL0729: The Property 'PromotedCategory' can only be used if the property 'PageType' is set with any of the values of: 'Card,Document,List,ListPlus,Worksheet' This warning will become an error in a future release.
src\04_Clinical_and_Patient_Management\page\HMSHospitalRoleCentre1.Page.al(1362,21): warning AL0729: The Property 'Promoted' can only be used if the property 'PageType' is set with any of the values of: 'Card,Document,List,ListPlus,Worksheet' This warning will become an error in a future release.
src\04_Clinical_and_Patient_Management\page\HMSHospitalRoleCentre1.Page.al(1363,21): warning AL0729: The Property 'PromotedCategory' can only be used if the property 'PageType' is set with any of the values of: 'Card,Document,List,ListPlus,Worksheet' This warning will become an error in a future release.
src\04_Clinical_and_Patient_Management\page\HMSHospitalRoleCentre1.Page.al(1372,21): warning AL0729: The Property 'Promoted' can only be used if the property 'PageType' is set with any of the values of: 'Card,Document,List,ListPlus,Worksheet' This warning will become an error in a future release.
src\04_Clinical_and_Patient_Management\page\HMSHospitalRoleCentre1.Page.al(1373,21): warning AL0729: The Property 'PromotedCategory' can only be used if the property 'PageType' is set with any of the values of: 'Card,Document,List,ListPlus,Worksheet' This warning will become an error in a future release.
src\04_Clinical_and_Patient_Management\page\HMSHospitalRoleCentre1.Page.al(1382,21): warning AL0729: The Property 'Promoted' can only be used if the property 'PageType' is set with any of the values of: 'Card,Document,List,ListPlus,Worksheet' This warning will become an error in a future release.
src\04_Clinical_and_Patient_Management\page\HMSHospitalRoleCentre1.Page.al(1383,21): warning AL0729: The Property 'PromotedCategory' can only be used if the property 'PageType' is set with any of the values of: 'Card,Document,List,ListPlus,Worksheet' This warning will become an error in a future release.
src\04_Clinical_and_Patient_Management\page\HMSHospitalRoleCentre1.Page.al(1392,21): warning AL0729: The Property 'Promoted' can only be used if the property 'PageType' is set with any of the values of: 'Card,Document,List,ListPlus,Worksheet' This warning will become an error in a future release.
src\04_Clinical_and_Patient_Management\page\HMSHospitalRoleCentre1.Page.al(1393,21): warning AL0729: The Property 'PromotedCategory' can only be used if the property 'PageType' is set with any of the values of: 'Card,Document,List,ListPlus,Worksheet' This warning will become an error in a future release.
src\04_Clinical_and_Patient_Management\page\HMSHospitalRoleCentre1.Page.al(1402,21): warning AL0729: The Property 'Promoted' can only be used if the property 'PageType' is set with any of the values of: 'Card,Document,List,ListPlus,Worksheet' This warning will become an error in a future release.
src\04_Clinical_and_Patient_Management\page\HMSHospitalRoleCentre1.Page.al(1403,21): warning AL0729: The Property 'PromotedCategory' can only be used if the property 'PageType' is set with any of the values of: 'Card,Document,List,ListPlus,Worksheet' This warning will become an error in a future release.
src\04_Clinical_and_Patient_Management\page\HMSHospitalRoleCentre1.Page.al(1412,21): warning AL0729: The Property 'Promoted' can only be used if the property 'PageType' is set with any of the values of: 'Card,Document,List,ListPlus,Worksheet' This warning will become an error in a future release.
src\04_Clinical_and_Patient_Management\page\HMSHospitalRoleCentre1.Page.al(1413,21): warning AL0729: The Property 'PromotedCategory' can only be used if the property 'PageType' is set with any of the values of: 'Card,Document,List,ListPlus,Worksheet' This warning will become an error in a future release.
src\04_Clinical_and_Patient_Management\page\HMSHospitalRoleCentre1.Page.al(1423,21): warning AL0729: The Property 'Promoted' can only be used if the property 'PageType' is set with any of the values of: 'Card,Document,List,ListPlus,Worksheet' This warning will become an error in a future release.
src\04_Clinical_and_Patient_Management\page\HMSHospitalRoleCentre1.Page.al(1424,21): warning AL0729: The Property 'PromotedCategory' can only be used if the property 'PageType' is set with any of the values of: 'Card,Document,List,ListPlus,Worksheet' This warning will become an error in a future release.
src\04_Clinical_and_Patient_Management\page\HMSHospitalRoleCentre1.Page.al(1433,21): warning AL0729: The Property 'Promoted' can only be used if the property 'PageType' is set with any of the values of: 'Card,Document,List,ListPlus,Worksheet' This warning will become an error in a future release.
src\04_Clinical_and_Patient_Management\page\HMSHospitalRoleCentre1.Page.al(1434,21): warning AL0729: The Property 'PromotedCategory' can only be used if the property 'PageType' is set with any of the values of: 'Card,Document,List,ListPlus,Worksheet' This warning will become an error in a future release.
src\04_Clinical_and_Patient_Management\page\HMSHospitalRoleCentre1.Page.al(1443,21): warning AL0729: The Property 'Promoted' can only be used if the property 'PageType' is set with any of the values of: 'Card,Document,List,ListPlus,Worksheet' This warning will become an error in a future release.
src\04_Clinical_and_Patient_Management\page\HMSHospitalRoleCentre1.Page.al(1444,21): warning AL0729: The Property 'PromotedCategory' can only be used if the property 'PageType' is set with any of the values of: 'Card,Document,List,ListPlus,Worksheet' This warning will become an error in a future release.
src\04_Clinical_and_Patient_Management\page\HMSHospitalRoleCentre1.Page.al(1453,21): warning AL0729: The Property 'Promoted' can only be used if the property 'PageType' is set with any of the values of: 'Card,Document,List,ListPlus,Worksheet' This warning will become an error in a future release.
src\04_Clinical_and_Patient_Management\page\HMSHospitalRoleCentre1.Page.al(1454,21): warning AL0729: The Property 'PromotedCategory' can only be used if the property 'PageType' is set with any of the values of: 'Card,Document,List,ListPlus,Worksheet' This warning will become an error in a future release.
src\04_Clinical_and_Patient_Management\page\HMSHospitalRoleCentre1.Page.al(1463,21): warning AL0729: The Property 'Promoted' can only be used if the property 'PageType' is set with any of the values of: 'Card,Document,List,ListPlus,Worksheet' This warning will become an error in a future release.
src\04_Clinical_and_Patient_Management\page\HMSHospitalRoleCentre1.Page.al(1464,21): warning AL0729: The Property 'PromotedCategory' can only be used if the property 'PageType' is set with any of the values of: 'Card,Document,List,ListPlus,Worksheet' This warning will become an error in a future release.
src\04_Clinical_and_Patient_Management\page\HMSHospitalRoleCentre1.Page.al(1473,21): warning AL0729: The Property 'Promoted' can only be used if the property 'PageType' is set with any of the values of: 'Card,Document,List,ListPlus,Worksheet' This warning will become an error in a future release.
src\04_Clinical_and_Patient_Management\page\HMSHospitalRoleCentre1.Page.al(1474,21): warning AL0729: The Property 'PromotedCategory' can only be used if the property 'PageType' is set with any of the values of: 'Card,Document,List,ListPlus,Worksheet' This warning will become an error in a future release.
src\04_Clinical_and_Patient_Management\page\HMSHospitalRoleCentre1.Page.al(1483,21): warning AL0729: The Property 'Promoted' can only be used if the property 'PageType' is set with any of the values of: 'Card,Document,List,ListPlus,Worksheet' This warning will become an error in a future release.
src\04_Clinical_and_Patient_Management\page\HMSHospitalRoleCentre1.Page.al(1484,21): warning AL0729: The Property 'PromotedCategory' can only be used if the property 'PageType' is set with any of the values of: 'Card,Document,List,ListPlus,Worksheet' This warning will become an error in a future release.
src\04_Clinical_and_Patient_Management\page\HMSHospitalRoleCentre1.Page.al(1494,21): warning AL0729: The Property 'Promoted' can only be used if the property 'PageType' is set with any of the values of: 'Card,Document,List,ListPlus,Worksheet' This warning will become an error in a future release.
src\04_Clinical_and_Patient_Management\page\HMSHospitalRoleCentre1.Page.al(1495,21): warning AL0729: The Property 'PromotedCategory' can only be used if the property 'PageType' is set with any of the values of: 'Card,Document,List,ListPlus,Worksheet' This warning will become an error in a future release.
src\04_Clinical_and_Patient_Management\page\HMSHospitalRoleCentre1.Page.al(1504,21): warning AL0729: The Property 'Promoted' can only be used if the property 'PageType' is set with any of the values of: 'Card,Document,List,ListPlus,Worksheet' This warning will become an error in a future release.
src\04_Clinical_and_Patient_Management\page\HMSHospitalRoleCentre1.Page.al(1505,21): warning AL0729: The Property 'PromotedCategory' can only be used if the property 'PageType' is set with any of the values of: 'Card,Document,List,ListPlus,Worksheet' This warning will become an error in a future release.
src\04_Clinical_and_Patient_Management\page\HMSHospitalRoleCentre1.Page.al(1523,21): warning AL0729: The Property 'Promoted' can only be used if the property 'PageType' is set with any of the values of: 'Card,Document,List,ListPlus,Worksheet' This warning will become an error in a future release.
src\04_Clinical_and_Patient_Management\page\HMSHospitalRoleCentre1.Page.al(1524,21): warning AL0729: The Property 'PromotedCategory' can only be used if the property 'PageType' is set with any of the values of: 'Card,Document,List,ListPlus,Worksheet' This warning will become an error in a future release.
src\04_Clinical_and_Patient_Management\page\HMSHospitalRoleCentre1.Page.al(1533,21): warning AL0729: The Property 'Promoted' can only be used if the property 'PageType' is set with any of the values of: 'Card,Document,List,ListPlus,Worksheet' This warning will become an error in a future release.
src\04_Clinical_and_Patient_Management\page\HMSHospitalRoleCentre1.Page.al(1534,21): warning AL0729: The Property 'PromotedCategory' can only be used if the property 'PageType' is set with any of the values of: 'Card,Document,List,ListPlus,Worksheet' This warning will become an error in a future release.
src\04_Clinical_and_Patient_Management\page\HMSHospitalRoleCentre1.Page.al(1543,21): warning AL0729: The Property 'Promoted' can only be used if the property 'PageType' is set with any of the values of: 'Card,Document,List,ListPlus,Worksheet' This warning will become an error in a future release.
src\04_Clinical_and_Patient_Management\page\HMSHospitalRoleCentre1.Page.al(1544,21): warning AL0729: The Property 'PromotedCategory' can only be used if the property 'PageType' is set with any of the values of: 'Card,Document,List,ListPlus,Worksheet' This warning will become an error in a future release.
src\04_Clinical_and_Patient_Management\page\HMSHospitalRoleCentre1.Page.al(1553,21): warning AL0729: The Property 'Promoted' can only be used if the property 'PageType' is set with any of the values of: 'Card,Document,List,ListPlus,Worksheet' This warning will become an error in a future release.
src\04_Clinical_and_Patient_Management\page\HMSHospitalRoleCentre1.Page.al(1554,21): warning AL0729: The Property 'PromotedCategory' can only be used if the property 'PageType' is set with any of the values of: 'Card,Document,List,ListPlus,Worksheet' This warning will become an error in a future release.
src\04_Clinical_and_Patient_Management\page\HMSHospitalRoleCentre1.Page.al(1563,21): warning AL0729: The Property 'Promoted' can only be used if the property 'PageType' is set with any of the values of: 'Card,Document,List,ListPlus,Worksheet' This warning will become an error in a future release.
src\04_Clinical_and_Patient_Management\page\HMSHospitalRoleCentre1.Page.al(1564,21): warning AL0729: The Property 'PromotedCategory' can only be used if the property 'PageType' is set with any of the values of: 'Card,Document,List,ListPlus,Worksheet' This warning will become an error in a future release.
src\04_Clinical_and_Patient_Management\page\HMSHospitalRoleCentre1.Page.al(1573,21): warning AL0729: The Property 'Promoted' can only be used if the property 'PageType' is set with any of the values of: 'Card,Document,List,ListPlus,Worksheet' This warning will become an error in a future release.
src\04_Clinical_and_Patient_Management\page\HMSHospitalRoleCentre1.Page.al(1574,21): warning AL0729: The Property 'PromotedCategory' can only be used if the property 'PageType' is set with any of the values of: 'Card,Document,List,ListPlus,Worksheet' This warning will become an error in a future release.
src\04_Clinical_and_Patient_Management\page\HMSHospitalRoleCentre1.Page.al(1583,21): warning AL0729: The Property 'Promoted' can only be used if the property 'PageType' is set with any of the values of: 'Card,Document,List,ListPlus,Worksheet' This warning will become an error in a future release.
src\04_Clinical_and_Patient_Management\page\HMSHospitalRoleCentre1.Page.al(1584,21): warning AL0729: The Property 'PromotedCategory' can only be used if the property 'PageType' is set with any of the values of: 'Card,Document,List,ListPlus,Worksheet' This warning will become an error in a future release.
src\04_Clinical_and_Patient_Management\page\HMSHospitalRoleCentre1.Page.al(1593,21): warning AL0729: The Property 'Promoted' can only be used if the property 'PageType' is set with any of the values of: 'Card,Document,List,ListPlus,Worksheet' This warning will become an error in a future release.
src\04_Clinical_and_Patient_Management\page\HMSHospitalRoleCentre1.Page.al(1594,21): warning AL0729: The Property 'PromotedCategory' can only be used if the property 'PageType' is set with any of the values of: 'Card,Document,List,ListPlus,Worksheet' This warning will become an error in a future release.
src\04_Clinical_and_Patient_Management\page\HMSHospitalRoleCentre1.Page.al(1603,21): warning AL0729: The Property 'Promoted' can only be used if the property 'PageType' is set with any of the values of: 'Card,Document,List,ListPlus,Worksheet' This warning will become an error in a future release.
src\04_Clinical_and_Patient_Management\page\HMSHospitalRoleCentre1.Page.al(1604,21): warning AL0729: The Property 'PromotedCategory' can only be used if the property 'PageType' is set with any of the values of: 'Card,Document,List,ListPlus,Worksheet' This warning will become an error in a future release.
src\04_Clinical_and_Patient_Management\page\HMSHospitalRoleCentre1.Page.al(1613,21): warning AL0729: The Property 'Promoted' can only be used if the property 'PageType' is set with any of the values of: 'Card,Document,List,ListPlus,Worksheet' This warning will become an error in a future release.
src\04_Clinical_and_Patient_Management\page\HMSHospitalRoleCentre1.Page.al(1614,21): warning AL0729: The Property 'PromotedCategory' can only be used if the property 'PageType' is set with any of the values of: 'Card,Document,List,ListPlus,Worksheet' This warning will become an error in a future release.
src\04_Clinical_and_Patient_Management\page\HMSHospitalRoleCentre1.Page.al(1623,21): warning AL0729: The Property 'Promoted' can only be used if the property 'PageType' is set with any of the values of: 'Card,Document,List,ListPlus,Worksheet' This warning will become an error in a future release.
src\04_Clinical_and_Patient_Management\page\HMSHospitalRoleCentre1.Page.al(1624,21): warning AL0729: The Property 'PromotedCategory' can only be used if the property 'PageType' is set with any of the values of: 'Card,Document,List,ListPlus,Worksheet' This warning will become an error in a future release.
src\04_Clinical_and_Patient_Management\page\HMSHospitalRoleCentre1.Page.al(1633,21): warning AL0729: The Property 'Promoted' can only be used if the property 'PageType' is set with any of the values of: 'Card,Document,List,ListPlus,Worksheet' This warning will become an error in a future release.
src\04_Clinical_and_Patient_Management\page\HMSHospitalRoleCentre1.Page.al(1634,21): warning AL0729: The Property 'PromotedCategory' can only be used if the property 'PageType' is set with any of the values of: 'Card,Document,List,ListPlus,Worksheet' This warning will become an error in a future release.
src\04_Clinical_and_Patient_Management\page\HMSHospitalRoleCentre1.Page.al(1643,21): warning AL0729: The Property 'Promoted' can only be used if the property 'PageType' is set with any of the values of: 'Card,Document,List,ListPlus,Worksheet' This warning will become an error in a future release.
src\04_Clinical_and_Patient_Management\page\HMSHospitalRoleCentre1.Page.al(1644,21): warning AL0729: The Property 'PromotedCategory' can only be used if the property 'PageType' is set with any of the values of: 'Card,Document,List,ListPlus,Worksheet' This warning will become an error in a future release.
src\04_Clinical_and_Patient_Management\page\HMSHospitalRoleCentre1.Page.al(1653,21): warning AL0729: The Property 'Promoted' can only be used if the property 'PageType' is set with any of the values of: 'Card,Document,List,ListPlus,Worksheet' This warning will become an error in a future release.
src\04_Clinical_and_Patient_Management\page\HMSHospitalRoleCentre1.Page.al(1654,21): warning AL0729: The Property 'PromotedCategory' can only be used if the property 'PageType' is set with any of the values of: 'Card,Document,List,ListPlus,Worksheet' This warning will become an error in a future release.
src\04_Clinical_and_Patient_Management\page\HMSHospitalRoleCentre1.Page.al(1667,21): warning AL0729: The Property 'Promoted' can only be used if the property 'PageType' is set with any of the values of: 'Card,Document,List,ListPlus,Worksheet' This warning will become an error in a future release.
src\04_Clinical_and_Patient_Management\page\HMSHospitalRoleCentre1.Page.al(1668,21): warning AL0729: The Property 'PromotedCategory' can only be used if the property 'PageType' is set with any of the values of: 'Card,Document,List,ListPlus,Worksheet' This warning will become an error in a future release.
src\04_Clinical_and_Patient_Management\page\HMSHospitalRoleCentre1.Page.al(1692,21): warning AL0729: The Property 'Promoted' can only be used if the property 'PageType' is set with any of the values of: 'Card,Document,List,ListPlus,Worksheet' This warning will become an error in a future release.
src\04_Clinical_and_Patient_Management\page\HMSHospitalRoleCentre1.Page.al(1693,21): warning AL0729: The Property 'PromotedCategory' can only be used if the property 'PageType' is set with any of the values of: 'Card,Document,List,ListPlus,Worksheet' This warning will become an error in a future release.
src\04_Clinical_and_Patient_Management\page\HMSHospitalRoleCentre1.Page.al(1702,21): warning AL0729: The Property 'Promoted' can only be used if the property 'PageType' is set with any of the values of: 'Card,Document,List,ListPlus,Worksheet' This warning will become an error in a future release.
src\04_Clinical_and_Patient_Management\page\HMSHospitalRoleCentre1.Page.al(1703,21): warning AL0729: The Property 'PromotedCategory' can only be used if the property 'PageType' is set with any of the values of: 'Card,Document,List,ListPlus,Worksheet' This warning will become an error in a future release.
src\04_Clinical_and_Patient_Management\page\HMSHospitalRoleCentre1.Page.al(1712,21): warning AL0729: The Property 'Promoted' can only be used if the property 'PageType' is set with any of the values of: 'Card,Document,List,ListPlus,Worksheet' This warning will become an error in a future release.
src\04_Clinical_and_Patient_Management\page\HMSHospitalRoleCentre1.Page.al(1713,21): warning AL0729: The Property 'PromotedCategory' can only be used if the property 'PageType' is set with any of the values of: 'Card,Document,List,ListPlus,Worksheet' This warning will become an error in a future release.
src\04_Clinical_and_Patient_Management\page\HMSHospitalRoleCentre1.Page.al(1726,21): warning AL0729: The Property 'Promoted' can only be used if the property 'PageType' is set with any of the values of: 'Card,Document,List,ListPlus,Worksheet' This warning will become an error in a future release.
src\04_Clinical_and_Patient_Management\page\HMSHospitalRoleCentre1.Page.al(1727,21): warning AL0729: The Property 'PromotedCategory' can only be used if the property 'PageType' is set with any of the values of: 'Card,Document,List,ListPlus,Worksheet' This warning will become an error in a future release.
src\05_Inventory_and_Procurement\table\Vendor2.Table.al(1149,12): warning AL0667: 'IsServiceTier' is being deprecated in the versions: '1.0' or greater.  This warning will become an error in a future release.
src\04_Clinical_and_Patient_Management\page\HMSICURoleCentre.Page.al(65,25): warning AL0729: The Property 'Promoted' can only be used if the property 'PageType' is set with any of the values of: 'Card,Document,List,ListPlus,Worksheet' This warning will become an error in a future release.
src\04_Clinical_and_Patient_Management\page\HMSICURoleCentre.Page.al(66,25): warning AL0729: The Property 'PromotedIsBig' can only be used if the property 'PageType' is set with any of the values of: 'Card,Document,List,ListPlus,Worksheet' This warning will become an error in a future release.
src\04_Clinical_and_Patient_Management\page\HMSICURoleCentre.Page.al(75,25): warning AL0729: The Property 'Promoted' can only be used if the property 'PageType' is set with any of the values of: 'Card,Document,List,ListPlus,Worksheet' This warning will become an error in a future release.
src\04_Clinical_and_Patient_Management\page\HMSICURoleCentre.Page.al(76,25): warning AL0729: The Property 'PromotedIsBig' can only be used if the property 'PageType' is set with any of the values of: 'Card,Document,List,ListPlus,Worksheet' This warning will become an error in a future release.
src\04_Clinical_and_Patient_Management\page\HMSICURoleCentre.Page.al(85,25): warning AL0729: The Property 'Promoted' can only be used if the property 'PageType' is set with any of the values of: 'Card,Document,List,ListPlus,Worksheet' This warning will become an error in a future release.
src\04_Clinical_and_Patient_Management\page\HMSICURoleCentre.Page.al(86,25): warning AL0729: The Property 'PromotedIsBig' can only be used if the property 'PageType' is set with any of the values of: 'Card,Document,List,ListPlus,Worksheet' This warning will become an error in a future release.
src\04_Clinical_and_Patient_Management\page\HMSICURoleCentre.Page.al(104,25): warning AL0729: The Property 'Promoted' can only be used if the property 'PageType' is set with any of the values of: 'Card,Document,List,ListPlus,Worksheet' This warning will become an error in a future release.
src\04_Clinical_and_Patient_Management\page\HMSICURoleCentre.Page.al(105,25): warning AL0729: The Property 'PromotedIsBig' can only be used if the property 'PageType' is set with any of the values of: 'Card,Document,List,ListPlus,Worksheet' This warning will become an error in a future release.
src\04_Clinical_and_Patient_Management\page\HMSICURoleCentre.Page.al(114,25): warning AL0729: The Property 'Promoted' can only be used if the property 'PageType' is set with any of the values of: 'Card,Document,List,ListPlus,Worksheet' This warning will become an error in a future release.
src\04_Clinical_and_Patient_Management\page\HMSICURoleCentre.Page.al(115,25): warning AL0729: The Property 'PromotedIsBig' can only be used if the property 'PageType' is set with any of the values of: 'Card,Document,List,ListPlus,Worksheet' This warning will become an error in a future release.
src\04_Clinical_and_Patient_Management\page\HMSICURoleCentre.Page.al(124,25): warning AL0729: The Property 'Promoted' can only be used if the property 'PageType' is set with any of the values of: 'Card,Document,List,ListPlus,Worksheet' This warning will become an error in a future release.
src\04_Clinical_and_Patient_Management\page\HMSICURoleCentre.Page.al(125,25): warning AL0729: The Property 'PromotedCategory' can only be used if the property 'PageType' is set with any of the values of: 'Card,Document,List,ListPlus,Worksheet' This warning will become an error in a future release.
src\04_Clinical_and_Patient_Management\page\HMSICURoleCentre.Page.al(134,25): warning AL0729: The Property 'Promoted' can only be used if the property 'PageType' is set with any of the values of: 'Card,Document,List,ListPlus,Worksheet' This warning will become an error in a future release.
src\04_Clinical_and_Patient_Management\page\HMSICURoleCentre.Page.al(135,25): warning AL0729: The Property 'PromotedCategory' can only be used if the property 'PageType' is set with any of the values of: 'Card,Document,List,ListPlus,Worksheet' This warning will become an error in a future release.
src\04_Clinical_and_Patient_Management\page\HMSICURoleCentre.Page.al(144,25): warning AL0729: The Property 'Promoted' can only be used if the property 'PageType' is set with any of the values of: 'Card,Document,List,ListPlus,Worksheet' This warning will become an error in a future release.
src\04_Clinical_and_Patient_Management\page\HMSICURoleCentre.Page.al(145,25): warning AL0729: The Property 'PromotedCategory' can only be used if the property 'PageType' is set with any of the values of: 'Card,Document,List,ListPlus,Worksheet' This warning will become an error in a future release.
src\04_Clinical_and_Patient_Management\page\HMSICURoleCentre.Page.al(154,25): warning AL0729: The Property 'Promoted' can only be used if the property 'PageType' is set with any of the values of: 'Card,Document,List,ListPlus,Worksheet' This warning will become an error in a future release.
src\04_Clinical_and_Patient_Management\page\HMSICURoleCentre.Page.al(155,25): warning AL0729: The Property 'PromotedCategory' can only be used if the property 'PageType' is set with any of the values of: 'Card,Document,List,ListPlus,Worksheet' This warning will become an error in a future release.
src\04_Clinical_and_Patient_Management\page\HMSICURoleCentre.Page.al(164,25): warning AL0729: The Property 'Promoted' can only be used if the property 'PageType' is set with any of the values of: 'Card,Document,List,ListPlus,Worksheet' This warning will become an error in a future release.
src\04_Clinical_and_Patient_Management\page\HMSICURoleCentre.Page.al(165,25): warning AL0729: The Property 'PromotedCategory' can only be used if the property 'PageType' is set with any of the values of: 'Card,Document,List,ListPlus,Worksheet' This warning will become an error in a future release.
src\04_Clinical_and_Patient_Management\page\HMSICURoleCentre.Page.al(174,25): warning AL0729: The Property 'Promoted' can only be used if the property 'PageType' is set with any of the values of: 'Card,Document,List,ListPlus,Worksheet' This warning will become an error in a future release.
src\04_Clinical_and_Patient_Management\page\HMSICURoleCentre.Page.al(175,25): warning AL0729: The Property 'PromotedCategory' can only be used if the property 'PageType' is set with any of the values of: 'Card,Document,List,ListPlus,Worksheet' This warning will become an error in a future release.
src\04_Clinical_and_Patient_Management\page\HMSICURoleCentre.Page.al(184,25): warning AL0729: The Property 'Promoted' can only be used if the property 'PageType' is set with any of the values of: 'Card,Document,List,ListPlus,Worksheet' This warning will become an error in a future release.
src\04_Clinical_and_Patient_Management\page\HMSICURoleCentre.Page.al(185,25): warning AL0729: The Property 'PromotedCategory' can only be used if the property 'PageType' is set with any of the values of: 'Card,Document,List,ListPlus,Worksheet' This warning will become an error in a future release.
src\04_Clinical_and_Patient_Management\page\HMSICURoleCentre.Page.al(194,25): warning AL0729: The Property 'Promoted' can only be used if the property 'PageType' is set with any of the values of: 'Card,Document,List,ListPlus,Worksheet' This warning will become an error in a future release.
src\04_Clinical_and_Patient_Management\page\HMSICURoleCentre.Page.al(195,25): warning AL0729: The Property 'PromotedCategory' can only be used if the property 'PageType' is set with any of the values of: 'Card,Document,List,ListPlus,Worksheet' This warning will become an error in a future release.
src\04_Clinical_and_Patient_Management\page\HMSICURoleCentre.Page.al(204,25): warning AL0729: The Property 'Promoted' can only be used if the property 'PageType' is set with any of the values of: 'Card,Document,List,ListPlus,Worksheet' This warning will become an error in a future release.
src\04_Clinical_and_Patient_Management\page\HMSICURoleCentre.Page.al(205,25): warning AL0729: The Property 'PromotedCategory' can only be used if the property 'PageType' is set with any of the values of: 'Card,Document,List,ListPlus,Worksheet' This warning will become an error in a future release.
src\04_Clinical_and_Patient_Management\page\HMSICURoleCentre.Page.al(229,21): warning AL0729: The Property 'Promoted' can only be used if the property 'PageType' is set with any of the values of: 'Card,Document,List,ListPlus,Worksheet' This warning will become an error in a future release.
src\04_Clinical_and_Patient_Management\page\HMSICURoleCentre.Page.al(237,21): warning AL0729: The Property 'Promoted' can only be used if the property 'PageType' is set with any of the values of: 'Card,Document,List,ListPlus,Worksheet' This warning will become an error in a future release.
src\04_Clinical_and_Patient_Management\page\HMSICURoleCentre.Page.al(262,21): warning AL0729: The Property 'Promoted' can only be used if the property 'PageType' is set with any of the values of: 'Card,Document,List,ListPlus,Worksheet' This warning will become an error in a future release.
src\04_Clinical_and_Patient_Management\page\HMSICURoleCentre.Page.al(276,21): warning AL0729: The Property 'Promoted' can only be used if the property 'PageType' is set with any of the values of: 'Card,Document,List,ListPlus,Worksheet' This warning will become an error in a future release.
src\04_Clinical_and_Patient_Management\page\HMSICURoleCentre.Page.al(285,21): warning AL0729: The Property 'Promoted' can only be used if the property 'PageType' is set with any of the values of: 'Card,Document,List,ListPlus,Worksheet' This warning will become an error in a future release.
src\04_Clinical_and_Patient_Management\page\HMSICURoleCentre.Page.al(294,21): warning AL0729: The Property 'Promoted' can only be used if the property 'PageType' is set with any of the values of: 'Card,Document,List,ListPlus,Worksheet' This warning will become an error in a future release.
src\06_Portal_and_Integrations\page\ImprestListUP.Page.al(58,86): warning AL0603: An implicit conversion is being performed from a value of type 'Option' to a value of type 'Enum System.Automation."Approval Document Type"'. This conversion can lead to unexpected runtime issues.
src\05_Inventory_and_Procurement\table\VendorLedgerEntry1.Table.al(704,28): warning AL0603: An implicit conversion is being performed from a value of type 'Enum Microsoft.Finance.GeneralLedger.Journal."Gen. Journal Document Type"' to a value of type 'Option'. This conversion can lead to unexpected runtime issues.
src\05_Inventory_and_Procurement\table\VendorLedgerEntry1.Table.al(719,35): warning AL0603: An implicit conversion is being performed from a value of type 'Enum Microsoft.Finance.GeneralLedger.Journal."Gen. Journal Document Type"' to a value of type 'Option'. This conversion can lead to unexpected runtime issues.
src\05_Inventory_and_Procurement\table\VendorLedgerEntry1.Table.al(727,32): warning AL0603: An implicit conversion is being performed from a value of type 'Enum Microsoft.Finance.GeneralLedger.Journal."Gen. Journal Account Type"' to a value of type 'Option'. This conversion can lead to unexpected runtime issues.
src\03_Human_Resources_and_Payroll\page\prHeaderSalaryCard.Page.al(510,52): warning AL0604: Use of implicit 'with' will be removed in the future. Qualify with 'Rec'. This warning will become an error in a future release.
src\03_Human_Resources_and_Payroll\page\prHeaderSalaryCard.Page.al(622,40): warning AL0604: Use of implicit 'with' will be removed in the future. Qualify with 'Rec'. This warning will become an error in a future release.
src\02_Finance_and_GL\page\PaymentVouchers.Page.al(889,46): warning AL0603: An implicit conversion is being performed from a value of type 'Option' to a value of type 'Enum Microsoft.Finance.GeneralLedger.Journal."Gen. Journal Account Type"'. This conversion can lead to unexpected runtime issues.
src\02_Finance_and_GL\page\PaymentVouchers.Page.al(995,50): warning AL0603: An implicit conversion is being performed from a value of type 'Option' to a value of type 'Enum Microsoft.Finance.GeneralLedger.Journal."Gen. Journal Account Type"'. This conversion can lead to unexpected runtime issues.
src\02_Finance_and_GL\page\PaymentVouchers.Page.al(1048,50): warning AL0603: An implicit conversion is being performed from a value of type 'Option' to a value of type 'Enum Microsoft.Finance.GeneralLedger.Journal."Gen. Journal Account Type"'. This conversion can lead to unexpected runtime issues.
src\02_Finance_and_GL\page\PaymentVouchers.Page.al(1146,46): warning AL0603: An implicit conversion is being performed from a value of type 'Option' to a value of type 'Enum Microsoft.Finance.GeneralLedger.Journal."Gen. Journal Account Type"'. This conversion can lead to unexpected runtime issues.
src\02_Finance_and_GL\page\PaymentVouchers.Page.al(1335,46): warning AL0603: An implicit conversion is being performed from a value of type 'Option' to a value of type 'Enum Microsoft.Finance.GeneralLedger.Journal."Gen. Journal Account Type"'. This conversion can lead to unexpected runtime issues.
src\03_Human_Resources_and_Payroll\page\prMassPCACard.Page.al(141,81): warning AL0603: An implicit conversion is being performed from a value of type 'Option' to a value of type 'Enum System.Automation."Approval Document Type"'. This conversion can lead to unexpected runtime issues.
src\03_Human_Resources_and_Payroll\page\prMassPCACardVW.Page.al(105,87): warning AL0603: An implicit conversion is being performed from a value of type 'Option' to a value of type 'Enum System.Automation."Approval Document Type"'. This conversion can lead to unexpected runtime issues.
src\07_Administration_and_Security\page\CEORoleCenter.Page.al(223,25): warning AL0729: The Property 'Promoted' can only be used if the property 'PageType' is set with any of the values of: 'Card,Document,List,ListPlus,Worksheet' This warning will become an error in a future release.
src\07_Administration_and_Security\page\CEORoleCenter.Page.al(224,25): warning AL0729: The Property 'PromotedCategory' can only be used if the property 'PageType' is set with any of the values of: 'Card,Document,List,ListPlus,Worksheet' This warning will become an error in a future release.
src\07_Administration_and_Security\page\CEORoleCenter.Page.al(225,25): warning AL0729: The Property 'PromotedIsBig' can only be used if the property 'PageType' is set with any of the values of: 'Card,Document,List,ListPlus,Worksheet' This warning will become an error in a future release.
src\07_Administration_and_Security\page\CEORoleCenter.Page.al(234,25): warning AL0729: The Property 'Promoted' can only be used if the property 'PageType' is set with any of the values of: 'Card,Document,List,ListPlus,Worksheet' This warning will become an error in a future release.
src\07_Administration_and_Security\page\CEORoleCenter.Page.al(235,25): warning AL0729: The Property 'PromotedCategory' can only be used if the property 'PageType' is set with any of the values of: 'Card,Document,List,ListPlus,Worksheet' This warning will become an error in a future release.
src\07_Administration_and_Security\page\CEORoleCenter.Page.al(236,25): warning AL0729: The Property 'PromotedIsBig' can only be used if the property 'PageType' is set with any of the values of: 'Card,Document,List,ListPlus,Worksheet' This warning will become an error in a future release.
src\07_Administration_and_Security\page\CEORoleCenter.Page.al(245,25): warning AL0729: The Property 'Promoted' can only be used if the property 'PageType' is set with any of the values of: 'Card,Document,List,ListPlus,Worksheet' This warning will become an error in a future release.
src\07_Administration_and_Security\page\CEORoleCenter.Page.al(246,25): warning AL0729: The Property 'PromotedCategory' can only be used if the property 'PageType' is set with any of the values of: 'Card,Document,List,ListPlus,Worksheet' This warning will become an error in a future release.
src\07_Administration_and_Security\page\CEORoleCenter.Page.al(247,25): warning AL0729: The Property 'PromotedIsBig' can only be used if the property 'PageType' is set with any of the values of: 'Card,Document,List,ListPlus,Worksheet' This warning will become an error in a future release.
src\07_Administration_and_Security\page\CEORoleCenter.Page.al(256,25): warning AL0729: The Property 'Promoted' can only be used if the property 'PageType' is set with any of the values of: 'Card,Document,List,ListPlus,Worksheet' This warning will become an error in a future release.
src\07_Administration_and_Security\page\CEORoleCenter.Page.al(257,25): warning AL0729: The Property 'PromotedCategory' can only be used if the property 'PageType' is set with any of the values of: 'Card,Document,List,ListPlus,Worksheet' This warning will become an error in a future release.
src\07_Administration_and_Security\page\CEORoleCenter.Page.al(258,25): warning AL0729: The Property 'PromotedIsBig' can only be used if the property 'PageType' is set with any of the values of: 'Card,Document,List,ListPlus,Worksheet' This warning will become an error in a future release.
src\07_Administration_and_Security\page\CEORoleCenter.Page.al(267,25): warning AL0729: The Property 'Promoted' can only be used if the property 'PageType' is set with any of the values of: 'Card,Document,List,ListPlus,Worksheet' This warning will become an error in a future release.
src\07_Administration_and_Security\page\CEORoleCenter.Page.al(268,25): warning AL0729: The Property 'PromotedCategory' can only be used if the property 'PageType' is set with any of the values of: 'Card,Document,List,ListPlus,Worksheet' This warning will become an error in a future release.
src\07_Administration_and_Security\page\CEORoleCenter.Page.al(269,25): warning AL0729: The Property 'PromotedIsBig' can only be used if the property 'PageType' is set with any of the values of: 'Card,Document,List,ListPlus,Worksheet' This warning will become an error in a future release.
src\07_Administration_and_Security\page\CEORoleCenter.Page.al(326,21): warning AL0729: The Property 'Promoted' can only be used if the property 'PageType' is set with any of the values of: 'Card,Document,List,ListPlus,Worksheet' This warning will become an error in a future release.
src\07_Administration_and_Security\page\CEORoleCenter.Page.al(327,21): warning AL0729: The Property 'PromotedCategory' can only be used if the property 'PageType' is set with any of the values of: 'Card,Document,List,ListPlus,Worksheet' This warning will become an error in a future release.
src\07_Administration_and_Security\page\CEORoleCenter.Page.al(328,21): warning AL0729: The Property 'PromotedIsBig' can only be used if the property 'PageType' is set with any of the values of: 'Card,Document,List,ListPlus,Worksheet' This warning will become an error in a future release.
src\07_Administration_and_Security\page\CEORoleCenter.Page.al(337,21): warning AL0729: The Property 'Promoted' can only be used if the property 'PageType' is set with any of the values of: 'Card,Document,List,ListPlus,Worksheet' This warning will become an error in a future release.
src\07_Administration_and_Security\page\CEORoleCenter.Page.al(338,21): warning AL0729: The Property 'PromotedCategory' can only be used if the property 'PageType' is set with any of the values of: 'Card,Document,List,ListPlus,Worksheet' This warning will become an error in a future release.
src\07_Administration_and_Security\page\CEORoleCenter.Page.al(352,21): warning AL0729: The Property 'Promoted' can only be used if the property 'PageType' is set with any of the values of: 'Card,Document,List,ListPlus,Worksheet' This warning will become an error in a future release.
src\07_Administration_and_Security\page\CEORoleCenter.Page.al(353,21): warning AL0729: The Property 'PromotedCategory' can only be used if the property 'PageType' is set with any of the values of: 'Card,Document,List,ListPlus,Worksheet' This warning will become an error in a future release.
src\07_Administration_and_Security\page\CEORoleCenter.Page.al(362,21): warning AL0729: The Property 'Promoted' can only be used if the property 'PageType' is set with any of the values of: 'Card,Document,List,ListPlus,Worksheet' This warning will become an error in a future release.
src\07_Administration_and_Security\page\CEORoleCenter.Page.al(371,21): warning AL0729: The Property 'Promoted' can only be used if the property 'PageType' is set with any of the values of: 'Card,Document,List,ListPlus,Worksheet' This warning will become an error in a future release.
src\07_Administration_and_Security\page\CEORoleCenter.Page.al(372,21): warning AL0729: The Property 'PromotedCategory' can only be used if the property 'PageType' is set with any of the values of: 'Card,Document,List,ListPlus,Worksheet' This warning will become an error in a future release.
src\07_Administration_and_Security\page\CEORoleCenter.Page.al(385,21): warning AL0729: The Property 'Promoted' can only be used if the property 'PageType' is set with any of the values of: 'Card,Document,List,ListPlus,Worksheet' This warning will become an error in a future release.
src\07_Administration_and_Security\page\CEORoleCenter.Page.al(386,21): warning AL0729: The Property 'PromotedIsBig' can only be used if the property 'PageType' is set with any of the values of: 'Card,Document,List,ListPlus,Worksheet' This warning will become an error in a future release.
src\07_Administration_and_Security\page\CEORoleCenter.Page.al(395,21): warning AL0729: The Property 'Promoted' can only be used if the property 'PageType' is set with any of the values of: 'Card,Document,List,ListPlus,Worksheet' This warning will become an error in a future release.
src\07_Administration_and_Security\page\CEORoleCenter.Page.al(396,21): warning AL0729: The Property 'PromotedIsBig' can only be used if the property 'PageType' is set with any of the values of: 'Card,Document,List,ListPlus,Worksheet' This warning will become an error in a future release.
src\07_Administration_and_Security\page\CEORoleCenter.Page.al(506,25): warning AL0729: The Property 'Promoted' can only be used if the property 'PageType' is set with any of the values of: 'Card,Document,List,ListPlus,Worksheet' This warning will become an error in a future release.
src\07_Administration_and_Security\page\CEORoleCenter.Page.al(507,25): warning AL0729: The Property 'PromotedIsBig' can only be used if the property 'PageType' is set with any of the values of: 'Card,Document,List,ListPlus,Worksheet' This warning will become an error in a future release.
src\07_Administration_and_Security\page\CEORoleCenter.Page.al(516,25): warning AL0729: The Property 'Promoted' can only be used if the property 'PageType' is set with any of the values of: 'Card,Document,List,ListPlus,Worksheet' This warning will become an error in a future release.
src\07_Administration_and_Security\page\CEORoleCenter.Page.al(517,25): warning AL0729: The Property 'PromotedIsBig' can only be used if the property 'PageType' is set with any of the values of: 'Card,Document,List,ListPlus,Worksheet' This warning will become an error in a future release.
src\07_Administration_and_Security\page\CEORoleCenter.Page.al(526,25): warning AL0729: The Property 'Promoted' can only be used if the property 'PageType' is set with any of the values of: 'Card,Document,List,ListPlus,Worksheet' This warning will become an error in a future release.
src\07_Administration_and_Security\page\CEORoleCenter.Page.al(527,25): warning AL0729: The Property 'PromotedIsBig' can only be used if the property 'PageType' is set with any of the values of: 'Card,Document,List,ListPlus,Worksheet' This warning will become an error in a future release.
src\07_Administration_and_Security\page\CEORoleCenter.Page.al(536,25): warning AL0729: The Property 'Promoted' can only be used if the property 'PageType' is set with any of the values of: 'Card,Document,List,ListPlus,Worksheet' This warning will become an error in a future release.
src\07_Administration_and_Security\page\CEORoleCenter.Page.al(537,25): warning AL0729: The Property 'PromotedIsBig' can only be used if the property 'PageType' is set with any of the values of: 'Card,Document,List,ListPlus,Worksheet' This warning will become an error in a future release.
src\07_Administration_and_Security\page\CEORoleCenter.Page.al(546,25): warning AL0729: The Property 'Promoted' can only be used if the property 'PageType' is set with any of the values of: 'Card,Document,List,ListPlus,Worksheet' This warning will become an error in a future release.
src\07_Administration_and_Security\page\CEORoleCenter.Page.al(547,25): warning AL0729: The Property 'PromotedIsBig' can only be used if the property 'PageType' is set with any of the values of: 'Card,Document,List,ListPlus,Worksheet' This warning will become an error in a future release.
src\07_Administration_and_Security\page\CEORoleCenter.Page.al(563,25): warning AL0729: The Property 'Promoted' can only be used if the property 'PageType' is set with any of the values of: 'Card,Document,List,ListPlus,Worksheet' This warning will become an error in a future release.
src\07_Administration_and_Security\page\CEORoleCenter.Page.al(564,25): warning AL0729: The Property 'PromotedIsBig' can only be used if the property 'PageType' is set with any of the values of: 'Card,Document,List,ListPlus,Worksheet' This warning will become an error in a future release.
src\07_Administration_and_Security\page\CEORoleCenter.Page.al(573,25): warning AL0729: The Property 'Promoted' can only be used if the property 'PageType' is set with any of the values of: 'Card,Document,List,ListPlus,Worksheet' This warning will become an error in a future release.
src\07_Administration_and_Security\page\CEORoleCenter.Page.al(574,25): warning AL0729: The Property 'PromotedIsBig' can only be used if the property 'PageType' is set with any of the values of: 'Card,Document,List,ListPlus,Worksheet' This warning will become an error in a future release.
src\07_Administration_and_Security\page\CEORoleCenter.Page.al(583,25): warning AL0729: The Property 'Promoted' can only be used if the property 'PageType' is set with any of the values of: 'Card,Document,List,ListPlus,Worksheet' This warning will become an error in a future release.
src\07_Administration_and_Security\page\CEORoleCenter.Page.al(584,25): warning AL0729: The Property 'PromotedIsBig' can only be used if the property 'PageType' is set with any of the values of: 'Card,Document,List,ListPlus,Worksheet' This warning will become an error in a future release.
src\07_Administration_and_Security\page\CEORoleCenter.Page.al(593,25): warning AL0729: The Property 'Promoted' can only be used if the property 'PageType' is set with any of the values of: 'Card,Document,List,ListPlus,Worksheet' This warning will become an error in a future release.
src\07_Administration_and_Security\page\CEORoleCenter.Page.al(594,25): warning AL0729: The Property 'PromotedIsBig' can only be used if the property 'PageType' is set with any of the values of: 'Card,Document,List,ListPlus,Worksheet' This warning will become an error in a future release.
src\07_Administration_and_Security\page\CEORoleCenter.Page.al(603,25): warning AL0729: The Property 'Promoted' can only be used if the property 'PageType' is set with any of the values of: 'Card,Document,List,ListPlus,Worksheet' This warning will become an error in a future release.
src\07_Administration_and_Security\page\CEORoleCenter.Page.al(604,25): warning AL0729: The Property 'PromotedIsBig' can only be used if the property 'PageType' is set with any of the values of: 'Card,Document,List,ListPlus,Worksheet' This warning will become an error in a future release.
src\07_Administration_and_Security\page\CEORoleCenter.Page.al(613,25): warning AL0729: The Property 'Promoted' can only be used if the property 'PageType' is set with any of the values of: 'Card,Document,List,ListPlus,Worksheet' This warning will become an error in a future release.
src\07_Administration_and_Security\page\CEORoleCenter.Page.al(614,25): warning AL0729: The Property 'PromotedIsBig' can only be used if the property 'PageType' is set with any of the values of: 'Card,Document,List,ListPlus,Worksheet' This warning will become an error in a future release.
src\07_Administration_and_Security\page\CEORoleCenter.Page.al(623,25): warning AL0729: The Property 'Promoted' can only be used if the property 'PageType' is set with any of the values of: 'Card,Document,List,ListPlus,Worksheet' This warning will become an error in a future release.
src\07_Administration_and_Security\page\CEORoleCenter.Page.al(624,25): warning AL0729: The Property 'PromotedIsBig' can only be used if the property 'PageType' is set with any of the values of: 'Card,Document,List,ListPlus,Worksheet' This warning will become an error in a future release.
src\07_Administration_and_Security\page\CEORoleCenter.Page.al(633,25): warning AL0729: The Property 'Promoted' can only be used if the property 'PageType' is set with any of the values of: 'Card,Document,List,ListPlus,Worksheet' This warning will become an error in a future release.
src\07_Administration_and_Security\page\CEORoleCenter.Page.al(634,25): warning AL0729: The Property 'PromotedIsBig' can only be used if the property 'PageType' is set with any of the values of: 'Card,Document,List,ListPlus,Worksheet' This warning will become an error in a future release.
src\07_Administration_and_Security\page\CEORoleCenter.Page.al(643,25): warning AL0729: The Property 'Promoted' can only be used if the property 'PageType' is set with any of the values of: 'Card,Document,List,ListPlus,Worksheet' This warning will become an error in a future release.
src\07_Administration_and_Security\page\CEORoleCenter.Page.al(644,25): warning AL0729: The Property 'PromotedIsBig' can only be used if the property 'PageType' is set with any of the values of: 'Card,Document,List,ListPlus,Worksheet' This warning will become an error in a future release.
src\07_Administration_and_Security\page\CEORoleCenter.Page.al(653,25): warning AL0729: The Property 'Promoted' can only be used if the property 'PageType' is set with any of the values of: 'Card,Document,List,ListPlus,Worksheet' This warning will become an error in a future release.
src\07_Administration_and_Security\page\CEORoleCenter.Page.al(654,25): warning AL0729: The Property 'PromotedIsBig' can only be used if the property 'PageType' is set with any of the values of: 'Card,Document,List,ListPlus,Worksheet' This warning will become an error in a future release.
src\07_Administration_and_Security\page\CEORoleCenter.Page.al(663,25): warning AL0729: The Property 'Promoted' can only be used if the property 'PageType' is set with any of the values of: 'Card,Document,List,ListPlus,Worksheet' This warning will become an error in a future release.
src\07_Administration_and_Security\page\CEORoleCenter.Page.al(664,25): warning AL0729: The Property 'PromotedIsBig' can only be used if the property 'PageType' is set with any of the values of: 'Card,Document,List,ListPlus,Worksheet' This warning will become an error in a future release.
src\07_Administration_and_Security\page\CEORoleCenter.Page.al(682,21): warning AL0729: The Property 'Promoted' can only be used if the property 'PageType' is set with any of the values of: 'Card,Document,List,ListPlus,Worksheet' This warning will become an error in a future release.
src\07_Administration_and_Security\page\CEORoleCenter.Page.al(683,21): warning AL0729: The Property 'PromotedIsBig' can only be used if the property 'PageType' is set with any of the values of: 'Card,Document,List,ListPlus,Worksheet' This warning will become an error in a future release.
src\07_Administration_and_Security\page\CEORoleCenter.Page.al(691,21): warning AL0729: The Property 'Promoted' can only be used if the property 'PageType' is set with any of the values of: 'Card,Document,List,ListPlus,Worksheet' This warning will become an error in a future release.
src\07_Administration_and_Security\page\CEORoleCenter.Page.al(692,21): warning AL0729: The Property 'PromotedIsBig' can only be used if the property 'PageType' is set with any of the values of: 'Card,Document,List,ListPlus,Worksheet' This warning will become an error in a future release.
src\07_Administration_and_Security\page\CEORoleCenter.Page.al(700,21): warning AL0729: The Property 'Promoted' can only be used if the property 'PageType' is set with any of the values of: 'Card,Document,List,ListPlus,Worksheet' This warning will become an error in a future release.
src\07_Administration_and_Security\page\CEORoleCenter.Page.al(701,21): warning AL0729: The Property 'PromotedIsBig' can only be used if the property 'PageType' is set with any of the values of: 'Card,Document,List,ListPlus,Worksheet' This warning will become an error in a future release.
src\07_Administration_and_Security\page\CEORoleCenter.Page.al(709,21): warning AL0729: The Property 'Promoted' can only be used if the property 'PageType' is set with any of the values of: 'Card,Document,List,ListPlus,Worksheet' This warning will become an error in a future release.
src\07_Administration_and_Security\page\CEORoleCenter.Page.al(710,21): warning AL0729: The Property 'PromotedIsBig' can only be used if the property 'PageType' is set with any of the values of: 'Card,Document,List,ListPlus,Worksheet' This warning will become an error in a future release.
src\07_Administration_and_Security\page\CEORoleCenter.Page.al(718,21): warning AL0729: The Property 'Promoted' can only be used if the property 'PageType' is set with any of the values of: 'Card,Document,List,ListPlus,Worksheet' This warning will become an error in a future release.
src\07_Administration_and_Security\page\CEORoleCenter.Page.al(719,21): warning AL0729: The Property 'PromotedIsBig' can only be used if the property 'PageType' is set with any of the values of: 'Card,Document,List,ListPlus,Worksheet' This warning will become an error in a future release.
src\07_Administration_and_Security\page\CEORoleCenter.Page.al(727,21): warning AL0729: The Property 'Promoted' can only be used if the property 'PageType' is set with any of the values of: 'Card,Document,List,ListPlus,Worksheet' This warning will become an error in a future release.
src\07_Administration_and_Security\page\CEORoleCenter.Page.al(728,21): warning AL0729: The Property 'PromotedIsBig' can only be used if the property 'PageType' is set with any of the values of: 'Card,Document,List,ListPlus,Worksheet' This warning will become an error in a future release.
src\07_Administration_and_Security\page\CEORoleCenter.Page.al(736,21): warning AL0729: The Property 'Promoted' can only be used if the property 'PageType' is set with any of the values of: 'Card,Document,List,ListPlus,Worksheet' This warning will become an error in a future release.
src\07_Administration_and_Security\page\CEORoleCenter.Page.al(737,21): warning AL0729: The Property 'PromotedIsBig' can only be used if the property 'PageType' is set with any of the values of: 'Card,Document,List,ListPlus,Worksheet' This warning will become an error in a future release.
src\07_Administration_and_Security\page\CEORoleCenter.Page.al(751,21): warning AL0729: The Property 'Promoted' can only be used if the property 'PageType' is set with any of the values of: 'Card,Document,List,ListPlus,Worksheet' This warning will become an error in a future release.
src\07_Administration_and_Security\page\CEORoleCenter.Page.al(752,21): warning AL0729: The Property 'PromotedCategory' can only be used if the property 'PageType' is set with any of the values of: 'Card,Document,List,ListPlus,Worksheet' This warning will become an error in a future release.
src\07_Administration_and_Security\page\CEORoleCenter.Page.al(753,21): warning AL0729: The Property 'PromotedIsBig' can only be used if the property 'PageType' is set with any of the values of: 'Card,Document,List,ListPlus,Worksheet' This warning will become an error in a future release.
src\07_Administration_and_Security\page\CEORoleCenter.Page.al(762,21): warning AL0729: The Property 'Promoted' can only be used if the property 'PageType' is set with any of the values of: 'Card,Document,List,ListPlus,Worksheet' This warning will become an error in a future release.
src\07_Administration_and_Security\page\CEORoleCenter.Page.al(763,21): warning AL0729: The Property 'PromotedCategory' can only be used if the property 'PageType' is set with any of the values of: 'Card,Document,List,ListPlus,Worksheet' This warning will become an error in a future release.
src\07_Administration_and_Security\page\CEORoleCenter.Page.al(764,21): warning AL0729: The Property 'PromotedIsBig' can only be used if the property 'PageType' is set with any of the values of: 'Card,Document,List,ListPlus,Worksheet' This warning will become an error in a future release.
src\07_Administration_and_Security\page\CEORoleCenter.Page.al(773,21): warning AL0729: The Property 'Promoted' can only be used if the property 'PageType' is set with any of the values of: 'Card,Document,List,ListPlus,Worksheet' This warning will become an error in a future release.
src\07_Administration_and_Security\page\CEORoleCenter.Page.al(774,21): warning AL0729: The Property 'PromotedCategory' can only be used if the property 'PageType' is set with any of the values of: 'Card,Document,List,ListPlus,Worksheet' This warning will become an error in a future release.
src\07_Administration_and_Security\page\CEORoleCenter.Page.al(775,21): warning AL0729: The Property 'PromotedIsBig' can only be used if the property 'PageType' is set with any of the values of: 'Card,Document,List,ListPlus,Worksheet' This warning will become an error in a future release.
src\07_Administration_and_Security\page\CEORoleCenter.Page.al(784,21): warning AL0729: The Property 'Promoted' can only be used if the property 'PageType' is set with any of the values of: 'Card,Document,List,ListPlus,Worksheet' This warning will become an error in a future release.
src\07_Administration_and_Security\page\CEORoleCenter.Page.al(785,21): warning AL0729: The Property 'PromotedCategory' can only be used if the property 'PageType' is set with any of the values of: 'Card,Document,List,ListPlus,Worksheet' This warning will become an error in a future release.
src\07_Administration_and_Security\page\CEORoleCenter.Page.al(786,21): warning AL0729: The Property 'PromotedIsBig' can only be used if the property 'PageType' is set with any of the values of: 'Card,Document,List,ListPlus,Worksheet' This warning will become an error in a future release.
src\07_Administration_and_Security\page\CEORoleCenter.Page.al(949,21): warning AL0729: The Property 'Promoted' can only be used if the property 'PageType' is set with any of the values of: 'Card,Document,List,ListPlus,Worksheet' This warning will become an error in a future release.
src\07_Administration_and_Security\page\CEORoleCenter.Page.al(950,21): warning AL0729: The Property 'PromotedCategory' can only be used if the property 'PageType' is set with any of the values of: 'Card,Document,List,ListPlus,Worksheet' This warning will become an error in a future release.
src\07_Administration_and_Security\page\CEORoleCenter.Page.al(960,21): warning AL0729: The Property 'Promoted' can only be used if the property 'PageType' is set with any of the values of: 'Card,Document,List,ListPlus,Worksheet' This warning will become an error in a future release.
src\07_Administration_and_Security\page\CEORoleCenter.Page.al(961,21): warning AL0729: The Property 'PromotedCategory' can only be used if the property 'PageType' is set with any of the values of: 'Card,Document,List,ListPlus,Worksheet' This warning will become an error in a future release.
src\07_Administration_and_Security\page\CEORoleCenter.Page.al(969,21): warning AL0729: The Property 'Promoted' can only be used if the property 'PageType' is set with any of the values of: 'Card,Document,List,ListPlus,Worksheet' This warning will become an error in a future release.
src\07_Administration_and_Security\page\CEORoleCenter.Page.al(970,21): warning AL0729: The Property 'PromotedCategory' can only be used if the property 'PageType' is set with any of the values of: 'Card,Document,List,ListPlus,Worksheet' This warning will become an error in a future release.
src\07_Administration_and_Security\page\CEORoleCenter.Page.al(978,21): warning AL0729: The Property 'Promoted' can only be used if the property 'PageType' is set with any of the values of: 'Card,Document,List,ListPlus,Worksheet' This warning will become an error in a future release.
src\07_Administration_and_Security\page\CEORoleCenter.Page.al(979,21): warning AL0729: The Property 'PromotedCategory' can only be used if the property 'PageType' is set with any of the values of: 'Card,Document,List,ListPlus,Worksheet' This warning will become an error in a future release.
src\07_Administration_and_Security\page\CEORoleCenter.Page.al(994,21): warning AL0729: The Property 'Promoted' can only be used if the property 'PageType' is set with any of the values of: 'Card,Document,List,ListPlus,Worksheet' This warning will become an error in a future release.
src\07_Administration_and_Security\page\CEORoleCenter.Page.al(995,21): warning AL0729: The Property 'PromotedCategory' can only be used if the property 'PageType' is set with any of the values of: 'Card,Document,List,ListPlus,Worksheet' This warning will become an error in a future release.
src\07_Administration_and_Security\page\CEORoleCenter.Page.al(1003,21): warning AL0729: The Property 'Promoted' can only be used if the property 'PageType' is set with any of the values of: 'Card,Document,List,ListPlus,Worksheet' This warning will become an error in a future release.
src\07_Administration_and_Security\page\CEORoleCenter.Page.al(1004,21): warning AL0729: The Property 'PromotedCategory' can only be used if the property 'PageType' is set with any of the values of: 'Card,Document,List,ListPlus,Worksheet' This warning will become an error in a future release.
src\07_Administration_and_Security\page\CEORoleCenter.Page.al(1012,21): warning AL0729: The Property 'Promoted' can only be used if the property 'PageType' is set with any of the values of: 'Card,Document,List,ListPlus,Worksheet' This warning will become an error in a future release.
src\07_Administration_and_Security\page\CEORoleCenter.Page.al(1013,21): warning AL0729: The Property 'PromotedCategory' can only be used if the property 'PageType' is set with any of the values of: 'Card,Document,List,ListPlus,Worksheet' This warning will become an error in a future release.
src\07_Administration_and_Security\page\CEORoleCenter.Page.al(1021,21): warning AL0729: The Property 'Promoted' can only be used if the property 'PageType' is set with any of the values of: 'Card,Document,List,ListPlus,Worksheet' This warning will become an error in a future release.
src\07_Administration_and_Security\page\CEORoleCenter.Page.al(1022,21): warning AL0729: The Property 'PromotedCategory' can only be used if the property 'PageType' is set with any of the values of: 'Card,Document,List,ListPlus,Worksheet' This warning will become an error in a future release.
src\07_Administration_and_Security\page\CEORoleCenter.Page.al(1059,21): warning AL0729: The Property 'Promoted' can only be used if the property 'PageType' is set with any of the values of: 'Card,Document,List,ListPlus,Worksheet' This warning will become an error in a future release.
src\07_Administration_and_Security\page\CEORoleCenter.Page.al(1060,21): warning AL0729: The Property 'PromotedCategory' can only be used if the property 'PageType' is set with any of the values of: 'Card,Document,List,ListPlus,Worksheet' This warning will become an error in a future release.
src\07_Administration_and_Security\page\CEORoleCenter.Page.al(1068,21): warning AL0729: The Property 'Promoted' can only be used if the property 'PageType' is set with any of the values of: 'Card,Document,List,ListPlus,Worksheet' This warning will become an error in a future release.
src\07_Administration_and_Security\page\CEORoleCenter.Page.al(1069,21): warning AL0729: The Property 'PromotedCategory' can only be used if the property 'PageType' is set with any of the values of: 'Card,Document,List,ListPlus,Worksheet' This warning will become an error in a future release.
src\07_Administration_and_Security\page\CEORoleCenter.Page.al(1077,21): warning AL0729: The Property 'Promoted' can only be used if the property 'PageType' is set with any of the values of: 'Card,Document,List,ListPlus,Worksheet' This warning will become an error in a future release.
src\07_Administration_and_Security\page\CEORoleCenter.Page.al(1078,21): warning AL0729: The Property 'PromotedCategory' can only be used if the property 'PageType' is set with any of the values of: 'Card,Document,List,ListPlus,Worksheet' This warning will become an error in a future release.
src\07_Administration_and_Security\page\CEORoleCenter.Page.al(1086,21): warning AL0729: The Property 'Promoted' can only be used if the property 'PageType' is set with any of the values of: 'Card,Document,List,ListPlus,Worksheet' This warning will become an error in a future release.
src\07_Administration_and_Security\page\CEORoleCenter.Page.al(1087,21): warning AL0729: The Property 'PromotedCategory' can only be used if the property 'PageType' is set with any of the values of: 'Card,Document,List,ListPlus,Worksheet' This warning will become an error in a future release.
src\07_Administration_and_Security\page\CEORoleCenter.Page.al(1129,21): warning AL0729: The Property 'Promoted' can only be used if the property 'PageType' is set with any of the values of: 'Card,Document,List,ListPlus,Worksheet' This warning will become an error in a future release.
src\07_Administration_and_Security\page\CEORoleCenter.Page.al(1130,21): warning AL0729: The Property 'PromotedCategory' can only be used if the property 'PageType' is set with any of the values of: 'Card,Document,List,ListPlus,Worksheet' This warning will become an error in a future release.
src\07_Administration_and_Security\page\CEORoleCenter.Page.al(1141,21): warning AL0729: The Property 'Promoted' can only be used if the property 'PageType' is set with any of the values of: 'Card,Document,List,ListPlus,Worksheet' This warning will become an error in a future release.
src\07_Administration_and_Security\page\CEORoleCenter.Page.al(1142,21): warning AL0729: The Property 'PromotedCategory' can only be used if the property 'PageType' is set with any of the values of: 'Card,Document,List,ListPlus,Worksheet' This warning will become an error in a future release.
src\07_Administration_and_Security\page\CEORoleCenter.Page.al(1153,21): warning AL0729: The Property 'Promoted' can only be used if the property 'PageType' is set with any of the values of: 'Card,Document,List,ListPlus,Worksheet' This warning will become an error in a future release.
src\07_Administration_and_Security\page\CEORoleCenter.Page.al(1154,21): warning AL0729: The Property 'PromotedCategory' can only be used if the property 'PageType' is set with any of the values of: 'Card,Document,List,ListPlus,Worksheet' This warning will become an error in a future release.
src\07_Administration_and_Security\page\CEORoleCenter.Page.al(1163,21): warning AL0729: The Property 'Promoted' can only be used if the property 'PageType' is set with any of the values of: 'Card,Document,List,ListPlus,Worksheet' This warning will become an error in a future release.
src\07_Administration_and_Security\page\CEORoleCenter.Page.al(1164,21): warning AL0729: The Property 'PromotedCategory' can only be used if the property 'PageType' is set with any of the values of: 'Card,Document,List,ListPlus,Worksheet' This warning will become an error in a future release.
src\07_Administration_and_Security\page\CEORoleCenter.Page.al(1173,21): warning AL0729: The Property 'Promoted' can only be used if the property 'PageType' is set with any of the values of: 'Card,Document,List,ListPlus,Worksheet' This warning will become an error in a future release.
src\07_Administration_and_Security\page\CEORoleCenter.Page.al(1174,21): warning AL0729: The Property 'PromotedCategory' can only be used if the property 'PageType' is set with any of the values of: 'Card,Document,List,ListPlus,Worksheet' This warning will become an error in a future release.
src\07_Administration_and_Security\page\CEORoleCenter.Page.al(1182,21): warning AL0729: The Property 'Promoted' can only be used if the property 'PageType' is set with any of the values of: 'Card,Document,List,ListPlus,Worksheet' This warning will become an error in a future release.
src\07_Administration_and_Security\page\CEORoleCenter.Page.al(1183,21): warning AL0729: The Property 'PromotedCategory' can only be used if the property 'PageType' is set with any of the values of: 'Card,Document,List,ListPlus,Worksheet' This warning will become an error in a future release.
src\07_Administration_and_Security\page\CEORoleCenter.Page.al(1192,21): warning AL0729: The Property 'Promoted' can only be used if the property 'PageType' is set with any of the values of: 'Card,Document,List,ListPlus,Worksheet' This warning will become an error in a future release.
src\07_Administration_and_Security\page\CEORoleCenter.Page.al(1193,21): warning AL0729: The Property 'PromotedCategory' can only be used if the property 'PageType' is set with any of the values of: 'Card,Document,List,ListPlus,Worksheet' This warning will become an error in a future release.
src\07_Administration_and_Security\page\CEORoleCenter.Page.al(1202,21): warning AL0729: The Property 'Promoted' can only be used if the property 'PageType' is set with any of the values of: 'Card,Document,List,ListPlus,Worksheet' This warning will become an error in a future release.
src\07_Administration_and_Security\page\CEORoleCenter.Page.al(1203,21): warning AL0729: The Property 'PromotedCategory' can only be used if the property 'PageType' is set with any of the values of: 'Card,Document,List,ListPlus,Worksheet' This warning will become an error in a future release.
src\07_Administration_and_Security\page\CEORoleCenter.Page.al(1215,21): warning AL0729: The Property 'Promoted' can only be used if the property 'PageType' is set with any of the values of: 'Card,Document,List,ListPlus,Worksheet' This warning will become an error in a future release.
src\07_Administration_and_Security\page\CEORoleCenter.Page.al(1225,21): warning AL0729: The Property 'Promoted' can only be used if the property 'PageType' is set with any of the values of: 'Card,Document,List,ListPlus,Worksheet' This warning will become an error in a future release.
src\07_Administration_and_Security\page\CEORoleCenter.Page.al(1240,21): warning AL0729: The Property 'Promoted' can only be used if the property 'PageType' is set with any of the values of: 'Card,Document,List,ListPlus,Worksheet' This warning will become an error in a future release.
src\07_Administration_and_Security\page\CEORoleCenter.Page.al(1249,21): warning AL0729: The Property 'Promoted' can only be used if the property 'PageType' is set with any of the values of: 'Card,Document,List,ListPlus,Worksheet' This warning will become an error in a future release.
src\07_Administration_and_Security\page\CEORoleCenter.Page.al(1258,21): warning AL0729: The Property 'Promoted' can only be used if the property 'PageType' is set with any of the values of: 'Card,Document,List,ListPlus,Worksheet' This warning will become an error in a future release.
src\07_Administration_and_Security\page\CEORoleCenter.Page.al(1300,21): warning AL0729: The Property 'Promoted' can only be used if the property 'PageType' is set with any of the values of: 'Card,Document,List,ListPlus,Worksheet' This warning will become an error in a future release.
src\07_Administration_and_Security\page\CEORoleCenter.Page.al(1301,21): warning AL0729: The Property 'PromotedCategory' can only be used if the property 'PageType' is set with any of the values of: 'Card,Document,List,ListPlus,Worksheet' This warning will become an error in a future release.
src\07_Administration_and_Security\page\CEORoleCenter.Page.al(1302,21): warning AL0729: The Property 'PromotedIsBig' can only be used if the property 'PageType' is set with any of the values of: 'Card,Document,List,ListPlus,Worksheet' This warning will become an error in a future release.
src\07_Administration_and_Security\page\CEORoleCenter.Page.al(1311,21): warning AL0729: The Property 'Promoted' can only be used if the property 'PageType' is set with any of the values of: 'Card,Document,List,ListPlus,Worksheet' This warning will become an error in a future release.
src\07_Administration_and_Security\page\CEORoleCenter.Page.al(1395,21): warning AL0729: The Property 'Promoted' can only be used if the property 'PageType' is set with any of the values of: 'Card,Document,List,ListPlus,Worksheet' This warning will become an error in a future release.
src\07_Administration_and_Security\page\CEORoleCenter.Page.al(1396,21): warning AL0729: The Property 'PromotedCategory' can only be used if the property 'PageType' is set with any of the values of: 'Card,Document,List,ListPlus,Worksheet' This warning will become an error in a future release.
src\07_Administration_and_Security\page\CEORoleCenter.Page.al(1397,21): warning AL0729: The Property 'PromotedIsBig' can only be used if the property 'PageType' is set with any of the values of: 'Card,Document,List,ListPlus,Worksheet' This warning will become an error in a future release.
src\07_Administration_and_Security\page\CEORoleCenter.Page.al(1406,21): warning AL0729: The Property 'Promoted' can only be used if the property 'PageType' is set with any of the values of: 'Card,Document,List,ListPlus,Worksheet' This warning will become an error in a future release.
src\07_Administration_and_Security\page\CEORoleCenter.Page.al(1415,21): warning AL0729: The Property 'Promoted' can only be used if the property 'PageType' is set with any of the values of: 'Card,Document,List,ListPlus,Worksheet' This warning will become an error in a future release.
src\07_Administration_and_Security\page\CEORoleCenter.Page.al(1429,21): warning AL0729: The Property 'Promoted' can only be used if the property 'PageType' is set with any of the values of: 'Card,Document,List,ListPlus,Worksheet' This warning will become an error in a future release.
src\07_Administration_and_Security\page\CEORoleCenter.Page.al(1430,21): warning AL0729: The Property 'PromotedCategory' can only be used if the property 'PageType' is set with any of the values of: 'Card,Document,List,ListPlus,Worksheet' This warning will become an error in a future release.
src\07_Administration_and_Security\page\CEORoleCenter.Page.al(1431,21): warning AL0729: The Property 'PromotedIsBig' can only be used if the property 'PageType' is set with any of the values of: 'Card,Document,List,ListPlus,Worksheet' This warning will become an error in a future release.
src\07_Administration_and_Security\page\CEORoleCenter.Page.al(1440,21): warning AL0729: The Property 'Promoted' can only be used if the property 'PageType' is set with any of the values of: 'Card,Document,List,ListPlus,Worksheet' This warning will become an error in a future release.
src\07_Administration_and_Security\page\CEORoleCenter.Page.al(1468,21): warning AL0729: The Property 'Promoted' can only be used if the property 'PageType' is set with any of the values of: 'Card,Document,List,ListPlus,Worksheet' This warning will become an error in a future release.
src\07_Administration_and_Security\page\CEORoleCenter.Page.al(1490,21): warning AL0729: The Property 'Promoted' can only be used if the property 'PageType' is set with any of the values of: 'Card,Document,List,ListPlus,Worksheet' This warning will become an error in a future release.
src\07_Administration_and_Security\page\CEORoleCenter.Page.al(1491,21): warning AL0729: The Property 'PromotedCategory' can only be used if the property 'PageType' is set with any of the values of: 'Card,Document,List,ListPlus,Worksheet' This warning will become an error in a future release.
src\07_Administration_and_Security\page\CEORoleCenter.Page.al(1492,21): warning AL0729: The Property 'PromotedIsBig' can only be used if the property 'PageType' is set with any of the values of: 'Card,Document,List,ListPlus,Worksheet' This warning will become an error in a future release.
src\07_Administration_and_Security\page\CEORoleCenter.Page.al(1501,21): warning AL0729: The Property 'Promoted' can only be used if the property 'PageType' is set with any of the values of: 'Card,Document,List,ListPlus,Worksheet' This warning will become an error in a future release.
src\07_Administration_and_Security\page\CEORoleCenter.Page.al(1522,21): warning AL0729: The Property 'Promoted' can only be used if the property 'PageType' is set with any of the values of: 'Card,Document,List,ListPlus,Worksheet' This warning will become an error in a future release.
src\07_Administration_and_Security\page\CEORoleCenter.Page.al(1523,21): warning AL0729: The Property 'PromotedCategory' can only be used if the property 'PageType' is set with any of the values of: 'Card,Document,List,ListPlus,Worksheet' This warning will become an error in a future release.
src\07_Administration_and_Security\page\CEORoleCenter.Page.al(1524,21): warning AL0729: The Property 'PromotedIsBig' can only be used if the property 'PageType' is set with any of the values of: 'Card,Document,List,ListPlus,Worksheet' This warning will become an error in a future release.
src\07_Administration_and_Security\page\CEORoleCenter.Page.al(1533,21): warning AL0729: The Property 'Promoted' can only be used if the property 'PageType' is set with any of the values of: 'Card,Document,List,ListPlus,Worksheet' This warning will become an error in a future release.
src\07_Administration_and_Security\page\CEORoleCenter.Page.al(1547,21): warning AL0729: The Property 'Promoted' can only be used if the property 'PageType' is set with any of the values of: 'Card,Document,List,ListPlus,Worksheet' This warning will become an error in a future release.
src\07_Administration_and_Security\page\CEORoleCenter.Page.al(1548,21): warning AL0729: The Property 'PromotedCategory' can only be used if the property 'PageType' is set with any of the values of: 'Card,Document,List,ListPlus,Worksheet' This warning will become an error in a future release.
src\07_Administration_and_Security\page\CEORoleCenter.Page.al(1549,21): warning AL0729: The Property 'PromotedIsBig' can only be used if the property 'PageType' is set with any of the values of: 'Card,Document,List,ListPlus,Worksheet' This warning will become an error in a future release.
src\07_Administration_and_Security\page\CEORoleCenter.Page.al(1558,21): warning AL0729: The Property 'Promoted' can only be used if the property 'PageType' is set with any of the values of: 'Card,Document,List,ListPlus,Worksheet' This warning will become an error in a future release.
src\07_Administration_and_Security\page\CEORoleCenter.Page.al(1572,21): warning AL0729: The Property 'Promoted' can only be used if the property 'PageType' is set with any of the values of: 'Card,Document,List,ListPlus,Worksheet' This warning will become an error in a future release.
src\07_Administration_and_Security\page\CEORoleCenter.Page.al(1770,21): warning AL0729: The Property 'Promoted' can only be used if the property 'PageType' is set with any of the values of: 'Card,Document,List,ListPlus,Worksheet' This warning will become an error in a future release.
src\07_Administration_and_Security\page\CEORoleCenter.Page.al(1771,21): warning AL0729: The Property 'PromotedIsBig' can only be used if the property 'PageType' is set with any of the values of: 'Card,Document,List,ListPlus,Worksheet' This warning will become an error in a future release.
src\07_Administration_and_Security\page\CEORoleCenter.Page.al(1780,21): warning AL0729: The Property 'Promoted' can only be used if the property 'PageType' is set with any of the values of: 'Card,Document,List,ListPlus,Worksheet' This warning will become an error in a future release.
src\07_Administration_and_Security\page\CEORoleCenter.Page.al(1781,21): warning AL0729: The Property 'PromotedCategory' can only be used if the property 'PageType' is set with any of the values of: 'Card,Document,List,ListPlus,Worksheet' This warning will become an error in a future release.
src\07_Administration_and_Security\page\CEORoleCenter.Page.al(1790,21): warning AL0729: The Property 'Promoted' can only be used if the property 'PageType' is set with any of the values of: 'Card,Document,List,ListPlus,Worksheet' This warning will become an error in a future release.
src\07_Administration_and_Security\page\CEORoleCenter.Page.al(1791,21): warning AL0729: The Property 'PromotedCategory' can only be used if the property 'PageType' is set with any of the values of: 'Card,Document,List,ListPlus,Worksheet' This warning will become an error in a future release.
src\07_Administration_and_Security\page\CEORoleCenter.Page.al(1800,21): warning AL0729: The Property 'Promoted' can only be used if the property 'PageType' is set with any of the values of: 'Card,Document,List,ListPlus,Worksheet' This warning will become an error in a future release.
src\07_Administration_and_Security\page\CEORoleCenter.Page.al(1801,21): warning AL0729: The Property 'PromotedCategory' can only be used if the property 'PageType' is set with any of the values of: 'Card,Document,List,ListPlus,Worksheet' This warning will become an error in a future release.
src\07_Administration_and_Security\page\CEORoleCenter.Page.al(1810,21): warning AL0729: The Property 'Promoted' can only be used if the property 'PageType' is set with any of the values of: 'Card,Document,List,ListPlus,Worksheet' This warning will become an error in a future release.
src\07_Administration_and_Security\page\CEORoleCenter.Page.al(1811,21): warning AL0729: The Property 'PromotedCategory' can only be used if the property 'PageType' is set with any of the values of: 'Card,Document,List,ListPlus,Worksheet' This warning will become an error in a future release.
src\07_Administration_and_Security\page\CEORoleCenter.Page.al(1820,21): warning AL0729: The Property 'Promoted' can only be used if the property 'PageType' is set with any of the values of: 'Card,Document,List,ListPlus,Worksheet' This warning will become an error in a future release.
src\07_Administration_and_Security\page\CEORoleCenter.Page.al(1821,21): warning AL0729: The Property 'PromotedCategory' can only be used if the property 'PageType' is set with any of the values of: 'Card,Document,List,ListPlus,Worksheet' This warning will become an error in a future release.
src\07_Administration_and_Security\page\CEORoleCenter.Page.al(1830,21): warning AL0729: The Property 'Promoted' can only be used if the property 'PageType' is set with any of the values of: 'Card,Document,List,ListPlus,Worksheet' This warning will become an error in a future release.
src\07_Administration_and_Security\page\CEORoleCenter.Page.al(1831,21): warning AL0729: The Property 'PromotedCategory' can only be used if the property 'PageType' is set with any of the values of: 'Card,Document,List,ListPlus,Worksheet' This warning will become an error in a future release.
src\07_Administration_and_Security\page\CEORoleCenter.Page.al(1840,21): warning AL0729: The Property 'Promoted' can only be used if the property 'PageType' is set with any of the values of: 'Card,Document,List,ListPlus,Worksheet' This warning will become an error in a future release.
src\07_Administration_and_Security\page\CEORoleCenter.Page.al(1841,21): warning AL0729: The Property 'PromotedCategory' can only be used if the property 'PageType' is set with any of the values of: 'Card,Document,List,ListPlus,Worksheet' This warning will become an error in a future release.
src\07_Administration_and_Security\page\CEORoleCenter.Page.al(1850,21): warning AL0729: The Property 'Promoted' can only be used if the property 'PageType' is set with any of the values of: 'Card,Document,List,ListPlus,Worksheet' This warning will become an error in a future release.
src\07_Administration_and_Security\page\CEORoleCenter.Page.al(1851,21): warning AL0729: The Property 'PromotedCategory' can only be used if the property 'PageType' is set with any of the values of: 'Card,Document,List,ListPlus,Worksheet' This warning will become an error in a future release.
src\07_Administration_and_Security\page\CEORoleCenter.Page.al(1860,21): warning AL0729: The Property 'Promoted' can only be used if the property 'PageType' is set with any of the values of: 'Card,Document,List,ListPlus,Worksheet' This warning will become an error in a future release.
src\07_Administration_and_Security\page\CEORoleCenter.Page.al(1861,21): warning AL0729: The Property 'PromotedCategory' can only be used if the property 'PageType' is set with any of the values of: 'Card,Document,List,ListPlus,Worksheet' This warning will become an error in a future release.
src\07_Administration_and_Security\page\CEORoleCenter.Page.al(1870,21): warning AL0729: The Property 'Promoted' can only be used if the property 'PageType' is set with any of the values of: 'Card,Document,List,ListPlus,Worksheet' This warning will become an error in a future release.
src\07_Administration_and_Security\page\CEORoleCenter.Page.al(1871,21): warning AL0729: The Property 'PromotedCategory' can only be used if the property 'PageType' is set with any of the values of: 'Card,Document,List,ListPlus,Worksheet' This warning will become an error in a future release.
src\07_Administration_and_Security\page\CEORoleCenter.Page.al(1880,21): warning AL0729: The Property 'Promoted' can only be used if the property 'PageType' is set with any of the values of: 'Card,Document,List,ListPlus,Worksheet' This warning will become an error in a future release.
src\07_Administration_and_Security\page\CEORoleCenter.Page.al(1881,21): warning AL0729: The Property 'PromotedCategory' can only be used if the property 'PageType' is set with any of the values of: 'Card,Document,List,ListPlus,Worksheet' This warning will become an error in a future release.
src\07_Administration_and_Security\page\CEORoleCenter.Page.al(1890,21): warning AL0729: The Property 'Promoted' can only be used if the property 'PageType' is set with any of the values of: 'Card,Document,List,ListPlus,Worksheet' This warning will become an error in a future release.
src\07_Administration_and_Security\page\CEORoleCenter.Page.al(1891,21): warning AL0729: The Property 'PromotedCategory' can only be used if the property 'PageType' is set with any of the values of: 'Card,Document,List,ListPlus,Worksheet' This warning will become an error in a future release.
src\07_Administration_and_Security\page\CEORoleCenter.Page.al(1900,21): warning AL0729: The Property 'Promoted' can only be used if the property 'PageType' is set with any of the values of: 'Card,Document,List,ListPlus,Worksheet' This warning will become an error in a future release.
src\07_Administration_and_Security\page\CEORoleCenter.Page.al(1901,21): warning AL0729: The Property 'PromotedCategory' can only be used if the property 'PageType' is set with any of the values of: 'Card,Document,List,ListPlus,Worksheet' This warning will become an error in a future release.
src\07_Administration_and_Security\page\CEORoleCenter.Page.al(1910,21): warning AL0729: The Property 'Promoted' can only be used if the property 'PageType' is set with any of the values of: 'Card,Document,List,ListPlus,Worksheet' This warning will become an error in a future release.
src\07_Administration_and_Security\page\CEORoleCenter.Page.al(1911,21): warning AL0729: The Property 'PromotedCategory' can only be used if the property 'PageType' is set with any of the values of: 'Card,Document,List,ListPlus,Worksheet' This warning will become an error in a future release.
src\07_Administration_and_Security\page\CEORoleCenter.Page.al(1920,21): warning AL0729: The Property 'Promoted' can only be used if the property 'PageType' is set with any of the values of: 'Card,Document,List,ListPlus,Worksheet' This warning will become an error in a future release.
src\07_Administration_and_Security\page\CEORoleCenter.Page.al(1921,21): warning AL0729: The Property 'PromotedCategory' can only be used if the property 'PageType' is set with any of the values of: 'Card,Document,List,ListPlus,Worksheet' This warning will become an error in a future release.
src\07_Administration_and_Security\page\CEORoleCenter.Page.al(1930,21): warning AL0729: The Property 'Promoted' can only be used if the property 'PageType' is set with any of the values of: 'Card,Document,List,ListPlus,Worksheet' This warning will become an error in a future release.
src\07_Administration_and_Security\page\CEORoleCenter.Page.al(1931,21): warning AL0729: The Property 'PromotedCategory' can only be used if the property 'PageType' is set with any of the values of: 'Card,Document,List,ListPlus,Worksheet' This warning will become an error in a future release.
src\07_Administration_and_Security\page\CEORoleCenter.Page.al(1940,21): warning AL0729: The Property 'Promoted' can only be used if the property 'PageType' is set with any of the values of: 'Card,Document,List,ListPlus,Worksheet' This warning will become an error in a future release.
src\07_Administration_and_Security\page\CEORoleCenter.Page.al(1941,21): warning AL0729: The Property 'PromotedCategory' can only be used if the property 'PageType' is set with any of the values of: 'Card,Document,List,ListPlus,Worksheet' This warning will become an error in a future release.
src\07_Administration_and_Security\page\CEORoleCenter.Page.al(1950,21): warning AL0729: The Property 'Promoted' can only be used if the property 'PageType' is set with any of the values of: 'Card,Document,List,ListPlus,Worksheet' This warning will become an error in a future release.
src\07_Administration_and_Security\page\CEORoleCenter.Page.al(1951,21): warning AL0729: The Property 'PromotedCategory' can only be used if the property 'PageType' is set with any of the values of: 'Card,Document,List,ListPlus,Worksheet' This warning will become an error in a future release.
src\07_Administration_and_Security\page\CEORoleCenter.Page.al(1960,21): warning AL0729: The Property 'Promoted' can only be used if the property 'PageType' is set with any of the values of: 'Card,Document,List,ListPlus,Worksheet' This warning will become an error in a future release.
src\07_Administration_and_Security\page\CEORoleCenter.Page.al(1961,21): warning AL0729: The Property 'PromotedCategory' can only be used if the property 'PageType' is set with any of the values of: 'Card,Document,List,ListPlus,Worksheet' This warning will become an error in a future release.
src\07_Administration_and_Security\page\CEORoleCenter.Page.al(1970,21): warning AL0729: The Property 'Promoted' can only be used if the property 'PageType' is set with any of the values of: 'Card,Document,List,ListPlus,Worksheet' This warning will become an error in a future release.
src\07_Administration_and_Security\page\CEORoleCenter.Page.al(1971,21): warning AL0729: The Property 'PromotedCategory' can only be used if the property 'PageType' is set with any of the values of: 'Card,Document,List,ListPlus,Worksheet' This warning will become an error in a future release.
src\07_Administration_and_Security\page\CEORoleCenter.Page.al(1980,21): warning AL0729: The Property 'Promoted' can only be used if the property 'PageType' is set with any of the values of: 'Card,Document,List,ListPlus,Worksheet' This warning will become an error in a future release.
src\07_Administration_and_Security\page\CEORoleCenter.Page.al(1981,21): warning AL0729: The Property 'PromotedCategory' can only be used if the property 'PageType' is set with any of the values of: 'Card,Document,List,ListPlus,Worksheet' This warning will become an error in a future release.
src\07_Administration_and_Security\page\CEORoleCenter.Page.al(1990,21): warning AL0729: The Property 'Promoted' can only be used if the property 'PageType' is set with any of the values of: 'Card,Document,List,ListPlus,Worksheet' This warning will become an error in a future release.
src\07_Administration_and_Security\page\CEORoleCenter.Page.al(1991,21): warning AL0729: The Property 'PromotedCategory' can only be used if the property 'PageType' is set with any of the values of: 'Card,Document,List,ListPlus,Worksheet' This warning will become an error in a future release.
src\07_Administration_and_Security\page\CEORoleCenter.Page.al(2000,21): warning AL0729: The Property 'Promoted' can only be used if the property 'PageType' is set with any of the values of: 'Card,Document,List,ListPlus,Worksheet' This warning will become an error in a future release.
src\07_Administration_and_Security\page\CEORoleCenter.Page.al(2001,21): warning AL0729: The Property 'PromotedCategory' can only be used if the property 'PageType' is set with any of the values of: 'Card,Document,List,ListPlus,Worksheet' This warning will become an error in a future release.
src\07_Administration_and_Security\page\CEORoleCenter.Page.al(2010,21): warning AL0729: The Property 'Promoted' can only be used if the property 'PageType' is set with any of the values of: 'Card,Document,List,ListPlus,Worksheet' This warning will become an error in a future release.
src\07_Administration_and_Security\page\CEORoleCenter.Page.al(2011,21): warning AL0729: The Property 'PromotedCategory' can only be used if the property 'PageType' is set with any of the values of: 'Card,Document,List,ListPlus,Worksheet' This warning will become an error in a future release.
src\07_Administration_and_Security\page\CEORoleCenter.Page.al(2020,21): warning AL0729: The Property 'Promoted' can only be used if the property 'PageType' is set with any of the values of: 'Card,Document,List,ListPlus,Worksheet' This warning will become an error in a future release.
src\07_Administration_and_Security\page\CEORoleCenter.Page.al(2021,21): warning AL0729: The Property 'PromotedCategory' can only be used if the property 'PageType' is set with any of the values of: 'Card,Document,List,ListPlus,Worksheet' This warning will become an error in a future release.
src\07_Administration_and_Security\page\CEORoleCenter.Page.al(2030,21): warning AL0729: The Property 'Promoted' can only be used if the property 'PageType' is set with any of the values of: 'Card,Document,List,ListPlus,Worksheet' This warning will become an error in a future release.
src\07_Administration_and_Security\page\CEORoleCenter.Page.al(2031,21): warning AL0729: The Property 'PromotedCategory' can only be used if the property 'PageType' is set with any of the values of: 'Card,Document,List,ListPlus,Worksheet' This warning will become an error in a future release.
src\07_Administration_and_Security\page\CEORoleCenter.Page.al(2040,21): warning AL0729: The Property 'Promoted' can only be used if the property 'PageType' is set with any of the values of: 'Card,Document,List,ListPlus,Worksheet' This warning will become an error in a future release.
src\07_Administration_and_Security\page\CEORoleCenter.Page.al(2041,21): warning AL0729: The Property 'PromotedCategory' can only be used if the property 'PageType' is set with any of the values of: 'Card,Document,List,ListPlus,Worksheet' This warning will become an error in a future release.
src\07_Administration_and_Security\page\CEORoleCenter.Page.al(2055,21): warning AL0729: The Property 'Promoted' can only be used if the property 'PageType' is set with any of the values of: 'Card,Document,List,ListPlus,Worksheet' This warning will become an error in a future release.
src\07_Administration_and_Security\page\CEORoleCenter.Page.al(2056,21): warning AL0729: The Property 'PromotedCategory' can only be used if the property 'PageType' is set with any of the values of: 'Card,Document,List,ListPlus,Worksheet' This warning will become an error in a future release.
src\07_Administration_and_Security\page\CEORoleCenter.Page.al(2064,21): warning AL0729: The Property 'Promoted' can only be used if the property 'PageType' is set with any of the values of: 'Card,Document,List,ListPlus,Worksheet' This warning will become an error in a future release.
src\07_Administration_and_Security\page\CEORoleCenter.Page.al(2065,21): warning AL0729: The Property 'PromotedCategory' can only be used if the property 'PageType' is set with any of the values of: 'Card,Document,List,ListPlus,Worksheet' This warning will become an error in a future release.
src\07_Administration_and_Security\page\CEORoleCenter.Page.al(2080,21): warning AL0729: The Property 'Promoted' can only be used if the property 'PageType' is set with any of the values of: 'Card,Document,List,ListPlus,Worksheet' This warning will become an error in a future release.
src\07_Administration_and_Security\page\CEORoleCenter.Page.al(2081,21): warning AL0729: The Property 'PromotedCategory' can only be used if the property 'PageType' is set with any of the values of: 'Card,Document,List,ListPlus,Worksheet' This warning will become an error in a future release.
src\07_Administration_and_Security\page\CEORoleCenter.Page.al(2089,21): warning AL0729: The Property 'Promoted' can only be used if the property 'PageType' is set with any of the values of: 'Card,Document,List,ListPlus,Worksheet' This warning will become an error in a future release.
src\07_Administration_and_Security\page\CEORoleCenter.Page.al(2090,21): warning AL0729: The Property 'PromotedCategory' can only be used if the property 'PageType' is set with any of the values of: 'Card,Document,List,ListPlus,Worksheet' This warning will become an error in a future release.
src\07_Administration_and_Security\page\CEORoleCenter.Page.al(2099,21): warning AL0729: The Property 'Promoted' can only be used if the property 'PageType' is set with any of the values of: 'Card,Document,List,ListPlus,Worksheet' This warning will become an error in a future release.
src\07_Administration_and_Security\page\CEORoleCenter.Page.al(2100,21): warning AL0729: The Property 'PromotedCategory' can only be used if the property 'PageType' is set with any of the values of: 'Card,Document,List,ListPlus,Worksheet' This warning will become an error in a future release.
src\07_Administration_and_Security\page\CEORoleCenter.Page.al(2108,21): warning AL0729: The Property 'Promoted' can only be used if the property 'PageType' is set with any of the values of: 'Card,Document,List,ListPlus,Worksheet' This warning will become an error in a future release.
src\07_Administration_and_Security\page\CEORoleCenter.Page.al(2109,21): warning AL0729: The Property 'PromotedCategory' can only be used if the property 'PageType' is set with any of the values of: 'Card,Document,List,ListPlus,Worksheet' This warning will become an error in a future release.
src\07_Administration_and_Security\page\CEORoleCenter.Page.al(2117,21): warning AL0729: The Property 'Promoted' can only be used if the property 'PageType' is set with any of the values of: 'Card,Document,List,ListPlus,Worksheet' This warning will become an error in a future release.
src\07_Administration_and_Security\page\CEORoleCenter.Page.al(2118,21): warning AL0729: The Property 'PromotedCategory' can only be used if the property 'PageType' is set with any of the values of: 'Card,Document,List,ListPlus,Worksheet' This warning will become an error in a future release.
src\07_Administration_and_Security\page\CEORoleCenter.Page.al(2126,21): warning AL0729: The Property 'Promoted' can only be used if the property 'PageType' is set with any of the values of: 'Card,Document,List,ListPlus,Worksheet' This warning will become an error in a future release.
src\07_Administration_and_Security\page\CEORoleCenter.Page.al(2127,21): warning AL0729: The Property 'PromotedCategory' can only be used if the property 'PageType' is set with any of the values of: 'Card,Document,List,ListPlus,Worksheet' This warning will become an error in a future release.
src\07_Administration_and_Security\page\CEORoleCenter.Page.al(2136,21): warning AL0729: The Property 'Promoted' can only be used if the property 'PageType' is set with any of the values of: 'Card,Document,List,ListPlus,Worksheet' This warning will become an error in a future release.
src\07_Administration_and_Security\page\CEORoleCenter.Page.al(2137,21): warning AL0729: The Property 'PromotedCategory' can only be used if the property 'PageType' is set with any of the values of: 'Card,Document,List,ListPlus,Worksheet' This warning will become an error in a future release.
src\07_Administration_and_Security\page\CEORoleCenter.Page.al(2146,21): warning AL0729: The Property 'Promoted' can only be used if the property 'PageType' is set with any of the values of: 'Card,Document,List,ListPlus,Worksheet' This warning will become an error in a future release.
src\07_Administration_and_Security\page\CEORoleCenter.Page.al(2147,21): warning AL0729: The Property 'PromotedCategory' can only be used if the property 'PageType' is set with any of the values of: 'Card,Document,List,ListPlus,Worksheet' This warning will become an error in a future release.
src\07_Administration_and_Security\page\CEORoleCenter.Page.al(2198,21): warning AL0729: The Property 'Promoted' can only be used if the property 'PageType' is set with any of the values of: 'Card,Document,List,ListPlus,Worksheet' This warning will become an error in a future release.
src\07_Administration_and_Security\page\CEORoleCenter.Page.al(2199,21): warning AL0729: The Property 'PromotedCategory' can only be used if the property 'PageType' is set with any of the values of: 'Card,Document,List,ListPlus,Worksheet' This warning will become an error in a future release.
src\07_Administration_and_Security\page\CEORoleCenter.Page.al(2208,21): warning AL0729: The Property 'Promoted' can only be used if the property 'PageType' is set with any of the values of: 'Card,Document,List,ListPlus,Worksheet' This warning will become an error in a future release.
src\07_Administration_and_Security\page\CEORoleCenter.Page.al(2209,21): warning AL0729: The Property 'PromotedCategory' can only be used if the property 'PageType' is set with any of the values of: 'Card,Document,List,ListPlus,Worksheet' This warning will become an error in a future release.
src\07_Administration_and_Security\page\CEORoleCenter.Page.al(2217,21): warning AL0729: The Property 'Promoted' can only be used if the property 'PageType' is set with any of the values of: 'Card,Document,List,ListPlus,Worksheet' This warning will become an error in a future release.
src\07_Administration_and_Security\page\CEORoleCenter.Page.al(2218,21): warning AL0729: The Property 'PromotedCategory' can only be used if the property 'PageType' is set with any of the values of: 'Card,Document,List,ListPlus,Worksheet' This warning will become an error in a future release.
src\07_Administration_and_Security\page\CEORoleCenter.Page.al(2226,21): warning AL0729: The Property 'Promoted' can only be used if the property 'PageType' is set with any of the values of: 'Card,Document,List,ListPlus,Worksheet' This warning will become an error in a future release.
src\07_Administration_and_Security\page\CEORoleCenter.Page.al(2227,21): warning AL0729: The Property 'PromotedCategory' can only be used if the property 'PageType' is set with any of the values of: 'Card,Document,List,ListPlus,Worksheet' This warning will become an error in a future release.
src\07_Administration_and_Security\page\CEORoleCenter.Page.al(2235,21): warning AL0729: The Property 'Promoted' can only be used if the property 'PageType' is set with any of the values of: 'Card,Document,List,ListPlus,Worksheet' This warning will become an error in a future release.
src\07_Administration_and_Security\page\CEORoleCenter.Page.al(2236,21): warning AL0729: The Property 'PromotedCategory' can only be used if the property 'PageType' is set with any of the values of: 'Card,Document,List,ListPlus,Worksheet' This warning will become an error in a future release.
src\07_Administration_and_Security\page\CEORoleCenter.Page.al(2244,21): warning AL0729: The Property 'Promoted' can only be used if the property 'PageType' is set with any of the values of: 'Card,Document,List,ListPlus,Worksheet' This warning will become an error in a future release.
src\07_Administration_and_Security\page\CEORoleCenter.Page.al(2245,21): warning AL0729: The Property 'PromotedCategory' can only be used if the property 'PageType' is set with any of the values of: 'Card,Document,List,ListPlus,Worksheet' This warning will become an error in a future release.
src\07_Administration_and_Security\page\CEORoleCenter.Page.al(2253,21): warning AL0729: The Property 'Promoted' can only be used if the property 'PageType' is set with any of the values of: 'Card,Document,List,ListPlus,Worksheet' This warning will become an error in a future release.
src\07_Administration_and_Security\page\CEORoleCenter.Page.al(2254,21): warning AL0729: The Property 'PromotedCategory' can only be used if the property 'PageType' is set with any of the values of: 'Card,Document,List,ListPlus,Worksheet' This warning will become an error in a future release.
src\07_Administration_and_Security\page\CEORoleCenter.Page.al(2262,21): warning AL0729: The Property 'Promoted' can only be used if the property 'PageType' is set with any of the values of: 'Card,Document,List,ListPlus,Worksheet' This warning will become an error in a future release.
src\07_Administration_and_Security\page\CEORoleCenter.Page.al(2263,21): warning AL0729: The Property 'PromotedCategory' can only be used if the property 'PageType' is set with any of the values of: 'Card,Document,List,ListPlus,Worksheet' This warning will become an error in a future release.
src\07_Administration_and_Security\page\CEORoleCenter.Page.al(2271,21): warning AL0729: The Property 'Promoted' can only be used if the property 'PageType' is set with any of the values of: 'Card,Document,List,ListPlus,Worksheet' This warning will become an error in a future release.
src\07_Administration_and_Security\page\CEORoleCenter.Page.al(2272,21): warning AL0729: The Property 'PromotedCategory' can only be used if the property 'PageType' is set with any of the values of: 'Card,Document,List,ListPlus,Worksheet' This warning will become an error in a future release.
src\07_Administration_and_Security\page\CEORoleCenter.Page.al(2345,21): warning AL0729: The Property 'Promoted' can only be used if the property 'PageType' is set with any of the values of: 'Card,Document,List,ListPlus,Worksheet' This warning will become an error in a future release.
src\07_Administration_and_Security\page\CEORoleCenter.Page.al(2346,21): warning AL0729: The Property 'PromotedCategory' can only be used if the property 'PageType' is set with any of the values of: 'Card,Document,List,ListPlus,Worksheet' This warning will become an error in a future release.
src\03_Human_Resources_and_Payroll\page\prPayChangeAdvice.Page.al(136,87): warning AL0603: An implicit conversion is being performed from a value of type 'Option' to a value of type 'Enum System.Automation."Approval Document Type"'. This conversion can lead to unexpected runtime issues.
src\07_Administration_and_Security\page\HumanResourceRoleCentre.Page.al(107,25): warning AL0729: The Property 'Promoted' can only be used if the property 'PageType' is set with any of the values of: 'Card,Document,List,ListPlus,Worksheet' This warning will become an error in a future release.
src\07_Administration_and_Security\page\HumanResourceRoleCentre.Page.al(108,25): warning AL0729: The Property 'PromotedIsBig' can only be used if the property 'PageType' is set with any of the values of: 'Card,Document,List,ListPlus,Worksheet' This warning will become an error in a future release.
src\07_Administration_and_Security\page\HumanResourceRoleCentre.Page.al(324,21): warning AL0729: The Property 'Promoted' can only be used if the property 'PageType' is set with any of the values of: 'Card,Document,List,ListPlus,Worksheet' This warning will become an error in a future release.
src\07_Administration_and_Security\page\HumanResourceRoleCentre.Page.al(383,21): warning AL0729: The Property 'Promoted' can only be used if the property 'PageType' is set with any of the values of: 'Card,Document,List,ListPlus,Worksheet' This warning will become an error in a future release.
src\07_Administration_and_Security\page\HumanResourceRoleCentre.Page.al(384,21): warning AL0729: The Property 'PromotedCategory' can only be used if the property 'PageType' is set with any of the values of: 'Card,Document,List,ListPlus,Worksheet' This warning will become an error in a future release.
src\07_Administration_and_Security\page\HumanResourceRoleCentre.Page.al(385,21): warning AL0729: The Property 'PromotedIsBig' can only be used if the property 'PageType' is set with any of the values of: 'Card,Document,List,ListPlus,Worksheet' This warning will become an error in a future release.
src\07_Administration_and_Security\page\HumanResourceRoleCentre.Page.al(398,21): warning AL0729: The Property 'Promoted' can only be used if the property 'PageType' is set with any of the values of: 'Card,Document,List,ListPlus,Worksheet' This warning will become an error in a future release.
src\07_Administration_and_Security\page\HumanResourceRoleCentre.Page.al(399,21): warning AL0729: The Property 'PromotedIsBig' can only be used if the property 'PageType' is set with any of the values of: 'Card,Document,List,ListPlus,Worksheet' This warning will become an error in a future release.
src\07_Administration_and_Security\page\HumanResourceRoleCentre.Page.al(475,21): warning AL0729: The Property 'Promoted' can only be used if the property 'PageType' is set with any of the values of: 'Card,Document,List,ListPlus,Worksheet' This warning will become an error in a future release.
src\07_Administration_and_Security\page\HumanResourceRoleCentre.Page.al(540,21): warning AL0729: The Property 'Promoted' can only be used if the property 'PageType' is set with any of the values of: 'Card,Document,List,ListPlus,Worksheet' This warning will become an error in a future release.
src\07_Administration_and_Security\page\HumanResourceRoleCentre.Page.al(541,21): warning AL0729: The Property 'PromotedCategory' can only be used if the property 'PageType' is set with any of the values of: 'Card,Document,List,ListPlus,Worksheet' This warning will become an error in a future release.
src\07_Administration_and_Security\page\HumanResourceRoleCentre.Page.al(542,21): warning AL0729: The Property 'PromotedIsBig' can only be used if the property 'PageType' is set with any of the values of: 'Card,Document,List,ListPlus,Worksheet' This warning will become an error in a future release.
src\07_Administration_and_Security\page\CorporateRoleCenter.Page.al(137,21): warning AL0729: The Property 'Promoted' can only be used if the property 'PageType' is set with any of the values of: 'Card,Document,List,ListPlus,Worksheet' This warning will become an error in a future release.
src\07_Administration_and_Security\page\DocumentAttachmentDetCustom.Page.al(28,28): warning AL0604: Use of implicit 'with' will be removed in the future. Qualify with 'Rec'. This warning will become an error in a future release.
src\06_Portal_and_Integrations\codeunit\NewHMISPortal.Codeunit.al(533,68): warning AL0603: An implicit conversion is being performed from a value of type 'Option' to a value of type 'Enum PTL.HMIS."Dispatch Areas"'. This conversion can lead to unexpected runtime issues.
src\06_Portal_and_Integrations\codeunit\NewHMISPortal.Codeunit.al(539,61): warning AL0603: An implicit conversion is being performed from a value of type 'Integer' to a value of type 'Enum AppointmentStatusEnum'. This conversion can lead to unexpected runtime issues.
src\06_Portal_and_Integrations\codeunit\NewHMISPortal.Codeunit.al(596,48): warning AL0603: An implicit conversion is being performed from a value of type 'Integer' to a value of type 'Enum PTL.HMIS."Urgency Status Enum"'. This conversion can lead to unexpected runtime issues.
src\02_Finance_and_GL\page\PaymentVouchers.Page.al(2137,46): warning AL0603: An implicit conversion is being performed from a value of type 'Option' to a value of type 'Enum Microsoft.Finance.GeneralLedger.Journal."Gen. Journal Account Type"'. This conversion can lead to unexpected runtime issues.
src\02_Finance_and_GL\page\PaymentVouchers.Page.al(2243,50): warning AL0603: An implicit conversion is being performed from a value of type 'Option' to a value of type 'Enum Microsoft.Finance.GeneralLedger.Journal."Gen. Journal Account Type"'. This conversion can lead to unexpected runtime issues.
src\02_Finance_and_GL\page\PaymentVouchers.Page.al(2348,50): warning AL0603: An implicit conversion is being performed from a value of type 'Option' to a value of type 'Enum Microsoft.Finance.GeneralLedger.Journal."Gen. Journal Account Type"'. This conversion can lead to unexpected runtime issues.
src\02_Finance_and_GL\page\PaymentVouchers.Page.al(2505,46): warning AL0603: An implicit conversion is being performed from a value of type 'Option' to a value of type 'Enum Microsoft.Finance.GeneralLedger.Journal."Gen. Journal Account Type"'. This conversion can lead to unexpected runtime issues.
src\02_Finance_and_GL\page\PaymentVouchers.Page.al(2607,46): warning AL0603: An implicit conversion is being performed from a value of type 'Option' to a value of type 'Enum Microsoft.Finance.GeneralLedger.Journal."Gen. Journal Account Type"'. This conversion can lead to unexpected runtime issues.
src\02_Finance_and_GL\page\PaymentVouchersList.Page.al(130,87): warning AL0603: An implicit conversion is being performed from a value of type 'Option' to a value of type 'Enum System.Automation."Approval Document Type"'. This conversion can lead to unexpected runtime issues.
src\06_Portal_and_Integrations\page\ImprestAccounting.Page.al(283,96): warning AL0603: An implicit conversion is being performed from a value of type 'Option' to a value of type 'Enum System.Automation."Approval Document Type"'. This conversion can lead to unexpected runtime issues.
src\06_Portal_and_Integrations\codeunit\NewHMISPortal.Codeunit.al(1053,48): warning AL0603: An implicit conversion is being performed from a value of type 'Integer' to a value of type 'Enum "Doctor Notes Types"'. This conversion can lead to unexpected runtime issues.
src\06_Portal_and_Integrations\codeunit\NewHMISPortal.Codeunit.al(1072,52): warning AL0603: An implicit conversion is being performed from a value of type 'Integer' to a value of type 'Enum "Doctor Notes Types"'. This conversion can lead to unexpected runtime issues.
src\07_Administration_and_Security\page\LegalRoleCenter.Page.al(156,21): warning AL0729: The Property 'Promoted' can only be used if the property 'PageType' is set with any of the values of: 'Card,Document,List,ListPlus,Worksheet' This warning will become an error in a future release.
src\03_Human_Resources_and_Payroll\page\StaffAdvanceRequest.Page.al(205,92): warning AL0603: An implicit conversion is being performed from a value of type 'Option' to a value of type 'Enum System.Automation."Approval Document Type"'. This conversion can lead to unexpected runtime issues.
src\06_Portal_and_Integrations\page\ImprestDetailsUP.Page.al(128,17): warning AL0729: The Property 'Promoted' can only be used if the property 'PageType' is set with any of the values of: 'Card,Document,List,ListPlus,Worksheet' This warning will become an error in a future release.
src\06_Portal_and_Integrations\page\ImprestDetailsUP.Page.al(129,17): warning AL0729: The Property 'PromotedCategory' can only be used if the property 'PageType' is set with any of the values of: 'Card,Document,List,ListPlus,Worksheet' This warning will become an error in a future release.
src\06_Portal_and_Integrations\codeunit\NewHMISPortal.Codeunit.al(1198,55): warning AL0603: An implicit conversion is being performed from a value of type 'Integer' to a value of type 'Enum PrescriptionDoseEnum'. This conversion can lead to unexpected runtime issues.
src\06_Portal_and_Integrations\codeunit\NewHMISPortal.Codeunit.al(1221,55): warning AL0603: An implicit conversion is being performed from a value of type 'Integer' to a value of type 'Enum PrescriptionDoseEnum'. This conversion can lead to unexpected runtime issues.
src\07_Administration_and_Security\page\SecurityRoleCenter.Page.al(49,17): warning AL0729: The Property 'Promoted' can only be used if the property 'PageType' is set with any of the values of: 'Card,Document,List,ListPlus,Worksheet' This warning will become an error in a future release.
src\07_Administration_and_Security\page\SecurityRoleCenter.Page.al(50,17): warning AL0729: The Property 'PromotedIsBig' can only be used if the property 'PageType' is set with any of the values of: 'Card,Document,List,ListPlus,Worksheet' This warning will become an error in a future release.
src\07_Administration_and_Security\page\SecurityRoleCenter.Page.al(59,17): warning AL0729: The Property 'Promoted' can only be used if the property 'PageType' is set with any of the values of: 'Card,Document,List,ListPlus,Worksheet' This warning will become an error in a future release.
src\07_Administration_and_Security\page\SecurityRoleCenter.Page.al(60,17): warning AL0729: The Property 'PromotedIsBig' can only be used if the property 'PageType' is set with any of the values of: 'Card,Document,List,ListPlus,Worksheet' This warning will become an error in a future release.
src\07_Administration_and_Security\page\SecurityRoleCenter.Page.al(69,17): warning AL0729: The Property 'Promoted' can only be used if the property 'PageType' is set with any of the values of: 'Card,Document,List,ListPlus,Worksheet' This warning will become an error in a future release.
src\07_Administration_and_Security\page\SecurityRoleCenter.Page.al(70,17): warning AL0729: The Property 'PromotedIsBig' can only be used if the property 'PageType' is set with any of the values of: 'Card,Document,List,ListPlus,Worksheet' This warning will become an error in a future release.
src\07_Administration_and_Security\page\SecurityRoleCenter.Page.al(99,21): warning AL0729: The Property 'Promoted' can only be used if the property 'PageType' is set with any of the values of: 'Card,Document,List,ListPlus,Worksheet' This warning will become an error in a future release.
src\07_Administration_and_Security\page\SecurityRoleCenter.Page.al(100,21): warning AL0729: The Property 'PromotedCategory' can only be used if the property 'PageType' is set with any of the values of: 'Card,Document,List,ListPlus,Worksheet' This warning will become an error in a future release.
src\07_Administration_and_Security\page\SecurityRoleCenter.Page.al(101,21): warning AL0729: The Property 'PromotedIsBig' can only be used if the property 'PageType' is set with any of the values of: 'Card,Document,List,ListPlus,Worksheet' This warning will become an error in a future release.
src\07_Administration_and_Security\page\SecurityRoleCenter.Page.al(117,21): warning AL0729: The Property 'Promoted' can only be used if the property 'PageType' is set with any of the values of: 'Card,Document,List,ListPlus,Worksheet' This warning will become an error in a future release.
src\07_Administration_and_Security\pageextension\PurchasingRoleCenterext.PageExt.al(16,17): warning AL0729: The Property 'Promoted' can only be used if the property 'PageType' is set with any of the values of: 'Card,Document,List,ListPlus,Worksheet' This warning will become an error in a future release.
src\07_Administration_and_Security\pageextension\PurchasingRoleCenterext.PageExt.al(17,17): warning AL0729: The Property 'PromotedCategory' can only be used if the property 'PageType' is set with any of the values of: 'Card,Document,List,ListPlus,Worksheet' This warning will become an error in a future release.
src\07_Administration_and_Security\pageextension\PurchasingRoleCenterext.PageExt.al(48,17): warning AL0729: The Property 'Promoted' can only be used if the property 'PageType' is set with any of the values of: 'Card,Document,List,ListPlus,Worksheet' This warning will become an error in a future release.
src\07_Administration_and_Security\pageextension\PurchasingRoleCenterext.PageExt.al(49,17): warning AL0729: The Property 'PromotedCategory' can only be used if the property 'PageType' is set with any of the values of: 'Card,Document,List,ListPlus,Worksheet' This warning will become an error in a future release.
src\07_Administration_and_Security\pageextension\PurchasingRoleCenterext.PageExt.al(57,17): warning AL0729: The Property 'Promoted' can only be used if the property 'PageType' is set with any of the values of: 'Card,Document,List,ListPlus,Worksheet' This warning will become an error in a future release.
src\07_Administration_and_Security\pageextension\PurchasingRoleCenterext.PageExt.al(58,17): warning AL0729: The Property 'PromotedCategory' can only be used if the property 'PageType' is set with any of the values of: 'Card,Document,List,ListPlus,Worksheet' This warning will become an error in a future release.
src\07_Administration_and_Security\pageextension\PurchasingRoleCenterext.PageExt.al(66,17): warning AL0729: The Property 'Promoted' can only be used if the property 'PageType' is set with any of the values of: 'Card,Document,List,ListPlus,Worksheet' This warning will become an error in a future release.
src\07_Administration_and_Security\pageextension\PurchasingRoleCenterext.PageExt.al(67,17): warning AL0729: The Property 'PromotedCategory' can only be used if the property 'PageType' is set with any of the values of: 'Card,Document,List,ListPlus,Worksheet' This warning will become an error in a future release.
src\07_Administration_and_Security\pageextension\PurchasingRoleCenterext.PageExt.al(78,17): warning AL0729: The Property 'Promoted' can only be used if the property 'PageType' is set with any of the values of: 'Card,Document,List,ListPlus,Worksheet' This warning will become an error in a future release.
src\07_Administration_and_Security\pageextension\PurchasingRoleCenterext.PageExt.al(79,17): warning AL0729: The Property 'PromotedCategory' can only be used if the property 'PageType' is set with any of the values of: 'Card,Document,List,ListPlus,Worksheet' This warning will become an error in a future release.
src\07_Administration_and_Security\pageextension\PurchasingRoleCenterext.PageExt.al(90,17): warning AL0729: The Property 'Promoted' can only be used if the property 'PageType' is set with any of the values of: 'Card,Document,List,ListPlus,Worksheet' This warning will become an error in a future release.
src\07_Administration_and_Security\pageextension\PurchasingRoleCenterext.PageExt.al(91,17): warning AL0729: The Property 'PromotedCategory' can only be used if the property 'PageType' is set with any of the values of: 'Card,Document,List,ListPlus,Worksheet' This warning will become an error in a future release.
src\07_Administration_and_Security\pageextension\PurchasingRoleCenterext.PageExt.al(100,17): warning AL0729: The Property 'Promoted' can only be used if the property 'PageType' is set with any of the values of: 'Card,Document,List,ListPlus,Worksheet' This warning will become an error in a future release.
src\07_Administration_and_Security\pageextension\PurchasingRoleCenterext.PageExt.al(101,17): warning AL0729: The Property 'PromotedCategory' can only be used if the property 'PageType' is set with any of the values of: 'Card,Document,List,ListPlus,Worksheet' This warning will become an error in a future release.
src\07_Administration_and_Security\pageextension\PurchasingRoleCenterext.PageExt.al(109,17): warning AL0729: The Property 'Promoted' can only be used if the property 'PageType' is set with any of the values of: 'Card,Document,List,ListPlus,Worksheet' This warning will become an error in a future release.
src\07_Administration_and_Security\pageextension\PurchasingRoleCenterext.PageExt.al(110,17): warning AL0729: The Property 'PromotedCategory' can only be used if the property 'PageType' is set with any of the values of: 'Card,Document,List,ListPlus,Worksheet' This warning will become an error in a future release.
src\07_Administration_and_Security\pageextension\PurchasingRoleCenterext.PageExt.al(118,17): warning AL0729: The Property 'Promoted' can only be used if the property 'PageType' is set with any of the values of: 'Card,Document,List,ListPlus,Worksheet' This warning will become an error in a future release.
src\07_Administration_and_Security\pageextension\PurchasingRoleCenterext.PageExt.al(119,17): warning AL0729: The Property 'PromotedCategory' can only be used if the property 'PageType' is set with any of the values of: 'Card,Document,List,ListPlus,Worksheet' This warning will become an error in a future release.
src\07_Administration_and_Security\pageextension\PurchasingRoleCenterext.PageExt.al(130,17): warning AL0729: The Property 'Promoted' can only be used if the property 'PageType' is set with any of the values of: 'Card,Document,List,ListPlus,Worksheet' This warning will become an error in a future release.
src\07_Administration_and_Security\pageextension\PurchasingRoleCenterext.PageExt.al(131,17): warning AL0729: The Property 'PromotedCategory' can only be used if the property 'PageType' is set with any of the values of: 'Card,Document,List,ListPlus,Worksheet' This warning will become an error in a future release.
src\07_Administration_and_Security\pageextension\PurchasingRoleCenterext.PageExt.al(142,17): warning AL0729: The Property 'Promoted' can only be used if the property 'PageType' is set with any of the values of: 'Card,Document,List,ListPlus,Worksheet' This warning will become an error in a future release.
src\07_Administration_and_Security\pageextension\PurchasingRoleCenterext.PageExt.al(143,17): warning AL0729: The Property 'PromotedCategory' can only be used if the property 'PageType' is set with any of the values of: 'Card,Document,List,ListPlus,Worksheet' This warning will become an error in a future release.
src\07_Administration_and_Security\pageextension\PurchasingRoleCenterext.PageExt.al(154,17): warning AL0729: The Property 'Promoted' can only be used if the property 'PageType' is set with any of the values of: 'Card,Document,List,ListPlus,Worksheet' This warning will become an error in a future release.
src\07_Administration_and_Security\pageextension\PurchasingRoleCenterext.PageExt.al(155,17): warning AL0729: The Property 'PromotedCategory' can only be used if the property 'PageType' is set with any of the values of: 'Card,Document,List,ListPlus,Worksheet' This warning will become an error in a future release.
src\07_Administration_and_Security\pageextension\PurchasingRoleCenterext.PageExt.al(166,17): warning AL0729: The Property 'Promoted' can only be used if the property 'PageType' is set with any of the values of: 'Card,Document,List,ListPlus,Worksheet' This warning will become an error in a future release.
src\07_Administration_and_Security\pageextension\PurchasingRoleCenterext.PageExt.al(167,17): warning AL0729: The Property 'PromotedCategory' can only be used if the property 'PageType' is set with any of the values of: 'Card,Document,List,ListPlus,Worksheet' This warning will become an error in a future release.
src\03_Human_Resources_and_Payroll\page\StaffAdvanceRequestList.Page.al(142,92): warning AL0603: An implicit conversion is being performed from a value of type 'Option' to a value of type 'Enum System.Automation."Approval Document Type"'. This conversion can lead to unexpected runtime issues.
src\03_Human_Resources_and_Payroll\Employee_Picture.al(31,17): warning AL0729: The Property 'Promoted' can only be used if the property 'PageType' is set with any of the values of: 'Card,Document,List,ListPlus,Worksheet' This warning will become an error in a future release.
src\03_Human_Resources_and_Payroll\Employee_Picture.al(32,17): warning AL0729: The Property 'PromotedCategory' can only be used if the property 'PageType' is set with any of the values of: 'Card,Document,List,ListPlus,Worksheet' This warning will become an error in a future release.
src\03_Human_Resources_and_Payroll\Employee_Picture.al(33,17): warning AL0729: The Property 'PromotedIsBig' can only be used if the property 'PageType' is set with any of the values of: 'Card,Document,List,ListPlus,Worksheet' This warning will become an error in a future release.
src\09_Business_Operations\table\CustLedgerEntry1.Table.al(552,22): warning AL0717: The property 'CalcFormula' is required for the field 'Amount Receipted' in Table 'Cust. Ledger Entry1' because the field's property 'FieldClass' is set to 'FlowField'.
src\09_Business_Operations\report\P10Amst.Report.al(151,17): warning AL0667: 'CreateTotals' is being deprecated in the versions: '1.0' or greater.  This warning will become an error in a future release.
src\02_Finance_and_GL\page\PostedTravelAdvsAccounting.Page.al(91,96): warning AL0603: An implicit conversion is being performed from a value of type 'Option' to a value of type 'Enum System.Automation."Approval Document Type"'. This conversion can lead to unexpected runtime issues.
src\03_Human_Resources_and_Payroll\Employee_Picture.al(62,24): warning AL0604: Use of implicit 'with' will be removed in the future. Qualify with 'Rec'. This warning will become an error in a future release.
src\03_Human_Resources_and_Payroll\Employee_Picture.al(111,21): warning AL0604: Use of implicit 'with' will be removed in the future. Qualify with 'Rec'. This warning will become an error in a future release.
src\03_Human_Resources_and_Payroll\Employee_Picture.al(179,16): warning AL0604: Use of implicit 'with' will be removed in the future. Qualify with 'Rec'. This warning will become an error in a future release.
src\03_Human_Resources_and_Payroll\Employee_Picture.al(186,13): warning AL0604: Use of implicit 'with' will be removed in the future. Qualify with 'Rec'. This warning will become an error in a future release.
src\03_Human_Resources_and_Payroll\Employee_Picture.al(196,32): warning AL0604: Use of implicit 'with' will be removed in the future. Qualify with 'Rec'. This warning will become an error in a future release.
src\06_Portal_and_Integrations\codeunit\NewHMISPortal.Codeunit.al(2146,45): warning AL0603: An implicit conversion is being performed from a value of type 'Integer' to a value of type 'Enum "Payment Modes"'. This conversion can lead to unexpected runtime issues.
src\06_Portal_and_Integrations\codeunit\NewHMISPortal.Codeunit.al(2192,45): warning AL0603: An implicit conversion is being performed from a value of type 'Integer' to a value of type 'Enum "Payment Modes"'. This conversion can lead to unexpected runtime issues.
src\02_Finance_and_GL\page\PaymentVouchersList.Page.al(657,46): warning AL0603: An implicit conversion is being performed from a value of type 'Option' to a value of type 'Enum Microsoft.Finance.GeneralLedger.Journal."Gen. Journal Account Type"'. This conversion can lead to unexpected runtime issues.
src\02_Finance_and_GL\page\PaymentVouchersList.Page.al(807,46): warning AL0603: An implicit conversion is being performed from a value of type 'Option' to a value of type 'Enum Microsoft.Finance.GeneralLedger.Journal."Gen. Journal Account Type"'. This conversion can lead to unexpected runtime issues.
src\02_Finance_and_GL\page\PaymentVouchersList.Page.al(851,46): warning AL0603: An implicit conversion is being performed from a value of type 'Option' to a value of type 'Enum Microsoft.Finance.GeneralLedger.Journal."Gen. Journal Account Type"'. This conversion can lead to unexpected runtime issues.
src\09_Business_Operations\table\CustLedgerEntry1.Table.al(750,28): warning AL0603: An implicit conversion is being performed from a value of type 'Enum Microsoft.Finance.GeneralLedger.Journal."Gen. Journal Document Type"' to a value of type 'Option'. This conversion can lead to unexpected runtime issues.
src\09_Business_Operations\table\CustLedgerEntry1.Table.al(766,35): warning AL0603: An implicit conversion is being performed from a value of type 'Enum Microsoft.Finance.GeneralLedger.Journal."Gen. Journal Document Type"' to a value of type 'Option'. This conversion can lead to unexpected runtime issues.
src\09_Business_Operations\table\CustLedgerEntry1.Table.al(775,32): warning AL0603: An implicit conversion is being performed from a value of type 'Enum Microsoft.Finance.GeneralLedger.Journal."Gen. Journal Account Type"' to a value of type 'Option'. This conversion can lead to unexpected runtime issues.
src\02_Finance_and_GL\page\PettyCash.Page.al(260,9): warning AL0604: Use of implicit 'with' will be removed in the future. Qualify with 'Rec'. This warning will become an error in a future release.
src\02_Finance_and_GL\table\BankAccount1.Table.al(162,22): warning AL0717: The property 'CalcFormula' is required for the field 'Comment' in Table 'Bank Account1' because the field's property 'FieldClass' is set to 'FlowField'.
src\02_Finance_and_GL\table\BankAccount2.Table.al(122,22): warning AL0717: The property 'CalcFormula' is required for the field 'Comment' in Table 'Bank Account2' because the field's property 'FieldClass' is set to 'FlowField'.
src\02_Finance_and_GL\table\BankAccount2.Table.al(161,22): warning AL0717: The property 'CalcFormula' is required for the field 'Balance' in Table 'Bank Account2' because the field's property 'FieldClass' is set to 'FlowField'.
src\02_Finance_and_GL\table\BankAccount2.Table.al(341,22): warning AL0717: The property 'CalcFormula' is required for the field 'Pending Voucher Amount' in Table 'Bank Account2' because the field's property 'FieldClass' is set to 'FlowField'.
src\02_Finance_and_GL\page\ReceiptHeaderUP.Page.al(827,54): warning AL0603: An implicit conversion is being performed from a value of type 'Option' to a value of type 'Enum Microsoft.Finance.GeneralLedger.Journal."Gen. Journal Account Type"'. This conversion can lead to unexpected runtime issues.
src\02_Finance_and_GL\page\ReceiptHeaderUP.Page.al(832,54): warning AL0603: An implicit conversion is being performed from a value of type 'Option' to a value of type 'Enum Microsoft.Finance.GeneralLedger.Journal."Gen. Journal Account Type"'. This conversion can lead to unexpected runtime issues.
src\02_Finance_and_GL\page\ReceiptHeaderUP.Page.al(884,62): warning AL0603: An implicit conversion is being performed from a value of type 'Option' to a value of type 'Enum Microsoft.Finance.GeneralLedger.Journal."Gen. Journal Account Type"'. This conversion can lead to unexpected runtime issues.
src\02_Finance_and_GL\report\Order2.Report.al(1014,21): warning AL0667: 'PageNo' is being deprecated in the versions: '1.0' or greater.  This warning will become an error in a future release.
src\02_Finance_and_GL\report\Order2.Report.al(610,29): warning AL0667: 'CreateTotals' is being deprecated in the versions: '1.0' or greater.  This warning will become an error in a future release.
src\02_Finance_and_GL\report\Order2.Report.al(662,29): warning AL0667: 'CreateTotals' is being deprecated in the versions: '1.0' or greater.  This warning will become an error in a future release.
src\02_Finance_and_GL\report\Order2.Report.al(708,29): warning AL0667: 'CreateTotals' is being deprecated in the versions: '1.0' or greater.  This warning will become an error in a future release.
src\03_Human_Resources_and_Payroll\page\TravelAdvanceAccountingUP.Page.al(709,35): warning AL0603: An implicit conversion is being performed from a value of type 'Option' to a value of type 'Enum "Payment Modes"'. This conversion can lead to unexpected runtime issues.
src\02_Finance_and_GL\report\Order2.Report.al(919,29): warning AL0667: 'CreateTotals' is being deprecated in the versions: '1.0' or greater.  This warning will become an error in a future release.
src\02_Finance_and_GL\report\ReceiptsPerTransactionType.Report.al(175,36): warning AL0603: An implicit conversion is being performed from a value of type 'Enum "Payment Modes"' to a value of type 'Option'. This conversion can lead to unexpected runtime issues.
src\02_Finance_and_GL\page\ReceiptHeaderUP.Page.al(1555,45): warning AL0603: An implicit conversion is being performed from a value of type 'Enum "Payment Modes"' to a value of type 'Option'. This conversion can lead to unexpected runtime issues.
src\02_Finance_and_GL\page\ReceiptsLinePostedUP.Page.al(116,17): warning AL0729: The Property 'Promoted' can only be used if the property 'PageType' is set with any of the values of: 'Card,Document,List,ListPlus,Worksheet' This warning will become an error in a future release.
src\02_Finance_and_GL\page\ReceiptsLinePostedUP.Page.al(117,17): warning AL0729: The Property 'PromotedCategory' can only be used if the property 'PageType' is set with any of the values of: 'Card,Document,List,ListPlus,Worksheet' This warning will become an error in a future release.
src\02_Finance_and_GL\page\ReceiptsLinePostedUP.Page.al(118,17): warning AL0729: The Property 'PromotedIsBig' can only be used if the property 'PageType' is set with any of the values of: 'Card,Document,List,ListPlus,Worksheet' This warning will become an error in a future release.
src\02_Finance_and_GL\page\ReceiptsLinePostedUP.Page.al(238,17): warning AL0729: The Property 'Promoted' can only be used if the property 'PageType' is set with any of the values of: 'Card,Document,List,ListPlus,Worksheet' This warning will become an error in a future release.
src\02_Finance_and_GL\page\ReceiptsLinePostedUP.Page.al(239,17): warning AL0729: The Property 'PromotedCategory' can only be used if the property 'PageType' is set with any of the values of: 'Card,Document,List,ListPlus,Worksheet' This warning will become an error in a future release.
src\02_Finance_and_GL\page\ReceiptsLinePostedUP.Page.al(255,17): warning AL0729: The Property 'Promoted' can only be used if the property 'PageType' is set with any of the values of: 'Card,Document,List,ListPlus,Worksheet' This warning will become an error in a future release.
src\02_Finance_and_GL\page\ReceiptsLinePostedUP.Page.al(256,17): warning AL0729: The Property 'PromotedCategory' can only be used if the property 'PageType' is set with any of the values of: 'Card,Document,List,ListPlus,Worksheet' This warning will become an error in a future release.
src\06_Portal_and_Integrations\codeunit\NewHMISPortal.Codeunit.al(3621,58): warning AL0603: An implicit conversion is being performed from a value of type 'Integer' to a value of type 'Enum PrescriptionDoseEnum'. This conversion can lead to unexpected runtime issues.
src\06_Portal_and_Integrations\codeunit\NewHMISPortal.Codeunit.al(3649,58): warning AL0603: An implicit conversion is being performed from a value of type 'Integer' to a value of type 'Enum PrescriptionDoseEnum'. This conversion can lead to unexpected runtime issues.
src\02_Finance_and_GL\table\GLAccount1.Table.al(81,22): warning AL0717: The property 'CalcFormula' is required for the field 'Comment' in Table 'G/L Account1' because the field's property 'FieldClass' is set to 'FlowField'.
src\02_Finance_and_GL\table\GLAccount1.Table.al(360,22): warning AL0717: The property 'CalcFormula' is required for the field 'Additional-Currency Net Change' in Table 'G/L Account1' because the field's property 'FieldClass' is set to 'FlowField'.
src\02_Finance_and_GL\table\GLAccount1.Table.al(364,22): warning AL0717: The property 'CalcFormula' is required for the field 'Add.-Currency Balance at Date' in Table 'G/L Account1' because the field's property 'FieldClass' is set to 'FlowField'.
src\02_Finance_and_GL\table\GLAccount1.Table.al(368,22): warning AL0717: The property 'CalcFormula' is required for the field 'Additional-Currency Balance' in Table 'G/L Account1' because the field's property 'FieldClass' is set to 'FlowField'.
src\02_Finance_and_GL\table\GLAccount1.Table.al(379,22): warning AL0717: The property 'CalcFormula' is required for the field 'Add.-Currency Debit Amount' in Table 'G/L Account1' because the field's property 'FieldClass' is set to 'FlowField'.
src\02_Finance_and_GL\table\GLAccount1.Table.al(383,22): warning AL0717: The property 'CalcFormula' is required for the field 'Add.-Currency Credit Amount' in Table 'G/L Account1' because the field's property 'FieldClass' is set to 'FlowField'.
src\02_Finance_and_GL\page\ReceiptsLinePostedUP.Page.al(169,50): warning AL0603: An implicit conversion is being performed from a value of type 'Option' to a value of type 'Enum Microsoft.Finance.GeneralLedger.Journal."Gen. Journal Account Type"'. This conversion can lead to unexpected runtime issues.
src\02_Finance_and_GL\page\ReceiptsLineUP.Page.al(182,17): warning AL0729: The Property 'Promoted' can only be used if the property 'PageType' is set with any of the values of: 'Card,Document,List,ListPlus,Worksheet' This warning will become an error in a future release.
src\02_Finance_and_GL\page\ReceiptsLineUP.Page.al(183,17): warning AL0729: The Property 'PromotedCategory' can only be used if the property 'PageType' is set with any of the values of: 'Card,Document,List,ListPlus,Worksheet' This warning will become an error in a future release.
src\02_Finance_and_GL\page\ReceiptsLineUP.Page.al(184,17): warning AL0729: The Property 'PromotedIsBig' can only be used if the property 'PageType' is set with any of the values of: 'Card,Document,List,ListPlus,Worksheet' This warning will become an error in a future release.
src\02_Finance_and_GL\page\ReceiptsLineUP.Page.al(304,17): warning AL0729: The Property 'Promoted' can only be used if the property 'PageType' is set with any of the values of: 'Card,Document,List,ListPlus,Worksheet' This warning will become an error in a future release.
src\02_Finance_and_GL\page\ReceiptsLineUP.Page.al(305,17): warning AL0729: The Property 'PromotedCategory' can only be used if the property 'PageType' is set with any of the values of: 'Card,Document,List,ListPlus,Worksheet' This warning will become an error in a future release.
src\02_Finance_and_GL\page\ReceiptsLineUP.Page.al(321,17): warning AL0729: The Property 'Promoted' can only be used if the property 'PageType' is set with any of the values of: 'Card,Document,List,ListPlus,Worksheet' This warning will become an error in a future release.
src\02_Finance_and_GL\page\ReceiptsLineUP.Page.al(322,17): warning AL0729: The Property 'PromotedCategory' can only be used if the property 'PageType' is set with any of the values of: 'Card,Document,List,ListPlus,Worksheet' This warning will become an error in a future release.
src\02_Finance_and_GL\table\GLAccount2.Table.al(61,22): warning AL0717: The property 'CalcFormula' is required for the field 'Comment' in Table 'G/L Account2' because the field's property 'FieldClass' is set to 'FlowField'.
src\02_Finance_and_GL\table\GLAccount2.Table.al(455,22): warning AL0717: The property 'CalcFormula' is required for the field 'Committed Amount' in Table 'G/L Account2' because the field's property 'FieldClass' is set to 'FlowField'.
src\02_Finance_and_GL\page\ReceiptsLineUP.Page.al(235,50): warning AL0603: An implicit conversion is being performed from a value of type 'Option' to a value of type 'Enum Microsoft.Finance.GeneralLedger.Journal."Gen. Journal Account Type"'. This conversion can lead to unexpected runtime issues.
src\03_Human_Resources_and_Payroll\page\TravelAdvancesAcctList.Page.al(84,92): warning AL0603: An implicit conversion is being performed from a value of type 'Option' to a value of type 'Enum System.Automation."Approval Document Type"'. This conversion can lead to unexpected runtime issues.
src\02_Finance_and_GL\table\GLEntry2.Table.al(467,28): warning AL0603: An implicit conversion is being performed from a value of type 'Enum Microsoft.Finance.GeneralLedger.Journal."Gen. Journal Document Type"' to a value of type 'Option'. This conversion can lead to unexpected runtime issues.
src\02_Finance_and_GL\table\GLEntry2.Table.al(477,30): warning AL0603: An implicit conversion is being performed from a value of type 'Enum Microsoft.Finance.GeneralLedger.Journal."Gen. Journal Source Type"' to a value of type 'Option'. This conversion can lead to unexpected runtime issues.
src\02_Finance_and_GL\table\GLEntry2.Table.al(480,30): warning AL0603: An implicit conversion is being performed from a value of type 'Enum Microsoft.Finance.GeneralLedger.Journal."Gen. Journal Account Type"' to a value of type 'Option'. This conversion can lead to unexpected runtime issues.
src\02_Finance_and_GL\table\GLEntry2.Table.al(498,32): warning AL0603: An implicit conversion is being performed from a value of type 'Enum Microsoft.Foundation.Enums."General Posting Type"' to a value of type 'Option'. This conversion can lead to unexpected runtime issues.
src\02_Finance_and_GL\table\GLEntry2.Table.al(511,32): warning AL0603: An implicit conversion is being performed from a value of type 'Enum Microsoft.Foundation.Enums."General Posting Type"' to a value of type 'Option'. This conversion can lead to unexpected runtime issues.
src\02_Finance_and_GL\table\GLEntry2.Table.al(524,32): warning AL0603: An implicit conversion is being performed from a value of type 'Enum Microsoft.Foundation.Enums."General Posting Type"' to a value of type 'Option'. This conversion can lead to unexpected runtime issues.
src\06_Portal_and_Integrations\codeunit\NewHMISPortal.Codeunit.al(4003,60): warning AL0603: An implicit conversion is being performed from a value of type 'Integer' to a value of type 'Enum PrescriptionDoseEnum'. This conversion can lead to unexpected runtime issues.
src\06_Portal_and_Integrations\codeunit\NewHMISPortal.Codeunit.al(4018,64): warning AL0603: An implicit conversion is being performed from a value of type 'Integer' to a value of type 'Enum PrescriptionDoseEnum'. This conversion can lead to unexpected runtime issues.
src\02_Finance_and_GL\page\PostedPaymentHeaderUP.Page.al(710,46): warning AL0603: An implicit conversion is being performed from a value of type 'Option' to a value of type 'Enum Microsoft.Finance.GeneralLedger.Journal."Gen. Journal Account Type"'. This conversion can lead to unexpected runtime issues.
src\02_Finance_and_GL\page\PostedPaymentHeaderUP.Page.al(902,46): warning AL0603: An implicit conversion is being performed from a value of type 'Option' to a value of type 'Enum Microsoft.Finance.GeneralLedger.Journal."Gen. Journal Account Type"'. This conversion can lead to unexpected runtime issues.
src\02_Finance_and_GL\page\PostedPaymentHeaderUP.Page.al(942,46): warning AL0603: An implicit conversion is being performed from a value of type 'Option' to a value of type 'Enum Microsoft.Finance.GeneralLedger.Journal."Gen. Journal Account Type"'. This conversion can lead to unexpected runtime issues.
src\02_Finance_and_GL\page\PostedPaymentHeaderUP.Page.al(1017,46): warning AL0603: An implicit conversion is being performed from a value of type 'Option' to a value of type 'Enum Microsoft.Finance.GeneralLedger.Journal."Gen. Journal Account Type"'. This conversion can lead to unexpected runtime issues.
src\02_Finance_and_GL\page\PostedPaymentHeaderUP.Page.al(1229,46): warning AL0603: An implicit conversion is being performed from a value of type 'Option' to a value of type 'Enum Microsoft.Finance.GeneralLedger.Journal."Gen. Journal Account Type"'. This conversion can lead to unexpected runtime issues.
src\02_Finance_and_GL\page\PostedPaymentVouchers.Page.al(329,13): warning AL0604: Use of implicit 'with' will be removed in the future. Qualify with 'Rec'. This warning will become an error in a future release.
src\02_Finance_and_GL\table\ReceiptLineBuffer.Table.al(154,56): warning AL0603: An implicit conversion is being performed from a value of type 'Enum Microsoft.Foundation.Enums."General Posting Type"' to a value of type 'Option'. This conversion can lead to unexpected runtime issues.
src\03_Human_Resources_and_Payroll\page\TravelAdvanceVouchersList.Page.al(137,86): warning AL0603: An implicit conversion is being performed from a value of type 'Option' to a value of type 'Enum System.Automation."Approval Document Type"'. This conversion can lead to unexpected runtime issues.
src\02_Finance_and_GL\table\ReceiptLineq.Table.al(160,56): warning AL0603: An implicit conversion is being performed from a value of type 'Enum Microsoft.Foundation.Enums."General Posting Type"' to a value of type 'Option'. This conversion can lead to unexpected runtime issues.
src\02_Finance_and_GL\tableextension\BankAccountReconExt.TableExt.al(51,13): warning AL0600: The property 'OptionCaption' can only be set on elements of type Option. This warning will become an error in a future release.
src\02_Finance_and_GL\tableextension\BankAccReconLineExt.TableExt.al(86,13): warning AL0600: The property 'OptionCaption' can only be set on elements of type Option. This warning will become an error in a future release.
src\02_Finance_and_GL\tableextension\BankAccReconLineExt.TableExt.al(119,13): warning AL0600: The property 'OptionCaption' can only be set on elements of type Option. This warning will become an error in a future release.
src\02_Finance_and_GL\table\ReceiptLineq.Table.al(320,47): warning AL0603: An implicit conversion is being performed from a value of type 'Enum Microsoft.Foundation.Enums."Tax Calculation Type"' to a value of type 'Option'. This conversion can lead to unexpected runtime issues.
src\02_Finance_and_GL\page\PostedReceipts.Page.al(296,54): warning AL0603: An implicit conversion is being performed from a value of type 'Option' to a value of type 'Enum Microsoft.Finance.GeneralLedger.Journal."Gen. Journal Account Type"'. This conversion can lead to unexpected runtime issues.
src\02_Finance_and_GL\page\PostedReceipts.Page.al(351,62): warning AL0603: An implicit conversion is being performed from a value of type 'Option' to a value of type 'Enum Microsoft.Finance.GeneralLedger.Journal."Gen. Journal Account Type"'. This conversion can lead to unexpected runtime issues.
src\06_Portal_and_Integrations\codeunit\NewHMISWebPortalGeneral.Codeunit.al(966,61): warning AL0603: An implicit conversion is being performed from a value of type 'Integer' to a value of type 'Enum AppointmentStatusEnum'. This conversion can lead to unexpected runtime issues.
src\03_Human_Resources_and_Payroll\page\CasualPaymentLine.Page.al(127,17): warning AL0729: The Property 'Promoted' can only be used if the property 'PageType' is set with any of the values of: 'Card,Document,List,ListPlus,Worksheet' This warning will become an error in a future release.
src\03_Human_Resources_and_Payroll\page\CasualPaymentLine.Page.al(142,17): warning AL0729: The Property 'Promoted' can only be used if the property 'PageType' is set with any of the values of: 'Card,Document,List,ListPlus,Worksheet' This warning will become an error in a future release.
src\03_Human_Resources_and_Payroll\page\CasualPaymentLine.Page.al(143,17): warning AL0729: The Property 'PromotedCategory' can only be used if the property 'PageType' is set with any of the values of: 'Card,Document,List,ListPlus,Worksheet' This warning will become an error in a future release.
src\03_Human_Resources_and_Payroll\page\CasualPaymentLine.Page.al(158,17): warning AL0729: The Property 'Promoted' can only be used if the property 'PageType' is set with any of the values of: 'Card,Document,List,ListPlus,Worksheet' This warning will become an error in a future release.
src\03_Human_Resources_and_Payroll\page\CasualPaymentLine.Page.al(159,17): warning AL0729: The Property 'PromotedCategory' can only be used if the property 'PageType' is set with any of the values of: 'Card,Document,List,ListPlus,Worksheet' This warning will become an error in a future release.
src\03_Human_Resources_and_Payroll\page\CasualPaymentLine.Page.al(187,17): warning AL0729: The Property 'Promoted' can only be used if the property 'PageType' is set with any of the values of: 'Card,Document,List,ListPlus,Worksheet' This warning will become an error in a future release.
src\03_Human_Resources_and_Payroll\page\CasualPaymentLine.Page.al(188,17): warning AL0729: The Property 'PromotedCategory' can only be used if the property 'PageType' is set with any of the values of: 'Card,Document,List,ListPlus,Worksheet' This warning will become an error in a future release.
src\06_Portal_and_Integrations\codeunit\NewHMISWebPortalGeneral.Codeunit.al(1141,48): warning AL0603: An implicit conversion is being performed from a value of type 'Integer' to a value of type 'Enum PTL.HMIS."Urgency Status Enum"'. This conversion can lead to unexpected runtime issues.
src\02_Finance_and_GL\page\PostedReceiptUP.Page.al(499,58): warning AL0603: An implicit conversion is being performed from a value of type 'Option' to a value of type 'Enum Microsoft.Finance.GeneralLedger.Journal."Gen. Journal Account Type"'. This conversion can lead to unexpected runtime issues.
src\02_Finance_and_GL\page\PostedReceiptUP.Page.al(546,66): warning AL0603: An implicit conversion is being performed from a value of type 'Option' to a value of type 'Enum Microsoft.Finance.GeneralLedger.Journal."Gen. Journal Account Type"'. This conversion can lead to unexpected runtime issues.
src\03_Human_Resources_and_Payroll\page\HRDisciplinaryCaseCard.Page.al(242,93): warning AL0603: An implicit conversion is being performed from a value of type 'Option' to a value of type 'Enum System.Automation."Approval Document Type"'. This conversion can lead to unexpected runtime issues.
src\02_Finance_and_GL\table\PosteBankAccountLedgerEntry.Table.al(249,22): warning AL0717: The property 'CalcFormula' is required for the field 'External Doc' in Table 'PosteBank Account Ledger Entry' because the field's property 'FieldClass' is set to 'FlowField'.
src\03_Human_Resources_and_Payroll\table\Applicants.Table.al(249,22): warning AL0717: The property 'CalcFormula' is required for the field 'Total Score' in Table 'Applicants' because the field's property 'FieldClass' is set to 'FlowField'.
src\03_Human_Resources_and_Payroll\codeunit\prPayrollProcessing.Codeunit.al(1613,26): warning AL0606: The 'with' statement is deprecated and will be removed for cloud development in a future release. This warning will become an error in a future release.
src\03_Human_Resources_and_Payroll\codeunit\prPayrollProcessing.Codeunit.al(1664,30): warning AL0606: The 'with' statement is deprecated and will be removed for cloud development in a future release. This warning will become an error in a future release.
src\03_Human_Resources_and_Payroll\codeunit\prPayrollProcessing.Codeunit.al(1689,30): warning AL0606: The 'with' statement is deprecated and will be removed for cloud development in a future release. This warning will become an error in a future release.
src\06_Portal_and_Integrations\codeunit\NewHMISWebPortalGeneral.Codeunit.al(2024,55): warning AL0603: An implicit conversion is being performed from a value of type 'Integer' to a value of type 'Enum PrescriptionDoseEnum'. This conversion can lead to unexpected runtime issues.
src\06_Portal_and_Integrations\codeunit\NewHMISWebPortalGeneral.Codeunit.al(2047,55): warning AL0603: An implicit conversion is being performed from a value of type 'Integer' to a value of type 'Enum PrescriptionDoseEnum'. This conversion can lead to unexpected runtime issues.
src\06_Portal_and_Integrations\codeunit\NewHMISWebPortalGeneral.Codeunit.al(2311,48): warning AL0603: An implicit conversion is being performed from a value of type 'Integer' to a value of type 'Enum "Doctor Notes Types"'. This conversion can lead to unexpected runtime issues.
src\06_Portal_and_Integrations\codeunit\NewHMISWebPortalGeneral.Codeunit.al(2330,52): warning AL0603: An implicit conversion is being performed from a value of type 'Integer' to a value of type 'Enum "Doctor Notes Types"'. This conversion can lead to unexpected runtime issues.
src\06_Portal_and_Integrations\codeunit\NewHMISWebPortalGeneral.Codeunit.al(2420,50): warning AL0603: An implicit conversion is being performed from a value of type 'Integer' to a value of type 'Enum PTL.HMIS."Visitor Category"'. This conversion can lead to unexpected runtime issues.
src\06_Portal_and_Integrations\codeunit\NewHMISWebPortalGeneral.Codeunit.al(2470,54): warning AL0603: An implicit conversion is being performed from a value of type 'Integer' to a value of type 'Enum PTL.HMIS."Visitor Category"'. This conversion can lead to unexpected runtime issues.
src\03_Human_Resources_and_Payroll\report\SalaryTransferBatch.Report.al(35,20): warning AL0667: 'FindSet' is being deprecated in the versions: '11.0' or greater. This method has been deprecated because the parameter 'UpdateKey' is not used by the runtime. Use the overload without the 'UpdateKey' parameter instead. This warning will become an error in a future release.
src\03_Human_Resources_and_Payroll\report\SalaryTransferBatch.Report.al(93,32): warning AL0667: 'FindSet' is being deprecated in the versions: '11.0' or greater. This method has been deprecated because the parameter 'UpdateKey' is not used by the runtime. Use the overload without the 'UpdateKey' parameter instead. This warning will become an error in a future release.
src\03_Human_Resources_and_Payroll\report\SalaryTransferBatch.Report.al(328,42): warning AL0603: An implicit conversion is being performed from a value of type 'Option' to a value of type 'Enum Microsoft.Finance.GeneralLedger.Journal."Gen. Journal Account Type"'. This conversion can lead to unexpected runtime issues.
src\03_Human_Resources_and_Payroll\codeunit\prPayrollProcessingCasuals.Codeunit.al(1204,26): warning AL0606: The 'with' statement is deprecated and will be removed for cloud development in a future release. This warning will become an error in a future release.
src\03_Human_Resources_and_Payroll\codeunit\prPayrollProcessingCasuals.Codeunit.al(1251,26): warning AL0606: The 'with' statement is deprecated and will be removed for cloud development in a future release. This warning will become an error in a future release.
src\03_Human_Resources_and_Payroll\codeunit\prPayrollProcessingCasuals.Codeunit.al(1278,30): warning AL0606: The 'with' statement is deprecated and will be removed for cloud development in a future release. This warning will become an error in a future release.
src\03_Human_Resources_and_Payroll\codeunit\prPayrollProcessingCasuals.Codeunit.al(1292,34): warning AL0606: The 'with' statement is deprecated and will be removed for cloud development in a future release. This warning will become an error in a future release.
src\03_Human_Resources_and_Payroll\report\prPayrollJournalTransfer2.Report.al(471,42): warning AL0603: An implicit conversion is being performed from a value of type 'Option' to a value of type 'Enum Microsoft.Finance.GeneralLedger.Journal."Gen. Journal Account Type"'. This conversion can lead to unexpected runtime issues.
src\03_Human_Resources_and_Payroll\report\SalaryTransferBatch2.Report.al(37,20): warning AL0667: 'FindSet' is being deprecated in the versions: '11.0' or greater. This method has been deprecated because the parameter 'UpdateKey' is not used by the runtime. Use the overload without the 'UpdateKey' parameter instead. This warning will become an error in a future release.
src\03_Human_Resources_and_Payroll\report\SalaryTransferBatch2.Report.al(66,28): warning AL0667: 'FindSet' is being deprecated in the versions: '11.0' or greater. This method has been deprecated because the parameter 'UpdateKey' is not used by the runtime. Use the overload without the 'UpdateKey' parameter instead. This warning will become an error in a future release.
src\03_Human_Resources_and_Payroll\report\SalaryTransferBatch2.Report.al(126,40): warning AL0667: 'FindSet' is being deprecated in the versions: '11.0' or greater. This method has been deprecated because the parameter 'UpdateKey' is not used by the runtime. Use the overload without the 'UpdateKey' parameter instead. This warning will become an error in a future release.
src\03_Human_Resources_and_Payroll\report\SalaryTransferBatch2.Report.al(190,20): warning AL0667: 'FindSet' is being deprecated in the versions: '11.0' or greater. This method has been deprecated because the parameter 'UpdateKey' is not used by the runtime. Use the overload without the 'UpdateKey' parameter instead. This warning will become an error in a future release.
src\03_Human_Resources_and_Payroll\report\SalaryTransferBatch2.Report.al(218,20): warning AL0667: 'FindSet' is being deprecated in the versions: '11.0' or greater. This method has been deprecated because the parameter 'UpdateKey' is not used by the runtime. Use the overload without the 'UpdateKey' parameter instead. This warning will become an error in a future release.
src\03_Human_Resources_and_Payroll\report\SalaryTransferBatch2.Report.al(245,20): warning AL0667: 'FindSet' is being deprecated in the versions: '11.0' or greater. This method has been deprecated because the parameter 'UpdateKey' is not used by the runtime. Use the overload without the 'UpdateKey' parameter instead. This warning will become an error in a future release.
src\03_Human_Resources_and_Payroll\report\SalaryTransferBatch2.Report.al(445,42): warning AL0603: An implicit conversion is being performed from a value of type 'Option' to a value of type 'Enum Microsoft.Finance.GeneralLedger.Journal."Gen. Journal Account Type"'. This conversion can lead to unexpected runtime issues.
src\06_Portal_and_Integrations\codeunit\NewHMISWebPortalGeneral.Codeunit.al(3986,58): warning AL0603: An implicit conversion is being performed from a value of type 'Integer' to a value of type 'Enum PrescriptionDoseEnum'. This conversion can lead to unexpected runtime issues.
src\06_Portal_and_Integrations\codeunit\NewHMISWebPortalGeneral.Codeunit.al(4014,58): warning AL0603: An implicit conversion is being performed from a value of type 'Integer' to a value of type 'Enum PrescriptionDoseEnum'. This conversion can lead to unexpected runtime issues.
src\06_Portal_and_Integrations\codeunit\NewHMISWebPortalGeneral.Codeunit.al(4192,43): warning AL0603: An implicit conversion is being performed from a value of type 'Integer' to a value of type 'Enum PTL.HMIS."Patient History Notes Types"'. This conversion can lead to unexpected runtime issues.
src\06_Portal_and_Integrations\codeunit\NewHMISWebPortalGeneral.Codeunit.al(4208,47): warning AL0603: An implicit conversion is being performed from a value of type 'Integer' to a value of type 'Enum PTL.HMIS."Patient History Notes Types"'. This conversion can lead to unexpected runtime issues.
src\06_Portal_and_Integrations\codeunit\NewHMISWebPortalGeneral.Codeunit.al(4363,47): warning AL0603: An implicit conversion is being performed from a value of type 'Integer' to a value of type 'Enum PatientProcedureTypesEnum'. This conversion can lead to unexpected runtime issues.
src\06_Portal_and_Integrations\codeunit\NewHMISWebPortalGeneral.Codeunit.al(4382,51): warning AL0603: An implicit conversion is being performed from a value of type 'Integer' to a value of type 'Enum PatientProcedureTypesEnum'. This conversion can lead to unexpected runtime issues.
src\06_Portal_and_Integrations\codeunit\NewHMISWebPortalGeneral.Codeunit.al(4655,54): warning AL0603: An implicit conversion is being performed from a value of type 'Integer' to a value of type 'Enum PrescriptionDoseEnum'. This conversion can lead to unexpected runtime issues.
src\06_Portal_and_Integrations\codeunit\NewHMISWebPortalGeneral.Codeunit.al(4684,58): warning AL0603: An implicit conversion is being performed from a value of type 'Integer' to a value of type 'Enum PrescriptionDoseEnum'. This conversion can lead to unexpected runtime issues.
src\06_Portal_and_Integrations\codeunit\NewHMISWebPortalGeneral.Codeunit.al(4818,45): warning AL0603: An implicit conversion is being performed from a value of type 'Integer' to a value of type 'Enum "Payment Modes"'. This conversion can lead to unexpected runtime issues.
src\06_Portal_and_Integrations\codeunit\NewHMISWebPortalGeneral.Codeunit.al(4862,45): warning AL0603: An implicit conversion is being performed from a value of type 'Integer' to a value of type 'Enum "Payment Modes"'. This conversion can lead to unexpected runtime issues.
src\06_Portal_and_Integrations\codeunit\NewHMISWebPortalGeneral.Codeunit.al(6104,60): warning AL0603: An implicit conversion is being performed from a value of type 'Integer' to a value of type 'Enum PrescriptionDoseEnum'. This conversion can lead to unexpected runtime issues.
src\06_Portal_and_Integrations\codeunit\NewHMISWebPortalGeneral.Codeunit.al(6119,64): warning AL0603: An implicit conversion is being performed from a value of type 'Integer' to a value of type 'Enum PrescriptionDoseEnum'. This conversion can lead to unexpected runtime issues.

Compilation ended at '09:06:06.582'.

System.IO.IOException: The process cannot access the file 'C:\Users\MercyMwikaliMwendwa\source\repos\AHS\Hospital-System.worktrees\move-al-files-to-module-groups\compile_output.txt' because it is being used by another process.
   at Microsoft.Win32.SafeHandles.SafeFileHandle.CreateFile(String fullPath, FileMode mode, FileAccess access, FileShare share, FileOptions options)
   at Microsoft.Win32.SafeHandles.SafeFileHandle.Open(String fullPath, FileMode mode, FileAccess access, FileShare share, FileOptions options, Int64 preallocationSize, Nullable`1 unixCreateMode)
   at System.IO.Strategies.OSFileStreamStrategy..ctor(String path, FileMode mode, FileAccess access, FileShare share, FileOptions options, Int64 preallocationSize, Nullable`1 unixCreateMode)
   at System.IO.Strategies.FileStreamHelpers.ChooseStrategyCore(String path, FileMode mode, FileAccess access, FileShare share, FileOptions options, Int64 preallocationSize, Nullable`1 unixCreateMode)
   at System.IO.FileStream..ctor(String path, FileMode mode, FileAccess access, FileShare share)
   at Microsoft.Dynamics.Nav.CodeAnalysis.Utilities.FileUtilities.ReadBytes(String path, Int32 requestedBytes) in X:\source\Prod\Microsoft.Dynamics.Nav.CodeAnalysis\Utilities\FileUtilities.cs:line 140
   at Microsoft.Dynamics.Nav.CodeAnalysis.RelativeFileSystem.ReadBytes(String path, Int32 count) in X:\source\Prod\Microsoft.Dynamics.Nav.CodeAnalysis\Compilation\RelativeFileSystem.cs:line 26
   at Microsoft.Dynamics.Nav.CodeAnalysis.Packaging.NavAppTranslationFileChecker.HasAnyChanceOfBeingALanguageFile(String path, IFileSystem fileSystem) in X:\source\Prod\Microsoft.Dynamics.Nav.CodeAnalysis\Packaging\Checking\Checkers\NavAppTranslationFileChecker.cs:line 76
   at Microsoft.Dynamics.Nav.CodeAnalysis.Packaging.NavAppTranslationFileChecker.<FilterSourceFiles>b__4_0(NavAppSourceFile s) in X:\source\Prod\Microsoft.Dynamics.Nav.CodeAnalysis\Packaging\Checking\Checkers\NavAppTranslationFileChecker.cs:line 31
   at System.Linq.Enumerable.WhereArrayIterator`1.ToArray()
   at Microsoft.Dynamics.Nav.CodeAnalysis.Packaging.NavAppChecker.Verify(NavAppCheckerResult result) in X:\source\Prod\Microsoft.Dynamics.Nav.CodeAnalysis\Packaging\Checking\Checkers\NavAppChecker.cs:line 54
   at Microsoft.Dynamics.Nav.CodeAnalysis.Packaging.NavAppCheckerResultExtensions.VerifyAgainst(NavAppCheckerResult result, NavAppChecker checker) in X:\source\Prod\Microsoft.Dynamics.Nav.CodeAnalysis\Packaging\Checking\NavAppCheckerResultExtensions.cs:line 17
   at Microsoft.Dynamics.Nav.CodeAnalysis.Packaging.PackageModuleOutputterBase.LocateVariousFiles(IFileSystem fileSystem, NavAppManifest manifest) in X:\source\Prod\Microsoft.Dynamics.Nav.CodeAnalysis\Packaging\PackageModuleOutputterBase.cs:line 413
   at Microsoft.Dynamics.Nav.CodeAnalysis.Packaging.PackageModuleOutputterBase.AddVariousValidFilesStatic(IFileSystem fileSystem, CompilationOptions compilationOptions, DiagnosticBag diagnostics, HashSet`1 writtenFiles, IPackageWriter writer, NavAppManifest manifest) in X:\source\Prod\Microsoft.Dynamics.Nav.CodeAnalysis\Packaging\PackageModuleOutputterBase.cs:line 333
   at Microsoft.Dynamics.Nav.CodeAnalysis.Packaging.PackageModuleOutputterBase.AddVariousValidFiles(IFileSystem fileSystem, DiagnosticBag diagnostics, HashSet`1 writtenFilesToPackage, IPackageWriter writer) in X:\source\Prod\Microsoft.Dynamics.Nav.CodeAnalysis\Packaging\PackageModuleOutputterBase.cs:line 452
   at Microsoft.Dynamics.Nav.CodeAnalysis.Packaging.PackageModuleOutputterBase.FinalizeModule() in X:\source\Prod\Microsoft.Dynamics.Nav.CodeAnalysis\Packaging\PackageModuleOutputterBase.cs:line 160
   at Microsoft.Dynamics.Nav.CodeAnalysis.Compilation.WriteToOutput(ModuleOutputter outputter, ModuleBuilder moduleBuilder, Stream xmlDocComments, DiagnosticBag diagnostics) in X:\source\Prod\Microsoft.Dynamics.Nav.CodeAnalysis\Compilation\Compilation.cs:line 1102
   at Microsoft.Dynamics.Nav.CodeAnalysis.CommandLine.CommonCompiler.PackageTheModule(Compilation compilation, CompilerTextWriter consoleOutput, CancellationToken cancellationToken, ErrorLogger errorLogger, AnalyzerDriver analyzerDriver, Predicate`1 filterOpt, Predicate`1 radCompilationFilter) in X:\source\Prod\Microsoft.Dynamics.Nav.CodeAnalysis\CommandLine\CommonCompiler.cs:line 843
   at Microsoft.Dynamics.Nav.CodeAnalysis.CommandLine.CommonCompiler.RunCoreImpl(CompilerTextWriter consoleOutput, ErrorLogger errorLogger, Compilation compilation, AnalyzerDriver analyzerDriver, IEnumerable`1 analyzerExceptionDiagnostics, IEnumerable`1 additionalTextFiles, CancellationToken cancellationToken) in X:\source\Prod\Microsoft.Dynamics.Nav.CodeAnalysis\CommandLine\CommonCompiler.cs:line 564
   at Microsoft.Dynamics.Nav.CodeAnalysis.CommandLine.CommonCompiler.RunCore(CompilerTextWriter consoleOutput, ErrorLogger errorLogger, ITelemetryService telemetryService, CancellationToken cancellationToken) in X:\source\Prod\Microsoft.Dynamics.Nav.CodeAnalysis\CommandLine\CommonCompiler.cs:line 494
   at Microsoft.Dynamics.Nav.CodeAnalysis.CommandLine.CommonCompiler.Run(CompilerTextWriter consoleOutput, ITelemetryService telemetryService, CancellationToken cancellationToken) in X:\source\Prod\Microsoft.Dynamics.Nav.CodeAnalysis\CommandLine\CommonCompiler.cs:line 344
   at Microsoft.Dynamics.Nav.CodeAnalysis.CommandLine.Alc.<>c__DisplayClass1_0.<Run>b__0(CompilerTextWriter textWriterOut, CompilerTextWriter _) in X:\source\Prod\alc\Alc.cs:line 37
   at Microsoft.Dynamics.Nav.CodeAnalysis.CommandLine.ConsoleUtil.RunWithOutput[T](Boolean useUtf8Encoding, Func`3 func) in X:\source\Prod\alc\ConsoleUtil.cs:line 25
   at Microsoft.Dynamics.Nav.CodeAnalysis.CommandLine.Alc.Run(String clientDirectory, String baseDirectory, String[] args, IAnalyzerAssemblyLoader analyzerLoader) in X:\source\Prod\alc\Alc.cs:line 37
